== leg 0: hardware/nvidia/rtx5090/pi05 plan=shipped
{
  "identity": {
    "schema_version": 3,
    "target": "hardware/nvidia/rtx5090/pi05",
    "hardware": "rtx5090-32gb",
    "model": "pi05",
    "shape_profile": "action_dim32-batch1-chunk10-encoder_dim2048-encoder_ffn_dim16384-expert_dim1024-expert_ffn_dim4096-expert_tokens10-head_dim256-image_channels3-image_height224-image_width224-kv_heads1-layers18-num_views2-prefix_len712-prompt_len200-qkv_width2560-query_heads8-state_dim32-steps10-vision_dim1152-vision_ffn_dim4304-vision_head_dim72-vision_heads16-vision_layers27-visual_tokens512-visual_tokens_per_view256",
    "shape": {
      "batch": 1,
      "num_views": 2,
      "image_height": 224,
      "image_width": 224,
      "image_channels": 3,
      "visual_tokens_per_view": 256,
      "visual_tokens": 512,
      "vision_dim": 1152,
      "vision_ffn_dim": 4304,
      "vision_heads": 16,
      "vision_head_dim": 72,
      "vision_layers": 27,
      "prompt_len": 200,
      "prefix_len": 712,
      "chunk": 10,
      "expert_tokens": 10,
      "state_dim": 32,
      "action_dim": 32,
      "steps": 10,
      "layers": 18,
      "encoder_dim": 2048,
      "encoder_ffn_dim": 16384,
      "query_heads": 8,
      "kv_heads": 1,
      "head_dim": 256,
      "qkv_width": 2560,
      "expert_dim": 1024,
      "expert_ffn_dim": 4096
    },
    "plan": {
      "vision_encoder_patch_embed": "torch",
      "vision_encoder_norm_qkv": "cutlass-vision",
      "vision_encoder_attention": "torch",
      "vision_encoder_out_proj_residual": "cutlass-vision",
      "vision_encoder_norm_ffn_up": "cutlass-vision",
      "vision_encoder_ffn_down_residual": "cutlass-vision",
      "llm_backbone_projector": "torch",
      "llm_backbone_embed_prompt": "torch",
      "llm_backbone_norm_qkv_rope": "fused-prefix-qkv",
      "llm_backbone_attention": "torch",
      "llm_backbone_out_proj_residual_masked": "bucketed-backbone",
      "llm_backbone_norm_gated_ffn_masked": "bucketed-backbone",
      "llm_backbone_ffn_down_residual_masked": "bucketed-backbone",
      "action_expert_action_in_proj": "torch",
      "action_expert_norm_qkv_rope": "triton-qkv-finish",
      "action_expert_attention": "triton-qk-attention",
      "action_expert_out_proj_residual": "cutlass-expert-residual",
      "action_expert_norm_gated_ffn": "dual-ffn",
      "action_expert_ffn_down_residual": "cutlass-expert-residual",
      "action_expert_action_out_proj": "fused-qkv"
    },
    "model_revision": "pi05-r1",
    "engine_revision": null,
    "inference_signature": "sha256:a79c1f62c3f14674ad87e88a89bb5f66ac650e1c497ccf5076e64017b55d9f6f",
    "execution_variant": {
      "quantization": {
        "mode": "bf16"
      },
      "cache": {
        "mode": "none"
      }
    }
  },
  "protocol": "latency-v2",
  "instrumented": false,
  "measurement_context": {
    "weights": {
      "checkpoint_id": "flash-vla/pi05-random-checkpoint/v2/seed-0",
      "checkpoint_digest": "flash-vla/pi05-random-checkpoint/v2/seed-0"
    },
    "fixture": {
      "id": "flash-vla/pi05-inputs-v2/seed-0",
      "digest": "sha256:186266f9050d21a33ecfa4de7b9d54fe4851c8671f379edb5bc426c775184ce2"
    },
    "environment": {
      "gpu_sku": "NVIDIA GeForce RTX 5090",
      "driver": "580.142",
      "cuda_runtime": "13.0",
      "pytorch": "2.13.0+cu130",
      "tilelang": "0.1.11",
      "clock_policy": {
        "benchmark_control": "inherit",
        "slurm_gpu_freq_request": null,
        "effective_locked_clocks": "unobserved"
      },
      "power_policy": {
        "requested_limit_w": 600.0,
        "enforced_limit_w": 600.0
      },
      "capture_regime": "cuda_graph",
      "clock_observation": {
        "application_graphics_mhz": "[N/A]",
        "application_memory_mhz": "[N/A]"
      }
    },
    "workload": "libero",
    "hostname": "ubun",
    "slurm_job_id": null,
    "timestamp": 1790439201.1363013,
    "reference_provenance": {}
  },
  "env": {
    "gpu": "NVIDIA GeForce RTX 5090",
    "python": "3.12.13",
    "torch": "2.13.0+cu130",
    "torch_cuda": "13.0",
    "tilelang": "0.1.11",
    "gpu_uuid": "GPU-7fc626f4-bce7-9a11-81de-0eaedc93e242",
    "runtime_observation": {
      "clocks.sm": "2895",
      "clocks.mem": "13801",
      "pstate": "P1",
      "temperature.gpu": "55",
      "power.draw": "356.26",
      "clocks_event_reasons.active": "0x0000000000000000"
    },
    "node": "ubun",
    "job": null,
    "driver": "580.142",
    "clocks": "unlocked",
    "clock_policy": {
      "benchmark_control": "inherit",
      "slurm_gpu_freq_request": null,
      "effective_locked_clocks": "unobserved"
    },
    "clock_observation": {
      "application_graphics_mhz": "[N/A]",
      "application_memory_mhz": "[N/A]"
    },
    "power_policy": {
      "requested_limit_w": 600.0,
      "enforced_limit_w": 600.0
    }
  },
  "config": {
    "reps": 100,
    "warmup": 5,
    "seed": 0,
    "plans": [
      "shipped"
    ],
    "calibration": false,
    "breakdown": true,
    "primary_statistic": "median",
    "capture_policy": "fresh-process-first-capture-per-leg",
    "statistics": [
      "min",
      "median",
      "p99"
    ],
    "p99_min_reps": 100,
    "soak_s": 0,
    "control_spread_max_ms": null,
    "attribution": false,
    "leg_options": [
      {}
    ]
  },
  "legs": [
    {
      "plan": "shipped",
      "identity": {
        "schema_version": 3,
        "target": "hardware/nvidia/rtx5090/pi05",
        "hardware": "rtx5090-32gb",
        "model": "pi05",
        "shape_profile": "action_dim32-batch1-chunk10-encoder_dim2048-encoder_ffn_dim16384-expert_dim1024-expert_ffn_dim4096-expert_tokens10-head_dim256-image_channels3-image_height224-image_width224-kv_heads1-layers18-num_views2-prefix_len712-prompt_len200-qkv_width2560-query_heads8-state_dim32-steps10-vision_dim1152-vision_ffn_dim4304-vision_head_dim72-vision_heads16-vision_layers27-visual_tokens512-visual_tokens_per_view256",
        "shape": {
          "batch": 1,
          "num_views": 2,
          "image_height": 224,
          "image_width": 224,
          "image_channels": 3,
          "visual_tokens_per_view": 256,
          "visual_tokens": 512,
          "vision_dim": 1152,
          "vision_ffn_dim": 4304,
          "vision_heads": 16,
          "vision_head_dim": 72,
          "vision_layers": 27,
          "prompt_len": 200,
          "prefix_len": 712,
          "chunk": 10,
          "expert_tokens": 10,
          "state_dim": 32,
          "action_dim": 32,
          "steps": 10,
          "layers": 18,
          "encoder_dim": 2048,
          "encoder_ffn_dim": 16384,
          "query_heads": 8,
          "kv_heads": 1,
          "head_dim": 256,
          "qkv_width": 2560,
          "expert_dim": 1024,
          "expert_ffn_dim": 4096
        },
        "plan": {
          "vision_encoder_patch_embed": "torch",
          "vision_encoder_norm_qkv": "cutlass-vision",
          "vision_encoder_attention": "torch",
          "vision_encoder_out_proj_residual": "cutlass-vision",
          "vision_encoder_norm_ffn_up": "cutlass-vision",
          "vision_encoder_ffn_down_residual": "cutlass-vision",
          "llm_backbone_projector": "torch",
          "llm_backbone_embed_prompt": "torch",
          "llm_backbone_norm_qkv_rope": "fused-prefix-qkv",
          "llm_backbone_attention": "torch",
          "llm_backbone_out_proj_residual_masked": "bucketed-backbone",
          "llm_backbone_norm_gated_ffn_masked": "bucketed-backbone",
          "llm_backbone_ffn_down_residual_masked": "bucketed-backbone",
          "action_expert_action_in_proj": "torch",
          "action_expert_norm_qkv_rope": "triton-qkv-finish",
          "action_expert_attention": "triton-qk-attention",
          "action_expert_out_proj_residual": "cutlass-expert-residual",
          "action_expert_norm_gated_ffn": "dual-ffn",
          "action_expert_ffn_down_residual": "cutlass-expert-residual",
          "action_expert_action_out_proj": "fused-qkv"
        },
        "model_revision": "pi05-r1",
        "engine_revision": null,
        "inference_signature": "sha256:a79c1f62c3f14674ad87e88a89bb5f66ac650e1c497ccf5076e64017b55d9f6f",
        "execution_variant": {
          "quantization": {
            "mode": "bf16"
          },
          "cache": {
            "mode": "none"
          }
        }
      },
      "measurement_context": {
        "weights": {
          "checkpoint_id": "flash-vla/pi05-random-checkpoint/v2/seed-0",
          "checkpoint_digest": "flash-vla/pi05-random-checkpoint/v2/seed-0"
        },
        "fixture": {
          "id": "flash-vla/pi05-inputs-v2/seed-0",
          "digest": "sha256:186266f9050d21a33ecfa4de7b9d54fe4851c8671f379edb5bc426c775184ce2"
        },
        "environment": {
          "gpu_sku": "NVIDIA GeForce RTX 5090",
          "driver": "580.142",
          "cuda_runtime": "13.0",
          "pytorch": "2.13.0+cu130",
          "tilelang": "0.1.11",
          "clock_policy": {
            "benchmark_control": "inherit",
            "slurm_gpu_freq_request": null,
            "effective_locked_clocks": "unobserved"
          },
          "power_policy": {
            "requested_limit_w": 600.0,
            "enforced_limit_w": 600.0
          },
          "capture_regime": "cuda_graph",
          "clock_observation": {
            "application_graphics_mhz": "[N/A]",
            "application_memory_mhz": "[N/A]"
          }
        },
        "workload": "libero",
        "hostname": "ubun",
        "slurm_job_id": null,
        "timestamp": 1790439201.1363013,
        "reference_provenance": {}
      },
      "metrics": {
        "chunk_latency": {
          "min": 24.298482108861208,
          "median": 24.324282072484493,
          "n": 100,
          "samples_ms": [
            24.46201303973794,
            24.339779280126095,
            24.336725939065218,
            24.32524412870407,
            24.311272893100977,
            24.322366807609797,
            24.332396686077118,
            24.320938158780336,
            24.33617226779461,
            24.313211906701326,
            24.325799196958542,
            24.44697916507721,
            24.31542705744505,
            24.318593088537455,
            24.31141398847103,
            24.397114757448435,
            24.521526880562305,
            24.490793701261282,
            24.384276941418648,
            24.31523334234953,
            24.347111117094755,
            24.48804210871458,
            24.494598153978586,
            24.354332126677036,
            24.32737499475479,
            24.311532732099295,
            24.32658104225993,
            24.329093750566244,
            24.331992957741022,
            24.345159996300936,
            24.340983014553785,
            24.423861876130104,
            24.32186296209693,
            24.318018928170204,
            24.322053883224726,
            24.298482108861208,
            24.326760787516832,
            24.305433966219425,
            24.32130929082632,
            24.30966403335333,
            24.32185411453247,
            24.319599848240614,
            24.327917024493217,
            24.33360880240798,
            24.31426290422678,
            24.327421095222235,
            24.315486662089825,
            24.315145798027515,
            24.31555511429906,
            24.309196043759584,
            24.316275026649237,
            24.308262392878532,
            24.301801808178425,
            24.32291116565466,
            24.309427943080664,
            24.314722046256065,
            24.329830892384052,
            24.347936268895864,
            24.49085284024477,
            24.49080813676119,
            24.386004079133272,
            24.30974692106247,
            24.316939990967512,
            24.330500047653913,
            24.313760921359062,
            24.3102191016078,
            24.316484108567238,
            24.315326940268278,
            24.324486032128334,
            24.311590008437634,
            24.313523899763823,
            24.3655638769269,
            24.482162203639746,
            24.417125154286623,
            24.302217178046703,
            24.35636706650257,
            24.47860734537244,
            24.497357662767172,
            24.362951051443815,
            24.306921754032373,
            24.318389128893614,
            24.32582713663578,
            24.3182429112494,
            24.311969056725502,
            24.324078112840652,
            24.30082019418478,
            24.312625639140606,
            24.310494773089886,
            24.30636901408434,
            24.344896897673607,
            24.481542874127626,
            24.488601367920637,
            24.353607092052698,
            24.322073440998793,
            24.311191868036985,
            24.39833479002118,
            24.396792985498905,
            24.318297393620014,
            24.337865877896547,
            24.494463577866554
          ],
          "p99": 24.497357662767172
        },
        "device_latency": {
          "min": 24.302047729492188,
          "median": 24.315455436706543,
          "n": 100,
          "samples_ms": [
            24.48249626159668,
            24.342880249023438,
            24.316831588745117,
            24.314655303955078,
            24.31769561767578,
            24.333728790283203,
            24.311616897583008,
            24.355743408203125,
            24.487455368041992,
            24.488832473754883,
            24.344512939453125,
            24.314144134521484,
            24.308448791503906,
            24.3156795501709,
            24.30556869506836,
            24.31113624572754,
            24.314912796020508,
            24.312223434448242,
            24.31507110595703,
            24.314207077026367,
            24.319263458251953,
            24.318784713745117,
            24.327072143554688,
            24.31510353088379,
            24.306943893432617,
            24.313440322875977,
            24.315200805664062,
            24.31279945373535,
            24.321760177612305,
            24.324480056762695,
            24.31203269958496,
            24.312864303588867,
            24.306079864501953,
            24.315231323242188,
            24.314943313598633,
            24.31488037109375,
            24.304224014282227,
            24.324031829833984,
            24.326208114624023,
            24.3175048828125,
            24.310911178588867,
            24.305055618286133,
            24.326271057128906,
            24.315391540527344,
            24.31283187866211,
            24.306848526000977,
            24.31635284423828,
            24.302047729492188,
            24.3088321685791,
            24.31532859802246,
            24.315168380737305,
            24.31203269958496,
            24.322528839111328,
            24.319488525390625,
            24.31376075744629,
            24.327423095703125,
            24.309951782226562,
            24.329471588134766,
            24.310815811157227,
            24.320863723754883,
            24.30486488342285,
            24.31488037109375,
            24.330848693847656,
            24.308671951293945,
            24.324607849121094,
            24.315519332885742,
            24.326879501342773,
            24.313631057739258,
            24.33420753479004,
            24.30611228942871,
            24.316959381103516,
            24.317087173461914,
            24.307296752929688,
            24.31305694580078,
            24.305984497070312,
            24.316287994384766,
            24.31599998474121,
            24.317920684814453,
            24.308576583862305,
            24.317407608032227,
            24.312095642089844,
            24.32796859741211,
            24.32431983947754,
            24.32102394104004,
            24.30575942993164,
            24.315168380737305,
            24.38707160949707,
            24.583232879638672,
            24.415903091430664,
            24.328479766845703,
            24.323328018188477,
            24.315263748168945,
            24.31769561767578,
            24.312288284301758,
            24.319679260253906,
            24.30851173400879,
            24.319103240966797,
            24.317440032958984,
            24.317119598388672,
            24.327167510986328
          ],
          "p99": 24.488832473754883
        },
        "host_time": {
          "prompt": {
            "min": 0.020366162061691284,
            "median": 0.02113846130669117,
            "n": 100,
            "samples_ms": [
              0.02316012978553772,
              0.022398773580789566,
              0.021731015294790268,
              0.021676067262887955,
              0.021080952137708664,
              0.021061860024929047,
              0.021241605281829834,
              0.020914245396852493,
              0.02102414146065712,
              0.021434389054775238,
              0.021476764231920242,
              0.022238120436668396,
              0.021643005311489105,
              0.021345913410186768,
              0.021130777895450592,
              0.022043008357286453,
              0.020934268832206726,
              0.020990613847970963,
              0.02189120277762413,
              0.021351035684347153,
              0.02139108255505562,
              0.021344050765037537,
              0.02137012779712677,
              0.020851846784353256,
              0.02116616815328598,
              0.021377112716436386,
              0.021202024072408676,
              0.021307729184627533,
              0.020967796444892883,
              0.02115173265337944,
              0.021252315491437912,
              0.023666303604841232,
              0.021280255168676376,
              0.021192245185375214,
              0.021268147975206375,
              0.020901672542095184,
              0.021498650312423706,
              0.026821624487638474,
              0.02108002081513405,
              0.02122391015291214,
              0.021077226847410202,
              0.02095196396112442,
              0.020795036107301712,
              0.02122810110449791,
              0.021061860024929047,
              0.021022744476795197,
              0.021015293896198273,
              0.02100178971886635,
              0.020761042833328247,
              0.02105114981532097,
              0.02116803079843521,
              0.02093380317091942,
              0.02106092870235443,
              0.021216925233602524,
              0.020802021026611328,
              0.020919833332300186,
              0.021068844944238663,
              0.02139899879693985,
              0.020849984139204025,
              0.02052774652838707,
              0.020720064640045166,
              0.02111075446009636,
              0.021333806216716766,
              0.021005980670452118,
              0.02116011455655098,
              0.02102600410580635,
              0.0211251899600029,
              0.021412037312984467,
              0.021760817617177963,
              0.021407846361398697,
              0.025311950594186783,
              0.020878855139017105,
              0.021025072783231735,
              0.020619947463274002,
              0.02116803079843521,
              0.020977109670639038,
              0.021113082766532898,
              0.021103769540786743,
              0.02146093174815178,
              0.021154992282390594,
              0.023179221898317337,
              0.02122996374964714,
              0.021032989025115967,
              0.020961277186870575,
              0.022789929062128067,
              0.020886771380901337,
              0.02108002081513405,
              0.020366162061691284,
              0.021146144717931747,
              0.020781997591257095,
              0.02072099596261978,
              0.02094591036438942,
              0.02117222175002098,
              0.0209929421544075,
              0.02121599391102791,
              0.02076011151075363,
              0.021164771169424057,
              0.02082018181681633,
              0.021147076040506363,
              0.020897015929222107
            ],
            "p99": 0.025311950594186783
          }
        },
        "segment_latency": {
          "vision_encoder": {
            "min": 3.0854721069335938,
            "median": 3.098528027534485,
            "n": 100,
            "samples_ms": [
              3.088383913040161,
              3.0881919860839844,
              3.088383913040161,
              3.0887041091918945,
              3.085632085800171,
              3.086751937866211,
              3.0862720012664795,
              3.0862720012664795,
              3.0864319801330566,
              3.0854721069335938,
              3.0865280628204346,
              3.086400032043457,
              3.0906240940093994,
              3.087712049484253,
              3.086496114730835,
              3.08569598197937,
              3.0857601165771484,
              3.0887041091918945,
              3.088671922683716,
              3.0978240966796875,
              3.0984320640563965,
              3.09881591796875,
              3.0979199409484863,
              3.0979199409484863,
              3.0905280113220215,
              3.0978240966796875,
              3.099168062210083,
              3.100127935409546,
              3.0979840755462646,
              3.098047971725464,
              3.0978879928588867,
              3.090912103652954,
              3.097951889038086,
              3.0979199409484863,
              3.0989439487457275,
              3.0988800525665283,
              3.0995841026306152,
              3.09932804107666,
              3.098655939102173,
              3.098464012145996,
              3.0984959602355957,
              3.098560094833374,
              3.098560094833374,
              3.09881591796875,
              3.0993599891662598,
              3.0992319583892822,
              3.099263906478882,
              3.1020801067352295,
              3.098655939102173,
              3.098720073699951,
              3.0988800525665283,
              3.09987211227417,
              3.0988800525665283,
              3.098367929458618,
              3.098752021789551,
              3.09881591796875,
              3.098720073699951,
              3.0978240966796875,
              3.098047971725464,
              3.0997440814971924,
              3.098912000656128,
              3.0978240966796875,
              3.09881591796875,
              3.098047971725464,
              3.0979199409484863,
              3.098207950592041,
              3.098047971725464,
              3.098912000656128,
              3.097791910171509,
              3.0978879928588867,
              3.098047971725464,
              3.099936008453369,
              3.098975896835327,
              3.0980160236358643,
              3.100032091140747,
              3.0999679565429688,
              3.0979199409484863,
              3.0997118949890137,
              3.0980160236358643,
              3.098975896835327,
              3.0989439487457275,
              3.0980799198150635,
              3.1010239124298096,
              3.101088047027588,
              3.099008083343506,
              3.0979840755462646,
              3.098912000656128,
              3.0991039276123047,
              3.0988800525665283,
              3.0987839698791504,
              3.0980799198150635,
              3.0999999046325684,
              3.100831985473633,
              3.0997440814971924,
              3.1000640392303467,
              3.099839925765991,
              3.1011838912963867,
              3.1019198894500732,
              3.098975896835327,
              3.0999040603637695
            ],
            "p99": 3.1019198894500732
          },
          "llm_backbone": {
            "min": 12.413567543029785,
            "median": 12.535120010375977,
            "n": 100,
            "samples_ms": [
              12.413567543029785,
              12.423744201660156,
              12.428383827209473,
              12.448543548583984,
              12.450624465942383,
              12.460864067077637,
              12.465279579162598,
              12.472224235534668,
              12.474528312683105,
              12.485759735107422,
              12.485631942749023,
              12.489952087402344,
              12.487232208251953,
              12.497152328491211,
              12.49942398071289,
              12.498271942138672,
              12.499199867248535,
              12.510335922241211,
              12.51046371459961,
              12.511615753173828,
              12.5217924118042,
              12.511615753173828,
              12.514464378356934,
              12.521727561950684,
              12.522879600524902,
              12.535776138305664,
              12.534015655517578,
              12.534079551696777,
              12.5348482131958,
              12.525919914245605,
              12.534815788269043,
              12.534015655517578,
              12.535200119018555,
              12.535584449768066,
              12.53388786315918,
              12.533920288085938,
              12.534208297729492,
              12.535008430480957,
              12.5348482131958,
              12.533920288085938,
              12.534111976623535,
              12.534784317016602,
              12.534015655517578,
              12.534943580627441,
              12.547072410583496,
              12.534015655517578,
              12.534815788269043,
              12.5349760055542,
              12.535008430480957,
              12.536479949951172,
              12.535136222839355,
              12.53382396697998,
              12.536831855773926,
              12.538240432739258,
              12.539936065673828,
              12.535807609558105,
              12.535072326660156,
              12.534879684448242,
              12.537055969238281,
              12.53711986541748,
              12.537152290344238,
              12.538080215454102,
              12.538304328918457,
              12.538240432739258,
              12.535584449768066,
              12.538656234741211,
              12.546527862548828,
              12.538847923278809,
              12.547391891479492,
              12.554240226745605,
              12.548288345336914,
              12.536704063415527,
              12.535296440124512,
              12.536928176879883,
              12.539072036743164,
              12.536255836486816,
              12.53718376159668,
              12.538335800170898,
              12.535103797912598,
              12.536255836486816,
              12.5349760055542,
              12.547200202941895,
              12.547264099121094,
              12.548416137695312,
              12.547391891479492,
              12.546175956726074,
              12.54748821258545,
              12.538016319274902,
              12.547136306762695,
              12.54633617401123,
              12.54751968383789,
              12.546239852905273,
              12.546239852905273,
              12.547136306762695,
              12.546496391296387,
              12.546976089477539,
              12.539104461669922,
              12.547200202941895,
              12.547264099121094,
              12.54700756072998
            ],
            "p99": 12.548416137695312
          },
          "action_expert": {
            "min": 8.89798355102539,
            "median": 8.912032127380371,
            "n": 100,
            "samples_ms": [
              8.925087928771973,
              8.913087844848633,
              8.912768363952637,
              8.914752006530762,
              8.92240047454834,
              8.914848327636719,
              8.902591705322266,
              8.91004753112793,
              8.910143852233887,
              8.910847663879395,
              8.91100788116455,
              8.922528266906738,
              8.910911560058594,
              8.922528266906738,
              8.91215991973877,
              8.914336204528809,
              8.923328399658203,
              8.909791946411133,
              8.910880088806152,
              8.911968231201172,
              8.914400100708008,
              8.910016059875488,
              8.913215637207031,
              8.89798355102539,
              8.922368049621582,
              8.914655685424805,
              8.92240047454834,
              8.901663780212402,
              8.923392295837402,
              8.910943984985352,
              8.915040016174316,
              8.910304069519043,
              8.913215637207031,
              8.909919738769531,
              8.911104202270508,
              8.912223815917969,
              8.913984298706055,
              8.910816192626953,
              8.912192344665527,
              8.91215991973877,
              8.910911560058594,
              8.92307186126709,
              8.912287712097168,
              8.922464370727539,
              8.923263549804688,
              8.910207748413086,
              8.913344383239746,
              8.911968231201172,
              8.92249584197998,
              8.910079956054688,
              8.912256240844727,
              8.914048194885254,
              8.91430377960205,
              8.911199569702148,
              8.910112380981445,
              8.91209602355957,
              8.915136337280273,
              8.91267204284668,
              8.910304069519043,
              8.910207748413086,
              8.902015686035156,
              8.910112380981445,
              8.911168098449707,
              8.910304069519043,
              8.90982437133789,
              8.910847663879395,
              8.902848243713379,
              8.923040390014648,
              8.91097640991211,
              8.910079956054688,
              8.91113567352295,
              8.922304153442383,
              8.910079956054688,
              8.922368049621582,
              8.911040306091309,
              8.91100788116455,
              8.910143852233887,
              8.90988826751709,
              8.922528266906738,
              8.910079956054688,
              8.923104286193848,
              8.901823997497559,
              8.912863731384277,
              8.90988826751709,
              8.922335624694824,
              8.910079956054688,
              8.902751922607422,
              9.086048126220703,
              8.90272045135498,
              8.911935806274414,
              8.910079956054688,
              8.922304153442383,
              8.915072441101074,
              8.922207832336426,
              8.91209602355957,
              8.914463996887207,
              8.90009593963623,
              8.913887977600098,
              8.91379165649414,
              8.909760475158691
            ],
            "p99": 8.925087928771973
          }
        },
        "overhead": {
          "min": -0.09854109212756157,
          "median": -0.22139809280633926,
          "p99": -0.07806629315018654
        }
      },
      "attribution": null,
      "runtime_observation": {
        "before": {
          "clocks.sm": "2910",
          "clocks.mem": "13801",
          "pstate": "P1",
          "temperature.gpu": "49",
          "power.draw": "160.43",
          "clocks_event_reasons.active": "0x0000000000000000"
        },
        "after": {
          "clocks.sm": "2895",
          "clocks.mem": "13801",
          "pstate": "P1",
          "temperature.gpu": "55",
          "power.draw": "356.26",
          "clocks_event_reasons.active": "0x0000000000000000"
        }
      },
      "options": {
        "workload": "libero"
      },
      "process_id": 3151696,
      "gpu_uuid": "GPU-7fc626f4-bce7-9a11-81de-0eaedc93e242",
      "implementation_source": null,
      "leg": 0
    }
  ],
  "deltas": null
}
