== leg 0: hardware/nvidia/rtx5090/pi05 plan=shipped
{
  "identity": {
    "schema_version": 3,
    "target": "hardware/nvidia/rtx5090/pi05",
    "hardware": "rtx5090-32gb",
    "model": "pi05",
    "shape_profile": "action_dim32-batch1-chunk50-encoder_dim2048-encoder_ffn_dim16384-expert_dim1024-expert_ffn_dim4096-expert_tokens50-head_dim256-image_channels3-image_height224-image_width224-kv_heads1-layers18-num_views3-prefix_len968-prompt_len200-qkv_width2560-query_heads8-state_dim32-steps10-vision_dim1152-vision_ffn_dim4304-vision_head_dim72-vision_heads16-vision_layers27-visual_tokens768-visual_tokens_per_view256",
    "shape": {
      "batch": 1,
      "num_views": 3,
      "image_height": 224,
      "image_width": 224,
      "image_channels": 3,
      "visual_tokens_per_view": 256,
      "visual_tokens": 768,
      "vision_dim": 1152,
      "vision_ffn_dim": 4304,
      "vision_heads": 16,
      "vision_head_dim": 72,
      "vision_layers": 27,
      "prompt_len": 200,
      "prefix_len": 968,
      "chunk": 50,
      "expert_tokens": 50,
      "state_dim": 32,
      "action_dim": 32,
      "steps": 10,
      "layers": 18,
      "encoder_dim": 2048,
      "encoder_ffn_dim": 16384,
      "query_heads": 8,
      "kv_heads": 1,
      "head_dim": 256,
      "qkv_width": 2560,
      "expert_dim": 1024,
      "expert_ffn_dim": 4096
    },
    "plan": {
      "vision_encoder_patch_embed": "torch",
      "vision_encoder_norm_qkv": "cutlass-vision",
      "vision_encoder_attention": "triton-vision-attention",
      "vision_encoder_out_proj_residual": "cutlass-vision",
      "vision_encoder_norm_ffn_up": "cutlass-vision",
      "vision_encoder_ffn_down_residual": "cutlass-vision",
      "llm_backbone_projector": "torch",
      "llm_backbone_embed_prompt": "torch",
      "llm_backbone_norm_qkv_rope": "fused-prefix-qkv",
      "llm_backbone_attention": "torch",
      "llm_backbone_out_proj_residual": "cutlass-backbone",
      "llm_backbone_norm_gated_ffn": "cutlass-backbone",
      "llm_backbone_ffn_down_residual": "cutlass-backbone",
      "action_expert_action_in_proj": "torch",
      "action_expert_norm_qkv_rope": "triton-qkv-finish",
      "action_expert_attention": "split-kv-attention",
      "action_expert_out_proj_residual": "cutlass-expert-residual",
      "action_expert_norm_gated_ffn": "dual-ffn",
      "action_expert_ffn_down_residual": "cutlass-expert-residual",
      "action_expert_action_out_proj": "fused-qkv"
    },
    "model_revision": "pi05-r1",
    "engine_revision": null,
    "inference_signature": "sha256:a79c1f62c3f14674ad87e88a89bb5f66ac650e1c497ccf5076e64017b55d9f6f",
    "execution_variant": {
      "quantization": {
        "mode": "bf16"
      },
      "cache": {
        "mode": "none"
      }
    },
    "replay_buckets": [
      64,
      128,
      200
    ]
  },
  "protocol": "latency-v2",
  "instrumented": false,
  "measurement_context": {
    "weights": {
      "checkpoint_id": "flash-vla/pi05-random-checkpoint/v2/seed-0",
      "checkpoint_digest": "flash-vla/pi05-random-checkpoint/v2/seed-0"
    },
    "fixture": {
      "id": "flash-vla/pi05-inputs-v2/seed-0",
      "digest": "sha256:80e60b97e0964d3a558b2b622bc0d6848a841bb37543e362bdb5ade41d6c7480"
    },
    "environment": {
      "gpu_sku": "NVIDIA GeForce RTX 5090",
      "driver": "580.142",
      "cuda_runtime": "13.0",
      "pytorch": "2.13.0+cu130",
      "tilelang": "0.1.11",
      "clock_policy": {
        "benchmark_control": "inherit",
        "slurm_gpu_freq_request": null,
        "effective_locked_clocks": "unobserved"
      },
      "power_policy": {
        "requested_limit_w": 600.0,
        "enforced_limit_w": 600.0
      },
      "capture_regime": "cuda_graph",
      "clock_observation": {
        "application_graphics_mhz": "[N/A]",
        "application_memory_mhz": "[N/A]"
      }
    },
    "workload": "robodojo",
    "hostname": "ubun",
    "slurm_job_id": null,
    "timestamp": 1790463955.5124245,
    "reference_provenance": {}
  },
  "env": {
    "gpu": "NVIDIA GeForce RTX 5090",
    "python": "3.12.13",
    "torch": "2.13.0+cu130",
    "torch_cuda": "13.0",
    "tilelang": "0.1.11",
    "gpu_uuid": "GPU-7fc626f4-bce7-9a11-81de-0eaedc93e242",
    "runtime_observation": {
      "clocks.sm": "2872",
      "clocks.mem": "13801",
      "pstate": "P1",
      "temperature.gpu": "63",
      "power.draw": "514.13",
      "clocks_event_reasons.active": "0x0000000000000000"
    },
    "node": "ubun",
    "job": null,
    "driver": "580.142",
    "clocks": "unlocked",
    "clock_policy": {
      "benchmark_control": "inherit",
      "slurm_gpu_freq_request": null,
      "effective_locked_clocks": "unobserved"
    },
    "clock_observation": {
      "application_graphics_mhz": "[N/A]",
      "application_memory_mhz": "[N/A]"
    },
    "power_policy": {
      "requested_limit_w": 600.0,
      "enforced_limit_w": 600.0
    }
  },
  "config": {
    "reps": 100,
    "warmup": 5,
    "seed": 0,
    "plans": [
      "shipped"
    ],
    "calibration": false,
    "breakdown": true,
    "primary_statistic": "median",
    "capture_policy": "fresh-process-first-capture-per-leg",
    "statistics": [
      "min",
      "median",
      "p99"
    ],
    "p99_min_reps": 100,
    "soak_s": 0,
    "control_spread_max_ms": null,
    "attribution": false,
    "leg_options": [
      {}
    ]
  },
  "legs": [
    {
      "plan": "shipped",
      "identity": {
        "schema_version": 3,
        "target": "hardware/nvidia/rtx5090/pi05",
        "hardware": "rtx5090-32gb",
        "model": "pi05",
        "shape_profile": "action_dim32-batch1-chunk50-encoder_dim2048-encoder_ffn_dim16384-expert_dim1024-expert_ffn_dim4096-expert_tokens50-head_dim256-image_channels3-image_height224-image_width224-kv_heads1-layers18-num_views3-prefix_len968-prompt_len200-qkv_width2560-query_heads8-state_dim32-steps10-vision_dim1152-vision_ffn_dim4304-vision_head_dim72-vision_heads16-vision_layers27-visual_tokens768-visual_tokens_per_view256",
        "shape": {
          "batch": 1,
          "num_views": 3,
          "image_height": 224,
          "image_width": 224,
          "image_channels": 3,
          "visual_tokens_per_view": 256,
          "visual_tokens": 768,
          "vision_dim": 1152,
          "vision_ffn_dim": 4304,
          "vision_heads": 16,
          "vision_head_dim": 72,
          "vision_layers": 27,
          "prompt_len": 200,
          "prefix_len": 968,
          "chunk": 50,
          "expert_tokens": 50,
          "state_dim": 32,
          "action_dim": 32,
          "steps": 10,
          "layers": 18,
          "encoder_dim": 2048,
          "encoder_ffn_dim": 16384,
          "query_heads": 8,
          "kv_heads": 1,
          "head_dim": 256,
          "qkv_width": 2560,
          "expert_dim": 1024,
          "expert_ffn_dim": 4096
        },
        "plan": {
          "vision_encoder_patch_embed": "torch",
          "vision_encoder_norm_qkv": "cutlass-vision",
          "vision_encoder_attention": "triton-vision-attention",
          "vision_encoder_out_proj_residual": "cutlass-vision",
          "vision_encoder_norm_ffn_up": "cutlass-vision",
          "vision_encoder_ffn_down_residual": "cutlass-vision",
          "llm_backbone_projector": "torch",
          "llm_backbone_embed_prompt": "torch",
          "llm_backbone_norm_qkv_rope": "fused-prefix-qkv",
          "llm_backbone_attention": "torch",
          "llm_backbone_out_proj_residual": "cutlass-backbone",
          "llm_backbone_norm_gated_ffn": "cutlass-backbone",
          "llm_backbone_ffn_down_residual": "cutlass-backbone",
          "action_expert_action_in_proj": "torch",
          "action_expert_norm_qkv_rope": "triton-qkv-finish",
          "action_expert_attention": "split-kv-attention",
          "action_expert_out_proj_residual": "cutlass-expert-residual",
          "action_expert_norm_gated_ffn": "dual-ffn",
          "action_expert_ffn_down_residual": "cutlass-expert-residual",
          "action_expert_action_out_proj": "fused-qkv"
        },
        "model_revision": "pi05-r1",
        "engine_revision": null,
        "inference_signature": "sha256:a79c1f62c3f14674ad87e88a89bb5f66ac650e1c497ccf5076e64017b55d9f6f",
        "execution_variant": {
          "quantization": {
            "mode": "bf16"
          },
          "cache": {
            "mode": "none"
          }
        },
        "replay_buckets": [
          64,
          128,
          200
        ]
      },
      "replay": {
        "extent": 70,
        "bucket": 128
      },
      "measurement_context": {
        "weights": {
          "checkpoint_id": "flash-vla/pi05-random-checkpoint/v2/seed-0",
          "checkpoint_digest": "flash-vla/pi05-random-checkpoint/v2/seed-0"
        },
        "fixture": {
          "id": "flash-vla/pi05-inputs-v2/seed-0",
          "digest": "sha256:80e60b97e0964d3a558b2b622bc0d6848a841bb37543e362bdb5ade41d6c7480"
        },
        "environment": {
          "gpu_sku": "NVIDIA GeForce RTX 5090",
          "driver": "580.142",
          "cuda_runtime": "13.0",
          "pytorch": "2.13.0+cu130",
          "tilelang": "0.1.11",
          "clock_policy": {
            "benchmark_control": "inherit",
            "slurm_gpu_freq_request": null,
            "effective_locked_clocks": "unobserved"
          },
          "power_policy": {
            "requested_limit_w": 600.0,
            "enforced_limit_w": 600.0
          },
          "capture_regime": "cuda_graph",
          "clock_observation": {
            "application_graphics_mhz": "[N/A]",
            "application_memory_mhz": "[N/A]"
          }
        },
        "workload": "robodojo",
        "hostname": "ubun",
        "slurm_job_id": null,
        "timestamp": 1790463955.5124245,
        "reference_provenance": {}
      },
      "metrics": {
        "chunk_latency": {
          "min": 29.322384856641293,
          "median": 29.4811874628067,
          "n": 100,
          "samples_ms": [
            29.36595119535923,
            29.451251961290836,
            29.333807062357664,
            29.46009812876582,
            29.322384856641293,
            29.479170683771372,
            29.354494996368885,
            29.508978128433228,
            29.392761178314686,
            29.55967513844371,
            29.389380011707544,
            29.55140359699726,
            29.39797705039382,
            29.413529206067324,
            29.443531297147274,
            29.444538056850433,
            29.460148885846138,
            29.444795101881027,
            29.58017587661743,
            29.47183372452855,
            29.61208811029792,
            29.464473947882652,
            29.592531267553568,
            29.464137740433216,
            29.614083003252745,
            29.488478787243366,
            29.619762673974037,
            29.462662991136312,
            29.61179194971919,
            29.456956777721643,
            29.603270813822746,
            29.453469906002283,
            29.46892473846674,
            29.431144706904888,
            29.470032546669245,
            29.460859950631857,
            29.460188932716846,
            29.47988733649254,
            29.442253056913614,
            29.58652190864086,
            29.480470810085535,
            29.598002787679434,
            29.466708656400442,
            29.60466966032982,
            29.48021423071623,
            29.623088892549276,
            29.4678108766675,
            29.610509052872658,
            29.468083754181862,
            29.636467806994915,
            29.463395942002535,
            29.62787402793765,
            29.45810090750456,
            29.467242769896984,
            29.46430118754506,
            29.459312092512846,
            29.47960700839758,
            29.486006125807762,
            29.59767635911703,
            29.480982106179,
            29.59883213043213,
            29.481392819434404,
            29.61566112935543,
            29.48217513039708,
            29.61187483742833,
            29.490178916603327,
            29.6187000349164,
            29.471501242369413,
            29.62479880079627,
            29.479286167770624,
            29.630986973643303,
            29.462754260748625,
            29.64826300740242,
            29.463030863553286,
            29.484422877430916,
            29.478783253580332,
            29.489119071513414,
            29.485831037163734,
            29.495584778487682,
            29.595216270536184,
            29.490101616829634,
            29.609459917992353,
            29.48405919596553,
            29.61578406393528,
            29.483165591955185,
            29.609087854623795,
            29.477189760655165,
            29.625880997627974,
            29.466754756867886,
            29.62092822417617,
            29.462050180882215,
            29.640974942594767,
            29.464079067111015,
            29.64353607967496,
            29.46941601112485,
            29.647500719875097,
            29.607377015054226,
            29.657221864908934,
            29.48139887303114,
            29.490606859326363
          ],
          "p99": 29.64826300740242
        },
        "device_latency": {
          "min": 29.468416213989258,
          "median": 29.535935401916504,
          "n": 100,
          "samples_ms": [
            29.55276870727539,
            29.634464263916016,
            29.500640869140625,
            29.604480743408203,
            29.49135971069336,
            29.61280059814453,
            29.491615295410156,
            29.665599822998047,
            29.51958465576172,
            29.6397762298584,
            29.475488662719727,
            29.639904022216797,
            29.476287841796875,
            29.636383056640625,
            29.468416213989258,
            29.499616622924805,
            29.591583251953125,
            29.660160064697266,
            29.603647232055664,
            29.49728012084961,
            29.490144729614258,
            29.478336334228516,
            29.620159149169922,
            29.500320434570312,
            29.610015869140625,
            29.4770565032959,
            29.621919631958008,
            29.490304946899414,
            29.63884735107422,
            29.48896026611328,
            29.629215240478516,
            29.48806381225586,
            29.678720474243164,
            29.516511917114258,
            29.68377685546875,
            29.69046401977539,
            29.662975311279297,
            29.489919662475586,
            29.478527069091797,
            29.511552810668945,
            29.508832931518555,
            29.726207733154297,
            29.53990364074707,
            29.49897575378418,
            29.50044822692871,
            29.530048370361328,
            29.491487503051758,
            29.64828872680664,
            29.5064640045166,
            29.633312225341797,
            29.50150489807129,
            29.619871139526367,
            29.509952545166016,
            29.635936737060547,
            29.507007598876953,
            29.667264938354492,
            29.54742431640625,
            29.656896591186523,
            29.5163516998291,
            29.68387222290039,
            29.51545524597168,
            29.664127349853516,
            29.549184799194336,
            29.54761505126953,
            29.51968002319336,
            29.510400772094727,
            29.531967163085938,
            29.54047966003418,
            29.5133113861084,
            29.51068878173828,
            29.635072708129883,
            29.511680603027344,
            29.626623153686523,
            29.519744873046875,
            29.637407302856445,
            29.543903350830078,
            29.64531135559082,
            29.49123191833496,
            29.63862419128418,
            29.48793601989746,
            29.653247833251953,
            29.485023498535156,
            29.64803123474121,
            29.488000869750977,
            29.65635108947754,
            29.501440048217773,
            29.66454315185547,
            29.625856399536133,
            29.672544479370117,
            29.607328414916992,
            29.522432327270508,
            29.502431869506836,
            29.507936477661133,
            29.513696670532227,
            29.487871170043945,
            29.640384674072266,
            29.518495559692383,
            29.62646484375,
            29.518720626831055,
            29.63372802734375
          ],
          "p99": 29.69046401977539
        },
        "host_time": {
          "prompt": {
            "min": 0.04295213147997856,
            "median": 0.04658126272261143,
            "n": 100,
            "samples_ms": [
              0.06358930841088295,
              0.05761580541729927,
              0.05608797073364258,
              0.054096803069114685,
              0.046625733375549316,
              0.05301693454384804,
              0.04612840712070465,
              0.045291148126125336,
              0.053244177252054214,
              0.045612920075654984,
              0.051381997764110565,
              0.04696892574429512,
              0.047021545469760895,
              0.05183788016438484,
              0.04632677882909775,
              0.046689994633197784,
              0.05515431985259056,
              0.04778895527124405,
              0.05346117541193962,
              0.04744715988636017,
              0.05279388278722763,
              0.04481710493564606,
              0.054712872952222824,
              0.046975910663604736,
              0.045693013817071915,
              0.05085533484816551,
              0.04497077316045761,
              0.053314026445150375,
              0.05525490269064903,
              0.04516215994954109,
              0.05465978756546974,
              0.05833292379975319,
              0.04826486110687256,
              0.044975895434617996,
              0.052473973482847214,
              0.04548113793134689,
              0.050770118832588196,
              0.055963173508644104,
              0.054333824664354324,
              0.04973914474248886,
              0.04337402060627937,
              0.045517925173044205,
              0.04655309021472931,
              0.04546530544757843,
              0.043942127376794815,
              0.04471372812986374,
              0.04437007009983063,
              0.045694876462221146,
              0.04450604319572449,
              0.04370883107185364,
              0.04549883306026459,
              0.044057611376047134,
              0.04553794860839844,
              0.04557007923722267,
              0.04823505878448486,
              0.045122113078832626,
              0.04479195922613144,
              0.04400918260216713,
              0.04569394513964653,
              0.044528860598802567,
              0.045505817979574203,
              0.04338286817073822,
              0.04471419379115105,
              0.04295213147997856,
              0.047334935516119,
              0.045015010982751846,
              0.04580710083246231,
              0.04516076296567917,
              0.05574757233262062,
              0.04568509757518768,
              0.04457170143723488,
              0.05265604704618454,
              0.044933054596185684,
              0.04658615216612816,
              0.05223182961344719,
              0.04606414586305618,
              0.05110492929816246,
              0.045666005462408066,
              0.04655309021472931,
              0.05226908251643181,
              0.0484720803797245,
              0.05288096144795418,
              0.046214088797569275,
              0.0516730360686779,
              0.04635890945792198,
              0.046576373279094696,
              0.05254242569208145,
              0.045869965106248856,
              0.050862785428762436,
              0.04653912037611008,
              0.04504295065999031,
              0.052187126129865646,
              0.04471000283956528,
              0.04664808511734009,
              0.05245627835392952,
              0.047483015805482864,
              0.053755007684230804,
              0.048016197979450226,
              0.052298884838819504,
              0.044838059693574905
            ],
            "p99": 0.05833292379975319
          }
        },
        "segment_latency": {
          "vision_encoder": {
            "min": 3.9718399047851562,
            "median": 4.064368009567261,
            "n": 100,
            "samples_ms": [
              3.974015951156616,
              3.977152109146118,
              3.9757440090179443,
              3.9718399047851562,
              3.976480007171631,
              3.9760639667510986,
              3.974623918533325,
              3.982367992401123,
              3.9776320457458496,
              3.9854400157928467,
              4.00105619430542,
              4.011040210723877,
              4.012415885925293,
              4.020544052124023,
              4.020959854125977,
              4.022560119628906,
              4.018464088439941,
              4.020639896392822,
              4.024447917938232,
              4.022719860076904,
              4.023104190826416,
              4.025536060333252,
              4.0359039306640625,
              4.05734395980835,
              4.063488006591797,
              4.059423923492432,
              4.059391975402832,
              4.0614399909973145,
              4.06771183013916,
              4.061535835266113,
              4.067232131958008,
              4.063488006591797,
              4.066720008850098,
              4.070335865020752,
              4.069439888000488,
              4.066559791564941,
              4.071487903594971,
              4.06444787979126,
              4.064288139343262,
              4.064511775970459,
              4.065375804901123,
              4.063295841217041,
              4.06774377822876,
              4.061247825622559,
              4.062367916107178,
              4.062272071838379,
              4.065663814544678,
              4.059552192687988,
              4.056191921234131,
              4.057600021362305,
              4.0602240562438965,
              4.059584140777588,
              4.059423923492432,
              4.0635199546813965,
              4.06217622756958,
              4.062335968017578,
              4.059455871582031,
              4.061567783355713,
              4.063551902770996,
              4.062464237213135,
              4.062560081481934,
              4.063583850860596,
              4.0680317878723145,
              4.066559791564941,
              4.067552089691162,
              4.065536022186279,
              4.06825590133667,
              4.0695037841796875,
              4.066463947296143,
              4.065311908721924,
              4.069664001464844,
              4.073599815368652,
              4.070623874664307,
              4.072319984436035,
              4.068384170532227,
              4.0708160400390625,
              4.069536209106445,
              4.0726399421691895,
              4.071743965148926,
              4.0722880363464355,
              4.077663898468018,
              4.071680068969727,
              4.071807861328125,
              4.071680068969727,
              4.069664001464844,
              4.06982421875,
              4.070720195770264,
              4.069632053375244,
              4.067615985870361,
              4.071839809417725,
              4.0759358406066895,
              4.07206392288208,
              4.069695949554443,
              4.070144176483154,
              4.071680068969727,
              4.070528030395508,
              4.073887825012207,
              4.070591926574707,
              4.069568157196045,
              4.071839809417725
            ],
            "p99": 4.0759358406066895
          },
          "llm_backbone": {
            "min": 16.781600952148438,
            "median": 16.79259204864502,
            "n": 100,
            "samples_ms": [
              16.788639068603516,
              16.79199981689453,
              16.790847778320312,
              16.797887802124023,
              16.78316879272461,
              16.787872314453125,
              16.781600952148438,
              16.787456512451172,
              16.792959213256836,
              16.791584014892578,
              16.793920516967773,
              16.788896560668945,
              16.78668785095215,
              16.784543991088867,
              16.787328720092773,
              16.787616729736328,
              16.792831420898438,
              16.791200637817383,
              16.784832000732422,
              16.784576416015625,
              16.787647247314453,
              16.788639068603516,
              16.788768768310547,
              16.78998374938965,
              16.787551879882812,
              16.789087295532227,
              16.789600372314453,
              16.79430389404297,
              16.791744232177734,
              16.792640686035156,
              16.800352096557617,
              16.798336029052734,
              16.792543411254883,
              16.80179214477539,
              16.792800903320312,
              16.789567947387695,
              16.793983459472656,
              16.787872314453125,
              16.786592483520508,
              16.789152145385742,
              16.786527633666992,
              16.793792724609375,
              16.793888092041016,
              16.790719985961914,
              16.793792724609375,
              16.80191993713379,
              16.790847778320312,
              16.789600372314453,
              16.785472869873047,
              16.79484748840332,
              16.790559768676758,
              16.793888092041016,
              16.79212760925293,
              16.79897689819336,
              16.7873592376709,
              16.797855377197266,
              16.79199981689453,
              16.79267120361328,
              16.79782485961914,
              16.80086326599121,
              16.798208236694336,
              16.793792724609375,
              16.790559768676758,
              16.799903869628906,
              16.797056198120117,
              16.796735763549805,
              16.79212760925293,
              16.79292869567871,
              16.793888092041016,
              16.801151275634766,
              16.791423797607422,
              16.788768768310547,
              16.791776657104492,
              16.794559478759766,
              16.79974365234375,
              16.804000854492188,
              16.786624908447266,
              16.792959213256836,
              16.7926082611084,
              16.794719696044922,
              16.799936294555664,
              16.7936954498291,
              16.78668785095215,
              16.79257583618164,
              16.79475212097168,
              16.789695739746094,
              16.791872024536133,
              16.7957763671875,
              16.791488647460938,
              16.79692840576172,
              16.798816680908203,
              16.8002872467041,
              16.80291175842285,
              16.792383193969727,
              16.812095642089844,
              16.80201530456543,
              16.804256439208984,
              16.799423217773438,
              16.800800323486328,
              16.792831420898438
            ],
            "p99": 16.804256439208984
          },
          "action_expert": {
            "min": 9.050304412841797,
            "median": 9.058703899383545,
            "n": 100,
            "samples_ms": [
              9.067968368530273,
              9.059231758117676,
              9.060832023620605,
              9.062527656555176,
              9.062560081481934,
              9.056192398071289,
              9.062751770019531,
              9.058688163757324,
              9.060480117797852,
              9.06060791015625,
              9.056159973144531,
              9.066047668457031,
              9.061823844909668,
              9.056544303894043,
              9.054464340209961,
              9.054464340209961,
              9.056256294250488,
              9.062591552734375,
              9.05951976776123,
              9.058560371398926,
              9.056192398071289,
              9.058464050292969,
              9.063008308410645,
              9.05622386932373,
              9.05840015411377,
              9.057632446289062,
              9.060288429260254,
              9.060128211975098,
              9.056575775146484,
              9.059647560119629,
              9.05840015411377,
              9.050304412841797,
              9.061568260192871,
              9.06230354309082,
              9.057696342468262,
              9.05459213256836,
              9.058815956115723,
              9.062432289123535,
              9.065088272094727,
              9.056447982788086,
              9.060383796691895,
              9.060416221618652,
              9.058688163757324,
              9.062751770019531,
              9.06163215637207,
              9.056192398071289,
              9.067744255065918,
              9.053471565246582,
              9.057439804077148,
              9.056384086608887,
              9.064800262451172,
              9.060640335083008,
              9.058624267578125,
              9.066720008850098,
              9.06265640258789,
              9.06060791015625,
              9.058624267578125,
              9.058527946472168,
              9.056447982788086,
              9.05891227722168,
              9.058719635009766,
              9.055744171142578,
              9.0546236038208,
              9.066783905029297,
              9.054431915283203,
              9.061568260192871,
              9.05408000946045,
              9.058560371398926,
              9.059647560119629,
              9.050432205200195,
              9.058464050292969,
              9.056511878967285,
              9.064543724060059,
              9.05622386932373,
              9.070176124572754,
              9.052448272705078,
              9.060768127441406,
              9.0664644241333,
              9.060928344726562,
              9.060319900512695,
              9.058815956115723,
              9.058208465576172,
              9.060640335083008,
              9.058464050292969,
              9.056480407714844,
              9.066944122314453,
              9.061471939086914,
              9.055071830749512,
              9.060447692871094,
              9.054464340209961,
              9.06067180633545,
              9.058560371398926,
              9.058496475219727,
              9.055551528930664,
              9.05884838104248,
              9.062687873840332,
              9.056544303894043,
              9.053215980529785,
              9.05788803100586,
              9.05788803100586
            ],
            "p99": 9.067968368530273
          }
        },
        "overhead": {
          "min": -0.48136041313409805,
          "median": -0.43447649478912354,
          "p99": -0.2998976409435272
        }
      },
      "attribution": null,
      "runtime_observation": {
        "before": {
          "clocks.sm": "2910",
          "clocks.mem": "13801",
          "pstate": "P1",
          "temperature.gpu": "58",
          "power.draw": "224.83",
          "clocks_event_reasons.active": "0x0000000000000000"
        },
        "after": {
          "clocks.sm": "2872",
          "clocks.mem": "13801",
          "pstate": "P1",
          "temperature.gpu": "63",
          "power.draw": "514.13",
          "clocks_event_reasons.active": "0x0000000000000000"
        }
      },
      "options": {
        "workload": "robodojo"
      },
      "process_id": 3299297,
      "gpu_uuid": "GPU-7fc626f4-bce7-9a11-81de-0eaedc93e242",
      "implementation_source": null,
      "leg": 0
    }
  ],
  "deltas": null
}
