== leg 0: hardware/nvidia/rtx5090/pi05 plan=shipped
{
  "identity": {
    "schema_version": 3,
    "target": "hardware/nvidia/rtx5090/pi05",
    "hardware": "rtx5090-32gb",
    "model": "pi05",
    "shape_profile": "action_dim32-batch1-chunk10-encoder_dim2048-encoder_ffn_dim16384-expert_dim1024-expert_ffn_dim4096-expert_tokens10-head_dim256-image_channels3-image_height224-image_width224-kv_heads1-layers18-num_views2-prefix_len712-prompt_len200-qkv_width2560-query_heads8-state_dim32-steps10-vision_dim1152-vision_ffn_dim4304-vision_head_dim72-vision_heads16-vision_layers27-visual_tokens512-visual_tokens_per_view256",
    "shape": {
      "batch": 1,
      "num_views": 2,
      "image_height": 224,
      "image_width": 224,
      "image_channels": 3,
      "visual_tokens_per_view": 256,
      "visual_tokens": 512,
      "vision_dim": 1152,
      "vision_ffn_dim": 4304,
      "vision_heads": 16,
      "vision_head_dim": 72,
      "vision_layers": 27,
      "prompt_len": 200,
      "prefix_len": 712,
      "chunk": 10,
      "expert_tokens": 10,
      "state_dim": 32,
      "action_dim": 32,
      "steps": 10,
      "layers": 18,
      "encoder_dim": 2048,
      "encoder_ffn_dim": 16384,
      "query_heads": 8,
      "kv_heads": 1,
      "head_dim": 256,
      "qkv_width": 2560,
      "expert_dim": 1024,
      "expert_ffn_dim": 4096
    },
    "plan": {
      "vision_encoder_patch_embed": "torch",
      "vision_encoder_norm_qkv": "cutlass-vision",
      "vision_encoder_attention": "triton-vision-attention",
      "vision_encoder_out_proj_residual": "cutlass-vision",
      "vision_encoder_norm_ffn_up": "cutlass-vision",
      "vision_encoder_ffn_down_residual": "cutlass-vision",
      "llm_backbone_projector": "torch",
      "llm_backbone_embed_prompt": "torch",
      "llm_backbone_norm_qkv_rope": "fused-prefix-qkv",
      "llm_backbone_attention": "torch",
      "llm_backbone_out_proj_residual": "cutlass-backbone",
      "llm_backbone_norm_gated_ffn": "cutlass-backbone",
      "llm_backbone_ffn_down_residual": "cutlass-backbone",
      "action_expert_action_in_proj": "torch",
      "action_expert_norm_qkv_rope": "triton-qkv-finish",
      "action_expert_attention": "split-kv-attention",
      "action_expert_out_proj_residual": "cutlass-expert-residual",
      "action_expert_norm_gated_ffn": "dual-ffn",
      "action_expert_ffn_down_residual": "cutlass-expert-residual",
      "action_expert_action_out_proj": "fused-qkv"
    },
    "model_revision": "pi05-r1",
    "engine_revision": null,
    "inference_signature": "sha256:a79c1f62c3f14674ad87e88a89bb5f66ac650e1c497ccf5076e64017b55d9f6f",
    "execution_variant": {
      "quantization": {
        "mode": "bf16"
      },
      "cache": {
        "mode": "none"
      }
    },
    "replay_buckets": [
      64,
      200
    ]
  },
  "protocol": "latency-v2",
  "instrumented": false,
  "measurement_context": {
    "weights": {
      "checkpoint_id": "flash-vla/pi05-random-checkpoint/v2/seed-0",
      "checkpoint_digest": "flash-vla/pi05-random-checkpoint/v2/seed-0"
    },
    "fixture": {
      "id": "flash-vla/pi05-inputs-v2/seed-0",
      "digest": "sha256:186266f9050d21a33ecfa4de7b9d54fe4851c8671f379edb5bc426c775184ce2"
    },
    "environment": {
      "gpu_sku": "NVIDIA GeForce RTX 5090",
      "driver": "580.142",
      "cuda_runtime": "13.0",
      "pytorch": "2.13.0+cu130",
      "tilelang": "0.1.11",
      "clock_policy": {
        "benchmark_control": "inherit",
        "slurm_gpu_freq_request": null,
        "effective_locked_clocks": "unobserved"
      },
      "power_policy": {
        "requested_limit_w": 600.0,
        "enforced_limit_w": 600.0
      },
      "capture_regime": "cuda_graph",
      "clock_observation": {
        "application_graphics_mhz": "[N/A]",
        "application_memory_mhz": "[N/A]"
      }
    },
    "workload": "libero",
    "hostname": "ubun",
    "slurm_job_id": null,
    "timestamp": 1790464006.7679372,
    "reference_provenance": {}
  },
  "env": {
    "gpu": "NVIDIA GeForce RTX 5090",
    "python": "3.12.13",
    "torch": "2.13.0+cu130",
    "torch_cuda": "13.0",
    "tilelang": "0.1.11",
    "gpu_uuid": "GPU-7fc626f4-bce7-9a11-81de-0eaedc93e242",
    "runtime_observation": {
      "clocks.sm": "2805",
      "clocks.mem": "13801",
      "pstate": "P1",
      "temperature.gpu": "59",
      "power.draw": "358.94",
      "clocks_event_reasons.active": "0x0000000000000000"
    },
    "node": "ubun",
    "job": null,
    "driver": "580.142",
    "clocks": "unlocked",
    "clock_policy": {
      "benchmark_control": "inherit",
      "slurm_gpu_freq_request": null,
      "effective_locked_clocks": "unobserved"
    },
    "clock_observation": {
      "application_graphics_mhz": "[N/A]",
      "application_memory_mhz": "[N/A]"
    },
    "power_policy": {
      "requested_limit_w": 600.0,
      "enforced_limit_w": 600.0
    }
  },
  "config": {
    "reps": 100,
    "warmup": 5,
    "seed": 0,
    "plans": [
      "shipped"
    ],
    "calibration": false,
    "breakdown": true,
    "primary_statistic": "median",
    "capture_policy": "fresh-process-first-capture-per-leg",
    "statistics": [
      "min",
      "median",
      "p99"
    ],
    "p99_min_reps": 100,
    "soak_s": 0,
    "control_spread_max_ms": null,
    "attribution": false,
    "leg_options": [
      {}
    ]
  },
  "legs": [
    {
      "plan": "shipped",
      "identity": {
        "schema_version": 3,
        "target": "hardware/nvidia/rtx5090/pi05",
        "hardware": "rtx5090-32gb",
        "model": "pi05",
        "shape_profile": "action_dim32-batch1-chunk10-encoder_dim2048-encoder_ffn_dim16384-expert_dim1024-expert_ffn_dim4096-expert_tokens10-head_dim256-image_channels3-image_height224-image_width224-kv_heads1-layers18-num_views2-prefix_len712-prompt_len200-qkv_width2560-query_heads8-state_dim32-steps10-vision_dim1152-vision_ffn_dim4304-vision_head_dim72-vision_heads16-vision_layers27-visual_tokens512-visual_tokens_per_view256",
        "shape": {
          "batch": 1,
          "num_views": 2,
          "image_height": 224,
          "image_width": 224,
          "image_channels": 3,
          "visual_tokens_per_view": 256,
          "visual_tokens": 512,
          "vision_dim": 1152,
          "vision_ffn_dim": 4304,
          "vision_heads": 16,
          "vision_head_dim": 72,
          "vision_layers": 27,
          "prompt_len": 200,
          "prefix_len": 712,
          "chunk": 10,
          "expert_tokens": 10,
          "state_dim": 32,
          "action_dim": 32,
          "steps": 10,
          "layers": 18,
          "encoder_dim": 2048,
          "encoder_ffn_dim": 16384,
          "query_heads": 8,
          "kv_heads": 1,
          "head_dim": 256,
          "qkv_width": 2560,
          "expert_dim": 1024,
          "expert_ffn_dim": 4096
        },
        "plan": {
          "vision_encoder_patch_embed": "torch",
          "vision_encoder_norm_qkv": "cutlass-vision",
          "vision_encoder_attention": "triton-vision-attention",
          "vision_encoder_out_proj_residual": "cutlass-vision",
          "vision_encoder_norm_ffn_up": "cutlass-vision",
          "vision_encoder_ffn_down_residual": "cutlass-vision",
          "llm_backbone_projector": "torch",
          "llm_backbone_embed_prompt": "torch",
          "llm_backbone_norm_qkv_rope": "fused-prefix-qkv",
          "llm_backbone_attention": "torch",
          "llm_backbone_out_proj_residual": "cutlass-backbone",
          "llm_backbone_norm_gated_ffn": "cutlass-backbone",
          "llm_backbone_ffn_down_residual": "cutlass-backbone",
          "action_expert_action_in_proj": "torch",
          "action_expert_norm_qkv_rope": "triton-qkv-finish",
          "action_expert_attention": "split-kv-attention",
          "action_expert_out_proj_residual": "cutlass-expert-residual",
          "action_expert_norm_gated_ffn": "dual-ffn",
          "action_expert_ffn_down_residual": "cutlass-expert-residual",
          "action_expert_action_out_proj": "fused-qkv"
        },
        "model_revision": "pi05-r1",
        "engine_revision": null,
        "inference_signature": "sha256:a79c1f62c3f14674ad87e88a89bb5f66ac650e1c497ccf5076e64017b55d9f6f",
        "execution_variant": {
          "quantization": {
            "mode": "bf16"
          },
          "cache": {
            "mode": "none"
          }
        },
        "replay_buckets": [
          64,
          200
        ]
      },
      "replay": {
        "extent": 12,
        "bucket": 64
      },
      "measurement_context": {
        "weights": {
          "checkpoint_id": "flash-vla/pi05-random-checkpoint/v2/seed-0",
          "checkpoint_digest": "flash-vla/pi05-random-checkpoint/v2/seed-0"
        },
        "fixture": {
          "id": "flash-vla/pi05-inputs-v2/seed-0",
          "digest": "sha256:186266f9050d21a33ecfa4de7b9d54fe4851c8671f379edb5bc426c775184ce2"
        },
        "environment": {
          "gpu_sku": "NVIDIA GeForce RTX 5090",
          "driver": "580.142",
          "cuda_runtime": "13.0",
          "pytorch": "2.13.0+cu130",
          "tilelang": "0.1.11",
          "clock_policy": {
            "benchmark_control": "inherit",
            "slurm_gpu_freq_request": null,
            "effective_locked_clocks": "unobserved"
          },
          "power_policy": {
            "requested_limit_w": 600.0,
            "enforced_limit_w": 600.0
          },
          "capture_regime": "cuda_graph",
          "clock_observation": {
            "application_graphics_mhz": "[N/A]",
            "application_memory_mhz": "[N/A]"
          }
        },
        "workload": "libero",
        "hostname": "ubun",
        "slurm_job_id": null,
        "timestamp": 1790464006.7679372,
        "reference_provenance": {}
      },
      "metrics": {
        "chunk_latency": {
          "min": 21.49505913257599,
          "median": 21.620060550048947,
          "n": 100,
          "samples_ms": [
            21.51426998898387,
            21.496442146599293,
            21.508945152163506,
            21.50210039690137,
            21.49505913257599,
            21.507283207029104,
            21.533606108278036,
            21.516621112823486,
            21.497542038559914,
            21.58730709925294,
            21.738866809755564,
            21.71065704897046,
            21.71227103099227,
            21.769841201603413,
            21.727590821683407,
            21.6848561540246,
            21.575431805104017,
            21.53919218108058,
            21.55289798974991,
            21.537686698138714,
            21.568058989942074,
            21.561150904744864,
            21.621120627969503,
            21.618471946567297,
            21.60839969292283,
            21.63753006607294,
            21.629355382174253,
            21.643423940986395,
            21.7408980242908,
            21.62210177630186,
            21.517564076930285,
            21.55146701261401,
            21.570182871073484,
            21.59696025773883,
            21.616606041789055,
            21.736291237175465,
            21.748486906290054,
            21.75355004146695,
            21.734431851655245,
            21.663773339241743,
            21.575896069407463,
            21.58918511122465,
            21.598174702376127,
            21.58014802262187,
            21.572727244347334,
            21.587278693914413,
            21.62675792351365,
            21.76802884787321,
            21.74803474918008,
            21.77508221939206,
            21.742295008152723,
            21.71428082510829,
            21.604098845273256,
            21.620993968099356,
            21.63207484409213,
            21.60506509244442,
            21.592458244413137,
            21.590526215732098,
            21.595141850411892,
            21.732463035732508,
            21.778455935418606,
            21.777542773634195,
            21.768828853964806,
            21.714122965931892,
            21.63843996822834,
            21.594934165477753,
            21.617754828184843,
            21.584628149867058,
            21.576567087322474,
            21.578744985163212,
            21.58565679565072,
            21.71440189704299,
            21.71993814408779,
            21.730124950408936,
            21.718990989029408,
            21.68139861896634,
            21.57644461840391,
            21.586126182228327,
            21.61912713199854,
            21.57285390421748,
            21.605558693408966,
            21.61294035613537,
            21.655000746250153,
            21.770188119262457,
            21.76408190280199,
            21.792403887957335,
            21.752984263002872,
            21.710725035518408,
            21.611531730741262,
            21.63094375282526,
            21.55568916350603,
            21.50687389075756,
            21.547891665250063,
            21.636524237692356,
            21.639280952513218,
            21.772230975329876,
            21.727161947637796,
            21.72621199861169,
            21.721993573009968,
            21.674348041415215
          ],
          "p99": 21.778455935418606
        },
        "device_latency": {
          "min": 21.562400817871094,
          "median": 21.587535858154297,
          "n": 100,
          "samples_ms": [
            21.593727111816406,
            21.576160430908203,
            21.714143753051758,
            21.733919143676758,
            21.717567443847656,
            21.72960090637207,
            21.696128845214844,
            21.58345603942871,
            21.569215774536133,
            21.5644474029541,
            21.562400817871094,
            21.574752807617188,
            21.56643295288086,
            21.57097625732422,
            21.585023880004883,
            21.566335678100586,
            21.589279174804688,
            21.58572769165039,
            21.584928512573242,
            21.577280044555664,
            21.56719970703125,
            21.573152542114258,
            21.571136474609375,
            21.567455291748047,
            21.573984146118164,
            21.58576011657715,
            21.586719512939453,
            21.711456298828125,
            21.72585678100586,
            21.72287940979004,
            21.725120544433594,
            21.685152053833008,
            21.57766342163086,
            21.576160430908203,
            21.569536209106445,
            21.56502342224121,
            21.570016860961914,
            21.566944122314453,
            21.589920043945312,
            21.93097686767578,
            21.705312728881836,
            21.725248336791992,
            21.720928192138672,
            21.6844482421875,
            21.575775146484375,
            21.573087692260742,
            21.563167572021484,
            21.571712493896484,
            21.572223663330078,
            21.56604766845703,
            21.57619285583496,
            21.726207733154297,
            21.732032775878906,
            21.74060821533203,
            21.71571159362793,
            21.737728118896484,
            21.605791091918945,
            21.57366371154785,
            21.594175338745117,
            21.570175170898438,
            21.594207763671875,
            21.590591430664062,
            21.5927677154541,
            21.719263076782227,
            21.726335525512695,
            21.727296829223633,
            21.726335525512695,
            21.684415817260742,
            21.5732479095459,
            21.5743350982666,
            21.58678436279297,
            21.567424774169922,
            21.595327377319336,
            21.57334327697754,
            21.590303421020508,
            21.719839096069336,
            21.730144500732422,
            21.7390079498291,
            21.7390079498291,
            21.71049690246582,
            21.659744262695312,
            21.57302474975586,
            21.578752517700195,
            21.570688247680664,
            21.58016014099121,
            21.58310317993164,
            21.570911407470703,
            21.712831497192383,
            21.71116828918457,
            21.71558380126953,
            21.728479385375977,
            21.73526382446289,
            21.676288604736328,
            21.58880043029785,
            21.588287353515625,
            21.580352783203125,
            21.568960189819336,
            21.577024459838867,
            21.576000213623047,
            21.594175338745117
          ],
          "p99": 21.74060821533203
        },
        "host_time": {
          "prompt": {
            "min": 0.024979934096336365,
            "median": 0.025611137971282005,
            "n": 100,
            "samples_ms": [
              0.02874387428164482,
              0.02864701673388481,
              0.02687564119696617,
              0.026316847652196884,
              0.02674199640750885,
              0.02682860940694809,
              0.02625212073326111,
              0.025676097720861435,
              0.025622081011533737,
              0.02543209120631218,
              0.025474000722169876,
              0.025504734367132187,
              0.025913119316101074,
              0.025668181478977203,
              0.02525467425584793,
              0.026020221412181854,
              0.025960151106119156,
              0.025974120944738388,
              0.02576177939772606,
              0.031081028282642365,
              0.025584828108549118,
              0.02652173861861229,
              0.025596003979444504,
              0.02571800723671913,
              0.02585398033261299,
              0.025694724172353745,
              0.025738030672073364,
              0.025859102606773376,
              0.02859393134713173,
              0.026171095669269562,
              0.026124995201826096,
              0.0283876433968544,
              0.02580927684903145,
              0.02597784623503685,
              0.0256318598985672,
              0.025649089366197586,
              0.025446061044931412,
              0.025404151529073715,
              0.02544233575463295,
              0.02558203414082527,
              0.02545909956097603,
              0.02564862370491028,
              0.02541998401284218,
              0.02518482506275177,
              0.025879591703414917,
              0.025867950171232224,
              0.025445129722356796,
              0.025530345737934113,
              0.02535991370677948,
              0.025991816073656082,
              0.025404151529073715,
              0.02568913623690605,
              0.02556620165705681,
              0.02581905573606491,
              0.025519169867038727,
              0.02557598054409027,
              0.02547493204474449,
              0.025744084268808365,
              0.02554710954427719,
              0.025476794689893723,
              0.02539670094847679,
              0.025927089154720306,
              0.025650952011346817,
              0.02551823854446411,
              0.025513116270303726,
              0.026242807507514954,
              0.025874003767967224,
              0.028247013688087463,
              0.025186222046613693,
              0.02550613135099411,
              0.025834888219833374,
              0.02519926056265831,
              0.02556387335062027,
              0.025600194931030273,
              0.02556806430220604,
              0.02529611811041832,
              0.02532918006181717,
              0.0253431499004364,
              0.02550007775425911,
              0.024979934096336365,
              0.025418121367692947,
              0.025555025786161423,
              0.02535386011004448,
              0.025577843189239502,
              0.026348978281021118,
              0.026055146008729935,
              0.026223715394735336,
              0.025251880288124084,
              0.02521602436900139,
              0.025585759431123734,
              0.02568913623690605,
              0.025524292141199112,
              0.02536782994866371,
              0.025588087737560272,
              0.025670044124126434,
              0.025333836674690247,
              0.02521788701415062,
              0.025262124836444855,
              0.025990884751081467,
              0.025671906769275665
            ],
            "p99": 0.02874387428164482
          }
        },
        "segment_latency": {
          "vision_encoder": {
            "min": 2.872767925262451,
            "median": 2.909600019454956,
            "n": 100,
            "samples_ms": [
              2.8780479431152344,
              2.8820159435272217,
              2.88156795501709,
              2.875839948654175,
              2.879040002822876,
              2.8801279067993164,
              2.880671977996826,
              2.8970561027526855,
              2.8994240760803223,
              2.901344060897827,
              2.9009599685668945,
              2.903264045715332,
              2.901344060897827,
              2.901599884033203,
              2.8921279907226562,
              2.882751941680908,
              2.876863956451416,
              2.876800060272217,
              2.8783679008483887,
              2.876768112182617,
              2.875391960144043,
              2.8734400272369385,
              2.876800060272217,
              2.8747520446777344,
              2.8788158893585205,
              2.8788158893585205,
              2.872767925262451,
              2.8795840740203857,
              2.9015679359436035,
              2.901087999343872,
              2.8972480297088623,
              2.905344009399414,
              2.905535936355591,
              2.905440092086792,
              2.903424024581909,
              2.905440092086792,
              2.9035840034484863,
              2.905600070953369,
              2.907615900039673,
              2.9074559211730957,
              2.9053120613098145,
              2.907520055770874,
              2.9074881076812744,
              2.909440040588379,
              2.9096319675445557,
              2.9064319133758545,
              2.909856081008911,
              2.9095680713653564,
              2.907615900039673,
              2.906399965286255,
              2.9095358848571777,
              2.9095358848571777,
              2.913696050643921,
              2.916287899017334,
              2.9136319160461426,
              2.9157440662384033,
              2.9134719371795654,
              2.9137279987335205,
              2.915584087371826,
              2.9197440147399902,
              2.9218881130218506,
              2.9197120666503906,
              2.917664051055908,
              2.919935941696167,
              2.9196159839630127,
              2.9200639724731445,
              2.923840045928955,
              2.921855926513672,
              2.9218239784240723,
              2.925152063369751,
              2.9239680767059326,
              2.923840045928955,
              2.9238719940185547,
              2.9278080463409424,
              2.928895950317383,
              2.9280641078948975,
              2.929152011871338,
              2.9317760467529297,
              2.930016040802002,
              2.929759979248047,
              2.9343039989471436,
              2.9297280311584473,
              2.9318718910217285,
              2.9320640563964844,
              2.934272050857544,
              2.9301440715789795,
              2.9332480430603027,
              2.9311039447784424,
              2.9340479373931885,
              2.9318079948425293,
              2.931839942932129,
              2.932255983352661,
              2.932159900665283,
              2.936192035675049,
              2.9352641105651855,
              2.934015989303589,
              2.934175968170166,
              2.9363200664520264,
              2.9330880641937256,
              2.9312000274658203
            ],
            "p99": 2.936192035675049
          },
          "llm_backbone": {
            "min": 11.399295806884766,
            "median": 11.442480087280273,
            "n": 100,
            "samples_ms": [
              11.399295806884766,
              11.402912139892578,
              11.4136962890625,
              11.41596794128418,
              11.4269437789917,
              11.424960136413574,
              11.428128242492676,
              11.430208206176758,
              11.436287879943848,
              11.43222427368164,
              11.434783935546875,
              11.43331241607666,
              11.435040473937988,
              11.438495635986328,
              11.436287879943848,
              11.432031631469727,
              11.440159797668457,
              11.44099235534668,
              11.436960220336914,
              11.442432403564453,
              11.436384201049805,
              11.436223983764648,
              11.43616008758545,
              11.436287879943848,
              11.442432403564453,
              11.440511703491211,
              11.438207626342773,
              11.44649600982666,
              11.444319725036621,
              11.438048362731934,
              11.438240051269531,
              11.437024116516113,
              11.442399978637695,
              11.438976287841797,
              11.441535949707031,
              11.442655563354492,
              11.44115161895752,
              11.440128326416016,
              11.439807891845703,
              11.44320011138916,
              11.444512367248535,
              11.4399995803833,
              11.445343971252441,
              11.440608024597168,
              11.442815780639648,
              11.446304321289062,
              11.44876766204834,
              11.448320388793945,
              11.448479652404785,
              11.446432113647461,
              11.450176239013672,
              11.444640159606934,
              11.439200401306152,
              11.446111679077148,
              11.444576263427734,
              11.449312210083008,
              11.445023536682129,
              11.451359748840332,
              11.442399978637695,
              11.449376106262207,
              11.440352439880371,
              11.449248313903809,
              11.442208290100098,
              11.446656227111816,
              11.445216178894043,
              11.440223693847656,
              11.449728012084961,
              11.442432403564453,
              11.442336082458496,
              11.444704055786133,
              11.444543838500977,
              11.448543548583984,
              11.447360038757324,
              11.448575973510742,
              11.444479942321777,
              11.443072319030762,
              11.446399688720703,
              11.446623802185059,
              11.448543548583984,
              11.442527770996094,
              11.446751594543457,
              11.444543838500977,
              11.453536033630371,
              11.438688278198242,
              11.444191932678223,
              11.442655563354492,
              11.447135925292969,
              11.442272186279297,
              11.442208290100098,
              11.446528434753418,
              11.443455696105957,
              11.448448181152344,
              11.444479942321777,
              11.44422435760498,
              11.44275188446045,
              11.44438362121582,
              11.444512367248535,
              11.439935684204102,
              11.444416046142578,
              11.442079544067383
            ],
            "p99": 11.451359748840332
          },
          "action_expert": {
            "min": 7.949696063995361,
            "median": 7.963903903961182,
            "n": 100,
            "samples_ms": [
              7.982048034667969,
              7.967328071594238,
              7.96230411529541,
              7.969088077545166,
              7.96995210647583,
              7.967807769775391,
              7.963967800140381,
              7.9740800857543945,
              7.9661760330200195,
              7.964992046356201,
              7.962143898010254,
              7.970047950744629,
              7.963903903961182,
              7.96614408493042,
              7.962975978851318,
              7.96611213684082,
              7.961023807525635,
              7.965951919555664,
              7.960927963256836,
              7.9661760330200195,
              7.957791805267334,
              7.961887836456299,
              7.962975978851318,
              7.961696147918701,
              7.963456153869629,
              7.961887836456299,
              7.963712215423584,
              7.953792095184326,
              7.9659199714660645,
              7.970016002655029,
              7.957632064819336,
              7.955552101135254,
              7.9721598625183105,
              7.959712028503418,
              7.970304012298584,
              7.960671901702881,
              7.957920074462891,
              7.971968173980713,
              7.958752155303955,
              7.951712131500244,
              7.959839820861816,
              7.9627838134765625,
              7.9659199714660645,
              7.963903903961182,
              7.965087890625,
              7.955647945404053,
              7.957695960998535,
              7.960991859436035,
              7.957568168640137,
              7.971327781677246,
              7.963871955871582,
              7.955872058868408,
              7.963647842407227,
              7.963967800140381,
              7.9672322273254395,
              7.965888023376465,
              7.959712028503418,
              7.963840007781982,
              7.9726080894470215,
              7.968031883239746,
              7.960991859436035,
              7.972352027893066,
              7.963007926940918,
              7.977856159210205,
              7.960127830505371,
              7.965695858001709,
              7.954847812652588,
              7.961728096008301,
              7.969056129455566,
              7.967743873596191,
              7.961919784545898,
              7.964032173156738,
              7.9640960693359375,
              7.963007926940918,
              7.965087890625,
              7.9672322273254395,
              7.959904193878174,
              7.970111846923828,
              7.9618239402771,
              7.952767848968506,
              7.962912082672119,
              7.959807872772217,
              7.96998405456543,
              7.953567981719971,
              7.969247817993164,
              7.967904090881348,
              7.969151973724365,
              7.965951919555664,
              7.9621758460998535,
              7.965216159820557,
              7.973087787628174,
              7.959743976593018,
              7.970143795013428,
              7.963712215423584,
              7.9651198387146,
              7.969759941101074,
              7.949696063995361,
              7.966080188751221,
              7.963583946228027,
              7.9712958335876465
            ],
            "p99": 7.977856159210205
          }
        },
        "overhead": {
          "min": -0.7267006635665894,
          "median": -0.6959234606474638,
          "p99": -0.5869520083069801
        }
      },
      "attribution": null,
      "runtime_observation": {
        "before": {
          "clocks.sm": "2895",
          "clocks.mem": "13801",
          "pstate": "P1",
          "temperature.gpu": "57",
          "power.draw": "186.86",
          "clocks_event_reasons.active": "0x0000000000000000"
        },
        "after": {
          "clocks.sm": "2805",
          "clocks.mem": "13801",
          "pstate": "P1",
          "temperature.gpu": "59",
          "power.draw": "358.94",
          "clocks_event_reasons.active": "0x0000000000000000"
        }
      },
      "options": {
        "workload": "libero"
      },
      "process_id": 3300559,
      "gpu_uuid": "GPU-7fc626f4-bce7-9a11-81de-0eaedc93e242",
      "implementation_source": null,
      "leg": 0
    }
  ],
  "deltas": null
}
