== leg 0: hardware/nvidia/rtx5090/pi05 plan=shipped
{
  "identity": {
    "schema_version": 3,
    "target": "hardware/nvidia/rtx5090/pi05",
    "hardware": "rtx5090-32gb",
    "model": "pi05",
    "shape_profile": "action_dim32-batch1-chunk10-encoder_dim2048-encoder_ffn_dim16384-expert_dim1024-expert_ffn_dim4096-expert_tokens10-head_dim256-image_channels3-image_height224-image_width224-kv_heads1-layers18-num_views2-prefix_len712-prompt_len200-qkv_width2560-query_heads8-state_dim32-steps10-vision_dim1152-vision_ffn_dim4304-vision_head_dim72-vision_heads16-vision_layers27-visual_tokens512-visual_tokens_per_view256",
    "shape": {
      "batch": 1,
      "num_views": 2,
      "image_height": 224,
      "image_width": 224,
      "image_channels": 3,
      "visual_tokens_per_view": 256,
      "visual_tokens": 512,
      "vision_dim": 1152,
      "vision_ffn_dim": 4304,
      "vision_heads": 16,
      "vision_head_dim": 72,
      "vision_layers": 27,
      "prompt_len": 200,
      "prefix_len": 712,
      "chunk": 10,
      "expert_tokens": 10,
      "state_dim": 32,
      "action_dim": 32,
      "steps": 10,
      "layers": 18,
      "encoder_dim": 2048,
      "encoder_ffn_dim": 16384,
      "query_heads": 8,
      "kv_heads": 1,
      "head_dim": 256,
      "qkv_width": 2560,
      "expert_dim": 1024,
      "expert_ffn_dim": 4096
    },
    "plan": {
      "vision_encoder_patch_embed": "torch",
      "vision_encoder_norm_qkv": "cutlass-vision",
      "vision_encoder_attention": "triton-vision-attention",
      "vision_encoder_out_proj_residual": "cutlass-vision",
      "vision_encoder_norm_ffn_up": "cutlass-vision",
      "vision_encoder_ffn_down_residual": "cutlass-vision",
      "llm_backbone_projector": "torch",
      "llm_backbone_embed_prompt": "torch",
      "llm_backbone_norm_qkv_rope": "fused-prefix-qkv",
      "llm_backbone_attention": "torch",
      "llm_backbone_out_proj_residual": "cutlass-backbone",
      "llm_backbone_norm_gated_ffn": "cutlass-backbone",
      "llm_backbone_ffn_down_residual": "cutlass-backbone",
      "action_expert_action_in_proj": "torch",
      "action_expert_norm_qkv_rope": "triton-qkv-finish",
      "action_expert_attention": "split-kv-attention",
      "action_expert_out_proj_residual": "cutlass-expert-residual",
      "action_expert_norm_gated_ffn": "dual-ffn",
      "action_expert_ffn_down_residual": "cutlass-expert-residual",
      "action_expert_action_out_proj": "fused-qkv"
    },
    "model_revision": "pi05-r1",
    "engine_revision": "3c8ad2aceb595099a8b013015bd11bb8877077ac",
    "inference_signature": "sha256:a79c1f62c3f14674ad87e88a89bb5f66ac650e1c497ccf5076e64017b55d9f6f",
    "execution_variant": {
      "quantization": {
        "mode": "bf16"
      },
      "cache": {
        "mode": "none"
      }
    },
    "replay_buckets": [
      64,
      200
    ]
  },
  "protocol": "latency-v2",
  "instrumented": false,
  "measurement_context": {
    "weights": {
      "checkpoint_id": "flash-vla/pi05-random-checkpoint/v2/seed-0",
      "checkpoint_digest": "flash-vla/pi05-random-checkpoint/v2/seed-0"
    },
    "fixture": {
      "id": "flash-vla/pi05-inputs-v2/seed-0",
      "digest": "sha256:186266f9050d21a33ecfa4de7b9d54fe4851c8671f379edb5bc426c775184ce2"
    },
    "environment": {
      "gpu_sku": "NVIDIA GeForce RTX 5090",
      "driver": "580.142",
      "cuda_runtime": "13.0",
      "pytorch": "2.13.0+cu130",
      "tilelang": "0.1.11",
      "clock_policy": {
        "benchmark_control": "inherit",
        "slurm_gpu_freq_request": null,
        "effective_locked_clocks": "unobserved"
      },
      "power_policy": {
        "requested_limit_w": 600.0,
        "enforced_limit_w": 600.0
      },
      "capture_regime": "cuda_graph",
      "clock_observation": {
        "application_graphics_mhz": "[N/A]",
        "application_memory_mhz": "[N/A]"
      }
    },
    "workload": "libero",
    "hostname": "ubun",
    "slurm_job_id": null,
    "timestamp": 1790464018.152309,
    "reference_provenance": {}
  },
  "env": {
    "gpu": "NVIDIA GeForce RTX 5090",
    "python": "3.12.13",
    "torch": "2.13.0+cu130",
    "torch_cuda": "13.0",
    "tilelang": "0.1.11",
    "gpu_uuid": "GPU-7fc626f4-bce7-9a11-81de-0eaedc93e242",
    "runtime_observation": {
      "clocks.sm": "2895",
      "clocks.mem": "13801",
      "pstate": "P1",
      "temperature.gpu": "58",
      "power.draw": "368.23",
      "clocks_event_reasons.active": "0x0000000000000000"
    },
    "node": "ubun",
    "job": null,
    "driver": "580.142",
    "clocks": "unlocked",
    "clock_policy": {
      "benchmark_control": "inherit",
      "slurm_gpu_freq_request": null,
      "effective_locked_clocks": "unobserved"
    },
    "clock_observation": {
      "application_graphics_mhz": "[N/A]",
      "application_memory_mhz": "[N/A]"
    },
    "power_policy": {
      "requested_limit_w": 600.0,
      "enforced_limit_w": 600.0
    }
  },
  "config": {
    "reps": 100,
    "warmup": 5,
    "seed": 0,
    "plans": [
      "shipped"
    ],
    "calibration": false,
    "breakdown": true,
    "primary_statistic": "median",
    "capture_policy": "fresh-process-first-capture-per-leg",
    "statistics": [
      "min",
      "median",
      "p99"
    ],
    "p99_min_reps": 100,
    "soak_s": 0,
    "control_spread_max_ms": null,
    "attribution": false,
    "leg_options": [
      {}
    ]
  },
  "legs": [
    {
      "plan": "shipped",
      "identity": {
        "schema_version": 3,
        "target": "hardware/nvidia/rtx5090/pi05",
        "hardware": "rtx5090-32gb",
        "model": "pi05",
        "shape_profile": "action_dim32-batch1-chunk10-encoder_dim2048-encoder_ffn_dim16384-expert_dim1024-expert_ffn_dim4096-expert_tokens10-head_dim256-image_channels3-image_height224-image_width224-kv_heads1-layers18-num_views2-prefix_len712-prompt_len200-qkv_width2560-query_heads8-state_dim32-steps10-vision_dim1152-vision_ffn_dim4304-vision_head_dim72-vision_heads16-vision_layers27-visual_tokens512-visual_tokens_per_view256",
        "shape": {
          "batch": 1,
          "num_views": 2,
          "image_height": 224,
          "image_width": 224,
          "image_channels": 3,
          "visual_tokens_per_view": 256,
          "visual_tokens": 512,
          "vision_dim": 1152,
          "vision_ffn_dim": 4304,
          "vision_heads": 16,
          "vision_head_dim": 72,
          "vision_layers": 27,
          "prompt_len": 200,
          "prefix_len": 712,
          "chunk": 10,
          "expert_tokens": 10,
          "state_dim": 32,
          "action_dim": 32,
          "steps": 10,
          "layers": 18,
          "encoder_dim": 2048,
          "encoder_ffn_dim": 16384,
          "query_heads": 8,
          "kv_heads": 1,
          "head_dim": 256,
          "qkv_width": 2560,
          "expert_dim": 1024,
          "expert_ffn_dim": 4096
        },
        "plan": {
          "vision_encoder_patch_embed": "torch",
          "vision_encoder_norm_qkv": "cutlass-vision",
          "vision_encoder_attention": "triton-vision-attention",
          "vision_encoder_out_proj_residual": "cutlass-vision",
          "vision_encoder_norm_ffn_up": "cutlass-vision",
          "vision_encoder_ffn_down_residual": "cutlass-vision",
          "llm_backbone_projector": "torch",
          "llm_backbone_embed_prompt": "torch",
          "llm_backbone_norm_qkv_rope": "fused-prefix-qkv",
          "llm_backbone_attention": "torch",
          "llm_backbone_out_proj_residual": "cutlass-backbone",
          "llm_backbone_norm_gated_ffn": "cutlass-backbone",
          "llm_backbone_ffn_down_residual": "cutlass-backbone",
          "action_expert_action_in_proj": "torch",
          "action_expert_norm_qkv_rope": "triton-qkv-finish",
          "action_expert_attention": "split-kv-attention",
          "action_expert_out_proj_residual": "cutlass-expert-residual",
          "action_expert_norm_gated_ffn": "dual-ffn",
          "action_expert_ffn_down_residual": "cutlass-expert-residual",
          "action_expert_action_out_proj": "fused-qkv"
        },
        "model_revision": "pi05-r1",
        "engine_revision": "3c8ad2aceb595099a8b013015bd11bb8877077ac",
        "inference_signature": "sha256:a79c1f62c3f14674ad87e88a89bb5f66ac650e1c497ccf5076e64017b55d9f6f",
        "execution_variant": {
          "quantization": {
            "mode": "bf16"
          },
          "cache": {
            "mode": "none"
          }
        },
        "replay_buckets": [
          64,
          200
        ]
      },
      "replay": {
        "extent": 12,
        "bucket": 64
      },
      "measurement_context": {
        "weights": {
          "checkpoint_id": "flash-vla/pi05-random-checkpoint/v2/seed-0",
          "checkpoint_digest": "flash-vla/pi05-random-checkpoint/v2/seed-0"
        },
        "fixture": {
          "id": "flash-vla/pi05-inputs-v2/seed-0",
          "digest": "sha256:186266f9050d21a33ecfa4de7b9d54fe4851c8671f379edb5bc426c775184ce2"
        },
        "environment": {
          "gpu_sku": "NVIDIA GeForce RTX 5090",
          "driver": "580.142",
          "cuda_runtime": "13.0",
          "pytorch": "2.13.0+cu130",
          "tilelang": "0.1.11",
          "clock_policy": {
            "benchmark_control": "inherit",
            "slurm_gpu_freq_request": null,
            "effective_locked_clocks": "unobserved"
          },
          "power_policy": {
            "requested_limit_w": 600.0,
            "enforced_limit_w": 600.0
          },
          "capture_regime": "cuda_graph",
          "clock_observation": {
            "application_graphics_mhz": "[N/A]",
            "application_memory_mhz": "[N/A]"
          }
        },
        "workload": "libero",
        "hostname": "ubun",
        "slurm_job_id": null,
        "timestamp": 1790464018.152309,
        "reference_provenance": {}
      },
      "metrics": {
        "chunk_latency": {
          "min": 22.726984228938818,
          "median": 22.82571094110608,
          "n": 100,
          "samples_ms": [
            22.78696885332465,
            22.846476174890995,
            22.823373787105083,
            22.88853097707033,
            22.828406188637018,
            22.862421814352274,
            22.798343561589718,
            22.84474018961191,
            23.001557681709528,
            22.851905785501003,
            22.823698818683624,
            22.806348744779825,
            22.789768408983946,
            22.736249957233667,
            22.74188818410039,
            22.81113900244236,
            22.84126589074731,
            22.82907022163272,
            22.80687401071191,
            22.81971974298358,
            22.77201507240534,
            22.75891089811921,
            22.83390099182725,
            22.967814933508635,
            22.968180011957884,
            22.960106376558542,
            22.825836669653654,
            22.781848907470703,
            22.74752175435424,
            22.818455938249826,
            22.96091429889202,
            22.971623111516237,
            22.94912375509739,
            22.807444911450148,
            22.77215803042054,
            22.750308737158775,
            22.8294818662107,
            22.989897057414055,
            23.08798674494028,
            22.97332463786006,
            22.834969218820333,
            22.833351977169514,
            22.81905896961689,
            22.802934050559998,
            22.80502114444971,
            22.803991101682186,
            22.801207844167948,
            22.81274599954486,
            22.770723793655634,
            22.744202986359596,
            22.801970597356558,
            22.969369776546955,
            22.972901817411184,
            22.9256683960557,
            22.81988924369216,
            22.749274037778378,
            22.740625776350498,
            22.825585212558508,
            22.96279137954116,
            22.98024296760559,
            22.938067093491554,
            22.805327083915472,
            22.784810047596693,
            22.74118270725012,
            22.825056221336126,
            22.969269193708897,
            22.977563086897135,
            22.934336680918932,
            22.82014535740018,
            22.77168584987521,
            22.733863908797503,
            22.81838981434703,
            22.95469492673874,
            22.975103929638863,
            22.933165077120066,
            23.024060297757387,
            22.79380289837718,
            22.7538226172328,
            22.81825477257371,
            22.98347232863307,
            22.98794500529766,
            22.93589198961854,
            22.810500115156174,
            22.816159762442112,
            22.8270310908556,
            22.960156202316284,
            22.971339989453554,
            22.97211578115821,
            22.96180697157979,
            22.909102961421013,
            22.816033102571964,
            22.821357008069754,
            22.964369039982557,
            22.976703010499477,
            22.980868350714445,
            22.929594852030277,
            22.75746176019311,
            22.742705885320902,
            22.726984228938818,
            22.97651395201683
          ],
          "p99": 23.024060297757387
        },
        "device_latency": {
          "min": 22.74380874633789,
          "median": 22.834336280822754,
          "n": 100,
          "samples_ms": [
            22.750816345214844,
            22.96883201599121,
            22.981855392456055,
            22.971904754638672,
            22.917024612426758,
            22.75833511352539,
            22.747392654418945,
            22.80847930908203,
            22.975807189941406,
            22.966272354125977,
            22.98303985595703,
            22.909215927124023,
            22.765600204467773,
            22.749919891357422,
            22.807039260864258,
            22.967967987060547,
            22.979167938232422,
            22.959808349609375,
            22.91516876220703,
            22.7825927734375,
            22.74393653869629,
            22.80668830871582,
            22.970975875854492,
            22.975744247436523,
            22.960063934326172,
            22.81475257873535,
            22.779808044433594,
            22.74380874633789,
            22.825504302978516,
            22.975967407226562,
            22.9649600982666,
            22.93894386291504,
            22.808799743652344,
            22.75935935974121,
            22.746047973632812,
            22.816640853881836,
            22.975360870361328,
            22.960031509399414,
            22.940383911132812,
            22.823392868041992,
            22.809856414794922,
            22.80348777770996,
            22.82054328918457,
            23.02886390686035,
            23.006591796875,
            22.96518325805664,
            22.81043243408203,
            22.808895111083984,
            22.854368209838867,
            22.84182357788086,
            22.972063064575195,
            22.97123146057129,
            22.96326446533203,
            22.874656677246094,
            22.852832794189453,
            22.81932830810547,
            22.827392578125,
            22.979103088378906,
            22.977312088012695,
            22.941791534423828,
            22.81279945373535,
            22.814111709594727,
            22.80803108215332,
            22.835872650146484,
            22.81760025024414,
            22.817119598388672,
            22.832063674926758,
            22.8143367767334,
            22.817760467529297,
            22.82364845275879,
            22.83964729309082,
            22.829343795776367,
            22.8439998626709,
            22.84774398803711,
            22.832799911499023,
            22.843168258666992,
            22.83683204650879,
            22.863872528076172,
            22.81337547302246,
            22.810272216796875,
            22.832576751708984,
            22.82908821105957,
            22.817216873168945,
            22.80735969543457,
            22.826751708984375,
            22.969152450561523,
            23.017568588256836,
            22.9334716796875,
            22.825727462768555,
            22.814111709594727,
            22.80473518371582,
            22.995967864990234,
            22.975967407226562,
            22.964256286621094,
            22.934751510620117,
            22.810335159301758,
            22.812864303588867,
            22.800960540771484,
            22.96563148498535,
            22.988447189331055
          ],
          "p99": 23.017568588256836
        },
        "host_time": {
          "prompt": {
            "min": 0.024848617613315582,
            "median": 0.025495421141386032,
            "n": 100,
            "samples_ms": [
              0.027232803404331207,
              0.02817390486598015,
              0.026522669941186905,
              0.026508234441280365,
              0.026362016797065735,
              0.025945249944925308,
              0.025834422558546066,
              0.02557411789894104,
              0.026118941605091095,
              0.025603920221328735,
              0.02550426870584488,
              0.025174114853143692,
              0.025513116270303726,
              0.025414861738681793,
              0.02549588680267334,
              0.025451648980379105,
              0.025344081223011017,
              0.02512894570827484,
              0.025212299078702927,
              0.025451183319091797,
              0.025820918381214142,
              0.025480985641479492,
              0.024908222258090973,
              0.025608111172914505,
              0.025585759431123734,
              0.02538692206144333,
              0.025771092623472214,
              0.026192981749773026,
              0.02814503386616707,
              0.02519693225622177,
              0.02567702904343605,
              0.027354806661605835,
              0.025528017431497574,
              0.025280285626649857,
              0.025230925530195236,
              0.02543814480304718,
              0.02535758540034294,
              0.025838147848844528,
              0.02543395385146141,
              0.025480054318904877,
              0.025223009288311005,
              0.025079119950532913,
              0.025060027837753296,
              0.025141052901744843,
              0.02501998096704483,
              0.02550380304455757,
              0.0252588652074337,
              0.0250902958214283,
              0.02536829560995102,
              0.025662127882242203,
              0.025250017642974854,
              0.029528047889471054,
              0.025221146643161774,
              0.02577388659119606,
              0.024848617613315582,
              0.025041867047548294,
              0.024892855435609818,
              0.025162938982248306,
              0.025366898626089096,
              0.025301706045866013,
              0.025029759854078293,
              0.02531427890062332,
              0.025398097932338715,
              0.02517690882086754,
              0.03208080306649208,
              0.025309156626462936,
              0.025486107915639877,
              0.027555041015148163,
              0.025254208594560623,
              0.03248080611228943,
              0.02582371234893799,
              0.025212299078702927,
              0.030683819204568863,
              0.026262830942869186,
              0.025280751287937164,
              0.025855842977762222,
              0.025494955480098724,
              0.03223679959774017,
              0.025555957108736038,
              0.02516619861125946,
              0.025482848286628723,
              0.025540124624967575,
              0.03573112189769745,
              0.02615479752421379,
              0.02618180587887764,
              0.025460030883550644,
              0.03139767795801163,
              0.025535933673381805,
              0.02527330070734024,
              0.025712884962558746,
              0.031573232263326645,
              0.025715213268995285,
              0.025773420929908752,
              0.025224871933460236,
              0.03133295103907585,
              0.02625398337841034,
              0.025562942028045654,
              0.025582965463399887,
              0.0252407044172287,
              0.02543022856116295
            ],
            "p99": 0.03248080611228943
          }
        },
        "segment_latency": {
          "vision_encoder": {
            "min": 2.8716800212860107,
            "median": 2.915616035461426,
            "n": 100,
            "samples_ms": [
              2.876415967941284,
              2.8716800212860107,
              2.875135898590088,
              2.8766720294952393,
              2.878880023956299,
              2.8888959884643555,
              2.8971199989318848,
              2.905855894088745,
              2.905184030532837,
              2.9000959396362305,
              2.8997440338134766,
              2.916287899017334,
              2.89683198928833,
              2.8915839195251465,
              2.8784639835357666,
              2.8786239624023438,
              2.886687994003296,
              2.8786239624023438,
              2.883359909057617,
              2.8815999031066895,
              2.8778560161590576,
              2.884160041809082,
              2.88371205329895,
              2.8813118934631348,
              2.8817598819732666,
              2.891968011856079,
              2.9005119800567627,
              2.9025919437408447,
              2.9079039096832275,
              2.9041919708251953,
              2.9124159812927246,
              2.9108479022979736,
              2.911423921585083,
              2.9072000980377197,
              2.9111039638519287,
              2.9076480865478516,
              2.9079039096832275,
              2.9220800399780273,
              2.907871961593628,
              2.909856081008911,
              2.9103360176086426,
              2.9119999408721924,
              2.910048007965088,
              2.910304069519043,
              2.9124159812927246,
              2.9123520851135254,
              2.915008068084717,
              2.915776014328003,
              2.9096639156341553,
              2.9159679412841797,
              2.9126720428466797,
              2.9166719913482666,
              2.914720058441162,
              2.916127920150757,
              2.9296319484710693,
              2.9154560565948486,
              2.916127920150757,
              2.924639940261841,
              2.9188480377197266,
              2.925920009613037,
              2.9246718883514404,
              2.92192006111145,
              2.9151039123535156,
              2.921600103378296,
              2.9319040775299072,
              2.9260799884796143,
              2.9252800941467285,
              2.9240639209747314,
              2.925503969192505,
              2.9202880859375,
              2.9275200366973877,
              2.9312639236450195,
              2.927072048187256,
              2.93503999710083,
              2.9310081005096436,
              2.9289278984069824,
              2.9276158809661865,
              2.9287359714508057,
              2.9366719722747803,
              2.9314239025115967,
              2.9360320568084717,
              2.9313600063323975,
              2.9350080490112305,
              2.940351963043213,
              2.932960033416748,
              2.9356799125671387,
              2.9322879314422607,
              2.9396159648895264,
              2.933759927749634,
              2.9343678951263428,
              2.9344639778137207,
              2.9359679222106934,
              2.9374399185180664,
              2.933919906616211,
              2.9344639778137207,
              2.934976100921631,
              2.944607973098755,
              2.9376320838928223,
              2.9458560943603516,
              2.9385600090026855
            ],
            "p99": 2.944607973098755
          },
          "llm_backbone": {
            "min": 12.215264320373535,
            "median": 12.244912147521973,
            "n": 100,
            "samples_ms": [
              12.215264320373535,
              12.233759880065918,
              12.227999687194824,
              12.226400375366211,
              12.251168251037598,
              12.22755241394043,
              12.25046443939209,
              12.235487937927246,
              12.249343872070312,
              12.239871978759766,
              12.233920097351074,
              12.23196792602539,
              12.242207527160645,
              12.237983703613281,
              12.233280181884766,
              12.25551986694336,
              12.248800277709961,
              12.256095886230469,
              12.248064041137695,
              12.248831748962402,
              12.242303848266602,
              12.239935874938965,
              12.251968383789062,
              12.248160362243652,
              12.243647575378418,
              12.24499225616455,
              12.236991882324219,
              12.250335693359375,
              12.236576080322266,
              12.24294376373291,
              12.248576164245605,
              12.244895935058594,
              12.24396800994873,
              12.253151893615723,
              12.246272087097168,
              12.248640060424805,
              12.240575790405273,
              12.243040084838867,
              12.240032196044922,
              12.240127563476562,
              12.242143630981445,
              12.23583984375,
              12.25334358215332,
              12.252448081970215,
              12.237824440002441,
              12.252287864685059,
              12.246175765991211,
              12.244095802307129,
              12.244288444519043,
              12.240447998046875,
              12.250335693359375,
              12.251168251037598,
              12.229599952697754,
              12.242655754089355,
              12.240768432617188,
              12.260640144348145,
              12.257439613342285,
              12.26255989074707,
              12.238880157470703,
              12.238016128540039,
              12.250304222106934,
              12.256447792053223,
              12.240384101867676,
              12.256416320800781,
              12.25654411315918,
              12.23855972290039,
              12.252256393432617,
              12.242143630981445,
              12.238016128540039,
              12.244159698486328,
              12.2543363571167,
              12.248160362243652,
              12.252544403076172,
              12.241663932800293,
              12.251775741577148,
              12.25158405303955,
              12.244671821594238,
              12.242527961730957,
              12.248607635498047,
              12.261216163635254,
              12.26863956451416,
              12.270336151123047,
              12.463104248046875,
              12.250335693359375,
              12.246463775634766,
              12.257408142089844,
              12.244000434875488,
              12.256768226623535,
              12.261695861816406,
              12.244928359985352,
              12.243583679199219,
              12.242912292480469,
              12.244671821594238,
              12.24988842010498,
              12.255104064941406,
              12.240991592407227,
              12.244799613952637,
              12.244832038879395,
              12.24505615234375,
              12.248384475708008
            ],
            "p99": 12.270336151123047
          },
          "action_expert": {
            "min": 7.9510722160339355,
            "median": 7.961328029632568,
            "n": 100,
            "samples_ms": [
              7.9614081382751465,
              7.964479923248291,
              7.957503795623779,
              7.960927963256836,
              7.962143898010254,
              7.961376190185547,
              7.9536638259887695,
              7.967904090881348,
              7.961919784545898,
              7.959519863128662,
              7.959392070770264,
              7.961631774902344,
              7.960512161254883,
              7.951615810394287,
              7.965663909912109,
              7.957632064819336,
              7.963744163513184,
              7.961855888366699,
              7.959712028503418,
              7.955423831939697,
              7.9633917808532715,
              7.957600116729736,
              7.955647945404053,
              7.955552101135254,
              7.959648132324219,
              7.9621758460998535,
              7.964191913604736,
              7.959839820861816,
              7.961887836456299,
              7.968031883239746,
              7.959839820861816,
              7.959904193878174,
              7.957759857177734,
              7.9615678787231445,
              7.9617919921875,
              7.9555840492248535,
              7.959775924682617,
              7.954304218292236,
              7.961440086364746,
              7.959712028503418,
              7.960319995880127,
              7.957568168640137,
              7.963935852050781,
              7.955552101135254,
              7.959712028503418,
              7.9617600440979,
              7.959648132324219,
              7.963712215423584,
              7.9673919677734375,
              7.968736171722412,
              7.967679977416992,
              7.97654390335083,
              7.957568168640137,
              7.9653120040893555,
              7.957888126373291,
              7.962944030761719,
              7.9633917808532715,
              7.959968090057373,
              7.956064224243164,
              7.962368011474609,
              7.954048156738281,
              7.967487812042236,
              7.975232124328613,
              7.971871852874756,
              7.971839904785156,
              7.9912638664245605,
              7.964447975158691,
              7.967072010040283,
              7.973919868469238,
              7.958623886108398,
              7.964767932891846,
              7.970367908477783,
              7.975776195526123,
              7.96127986907959,
              7.970816135406494,
              7.9549760818481445,
              7.967328071594238,
              7.958399772644043,
              7.958144187927246,
              7.958111763000488,
              7.959743976593018,
              7.9561920166015625,
              7.965343952178955,
              7.964511871337891,
              7.956352233886719,
              7.955359935760498,
              7.95798397064209,
              7.958047866821289,
              7.9600958824157715,
              7.95849609375,
              7.964159965515137,
              7.967103958129883,
              7.9622721672058105,
              7.955743789672852,
              7.9580159187316895,
              7.970335960388184,
              7.963903903961182,
              7.964320182800293,
              7.9510722160339355,
              7.9600958824157715
            ],
            "p99": 7.97654390335083
          }
        },
        "overhead": {
          "min": -0.31103232875466347,
          "median": -0.2961452715098858,
          "p99": -0.16742772981524467
        }
      },
      "attribution": null,
      "runtime_observation": {
        "before": {
          "clocks.sm": "2872",
          "clocks.mem": "13801",
          "pstate": "P1",
          "temperature.gpu": "53",
          "power.draw": "186.29",
          "clocks_event_reasons.active": "0x0000000000000000"
        },
        "after": {
          "clocks.sm": "2895",
          "clocks.mem": "13801",
          "pstate": "P1",
          "temperature.gpu": "58",
          "power.draw": "368.23",
          "clocks_event_reasons.active": "0x0000000000000000"
        }
      },
      "options": {
        "workload": "libero"
      },
      "process_id": 3300885,
      "gpu_uuid": "GPU-7fc626f4-bce7-9a11-81de-0eaedc93e242",
      "implementation_source": null,
      "leg": 0
    }
  ],
  "deltas": null
}
