== leg 0: hardware/nvidia/rtx5090/pi05 plan=shipped
{
  "identity": {
    "schema_version": 3,
    "target": "hardware/nvidia/rtx5090/pi05",
    "hardware": "rtx5090-32gb",
    "model": "pi05",
    "shape_profile": "action_dim32-batch1-chunk50-encoder_dim2048-encoder_ffn_dim16384-expert_dim1024-expert_ffn_dim4096-expert_tokens50-head_dim256-image_channels3-image_height224-image_width224-kv_heads1-layers18-num_views3-prefix_len968-prompt_len200-qkv_width2560-query_heads8-state_dim32-steps10-vision_dim1152-vision_ffn_dim4304-vision_head_dim72-vision_heads16-vision_layers27-visual_tokens768-visual_tokens_per_view256",
    "shape": {
      "batch": 1,
      "num_views": 3,
      "image_height": 224,
      "image_width": 224,
      "image_channels": 3,
      "visual_tokens_per_view": 256,
      "visual_tokens": 768,
      "vision_dim": 1152,
      "vision_ffn_dim": 4304,
      "vision_heads": 16,
      "vision_head_dim": 72,
      "vision_layers": 27,
      "prompt_len": 200,
      "prefix_len": 968,
      "chunk": 50,
      "expert_tokens": 50,
      "state_dim": 32,
      "action_dim": 32,
      "steps": 10,
      "layers": 18,
      "encoder_dim": 2048,
      "encoder_ffn_dim": 16384,
      "query_heads": 8,
      "kv_heads": 1,
      "head_dim": 256,
      "qkv_width": 2560,
      "expert_dim": 1024,
      "expert_ffn_dim": 4096
    },
    "plan": {
      "vision_encoder_patch_embed": "torch",
      "vision_encoder_norm_qkv": "cutlass-vision",
      "vision_encoder_attention": "triton-vision-attention",
      "vision_encoder_out_proj_residual": "cutlass-vision",
      "vision_encoder_norm_ffn_up": "cutlass-vision",
      "vision_encoder_ffn_down_residual": "cutlass-vision",
      "llm_backbone_projector": "torch",
      "llm_backbone_embed_prompt": "torch",
      "llm_backbone_norm_qkv_rope": "fused-prefix-qkv",
      "llm_backbone_attention": "torch",
      "llm_backbone_out_proj_residual": "cutlass-backbone",
      "llm_backbone_norm_gated_ffn": "cutlass-backbone",
      "llm_backbone_ffn_down_residual": "cutlass-backbone",
      "action_expert_action_in_proj": "torch",
      "action_expert_norm_qkv_rope": "triton-qkv-finish",
      "action_expert_attention": "split-kv-attention",
      "action_expert_out_proj_residual": "cutlass-expert-residual",
      "action_expert_norm_gated_ffn": "dual-ffn",
      "action_expert_ffn_down_residual": "cutlass-expert-residual",
      "action_expert_action_out_proj": "fused-qkv"
    },
    "model_revision": "pi05-r1",
    "engine_revision": null,
    "inference_signature": "sha256:a79c1f62c3f14674ad87e88a89bb5f66ac650e1c497ccf5076e64017b55d9f6f",
    "execution_variant": {
      "quantization": {
        "mode": "bf16"
      },
      "cache": {
        "mode": "none"
      }
    },
    "replay_buckets": [
      64,
      128,
      200
    ]
  },
  "protocol": "latency-v2",
  "instrumented": false,
  "measurement_context": {
    "weights": {
      "checkpoint_id": "flash-vla/pi05-random-checkpoint/v2/seed-0",
      "checkpoint_digest": "flash-vla/pi05-random-checkpoint/v2/seed-0"
    },
    "fixture": {
      "id": "flash-vla/pi05-inputs-v2/seed-0",
      "digest": "sha256:80e60b97e0964d3a558b2b622bc0d6848a841bb37543e362bdb5ade41d6c7480"
    },
    "environment": {
      "gpu_sku": "NVIDIA GeForce RTX 5090",
      "driver": "580.142",
      "cuda_runtime": "13.0",
      "pytorch": "2.13.0+cu130",
      "tilelang": "0.1.11",
      "clock_policy": {
        "benchmark_control": "inherit",
        "slurm_gpu_freq_request": null,
        "effective_locked_clocks": "unobserved"
      },
      "power_policy": {
        "requested_limit_w": 600.0,
        "enforced_limit_w": 600.0
      },
      "capture_regime": "cuda_graph",
      "clock_observation": {
        "application_graphics_mhz": "[N/A]",
        "application_memory_mhz": "[N/A]"
      }
    },
    "workload": "robodojo",
    "hostname": "ubun",
    "slurm_job_id": null,
    "timestamp": 1790463383.2529182,
    "reference_provenance": {}
  },
  "env": {
    "gpu": "NVIDIA GeForce RTX 5090",
    "python": "3.12.13",
    "torch": "2.13.0+cu130",
    "torch_cuda": "13.0",
    "tilelang": "0.1.11",
    "gpu_uuid": "GPU-7fc626f4-bce7-9a11-81de-0eaedc93e242",
    "runtime_observation": {
      "clocks.sm": "2887",
      "clocks.mem": "13801",
      "pstate": "P1",
      "temperature.gpu": "58",
      "power.draw": "494.91",
      "clocks_event_reasons.active": "0x0000000000000000"
    },
    "node": "ubun",
    "job": null,
    "driver": "580.142",
    "clocks": "unlocked",
    "clock_policy": {
      "benchmark_control": "inherit",
      "slurm_gpu_freq_request": null,
      "effective_locked_clocks": "unobserved"
    },
    "clock_observation": {
      "application_graphics_mhz": "[N/A]",
      "application_memory_mhz": "[N/A]"
    },
    "power_policy": {
      "requested_limit_w": 600.0,
      "enforced_limit_w": 600.0
    }
  },
  "config": {
    "reps": 100,
    "warmup": 5,
    "seed": 0,
    "plans": [
      "shipped"
    ],
    "calibration": false,
    "breakdown": true,
    "primary_statistic": "median",
    "capture_policy": "fresh-process-first-capture-per-leg",
    "statistics": [
      "min",
      "median",
      "p99"
    ],
    "p99_min_reps": 100,
    "soak_s": 0,
    "control_spread_max_ms": null,
    "attribution": false,
    "leg_options": [
      {}
    ]
  },
  "legs": [
    {
      "plan": "shipped",
      "identity": {
        "schema_version": 3,
        "target": "hardware/nvidia/rtx5090/pi05",
        "hardware": "rtx5090-32gb",
        "model": "pi05",
        "shape_profile": "action_dim32-batch1-chunk50-encoder_dim2048-encoder_ffn_dim16384-expert_dim1024-expert_ffn_dim4096-expert_tokens50-head_dim256-image_channels3-image_height224-image_width224-kv_heads1-layers18-num_views3-prefix_len968-prompt_len200-qkv_width2560-query_heads8-state_dim32-steps10-vision_dim1152-vision_ffn_dim4304-vision_head_dim72-vision_heads16-vision_layers27-visual_tokens768-visual_tokens_per_view256",
        "shape": {
          "batch": 1,
          "num_views": 3,
          "image_height": 224,
          "image_width": 224,
          "image_channels": 3,
          "visual_tokens_per_view": 256,
          "visual_tokens": 768,
          "vision_dim": 1152,
          "vision_ffn_dim": 4304,
          "vision_heads": 16,
          "vision_head_dim": 72,
          "vision_layers": 27,
          "prompt_len": 200,
          "prefix_len": 968,
          "chunk": 50,
          "expert_tokens": 50,
          "state_dim": 32,
          "action_dim": 32,
          "steps": 10,
          "layers": 18,
          "encoder_dim": 2048,
          "encoder_ffn_dim": 16384,
          "query_heads": 8,
          "kv_heads": 1,
          "head_dim": 256,
          "qkv_width": 2560,
          "expert_dim": 1024,
          "expert_ffn_dim": 4096
        },
        "plan": {
          "vision_encoder_patch_embed": "torch",
          "vision_encoder_norm_qkv": "cutlass-vision",
          "vision_encoder_attention": "triton-vision-attention",
          "vision_encoder_out_proj_residual": "cutlass-vision",
          "vision_encoder_norm_ffn_up": "cutlass-vision",
          "vision_encoder_ffn_down_residual": "cutlass-vision",
          "llm_backbone_projector": "torch",
          "llm_backbone_embed_prompt": "torch",
          "llm_backbone_norm_qkv_rope": "fused-prefix-qkv",
          "llm_backbone_attention": "torch",
          "llm_backbone_out_proj_residual": "cutlass-backbone",
          "llm_backbone_norm_gated_ffn": "cutlass-backbone",
          "llm_backbone_ffn_down_residual": "cutlass-backbone",
          "action_expert_action_in_proj": "torch",
          "action_expert_norm_qkv_rope": "triton-qkv-finish",
          "action_expert_attention": "split-kv-attention",
          "action_expert_out_proj_residual": "cutlass-expert-residual",
          "action_expert_norm_gated_ffn": "dual-ffn",
          "action_expert_ffn_down_residual": "cutlass-expert-residual",
          "action_expert_action_out_proj": "fused-qkv"
        },
        "model_revision": "pi05-r1",
        "engine_revision": null,
        "inference_signature": "sha256:a79c1f62c3f14674ad87e88a89bb5f66ac650e1c497ccf5076e64017b55d9f6f",
        "execution_variant": {
          "quantization": {
            "mode": "bf16"
          },
          "cache": {
            "mode": "none"
          }
        },
        "replay_buckets": [
          64,
          128,
          200
        ]
      },
      "replay": {
        "extent": 70,
        "bucket": 128
      },
      "measurement_context": {
        "weights": {
          "checkpoint_id": "flash-vla/pi05-random-checkpoint/v2/seed-0",
          "checkpoint_digest": "flash-vla/pi05-random-checkpoint/v2/seed-0"
        },
        "fixture": {
          "id": "flash-vla/pi05-inputs-v2/seed-0",
          "digest": "sha256:80e60b97e0964d3a558b2b622bc0d6848a841bb37543e362bdb5ade41d6c7480"
        },
        "environment": {
          "gpu_sku": "NVIDIA GeForce RTX 5090",
          "driver": "580.142",
          "cuda_runtime": "13.0",
          "pytorch": "2.13.0+cu130",
          "tilelang": "0.1.11",
          "clock_policy": {
            "benchmark_control": "inherit",
            "slurm_gpu_freq_request": null,
            "effective_locked_clocks": "unobserved"
          },
          "power_policy": {
            "requested_limit_w": 600.0,
            "enforced_limit_w": 600.0
          },
          "capture_regime": "cuda_graph",
          "clock_observation": {
            "application_graphics_mhz": "[N/A]",
            "application_memory_mhz": "[N/A]"
          }
        },
        "workload": "robodojo",
        "hostname": "ubun",
        "slurm_job_id": null,
        "timestamp": 1790463383.2529182,
        "reference_provenance": {}
      },
      "metrics": {
        "chunk_latency": {
          "min": 29.14608735591173,
          "median": 29.36397446319461,
          "n": 100,
          "samples_ms": [
            29.33115279302001,
            29.14608735591173,
            29.36473209410906,
            29.273638036102057,
            29.364796355366707,
            29.283930081874132,
            29.349380172789097,
            29.3049612082541,
            29.3472521007061,
            29.306682758033276,
            29.322699178010225,
            29.324935749173164,
            29.161420185118914,
            29.328302945941687,
            29.1514890268445,
            29.345612972974777,
            29.16519111022353,
            29.382961336523294,
            29.27870722487569,
            29.37782183289528,
            29.30879732593894,
            29.37282994389534,
            29.322513844817877,
            29.358983039855957,
            29.337553773075342,
            29.198870062828064,
            29.193210415542126,
            29.213018715381622,
            29.37406487762928,
            29.19782791286707,
            29.42626317963004,
            29.30254815146327,
            29.432532843202353,
            29.308724217116833,
            29.42758984863758,
            29.329572338610888,
            29.41691502928734,
            29.340688604861498,
            29.40851403400302,
            29.35882192105055,
            29.391475953161716,
            29.392076190561056,
            29.255467001348734,
            29.389928095042706,
            29.24094209447503,
            29.43584695458412,
            29.21317797154188,
            29.46668630465865,
            29.33202078565955,
            29.470186680555344,
            29.339255765080452,
            29.44762073457241,
            29.362423345446587,
            29.45133438333869,
            29.408741276711226,
            29.415857046842575,
            29.394018929451704,
            29.267665930092335,
            29.40607024356723,
            29.25148280337453,
            29.41431012004614,
            29.248167760670185,
            29.45664431899786,
            29.33072717860341,
            29.467296786606312,
            29.33962969109416,
            29.458065051585436,
            29.36321683228016,
            29.446016065776348,
            29.377002734690905,
            29.430179856717587,
            29.380906838923693,
            29.413117095828056,
            29.405242763459682,
            29.262294992804527,
            29.4762528501451,
            29.46150116622448,
            29.476718977093697,
            29.34102062135935,
            29.465917963534594,
            29.348010662943125,
            29.49269814416766,
            29.35919025912881,
            29.479444958269596,
            29.362800996750593,
            29.452010057866573,
            29.378846287727356,
            29.452836140990257,
            29.386479407548904,
            29.432077892124653,
            29.413707088679075,
            29.279812704771757,
            29.42308085039258,
            29.262385796755552,
            29.44538090378046,
            29.256837908178568,
            29.501243960112333,
            29.351212549954653,
            29.49392469599843,
            29.368696734309196
          ],
          "p99": 29.49392469599843
        },
        "device_latency": {
          "min": 29.257408142089844,
          "median": 29.44204807281494,
          "n": 100,
          "samples_ms": [
            29.400928497314453,
            29.423999786376953,
            29.414655685424805,
            29.2840633392334,
            29.42038345336914,
            29.257408142089844,
            29.490400314331055,
            29.3417911529541,
            29.497312545776367,
            29.35318374633789,
            29.482688903808594,
            29.356224060058594,
            29.483680725097656,
            29.356672286987305,
            29.455936431884766,
            29.395519256591797,
            29.457439422607422,
            29.402271270751953,
            29.416223526000977,
            29.410688400268555,
            29.29804801940918,
            29.43328094482422,
            29.2838077545166,
            29.502592086791992,
            29.340415954589844,
            29.490591049194336,
            29.35158348083496,
            29.496000289916992,
            29.36182403564453,
            29.50476837158203,
            29.37276840209961,
            29.471200942993164,
            29.399072647094727,
            29.469951629638672,
            29.40598487854004,
            29.45372772216797,
            29.441600799560547,
            29.3035831451416,
            29.504640579223633,
            29.488800048828125,
            29.49724769592285,
            29.477216720581055,
            29.506175994873047,
            29.34623908996582,
            29.48896026611328,
            29.360607147216797,
            29.497343063354492,
            29.35753631591797,
            29.488767623901367,
            29.384319305419922,
            29.47043228149414,
            29.395488739013672,
            29.474239349365234,
            29.41187286376953,
            29.30931282043457,
            29.305343627929688,
            29.304576873779297,
            29.46201515197754,
            29.29465675354004,
            29.500991821289062,
            29.365055084228516,
            29.514047622680664,
            29.35919952392578,
            29.521343231201172,
            29.374208450317383,
            29.50307273864746,
            29.388736724853516,
            29.48240089416504,
            29.398880004882812,
            29.46611213684082,
            29.415903091430664,
            29.45199966430664,
            29.442495346069336,
            29.321855545043945,
            29.444063186645508,
            29.291839599609375,
            29.50499153137207,
            29.37116813659668,
            29.506784439086914,
            29.359487533569336,
            29.602495193481445,
            29.428224563598633,
            29.603424072265625,
            29.450719833374023,
            29.588607788085938,
            29.46659278869629,
            29.571840286254883,
            29.475231170654297,
            29.564863204956055,
            29.48361587524414,
            29.460960388183594,
            29.432512283325195,
            29.312768936157227,
            29.578208923339844,
            29.49692726135254,
            29.582496643066406,
            29.35331153869629,
            29.597312927246094,
            29.410783767700195,
            29.610559463500977
          ],
          "p99": 29.603424072265625
        },
        "host_time": {
          "prompt": {
            "min": 0.04305364564061165,
            "median": 0.04540616646409035,
            "n": 100,
            "samples_ms": [
              0.048063695430755615,
              0.046723056584596634,
              0.04806509241461754,
              0.04654610529541969,
              0.04633422940969467,
              0.04621315747499466,
              0.04744436591863632,
              0.04584621638059616,
              0.04780106246471405,
              0.046036671847105026,
              0.045608729124069214,
              0.044045038521289825,
              0.045939814299345016,
              0.0446750782430172,
              0.046105124056339264,
              0.05104485899209976,
              0.044842250645160675,
              0.046537257730960846,
              0.045688822865486145,
              0.04431372508406639,
              0.04620710387825966,
              0.04596821963787079,
              0.04411395639181137,
              0.04467368125915527,
              0.04529394209384918,
              0.04341127350926399,
              0.04539918154478073,
              0.044862739741802216,
              0.04418613389134407,
              0.0437726266682148,
              0.04818197339773178,
              0.04910910502076149,
              0.05258573219180107,
              0.04581408575177193,
              0.045439694076776505,
              0.046218279749155045,
              0.04396960139274597,
              0.04542432725429535,
              0.044898129999637604,
              0.045247841626405716,
              0.04441896453499794,
              0.04305364564061165,
              0.04498986527323723,
              0.044461339712142944,
              0.04478590562939644,
              0.04326598718762398,
              0.044838059693574905,
              0.047262758016586304,
              0.044994056224823,
              0.04487065598368645,
              0.04377216100692749,
              0.04868628457188606,
              0.04638172686100006,
              0.04580477252602577,
              0.04479195922613144,
              0.04361197352409363,
              0.04510674625635147,
              0.04534609615802765,
              0.04516402259469032,
              0.05163811147212982,
              0.05472404882311821,
              0.057552941143512726,
              0.044941436499357224,
              0.045359134674072266,
              0.04494795575737953,
              0.043579842895269394,
              0.045318156480789185,
              0.045019201934337616,
              0.04463782534003258,
              0.044825952500104904,
              0.04518264904618263,
              0.04485296085476875,
              0.04643527790904045,
              0.04716264083981514,
              0.04671001806855202,
              0.04375306889414787,
              0.04554912447929382,
              0.0466969795525074,
              0.0459267757833004,
              0.04479801282286644,
              0.04532281309366226,
              0.04579918459057808,
              0.04538474604487419,
              0.04349416121840477,
              0.04572886973619461,
              0.0467631034553051,
              0.04547974094748497,
              0.04624528810381889,
              0.04435889422893524,
              0.04596170037984848,
              0.04544295370578766,
              0.044893939048051834,
              0.04524318501353264,
              0.04541315138339996,
              0.043921638280153275,
              0.047054141759872437,
              0.0506141223013401,
              0.0460050068795681,
              0.04346296191215515,
              0.04547508433461189
            ],
            "p99": 0.05472404882311821
          }
        },
        "segment_latency": {
          "vision_encoder": {
            "min": 3.9492480754852295,
            "median": 4.041952133178711,
            "n": 100,
            "samples_ms": [
              3.9492480754852295,
              3.966207981109619,
              3.976223945617676,
              3.981600046157837,
              3.9825279712677,
              3.985856056213379,
              3.9742400646209717,
              3.9549760818481445,
              3.9569919109344482,
              3.955104112625122,
              3.9517440795898438,
              3.9743359088897705,
              3.9918079376220703,
              4.00383996963501,
              4.0,
              4.006144046783447,
              4.006239891052246,
              4.0070719718933105,
              4.002880096435547,
              4.0102081298828125,
              4.012063980102539,
              4.009151935577393,
              4.013279914855957,
              4.010240077972412,
              4.02726411819458,
              4.026688098907471,
              4.028575897216797,
              4.028736114501953,
              4.026815891265869,
              4.034751892089844,
              4.030879974365234,
              4.037248134613037,
              4.033728122711182,
              4.032864093780518,
              4.0391998291015625,
              4.036736011505127,
              4.039072036743164,
              4.04099178314209,
              4.039072036743164,
              4.041247844696045,
              4.041920185089111,
              4.038943767547607,
              4.04095983505249,
              4.04201602935791,
              4.040927886962891,
              4.039487838745117,
              4.042367935180664,
              4.043839931488037,
              4.043231964111328,
              4.044064044952393,
              4.041024208068848,
              4.043007850646973,
              4.0483198165893555,
              4.042175769805908,
              4.042111873626709,
              4.039840221405029,
              4.0419840812683105,
              4.039840221405029,
              4.041855812072754,
              4.044960021972656,
              4.048287868499756,
              4.042943954467773,
              4.046847820281982,
              4.0412797927856445,
              4.048192024230957,
              4.047135829925537,
              4.0469441413879395,
              4.047776222229004,
              4.047167778015137,
              4.04585599899292,
              4.047071933746338,
              4.047327995300293,
              4.047999858856201,
              4.049088001251221,
              4.049215793609619,
              4.047232151031494,
              4.046751976013184,
              4.047679901123047,
              4.0496320724487305,
              4.047391891479492,
              4.049824237823486,
              4.053343772888184,
              4.047135829925537,
              4.049503803253174,
              4.049503803253174,
              4.051136016845703,
              4.054080009460449,
              4.049312114715576,
              4.051392078399658,
              4.049248218536377,
              4.051936149597168,
              4.049727916717529,
              4.05347204208374,
              4.051136016845703,
              4.049312114715576,
              4.049280166625977,
              4.0502400398254395,
              4.049344062805176,
              4.050335884094238,
              4.049248218536377
            ],
            "p99": 4.05347204208374
          },
          "llm_backbone": {
            "min": 16.785120010375977,
            "median": 16.801648139953613,
            "n": 100,
            "samples_ms": [
              16.79862403869629,
              16.796640396118164,
              16.79635238647461,
              16.8002872467041,
              16.785120010375977,
              16.793312072753906,
              16.78998374938965,
              16.792768478393555,
              16.79020881652832,
              16.79795265197754,
              16.797983169555664,
              16.794496536254883,
              16.792831420898438,
              16.803903579711914,
              16.794815063476562,
              16.795583724975586,
              16.791200637817383,
              16.788639068603516,
              16.796703338623047,
              16.797216415405273,
              16.791519165039062,
              16.798816680908203,
              16.796768188476562,
              16.798240661621094,
              16.79680061340332,
              16.79270362854004,
              16.792224884033203,
              16.791135787963867,
              16.799232482910156,
              16.797727584838867,
              16.795583724975586,
              16.796096801757812,
              16.798175811767578,
              16.792287826538086,
              16.79360008239746,
              16.800640106201172,
              16.798656463623047,
              16.805952072143555,
              16.79814338684082,
              16.80396842956543,
              16.804447174072266,
              16.800479888916016,
              16.802047729492188,
              16.795679092407227,
              16.79795265197754,
              16.804128646850586,
              16.80067253112793,
              16.81875228881836,
              16.80188751220703,
              16.802623748779297,
              16.800800323486328,
              16.80284881591797,
              16.79372787475586,
              16.798336029052734,
              16.80396842956543,
              16.802431106567383,
              16.800735473632812,
              16.798015594482422,
              16.80294418334961,
              16.80419158935547,
              16.805280685424805,
              16.802047729492188,
              16.799360275268555,
              16.80950355529785,
              16.80454444885254,
              16.80905532836914,
              16.80624008178711,
              16.80816078186035,
              16.802143096923828,
              16.804607391357422,
              16.81216049194336,
              16.804607391357422,
              16.80873680114746,
              16.804096221923828,
              16.808639526367188,
              16.802783966064453,
              16.80451202392578,
              16.80873680114746,
              16.817184448242188,
              16.807071685791016,
              16.8023681640625,
              16.79795265197754,
              16.80259132385254,
              16.8024959564209,
              16.81007957458496,
              16.810976028442383,
              16.801599502563477,
              16.800800323486328,
              16.809343338012695,
              16.816415786743164,
              16.805696487426758,
              16.805248260498047,
              16.802688598632812,
              16.805023193359375,
              16.808639526367188,
              16.80169677734375,
              16.803936004638672,
              16.810752868652344,
              16.8088321685791,
              16.813152313232422
            ],
            "p99": 16.817184448242188
          },
          "action_expert": {
            "min": 9.043328285217285,
            "median": 9.052159786224365,
            "n": 100,
            "samples_ms": [
              9.054847717285156,
              9.060159683227539,
              9.048224449157715,
              9.061023712158203,
              9.052127838134766,
              9.051520347595215,
              9.052255630493164,
              9.058527946472168,
              9.050239562988281,
              9.050239562988281,
              9.052191734313965,
              9.05408000946045,
              9.056256294250488,
              9.050335884094238,
              9.052255630493164,
              9.050239562988281,
              9.05247974395752,
              9.054368019104004,
              9.060704231262207,
              9.05014419555664,
              9.043328285217285,
              9.058527946472168,
              9.05081558227539,
              9.052448272705078,
              9.049471855163574,
              9.05129623413086,
              9.054400444030762,
              9.056480407714844,
              9.050463676452637,
              9.053376197814941,
              9.052319526672363,
              9.053824424743652,
              9.05679988861084,
              9.052127838134766,
              9.050399780273438,
              9.054880142211914,
              9.04377555847168,
              9.056639671325684,
              9.046527862548828,
              9.057056427001953,
              9.05344009399414,
              9.050239562988281,
              9.048064231872559,
              9.052576065063477,
              9.054495811462402,
              9.050559997558594,
              9.046239852905273,
              9.057472229003906,
              9.050304412841797,
              9.054368019104004,
              9.058176040649414,
              9.050304412841797,
              9.048864364624023,
              9.05510425567627,
              9.048224449157715,
              9.049344062805176,
              9.050496101379395,
              9.049823760986328,
              9.05292797088623,
              9.049440383911133,
              9.047807693481445,
              9.056384086608887,
              9.052191734313965,
              9.046079635620117,
              9.049920082092285,
              9.056256294250488,
              9.056032180786133,
              9.062560081481934,
              9.050368309020996,
              9.055423736572266,
              9.052351951599121,
              9.054240226745605,
              9.049375534057617,
              9.046688079833984,
              9.050463676452637,
              9.051199913024902,
              9.050399780273438,
              9.054047584533691,
              9.0513916015625,
              9.050304412841797,
              9.051424026489258,
              9.050304412841797,
              9.057439804077148,
              9.05241584777832,
              9.049344062805176,
              9.054176330566406,
              9.046208381652832,
              9.052255630493164,
              9.050368309020996,
              9.05020809173584,
              9.063520431518555,
              9.050432205200195,
              9.052512168884277,
              9.0481595993042,
              9.04793643951416,
              9.050911903381348,
              9.054271697998047,
              9.05350399017334,
              9.054304122924805,
              9.05241584777832
            ],
            "p99": 9.062560081481934
          }
        },
        "overhead": {
          "min": -0.6316090151667595,
          "median": -0.5317855961620808,
          "p99": -0.4392918758094311
        }
      },
      "attribution": null,
      "runtime_observation": {
        "before": {
          "clocks.sm": "2632",
          "clocks.mem": "13801",
          "pstate": "P1",
          "temperature.gpu": "51",
          "power.draw": "147.52",
          "clocks_event_reasons.active": "0x0000000000000000"
        },
        "after": {
          "clocks.sm": "2887",
          "clocks.mem": "13801",
          "pstate": "P1",
          "temperature.gpu": "58",
          "power.draw": "494.91",
          "clocks_event_reasons.active": "0x0000000000000000"
        }
      },
      "options": {
        "workload": "robodojo"
      },
      "process_id": 3288838,
      "gpu_uuid": "GPU-7fc626f4-bce7-9a11-81de-0eaedc93e242",
      "implementation_source": null,
      "leg": 0
    }
  ],
  "deltas": null
}
