== leg 0: hardware/nvidia/rtx5090/pi05 plan=shipped
{
  "identity": {
    "schema_version": 3,
    "target": "hardware/nvidia/rtx5090/pi05",
    "hardware": "rtx5090-32gb",
    "model": "pi05",
    "shape_profile": "action_dim32-batch1-chunk50-encoder_dim2048-encoder_ffn_dim16384-expert_dim1024-expert_ffn_dim4096-expert_tokens50-head_dim256-image_channels3-image_height224-image_width224-kv_heads1-layers18-num_views3-prefix_len968-prompt_len200-qkv_width2560-query_heads8-state_dim32-steps10-vision_dim1152-vision_ffn_dim4304-vision_head_dim72-vision_heads16-vision_layers27-visual_tokens768-visual_tokens_per_view256",
    "shape": {
      "batch": 1,
      "num_views": 3,
      "image_height": 224,
      "image_width": 224,
      "image_channels": 3,
      "visual_tokens_per_view": 256,
      "visual_tokens": 768,
      "vision_dim": 1152,
      "vision_ffn_dim": 4304,
      "vision_heads": 16,
      "vision_head_dim": 72,
      "vision_layers": 27,
      "prompt_len": 200,
      "prefix_len": 968,
      "chunk": 50,
      "expert_tokens": 50,
      "state_dim": 32,
      "action_dim": 32,
      "steps": 10,
      "layers": 18,
      "encoder_dim": 2048,
      "encoder_ffn_dim": 16384,
      "query_heads": 8,
      "kv_heads": 1,
      "head_dim": 256,
      "qkv_width": 2560,
      "expert_dim": 1024,
      "expert_ffn_dim": 4096
    },
    "plan": {
      "vision_encoder_patch_embed": "torch",
      "vision_encoder_norm_qkv": "cutlass-vision",
      "vision_encoder_attention": "triton-vision-attention",
      "vision_encoder_out_proj_residual": "cutlass-vision",
      "vision_encoder_norm_ffn_up": "cutlass-vision",
      "vision_encoder_ffn_down_residual": "cutlass-vision",
      "llm_backbone_projector": "torch",
      "llm_backbone_embed_prompt": "torch",
      "llm_backbone_norm_qkv_rope": "fused-prefix-qkv",
      "llm_backbone_attention": "flashinfer-attention",
      "llm_backbone_out_proj_residual": "cutlass-backbone",
      "llm_backbone_norm_gated_ffn": "cutlass-backbone",
      "llm_backbone_ffn_down_residual": "cutlass-backbone",
      "action_expert_action_in_proj": "torch",
      "action_expert_norm_qkv_rope": "triton-qkv-finish",
      "action_expert_attention": "split-kv-attention",
      "action_expert_out_proj_residual": "cutlass-expert-residual",
      "action_expert_norm_gated_ffn": "dual-ffn",
      "action_expert_ffn_down_residual": "cutlass-expert-residual",
      "action_expert_action_out_proj": "fused-qkv"
    },
    "model_revision": "pi05-r1",
    "engine_revision": null,
    "inference_signature": "sha256:a79c1f62c3f14674ad87e88a89bb5f66ac650e1c497ccf5076e64017b55d9f6f",
    "execution_variant": {
      "quantization": {
        "mode": "bf16"
      },
      "cache": {
        "mode": "none"
      }
    },
    "replay_buckets": [
      64,
      128,
      200
    ]
  },
  "protocol": "latency-v2",
  "instrumented": false,
  "measurement_context": {
    "weights": {
      "checkpoint_id": "flash-vla/pi05-random-checkpoint/v2/seed-0",
      "checkpoint_digest": "flash-vla/pi05-random-checkpoint/v2/seed-0"
    },
    "fixture": {
      "id": "flash-vla/pi05-inputs-v2/seed-0",
      "digest": "sha256:80e60b97e0964d3a558b2b622bc0d6848a841bb37543e362bdb5ade41d6c7480"
    },
    "environment": {
      "gpu_sku": "NVIDIA GeForce RTX 5090",
      "driver": "580.142",
      "cuda_runtime": "13.0",
      "pytorch": "2.13.0+cu130",
      "tilelang": "0.1.11",
      "clock_policy": {
        "benchmark_control": "inherit",
        "slurm_gpu_freq_request": null,
        "effective_locked_clocks": "unobserved"
      },
      "power_policy": {
        "requested_limit_w": 600.0,
        "enforced_limit_w": 600.0
      },
      "capture_regime": "cuda_graph",
      "clock_observation": {
        "application_graphics_mhz": "[N/A]",
        "application_memory_mhz": "[N/A]"
      }
    },
    "workload": "robodojo",
    "hostname": "ubun",
    "slurm_job_id": null,
    "timestamp": 1790463397.7366896,
    "reference_provenance": {}
  },
  "env": {
    "gpu": "NVIDIA GeForce RTX 5090",
    "python": "3.12.13",
    "torch": "2.13.0+cu130",
    "torch_cuda": "13.0",
    "tilelang": "0.1.11",
    "gpu_uuid": "GPU-7fc626f4-bce7-9a11-81de-0eaedc93e242",
    "runtime_observation": {
      "clocks.sm": "2887",
      "clocks.mem": "13801",
      "pstate": "P1",
      "temperature.gpu": "60",
      "power.draw": "499.73",
      "clocks_event_reasons.active": "0x0000000000000000"
    },
    "node": "ubun",
    "job": null,
    "driver": "580.142",
    "clocks": "unlocked",
    "clock_policy": {
      "benchmark_control": "inherit",
      "slurm_gpu_freq_request": null,
      "effective_locked_clocks": "unobserved"
    },
    "clock_observation": {
      "application_graphics_mhz": "[N/A]",
      "application_memory_mhz": "[N/A]"
    },
    "power_policy": {
      "requested_limit_w": 600.0,
      "enforced_limit_w": 600.0
    }
  },
  "config": {
    "reps": 100,
    "warmup": 5,
    "seed": 0,
    "plans": [
      "shipped"
    ],
    "calibration": false,
    "breakdown": true,
    "primary_statistic": "median",
    "capture_policy": "fresh-process-first-capture-per-leg",
    "statistics": [
      "min",
      "median",
      "p99"
    ],
    "p99_min_reps": 100,
    "soak_s": 0,
    "control_spread_max_ms": null,
    "attribution": false,
    "leg_options": [
      {}
    ]
  },
  "legs": [
    {
      "plan": "shipped",
      "identity": {
        "schema_version": 3,
        "target": "hardware/nvidia/rtx5090/pi05",
        "hardware": "rtx5090-32gb",
        "model": "pi05",
        "shape_profile": "action_dim32-batch1-chunk50-encoder_dim2048-encoder_ffn_dim16384-expert_dim1024-expert_ffn_dim4096-expert_tokens50-head_dim256-image_channels3-image_height224-image_width224-kv_heads1-layers18-num_views3-prefix_len968-prompt_len200-qkv_width2560-query_heads8-state_dim32-steps10-vision_dim1152-vision_ffn_dim4304-vision_head_dim72-vision_heads16-vision_layers27-visual_tokens768-visual_tokens_per_view256",
        "shape": {
          "batch": 1,
          "num_views": 3,
          "image_height": 224,
          "image_width": 224,
          "image_channels": 3,
          "visual_tokens_per_view": 256,
          "visual_tokens": 768,
          "vision_dim": 1152,
          "vision_ffn_dim": 4304,
          "vision_heads": 16,
          "vision_head_dim": 72,
          "vision_layers": 27,
          "prompt_len": 200,
          "prefix_len": 968,
          "chunk": 50,
          "expert_tokens": 50,
          "state_dim": 32,
          "action_dim": 32,
          "steps": 10,
          "layers": 18,
          "encoder_dim": 2048,
          "encoder_ffn_dim": 16384,
          "query_heads": 8,
          "kv_heads": 1,
          "head_dim": 256,
          "qkv_width": 2560,
          "expert_dim": 1024,
          "expert_ffn_dim": 4096
        },
        "plan": {
          "vision_encoder_patch_embed": "torch",
          "vision_encoder_norm_qkv": "cutlass-vision",
          "vision_encoder_attention": "triton-vision-attention",
          "vision_encoder_out_proj_residual": "cutlass-vision",
          "vision_encoder_norm_ffn_up": "cutlass-vision",
          "vision_encoder_ffn_down_residual": "cutlass-vision",
          "llm_backbone_projector": "torch",
          "llm_backbone_embed_prompt": "torch",
          "llm_backbone_norm_qkv_rope": "fused-prefix-qkv",
          "llm_backbone_attention": "flashinfer-attention",
          "llm_backbone_out_proj_residual": "cutlass-backbone",
          "llm_backbone_norm_gated_ffn": "cutlass-backbone",
          "llm_backbone_ffn_down_residual": "cutlass-backbone",
          "action_expert_action_in_proj": "torch",
          "action_expert_norm_qkv_rope": "triton-qkv-finish",
          "action_expert_attention": "split-kv-attention",
          "action_expert_out_proj_residual": "cutlass-expert-residual",
          "action_expert_norm_gated_ffn": "dual-ffn",
          "action_expert_ffn_down_residual": "cutlass-expert-residual",
          "action_expert_action_out_proj": "fused-qkv"
        },
        "model_revision": "pi05-r1",
        "engine_revision": null,
        "inference_signature": "sha256:a79c1f62c3f14674ad87e88a89bb5f66ac650e1c497ccf5076e64017b55d9f6f",
        "execution_variant": {
          "quantization": {
            "mode": "bf16"
          },
          "cache": {
            "mode": "none"
          }
        },
        "replay_buckets": [
          64,
          128,
          200
        ]
      },
      "replay": {
        "extent": 70,
        "bucket": 128
      },
      "measurement_context": {
        "weights": {
          "checkpoint_id": "flash-vla/pi05-random-checkpoint/v2/seed-0",
          "checkpoint_digest": "flash-vla/pi05-random-checkpoint/v2/seed-0"
        },
        "fixture": {
          "id": "flash-vla/pi05-inputs-v2/seed-0",
          "digest": "sha256:80e60b97e0964d3a558b2b622bc0d6848a841bb37543e362bdb5ade41d6c7480"
        },
        "environment": {
          "gpu_sku": "NVIDIA GeForce RTX 5090",
          "driver": "580.142",
          "cuda_runtime": "13.0",
          "pytorch": "2.13.0+cu130",
          "tilelang": "0.1.11",
          "clock_policy": {
            "benchmark_control": "inherit",
            "slurm_gpu_freq_request": null,
            "effective_locked_clocks": "unobserved"
          },
          "power_policy": {
            "requested_limit_w": 600.0,
            "enforced_limit_w": 600.0
          },
          "capture_regime": "cuda_graph",
          "clock_observation": {
            "application_graphics_mhz": "[N/A]",
            "application_memory_mhz": "[N/A]"
          }
        },
        "workload": "robodojo",
        "hostname": "ubun",
        "slurm_job_id": null,
        "timestamp": 1790463397.7366896,
        "reference_provenance": {}
      },
      "metrics": {
        "chunk_latency": {
          "min": 29.046055395156145,
          "median": 29.396345373243093,
          "n": 100,
          "samples_ms": [
            29.197123367339373,
            29.22116406261921,
            29.20841472223401,
            29.046055395156145,
            29.222074896097183,
            29.067160096019506,
            29.367206152528524,
            29.227660968899727,
            29.39855307340622,
            29.267929028719664,
            29.397136997431517,
            29.285463970154524,
            29.404475819319487,
            29.316927306354046,
            29.39555374905467,
            29.366564005613327,
            29.195229057222605,
            29.403683729469776,
            29.14899168536067,
            29.406816232949495,
            29.16160272434354,
            29.484784696251154,
            29.303336050361395,
            29.494209215044975,
            29.309954028576612,
            29.47428496554494,
            29.32957699522376,
            29.463596176356077,
            29.363567009568214,
            29.426064807921648,
            29.38437508419156,
            29.21630395576358,
            29.41008098423481,
            29.201703146100044,
            29.422069899737835,
            29.18996475636959,
            29.52841902151704,
            29.314524959772825,
            29.53387890011072,
            29.328017961233854,
            29.511398170143366,
            29.34600319713354,
            29.489098116755486,
            29.364577028900385,
            29.462620615959167,
            29.384381137788296,
            29.454931151121855,
            29.412181582301855,
            29.228392988443375,
            29.444513376802206,
            29.21488881111145,
            29.513973277062178,
            29.320275876671076,
            29.518708121031523,
            29.323452152311802,
            29.529796913266182,
            29.34142481535673,
            29.517123010009527,
            29.34768283739686,
            29.509731102734804,
            29.378082137554884,
            29.489338397979736,
            29.397688806056976,
            29.464654624462128,
            29.420297127217054,
            29.234988149255514,
            29.530811123549938,
            29.499132186174393,
            29.546705074608326,
            29.317717999219894,
            29.551101848483086,
            29.329247772693634,
            29.54919822514057,
            29.331733006983995,
            29.53197341412306,
            29.353897087275982,
            29.51555885374546,
            29.370883014053106,
            29.48639402166009,
            29.41840887069702,
            29.483670834451914,
            29.406878165900707,
            29.244684148579836,
            29.457595199346542,
            29.362604022026062,
            29.48622079566121,
            29.24642711877823,
            29.544102028012276,
            29.336531180888414,
            29.53496016561985,
            29.338358901441097,
            29.537010937929153,
            29.35526007786393,
            29.52793287113309,
            29.369205702096224,
            29.496850911527872,
            29.618008993566036,
            29.4798007234931,
            29.391609132289886,
            29.458714183419943
          ],
          "p99": 29.551101848483086
        },
        "device_latency": {
          "min": 29.305696487426758,
          "median": 29.47368049621582,
          "n": 100,
          "samples_ms": [
            29.330495834350586,
            29.55344009399414,
            29.34422492980957,
            29.542560577392578,
            29.34739112854004,
            29.52787208557129,
            29.35500717163086,
            29.519872665405273,
            29.391807556152344,
            29.498079299926758,
            29.390592575073242,
            29.47100830078125,
            29.45916748046875,
            29.351999282836914,
            29.473312377929688,
            29.330303192138672,
            29.534175872802734,
            29.337343215942383,
            29.536447525024414,
            29.305696487426758,
            29.546688079833984,
            29.331647872924805,
            29.531295776367188,
            29.35443115234375,
            29.529056549072266,
            29.36457633972168,
            29.505887985229492,
            29.392160415649414,
            29.49715232849121,
            29.43779182434082,
            29.490591049194336,
            29.47920036315918,
            29.34342384338379,
            29.541568756103516,
            29.518144607543945,
            29.552064895629883,
            29.502559661865234,
            29.554208755493164,
            29.371007919311523,
            29.538976669311523,
            29.344032287597656,
            29.547903060913086,
            29.36115264892578,
            29.537248611450195,
            29.366559982299805,
            29.50771141052246,
            29.38742446899414,
            29.500991821289062,
            29.455551147460938,
            29.500032424926758,
            29.457151412963867,
            29.341440200805664,
            29.490432739257812,
            29.327327728271484,
            29.494976043701172,
            29.329055786132812,
            29.562047958374023,
            29.406496047973633,
            29.562368392944336,
            29.407007217407227,
            29.565120697021484,
            29.369855880737305,
            29.54742431640625,
            29.39414405822754,
            29.538976669311523,
            29.39836883544922,
            29.50828742980957,
            29.45039939880371,
            29.504159927368164,
            29.4803524017334,
            29.37126350402832,
            29.48953628540039,
            29.354528427124023,
            29.508224487304688,
            29.347808837890625,
            29.579551696777344,
            29.398303985595703,
            29.591007232666016,
            29.405471801757812,
            29.568607330322266,
            29.416095733642578,
            29.573183059692383,
            29.43529510498047,
            29.55683135986328,
            29.444543838500977,
            29.535743713378906,
            29.46575927734375,
            29.521055221557617,
            29.474048614501953,
            29.367136001586914,
            29.48080062866211,
            29.352767944335938,
            29.524959564208984,
            29.333215713500977,
            29.588672637939453,
            29.41494369506836,
            29.5947208404541,
            29.414623260498047,
            29.592287063598633,
            29.429119110107422
          ],
          "p99": 29.592287063598633
        },
        "host_time": {
          "prompt": {
            "min": 0.08262600749731064,
            "median": 0.0852684024721384,
            "n": 100,
            "samples_ms": [
              0.09648362174630165,
              0.09073363617062569,
              0.09489106014370918,
              0.08841324597597122,
              0.08691102266311646,
              0.0857342965900898,
              0.08527189493179321,
              0.08586933836340904,
              0.08535617962479591,
              0.08484907448291779,
              0.08952291682362556,
              0.08672615513205528,
              0.08610868826508522,
              0.08497992530465126,
              0.09463401511311531,
              0.08544465526938438,
              0.08319085463881493,
              0.08456408977508545,
              0.08492590859532356,
              0.08693104609847069,
              0.08598156273365021,
              0.08367188274860382,
              0.08887471631169319,
              0.0835200771689415,
              0.08442206308245659,
              0.0840499997138977,
              0.08830800652503967,
              0.08454592898488045,
              0.0844527967274189,
              0.0830632634460926,
              0.08371192961931229,
              0.09114108979701996,
              0.08850730955600739,
              0.08829403668642044,
              0.09256787598133087,
              0.08932221680879593,
              0.08945539593696594,
              0.09562401100993156,
              0.09165797382593155,
              0.08453568443655968,
              0.08423486724495888,
              0.0842181034386158,
              0.08450029417872429,
              0.08698226884007454,
              0.08574407547712326,
              0.08599832653999329,
              0.08633499965071678,
              0.08823303505778313,
              0.08825911208987236,
              0.09122397750616074,
              0.08618785068392754,
              0.08457433432340622,
              0.08452823385596275,
              0.08409470319747925,
              0.08337385952472687,
              0.0844467431306839,
              0.0827019102871418,
              0.08301995694637299,
              0.0852467492222786,
              0.08382461965084076,
              0.08881697431206703,
              0.08636992424726486,
              0.08480716496706009,
              0.0857221893966198,
              0.08507492020726204,
              0.08532917127013206,
              0.08462602272629738,
              0.08824700489640236,
              0.08417805656790733,
              0.08371565490961075,
              0.0835806131362915,
              0.08316989988088608,
              0.09194808080792427,
              0.08547026664018631,
              0.08483929559588432,
              0.08549075573682785,
              0.08386000990867615,
              0.08337805047631264,
              0.08505908772349358,
              0.0836588442325592,
              0.08779112249612808,
              0.08697016164660454,
              0.08440902456641197,
              0.08447561413049698,
              0.08998112753033638,
              0.08485885336995125,
              0.0852649100124836,
              0.08441181853413582,
              0.08439691737294197,
              0.08726073428988457,
              0.08390704169869423,
              0.0832010991871357,
              0.08285185322165489,
              0.08356897160410881,
              0.08262600749731064,
              0.08766725659370422,
              0.08577201515436172,
              0.08438993245363235,
              0.08563697338104248,
              0.08630799129605293
            ],
            "p99": 0.09562401100993156
          }
        },
        "segment_latency": {
          "vision_encoder": {
            "min": 3.9453439712524414,
            "median": 4.050959825515747,
            "n": 100,
            "samples_ms": [
              3.9510719776153564,
              3.9484798908233643,
              3.9453439712524414,
              3.9846079349517822,
              3.994784116744995,
              3.9946560859680176,
              3.9948160648345947,
              3.995680093765259,
              3.997056007385254,
              3.996608018875122,
              3.997119903564453,
              3.9945919513702393,
              3.9968960285186768,
              3.999392032623291,
              3.9997119903564453,
              4.0002241134643555,
              3.998624086380005,
              4.000607967376709,
              3.9968960285186768,
              4.0016961097717285,
              4.004799842834473,
              4.020512104034424,
              4.021247863769531,
              4.022687911987305,
              4.022592067718506,
              4.02236795425415,
              4.032671928405762,
              4.032800197601318,
              4.035679817199707,
              4.034815788269043,
              4.033504009246826,
              4.042943954467773,
              4.038943767547607,
              4.041183948516846,
              4.043007850646973,
              4.039008140563965,
              4.043935775756836,
              4.0491838455200195,
              4.0450239181518555,
              4.0483198165893555,
              4.045119762420654,
              4.049952030181885,
              4.047167778015137,
              4.045184135437012,
              4.049088001251221,
              4.04911994934082,
              4.045055866241455,
              4.049280166625977,
              4.050975799560547,
              4.047232151031494,
              4.0511040687561035,
              4.051167964935303,
              4.053343772888184,
              4.051296234130859,
              4.053247928619385,
              4.052063941955566,
              4.051199913024902,
              4.053088188171387,
              4.050943851470947,
              4.052159786224365,
              4.053855895996094,
              4.055520057678223,
              4.052063941955566,
              4.052127838134766,
              4.055456161499023,
              4.058080196380615,
              4.059360027313232,
              4.057375907897949,
              4.055200099945068,
              4.057439804077148,
              4.059296131134033,
              4.060768127441406,
              4.059584140777588,
              4.058271884918213,
              4.060448169708252,
              4.058112144470215,
              4.06163215637207,
              4.062143802642822,
              4.061503887176514,
              4.059711933135986,
              4.059455871582031,
              4.057375907897949,
              4.06166410446167,
              4.059232234954834,
              4.063583850860596,
              4.061759948730469,
              4.061503887176514,
              4.061984062194824,
              4.062592029571533,
              4.061376094818115,
              4.063456058502197,
              4.063456058502197,
              4.061535835266113,
              4.06115198135376,
              4.06009578704834,
              4.059552192687988,
              4.059328079223633,
              4.060287952423096,
              4.063583850860596,
              4.061376094818115
            ],
            "p99": 4.063583850860596
          },
          "llm_backbone": {
            "min": 16.72083282470703,
            "median": 16.72974395751953,
            "n": 100,
            "samples_ms": [
              16.724416732788086,
              16.722591400146484,
              16.72083282470703,
              16.72319984436035,
              16.723167419433594,
              16.72444725036621,
              16.72332763671875,
              16.72153663635254,
              16.722911834716797,
              16.727136611938477,
              16.72515106201172,
              16.724031448364258,
              16.727296829223633,
              16.728031158447266,
              16.725311279296875,
              16.731103897094727,
              16.729312896728516,
              16.729663848876953,
              16.72707176208496,
              16.729759216308594,
              16.7258243560791,
              16.721120834350586,
              16.72710418701172,
              16.73196792602539,
              16.730079650878906,
              16.730079650878906,
              16.72313690185547,
              16.723936080932617,
              16.731552124023438,
              16.722944259643555,
              16.722944259643555,
              16.729951858520508,
              16.729215621948242,
              16.731487274169922,
              16.723968505859375,
              16.7260799407959,
              16.7291202545166,
              16.7293758392334,
              16.727840423583984,
              16.729215621948242,
              16.73139190673828,
              16.7271671295166,
              16.743520736694336,
              16.72707176208496,
              16.727968215942383,
              16.729183197021484,
              16.723520278930664,
              16.735872268676758,
              16.732128143310547,
              16.731103897094727,
              16.732032775878906,
              16.733152389526367,
              16.731136322021484,
              16.725696563720703,
              16.730079650878906,
              16.7259521484375,
              16.72710418701172,
              16.725631713867188,
              16.727264404296875,
              16.730207443237305,
              16.725183486938477,
              16.731647491455078,
              16.72764778137207,
              16.731168746948242,
              16.736064910888672,
              16.73468780517578,
              16.73129653930664,
              16.729087829589844,
              16.72800064086914,
              16.73401641845703,
              16.7324161529541,
              16.731008529663086,
              16.734079360961914,
              16.72915267944336,
              16.73107147216797,
              16.73151969909668,
              16.733951568603516,
              16.731456756591797,
              16.735328674316406,
              16.727935791015625,
              16.733152389526367,
              16.731935501098633,
              16.73151969909668,
              16.731327056884766,
              16.732160568237305,
              16.731935501098633,
              16.73302459716797,
              16.72972869873047,
              16.736000061035156,
              16.739904403686523,
              16.733247756958008,
              16.736160278320312,
              16.736095428466797,
              16.72991943359375,
              16.73196792602539,
              16.732479095458984,
              16.733375549316406,
              16.732511520385742,
              16.731231689453125,
              16.727712631225586
            ],
            "p99": 16.739904403686523
          },
          "action_expert": {
            "min": 9.034048080444336,
            "median": 9.042160034179688,
            "n": 100,
            "samples_ms": [
              9.061759948730469,
              9.057087898254395,
              9.056511878967285,
              9.058655738830566,
              9.064607620239258,
              9.048128128051758,
              9.04793643951416,
              9.044480323791504,
              9.040032386779785,
              9.048352241516113,
              9.044063568115234,
              9.046079635620117,
              9.043680191040039,
              9.038047790527344,
              9.042688369750977,
              9.040191650390625,
              9.040063858032227,
              9.048192024230957,
              9.04201602935791,
              9.042143821716309,
              9.043840408325195,
              9.04684829711914,
              9.042143821716309,
              9.040032386779785,
              9.040127754211426,
              9.04041576385498,
              9.048095703125,
              9.04640007019043,
              9.046143531799316,
              9.036031723022461,
              9.041952133178711,
              9.042176246643066,
              9.046048164367676,
              9.045215606689453,
              9.039936065673828,
              9.035807609558105,
              9.0480318069458,
              9.04207992553711,
              9.043840408325195,
              9.046208381652832,
              9.037983894348145,
              9.043999671936035,
              9.037983894348145,
              9.040960311889648,
              9.036031723022461,
              9.043935775756836,
              9.040191650390625,
              9.036831855773926,
              9.040032386779785,
              9.042752265930176,
              9.041983604431152,
              9.040063858032227,
              9.04684829711914,
              9.04201602935791,
              9.042304039001465,
              9.039999961853027,
              9.046208381652832,
              9.040672302246094,
              9.03878402709961,
              9.047039985656738,
              9.043999671936035,
              9.0381441116333,
              9.04201602935791,
              9.041952133178711,
              9.040767669677734,
              9.047103881835938,
              9.044159889221191,
              9.042240142822266,
              9.043935775756836,
              9.042431831359863,
              9.040160179138184,
              9.04422378540039,
              9.041791915893555,
              9.034048080444336,
              9.039839744567871,
              9.04428768157959,
              9.035872459411621,
              9.036831855773926,
              9.04201602935791,
              9.039615631103516,
              9.04412841796875,
              9.042207717895508,
              9.040127754211426,
              9.042143821716309,
              9.042240142822266,
              9.0448637008667,
              9.039936065673828,
              9.03990364074707,
              9.037952423095703,
              9.040191650390625,
              9.044480323791504,
              9.040191650390625,
              9.045087814331055,
              9.041983604431152,
              9.044256210327148,
              9.034815788269043,
              9.048288345336914,
              9.046079635620117,
              9.038111686706543,
              9.04310417175293
            ],
            "p99": 9.061759948730469
          }
        },
        "overhead": {
          "min": -0.6541694812476635,
          "median": -0.42651844397187233,
          "p99": -0.31414635479450226
        }
      },
      "attribution": null,
      "runtime_observation": {
        "before": {
          "clocks.sm": "2895",
          "clocks.mem": "13801",
          "pstate": "P1",
          "temperature.gpu": "60",
          "power.draw": "227.45",
          "clocks_event_reasons.active": "0x0000000000000000"
        },
        "after": {
          "clocks.sm": "2887",
          "clocks.mem": "13801",
          "pstate": "P1",
          "temperature.gpu": "60",
          "power.draw": "499.73",
          "clocks_event_reasons.active": "0x0000000000000000"
        }
      },
      "options": {
        "workload": "robodojo"
      },
      "process_id": 3289478,
      "gpu_uuid": "GPU-7fc626f4-bce7-9a11-81de-0eaedc93e242",
      "implementation_source": null,
      "leg": 0
    }
  ],
  "deltas": null
}
