== leg 0: hardware/nvidia/rtx5090/pi05 plan=shipped
{
  "identity": {
    "schema_version": 3,
    "target": "hardware/nvidia/rtx5090/pi05",
    "hardware": "rtx5090-32gb",
    "model": "pi05",
    "shape_profile": "action_dim32-batch1-chunk10-encoder_dim2048-encoder_ffn_dim16384-expert_dim1024-expert_ffn_dim4096-expert_tokens10-head_dim256-image_channels3-image_height224-image_width224-kv_heads1-layers18-num_views2-prefix_len712-prompt_len200-qkv_width2560-query_heads8-state_dim32-steps10-vision_dim1152-vision_ffn_dim4304-vision_head_dim72-vision_heads16-vision_layers27-visual_tokens512-visual_tokens_per_view256",
    "shape": {
      "batch": 1,
      "num_views": 2,
      "image_height": 224,
      "image_width": 224,
      "image_channels": 3,
      "visual_tokens_per_view": 256,
      "visual_tokens": 512,
      "vision_dim": 1152,
      "vision_ffn_dim": 4304,
      "vision_heads": 16,
      "vision_head_dim": 72,
      "vision_layers": 27,
      "prompt_len": 200,
      "prefix_len": 712,
      "chunk": 10,
      "expert_tokens": 10,
      "state_dim": 32,
      "action_dim": 32,
      "steps": 10,
      "layers": 18,
      "encoder_dim": 2048,
      "encoder_ffn_dim": 16384,
      "query_heads": 8,
      "kv_heads": 1,
      "head_dim": 256,
      "qkv_width": 2560,
      "expert_dim": 1024,
      "expert_ffn_dim": 4096
    },
    "plan": {
      "vision_encoder_patch_embed": "torch",
      "vision_encoder_norm_qkv": "cutlass-vision",
      "vision_encoder_attention": "triton-vision-attention",
      "vision_encoder_out_proj_residual": "cutlass-vision",
      "vision_encoder_norm_ffn_up": "cutlass-vision",
      "vision_encoder_ffn_down_residual": "cutlass-vision",
      "llm_backbone_projector": "torch",
      "llm_backbone_embed_prompt": "torch",
      "llm_backbone_norm_qkv_rope": "fused-prefix-qkv",
      "llm_backbone_attention": "flashinfer-attention",
      "llm_backbone_out_proj_residual": "cutlass-backbone",
      "llm_backbone_norm_gated_ffn": "cutlass-backbone",
      "llm_backbone_ffn_down_residual": "cutlass-backbone",
      "action_expert_action_in_proj": "torch",
      "action_expert_norm_qkv_rope": "triton-qkv-finish",
      "action_expert_attention": "split-kv-attention",
      "action_expert_out_proj_residual": "cutlass-expert-residual",
      "action_expert_norm_gated_ffn": "dual-ffn",
      "action_expert_ffn_down_residual": "cutlass-expert-residual",
      "action_expert_action_out_proj": "fused-qkv"
    },
    "model_revision": "pi05-r1",
    "engine_revision": null,
    "inference_signature": "sha256:a79c1f62c3f14674ad87e88a89bb5f66ac650e1c497ccf5076e64017b55d9f6f",
    "execution_variant": {
      "quantization": {
        "mode": "bf16"
      },
      "cache": {
        "mode": "none"
      }
    },
    "replay_buckets": [
      64,
      200
    ]
  },
  "protocol": "latency-v2",
  "instrumented": false,
  "measurement_context": {
    "weights": {
      "checkpoint_id": "flash-vla/pi05-random-checkpoint/v2/seed-0",
      "checkpoint_digest": "flash-vla/pi05-random-checkpoint/v2/seed-0"
    },
    "fixture": {
      "id": "flash-vla/pi05-inputs-v2/seed-0",
      "digest": "sha256:186266f9050d21a33ecfa4de7b9d54fe4851c8671f379edb5bc426c775184ce2"
    },
    "environment": {
      "gpu_sku": "NVIDIA GeForce RTX 5090",
      "driver": "580.142",
      "cuda_runtime": "13.0",
      "pytorch": "2.13.0+cu130",
      "tilelang": "0.1.11",
      "clock_policy": {
        "benchmark_control": "inherit",
        "slurm_gpu_freq_request": null,
        "effective_locked_clocks": "unobserved"
      },
      "power_policy": {
        "requested_limit_w": 600.0,
        "enforced_limit_w": 600.0
      },
      "capture_regime": "cuda_graph",
      "clock_observation": {
        "application_graphics_mhz": "[N/A]",
        "application_memory_mhz": "[N/A]"
      }
    },
    "workload": "libero",
    "hostname": "ubun",
    "slurm_job_id": null,
    "timestamp": 1790463464.4414973,
    "reference_provenance": {}
  },
  "env": {
    "gpu": "NVIDIA GeForce RTX 5090",
    "python": "3.12.13",
    "torch": "2.13.0+cu130",
    "torch_cuda": "13.0",
    "tilelang": "0.1.11",
    "gpu_uuid": "GPU-7fc626f4-bce7-9a11-81de-0eaedc93e242",
    "runtime_observation": {
      "clocks.sm": "2895",
      "clocks.mem": "13801",
      "pstate": "P1",
      "temperature.gpu": "57",
      "power.draw": "363.65",
      "clocks_event_reasons.active": "0x0000000000000000"
    },
    "node": "ubun",
    "job": null,
    "driver": "580.142",
    "clocks": "unlocked",
    "clock_policy": {
      "benchmark_control": "inherit",
      "slurm_gpu_freq_request": null,
      "effective_locked_clocks": "unobserved"
    },
    "clock_observation": {
      "application_graphics_mhz": "[N/A]",
      "application_memory_mhz": "[N/A]"
    },
    "power_policy": {
      "requested_limit_w": 600.0,
      "enforced_limit_w": 600.0
    }
  },
  "config": {
    "reps": 100,
    "warmup": 5,
    "seed": 0,
    "plans": [
      "shipped"
    ],
    "calibration": false,
    "breakdown": true,
    "primary_statistic": "median",
    "capture_policy": "fresh-process-first-capture-per-leg",
    "statistics": [
      "min",
      "median",
      "p99"
    ],
    "p99_min_reps": 100,
    "soak_s": 0,
    "control_spread_max_ms": null,
    "attribution": false,
    "leg_options": [
      {}
    ]
  },
  "legs": [
    {
      "plan": "shipped",
      "identity": {
        "schema_version": 3,
        "target": "hardware/nvidia/rtx5090/pi05",
        "hardware": "rtx5090-32gb",
        "model": "pi05",
        "shape_profile": "action_dim32-batch1-chunk10-encoder_dim2048-encoder_ffn_dim16384-expert_dim1024-expert_ffn_dim4096-expert_tokens10-head_dim256-image_channels3-image_height224-image_width224-kv_heads1-layers18-num_views2-prefix_len712-prompt_len200-qkv_width2560-query_heads8-state_dim32-steps10-vision_dim1152-vision_ffn_dim4304-vision_head_dim72-vision_heads16-vision_layers27-visual_tokens512-visual_tokens_per_view256",
        "shape": {
          "batch": 1,
          "num_views": 2,
          "image_height": 224,
          "image_width": 224,
          "image_channels": 3,
          "visual_tokens_per_view": 256,
          "visual_tokens": 512,
          "vision_dim": 1152,
          "vision_ffn_dim": 4304,
          "vision_heads": 16,
          "vision_head_dim": 72,
          "vision_layers": 27,
          "prompt_len": 200,
          "prefix_len": 712,
          "chunk": 10,
          "expert_tokens": 10,
          "state_dim": 32,
          "action_dim": 32,
          "steps": 10,
          "layers": 18,
          "encoder_dim": 2048,
          "encoder_ffn_dim": 16384,
          "query_heads": 8,
          "kv_heads": 1,
          "head_dim": 256,
          "qkv_width": 2560,
          "expert_dim": 1024,
          "expert_ffn_dim": 4096
        },
        "plan": {
          "vision_encoder_patch_embed": "torch",
          "vision_encoder_norm_qkv": "cutlass-vision",
          "vision_encoder_attention": "triton-vision-attention",
          "vision_encoder_out_proj_residual": "cutlass-vision",
          "vision_encoder_norm_ffn_up": "cutlass-vision",
          "vision_encoder_ffn_down_residual": "cutlass-vision",
          "llm_backbone_projector": "torch",
          "llm_backbone_embed_prompt": "torch",
          "llm_backbone_norm_qkv_rope": "fused-prefix-qkv",
          "llm_backbone_attention": "flashinfer-attention",
          "llm_backbone_out_proj_residual": "cutlass-backbone",
          "llm_backbone_norm_gated_ffn": "cutlass-backbone",
          "llm_backbone_ffn_down_residual": "cutlass-backbone",
          "action_expert_action_in_proj": "torch",
          "action_expert_norm_qkv_rope": "triton-qkv-finish",
          "action_expert_attention": "split-kv-attention",
          "action_expert_out_proj_residual": "cutlass-expert-residual",
          "action_expert_norm_gated_ffn": "dual-ffn",
          "action_expert_ffn_down_residual": "cutlass-expert-residual",
          "action_expert_action_out_proj": "fused-qkv"
        },
        "model_revision": "pi05-r1",
        "engine_revision": null,
        "inference_signature": "sha256:a79c1f62c3f14674ad87e88a89bb5f66ac650e1c497ccf5076e64017b55d9f6f",
        "execution_variant": {
          "quantization": {
            "mode": "bf16"
          },
          "cache": {
            "mode": "none"
          }
        },
        "replay_buckets": [
          64,
          200
        ]
      },
      "replay": {
        "extent": 12,
        "bucket": 64
      },
      "measurement_context": {
        "weights": {
          "checkpoint_id": "flash-vla/pi05-random-checkpoint/v2/seed-0",
          "checkpoint_digest": "flash-vla/pi05-random-checkpoint/v2/seed-0"
        },
        "fixture": {
          "id": "flash-vla/pi05-inputs-v2/seed-0",
          "digest": "sha256:186266f9050d21a33ecfa4de7b9d54fe4851c8671f379edb5bc426c775184ce2"
        },
        "environment": {
          "gpu_sku": "NVIDIA GeForce RTX 5090",
          "driver": "580.142",
          "cuda_runtime": "13.0",
          "pytorch": "2.13.0+cu130",
          "tilelang": "0.1.11",
          "clock_policy": {
            "benchmark_control": "inherit",
            "slurm_gpu_freq_request": null,
            "effective_locked_clocks": "unobserved"
          },
          "power_policy": {
            "requested_limit_w": 600.0,
            "enforced_limit_w": 600.0
          },
          "capture_regime": "cuda_graph",
          "clock_observation": {
            "application_graphics_mhz": "[N/A]",
            "application_memory_mhz": "[N/A]"
          }
        },
        "workload": "libero",
        "hostname": "ubun",
        "slurm_job_id": null,
        "timestamp": 1790463464.4414973,
        "reference_provenance": {}
      },
      "metrics": {
        "chunk_latency": {
          "min": 22.740088868886232,
          "median": 22.869084030389786,
          "n": 100,
          "samples_ms": [
            22.78702287003398,
            22.79353979974985,
            22.79033698141575,
            22.78475323691964,
            22.816923912614584,
            22.801558021456003,
            22.819319274276495,
            22.78922777622938,
            22.775160148739815,
            22.99568708986044,
            23.023164831101894,
            23.028983734548092,
            22.875709924846888,
            22.798554971814156,
            22.77718996629119,
            22.857410833239555,
            22.873473819345236,
            22.878969088196754,
            22.888709791004658,
            22.88796892389655,
            22.79937407001853,
            22.797225043177605,
            22.829180117696524,
            23.008521180599928,
            23.04068673402071,
            23.04150816053152,
            22.864694241434336,
            22.792029194533825,
            22.791235242038965,
            23.067211732268333,
            22.8988672606647,
            22.881934884935617,
            22.884211968630552,
            22.84514205530286,
            22.7848538197577,
            22.793090902268887,
            22.9375627823174,
            22.999422159045935,
            22.98021363094449,
            23.002886679023504,
            22.825583815574646,
            22.740088868886232,
            22.78183400630951,
            22.92138012126088,
            22.98807119950652,
            22.988207172602415,
            22.96881005167961,
            22.82746508717537,
            22.751756012439728,
            22.752860095351934,
            22.931992541998625,
            22.99050008878112,
            22.99225702881813,
            22.841892205178738,
            22.831806913018227,
            22.770010866224766,
            22.747866809368134,
            22.922866977751255,
            22.99354737624526,
            22.984968964010477,
            22.848051972687244,
            22.810289170593023,
            22.75405079126358,
            22.77070702984929,
            22.943774238228798,
            22.989559918642044,
            23.00548506900668,
            22.98091584816575,
            22.823691833764315,
            22.767383139580488,
            22.7603348903358,
            22.92822999879718,
            22.985337767750025,
            22.999947890639305,
            22.974426858127117,
            22.81245030462742,
            22.761643398553133,
            22.80703093856573,
            22.96421304345131,
            22.984137292951345,
            22.99985196441412,
            22.972699720412493,
            22.800896782428026,
            22.756997030228376,
            22.809524089097977,
            22.955451160669327,
            23.004584945738316,
            22.988293319940567,
            22.97113323584199,
            22.812705021351576,
            22.759180050343275,
            22.807870991528034,
            22.96784520149231,
            22.993336897343397,
            22.99866732209921,
            22.99255970865488,
            22.803750820457935,
            22.742993663996458,
            22.812383249402046,
            22.960740141570568
          ],
          "p99": 23.04150816053152
        },
        "device_latency": {
          "min": 22.744640350341797,
          "median": 22.831536293029785,
          "n": 100,
          "samples_ms": [
            22.819551467895508,
            22.95257568359375,
            22.9704647064209,
            22.99091148376465,
            22.832544326782227,
            22.750272750854492,
            22.745216369628906,
            22.821664810180664,
            22.975391387939453,
            22.992992401123047,
            22.980384826660156,
            22.812896728515625,
            22.76041603088379,
            22.746143341064453,
            22.81328010559082,
            22.823040008544922,
            22.843551635742188,
            22.859935760498047,
            22.827295303344727,
            22.790239334106445,
            22.753887176513672,
            22.810047149658203,
            22.961408615112305,
            22.995136260986328,
            22.989887237548828,
            22.833951950073242,
            22.744831085205078,
            22.760831832885742,
            22.807392120361328,
            22.837055206298828,
            22.83807945251465,
            22.838592529296875,
            22.82137680053711,
            22.818784713745117,
            22.77225685119629,
            22.810976028442383,
            22.96668815612793,
            23.00169563293457,
            23.002912521362305,
            22.818111419677734,
            22.754880905151367,
            22.757888793945312,
            22.816192626953125,
            22.841983795166016,
            22.82819175720215,
            22.828704833984375,
            22.830463409423828,
            22.804607391357422,
            22.770111083984375,
            22.801727294921875,
            22.969247817993164,
            23.01203155517578,
            22.981056213378906,
            22.837312698364258,
            22.83673667907715,
            22.828224182128906,
            22.82464027404785,
            22.831552505493164,
            22.84707260131836,
            22.835615158081055,
            22.832128524780273,
            22.83888053894043,
            22.81497573852539,
            22.843488693237305,
            22.829280853271484,
            22.8308162689209,
            22.831520080566406,
            22.822879791259766,
            22.815135955810547,
            22.829376220703125,
            22.838720321655273,
            22.95840072631836,
            22.988927841186523,
            22.981536865234375,
            22.82102394104004,
            22.744640350341797,
            22.761247634887695,
            22.90278434753418,
            22.986751556396484,
            22.99113655090332,
            22.979007720947266,
            22.95737648010254,
            22.75676727294922,
            22.757055282592773,
            22.94473648071289,
            22.990175247192383,
            22.99616050720215,
            22.981151580810547,
            22.819807052612305,
            22.74527931213379,
            22.796096801757812,
            22.95039939880371,
            22.99171257019043,
            22.998048782348633,
            22.840991973876953,
            22.8176326751709,
            22.753183364868164,
            22.80384063720703,
            22.9649600982666,
            22.985919952392578
          ],
          "p99": 23.002912521362305
        },
        "host_time": {
          "prompt": {
            "min": 0.060342252254486084,
            "median": 0.06258091889321804,
            "n": 100,
            "samples_ms": [
              0.06533320993185043,
              0.06427895277738571,
              0.06397580727934837,
              0.06415368989109993,
              0.0628880225121975,
              0.062471721321344376,
              0.06326287984848022,
              0.06331829354166985,
              0.0639772042632103,
              0.06270827725529671,
              0.07148506119847298,
              0.06289826706051826,
              0.06397580727934837,
              0.06378768011927605,
              0.06376439705491066,
              0.06193900480866432,
              0.0624312087893486,
              0.06608106195926666,
              0.06296206265687943,
              0.06192876026034355,
              0.06258394569158554,
              0.06128242239356041,
              0.06332900375127792,
              0.0661737285554409,
              0.06290106102824211,
              0.0658188946545124,
              0.06407778710126877,
              0.062088947743177414,
              0.061557162553071976,
              0.0613359734416008,
              0.0617029145359993,
              0.06313808262348175,
              0.06092805415391922,
              0.062243081629276276,
              0.06347708404064178,
              0.0617392361164093,
              0.06187986582517624,
              0.06290758028626442,
              0.06358185783028603,
              0.06247544661164284,
              0.06595579907298088,
              0.06452994421124458,
              0.06284192204475403,
              0.06163911893963814,
              0.06208615377545357,
              0.06211595609784126,
              0.0627562403678894,
              0.06709108129143715,
              0.06431015208363533,
              0.06380490958690643,
              0.062206294387578964,
              0.06199907511472702,
              0.06086891517043114,
              0.06118183955550194,
              0.06156601011753082,
              0.06179977208375931,
              0.06216811016201973,
              0.06611878052353859,
              0.060984399169683456,
              0.06307382136583328,
              0.06195530295372009,
              0.061223749071359634,
              0.06308825686573982,
              0.06198510527610779,
              0.06241165101528168,
              0.06258813664317131,
              0.06946409121155739,
              0.06519630551338196,
              0.06343191489577293,
              0.062360893934965134,
              0.063267070800066,
              0.06259512156248093,
              0.062129925936460495,
              0.06657419726252556,
              0.06231991574168205,
              0.06318977102637291,
              0.06243772804737091,
              0.06232084706425667,
              0.06227707490324974,
              0.06114784628152847,
              0.0612037256360054,
              0.0624852254986763,
              0.06234878674149513,
              0.06092013791203499,
              0.06176810711622238,
              0.060342252254486084,
              0.061064958572387695,
              0.060877762734889984,
              0.06171641871333122,
              0.06483634933829308,
              0.06257789209485054,
              0.06143422797322273,
              0.061398837715387344,
              0.06321398541331291,
              0.06313063204288483,
              0.061392784118652344,
              0.061849597841501236,
              0.0634421594440937,
              0.0627739354968071,
              0.06294902414083481
            ],
            "p99": 0.06946409121155739
          }
        },
        "segment_latency": {
          "vision_encoder": {
            "min": 2.8608639240264893,
            "median": 2.8991360664367676,
            "n": 100,
            "samples_ms": [
              2.8733439445495605,
              2.868096113204956,
              2.8631680011749268,
              2.8624320030212402,
              2.863231897354126,
              2.8608639240264893,
              2.877408027648926,
              2.8727359771728516,
              2.8777918815612793,
              2.875391960144043,
              2.8767359256744385,
              2.877664089202881,
              2.8703360557556152,
              2.8725759983062744,
              2.8766720294952393,
              2.871392011642456,
              2.8724799156188965,
              2.8765759468078613,
              2.8727359771728516,
              2.878688097000122,
              2.9012160301208496,
              2.8980159759521484,
              2.903424024581909,
              2.8991360664367676,
              2.903167963027954,
              2.899967908859253,
              2.9013760089874268,
              2.8958399295806885,
              2.899359941482544,
              2.8991360664367676,
              2.901344060897827,
              2.9033920764923096,
              2.908384084701538,
              2.9041600227355957,
              2.9065918922424316,
              2.9043519496917725,
              2.905344009399414,
              2.904383897781372,
              2.909600019454956,
              2.904383897781372,
              2.8971199989318848,
              2.890944004058838,
              2.8851521015167236,
              2.88156795501709,
              2.884768009185791,
              2.8866240978240967,
              2.8849599361419678,
              2.8848960399627686,
              2.8856000900268555,
              2.8837759494781494,
              2.8900160789489746,
              2.8879361152648926,
              2.8890879154205322,
              2.889695882797241,
              2.8869121074676514,
              2.887104034423828,
              2.88700795173645,
              2.887104034423828,
              2.893951892852783,
              2.891263961791992,
              2.893280029296875,
              2.8962559700012207,
              2.892927885055542,
              2.8951680660247803,
              2.89136004447937,
              2.8948800563812256,
              2.8994240760803223,
              2.899199962615967,
              2.8971199989318848,
              2.90118408203125,
              2.8993918895721436,
              2.9031360149383545,
              2.9075520038604736,
              2.9033279418945312,
              2.905535936355591,
              2.9053759574890137,
              2.9013121128082275,
              2.905087947845459,
              2.9035840034484863,
              2.907360076904297,
              2.909440040588379,
              2.9094719886779785,
              2.9073920249938965,
              2.9075839519500732,
              2.911520004272461,
              2.9075520038604736,
              2.9122560024261475,
              2.9072959423065186,
              2.9114561080932617,
              2.909600019454956,
              2.907423973083496,
              2.9104959964752197,
              2.9114880561828613,
              2.912031888961792,
              2.909503936767578,
              2.9102399349212646,
              2.911263942718506,
              2.9115519523620605,
              2.9125759601593018,
              2.9112319946289062
            ],
            "p99": 2.9122560024261475
          },
          "llm_backbone": {
            "min": 12.11411190032959,
            "median": 12.16431999206543,
            "n": 100,
            "samples_ms": [
              12.11411190032959,
              12.12883186340332,
              12.139583587646484,
              12.148799896240234,
              12.148863792419434,
              12.148223876953125,
              12.148736000061035,
              12.143775939941406,
              12.150591850280762,
              12.152640342712402,
              12.152576446533203,
              12.14470386505127,
              12.144512176513672,
              12.160927772521973,
              12.148863792419434,
              12.154975891113281,
              12.15884780883789,
              12.150752067565918,
              12.155232429504395,
              12.171327590942383,
              12.164287567138672,
              12.164352416992188,
              12.152864456176758,
              12.167136192321777,
              12.153247833251953,
              12.150815963745117,
              12.162176132202148,
              12.172320365905762,
              12.170304298400879,
              12.164959907531738,
              12.162079811096191,
              12.162240028381348,
              12.156031608581543,
              12.162240028381348,
              12.171680450439453,
              12.165023803710938,
              12.162528038024902,
              12.159008026123047,
              12.158880233764648,
              12.154975891113281,
              12.154047966003418,
              12.16710376739502,
              12.161279678344727,
              12.170623779296875,
              12.169119834899902,
              12.156607627868652,
              12.166303634643555,
              12.152607917785645,
              12.156831741333008,
              12.167360305786133,
              12.168895721435547,
              12.164159774780273,
              12.167136192321777,
              12.150688171386719,
              12.162336349487305,
              12.175871849060059,
              12.160991668701172,
              12.189791679382324,
              12.17251205444336,
              12.169183731079102,
              12.162431716918945,
              12.168416023254395,
              12.172320365905762,
              12.168288230895996,
              12.161120414733887,
              12.161952018737793,
              12.15004825592041,
              12.1560640335083,
              12.156000137329102,
              12.166208267211914,
              12.172384262084961,
              12.162752151489258,
              12.162336349487305,
              12.15510368347168,
              12.206048011779785,
              12.248319625854492,
              12.24886417388916,
              12.250816345214844,
              12.244064331054688,
              12.25216007232666,
              12.244192123413086,
              12.249407768249512,
              12.252256393432617,
              12.253120422363281,
              12.24608039855957,
              12.244928359985352,
              12.254464149475098,
              12.246208190917969,
              12.246175765991211,
              12.244895935058594,
              12.248448371887207,
              12.247136116027832,
              12.252351760864258,
              12.24284839630127,
              12.247232437133789,
              12.241087913513184,
              12.246208190917969,
              12.245471954345703,
              12.243071556091309,
              12.256319999694824
            ],
            "p99": 12.254464149475098
          },
          "action_expert": {
            "min": 7.951551914215088,
            "median": 7.962671995162964,
            "n": 100,
            "samples_ms": [
              7.9650559425354,
              7.960351943969727,
              7.969888210296631,
              7.968031883239746,
              7.9618239402771,
              7.962560176849365,
              7.9627838134765625,
              7.959616184234619,
              7.951551914215088,
              7.96563196182251,
              7.964928150177002,
              7.961664199829102,
              7.963871955871582,
              7.959455966949463,
              7.957920074462891,
              7.963551998138428,
              7.959616184234619,
              7.961728096008301,
              7.972127914428711,
              7.965663909912109,
              7.965695858001709,
              7.9648637771606445,
              7.960671901702881,
              7.96892786026001,
              7.957376003265381,
              7.957568168640137,
              7.955776214599609,
              7.959871768951416,
              7.9618239402771,
              7.960671901702881,
              7.974751949310303,
              7.960608005523682,
              7.965792179107666,
              7.957727909088135,
              7.965888023376465,
              7.9607038497924805,
              7.961728096008301,
              7.955615997314453,
              7.961728096008301,
              7.955615997314453,
              7.963840007781982,
              7.959904193878174,
              7.970143795013428,
              7.9574079513549805,
              7.961855888366699,
              7.95743989944458,
              7.965951919555664,
              7.96457576751709,
              7.968512058258057,
              7.952256202697754,
              7.972832202911377,
              7.963647842407227,
              7.9683837890625,
              7.961472034454346,
              7.966527938842773,
              7.963840007781982,
              7.959775924682617,
              7.963871955871582,
              7.957695960998535,
              7.966752052307129,
              7.959519863128662,
              7.964672088623047,
              7.961887836456299,
              7.9620161056518555,
              7.971104145050049,
              7.961855888366699,
              7.965888023376465,
              7.966047763824463,
              7.95363187789917,
              7.964735984802246,
              7.959936141967773,
              7.963007926940918,
              7.9615678787231445,
              7.952511787414551,
              7.9659199714660645,
              7.959551811218262,
              7.968063831329346,
              7.959519863128662,
              7.964000225067139,
              7.9621758460998535,
              7.971807956695557,
              7.960512161254883,
              7.963935852050781,
              7.967904090881348,
              7.966080188751221,
              7.95468807220459,
              7.9628801345825195,
              7.9595842361450195,
              7.959712028503418,
              7.960415840148926,
              7.965951919555664,
              7.96281623840332,
              7.959904193878174,
              7.954336166381836,
              7.963903903961182,
              7.965792179107666,
              7.965824127197266,
              7.970111846923828,
              7.963679790496826,
              7.966623783111572
            ],
            "p99": 7.972832202911377
          }
        },
        "overhead": {
          "min": -0.18643886968493462,
          "median": -0.15704402327537537,
          "p99": -0.09804419428110123
        }
      },
      "attribution": null,
      "runtime_observation": {
        "before": {
          "clocks.sm": "2910",
          "clocks.mem": "13801",
          "pstate": "P1",
          "temperature.gpu": "52",
          "power.draw": "148.37",
          "clocks_event_reasons.active": "0x0000000000000000"
        },
        "after": {
          "clocks.sm": "2895",
          "clocks.mem": "13801",
          "pstate": "P1",
          "temperature.gpu": "57",
          "power.draw": "363.65",
          "clocks_event_reasons.active": "0x0000000000000000"
        }
      },
      "options": {
        "workload": "libero"
      },
      "process_id": 3290695,
      "gpu_uuid": "GPU-7fc626f4-bce7-9a11-81de-0eaedc93e242",
      "implementation_source": null,
      "leg": 0
    }
  ],
  "deltas": null
}
