== leg 0: hardware/nvidia/rtx5090/pi05 plan=shipped
{
  "identity": {
    "schema_version": 3,
    "target": "hardware/nvidia/rtx5090/pi05",
    "hardware": "rtx5090-32gb",
    "model": "pi05",
    "shape_profile": "action_dim32-batch1-chunk10-encoder_dim2048-encoder_ffn_dim16384-expert_dim1024-expert_ffn_dim4096-expert_tokens10-head_dim256-image_channels3-image_height224-image_width224-kv_heads1-layers18-num_views2-prefix_len712-prompt_len200-qkv_width2560-query_heads8-state_dim32-steps10-vision_dim1152-vision_ffn_dim4304-vision_head_dim72-vision_heads16-vision_layers27-visual_tokens512-visual_tokens_per_view256",
    "shape": {
      "batch": 1,
      "num_views": 2,
      "image_height": 224,
      "image_width": 224,
      "image_channels": 3,
      "visual_tokens_per_view": 256,
      "visual_tokens": 512,
      "vision_dim": 1152,
      "vision_ffn_dim": 4304,
      "vision_heads": 16,
      "vision_head_dim": 72,
      "vision_layers": 27,
      "prompt_len": 200,
      "prefix_len": 712,
      "chunk": 10,
      "expert_tokens": 10,
      "state_dim": 32,
      "action_dim": 32,
      "steps": 10,
      "layers": 18,
      "encoder_dim": 2048,
      "encoder_ffn_dim": 16384,
      "query_heads": 8,
      "kv_heads": 1,
      "head_dim": 256,
      "qkv_width": 2560,
      "expert_dim": 1024,
      "expert_ffn_dim": 4096
    },
    "plan": {
      "vision_encoder_patch_embed": "torch",
      "vision_encoder_norm_qkv": "cutlass-vision",
      "vision_encoder_attention": "triton-vision-attention",
      "vision_encoder_out_proj_residual": "cutlass-vision",
      "vision_encoder_norm_ffn_up": "cutlass-vision",
      "vision_encoder_ffn_down_residual": "cutlass-vision",
      "llm_backbone_projector": "torch",
      "llm_backbone_embed_prompt": "torch",
      "llm_backbone_norm_qkv_rope": "fused-prefix-qkv",
      "llm_backbone_attention": "torch",
      "llm_backbone_out_proj_residual": "cutlass-backbone",
      "llm_backbone_norm_gated_ffn": "cutlass-backbone",
      "llm_backbone_ffn_down_residual": "cutlass-backbone",
      "action_expert_action_in_proj": "torch",
      "action_expert_norm_qkv_rope": "triton-qkv-finish",
      "action_expert_attention": "split-kv-attention",
      "action_expert_out_proj_residual": "cutlass-expert-residual",
      "action_expert_norm_gated_ffn": "dual-ffn",
      "action_expert_ffn_down_residual": "cutlass-expert-residual",
      "action_expert_action_out_proj": "fused-qkv"
    },
    "model_revision": "pi05-r1",
    "engine_revision": null,
    "inference_signature": "sha256:a79c1f62c3f14674ad87e88a89bb5f66ac650e1c497ccf5076e64017b55d9f6f",
    "execution_variant": {
      "quantization": {
        "mode": "bf16"
      },
      "cache": {
        "mode": "none"
      }
    },
    "replay_buckets": [
      64,
      200
    ]
  },
  "protocol": "latency-v2",
  "instrumented": false,
  "measurement_context": {
    "weights": {
      "checkpoint_id": "flash-vla/pi05-random-checkpoint/v2/seed-0",
      "checkpoint_digest": "flash-vla/pi05-random-checkpoint/v2/seed-0"
    },
    "fixture": {
      "id": "flash-vla/pi05-inputs-v2/seed-0",
      "digest": "sha256:186266f9050d21a33ecfa4de7b9d54fe4851c8671f379edb5bc426c775184ce2"
    },
    "environment": {
      "gpu_sku": "NVIDIA GeForce RTX 5090",
      "driver": "580.142",
      "cuda_runtime": "13.0",
      "pytorch": "2.13.0+cu130",
      "tilelang": "0.1.11",
      "clock_policy": {
        "benchmark_control": "inherit",
        "slurm_gpu_freq_request": null,
        "effective_locked_clocks": "unobserved"
      },
      "power_policy": {
        "requested_limit_w": 600.0,
        "enforced_limit_w": 600.0
      },
      "capture_regime": "cuda_graph",
      "clock_observation": {
        "application_graphics_mhz": "[N/A]",
        "application_memory_mhz": "[N/A]"
      }
    },
    "workload": "libero",
    "hostname": "ubun",
    "slurm_job_id": null,
    "timestamp": 1790463476.4718451,
    "reference_provenance": {}
  },
  "env": {
    "gpu": "NVIDIA GeForce RTX 5090",
    "python": "3.12.13",
    "torch": "2.13.0+cu130",
    "torch_cuda": "13.0",
    "tilelang": "0.1.11",
    "gpu_uuid": "GPU-7fc626f4-bce7-9a11-81de-0eaedc93e242",
    "runtime_observation": {
      "clocks.sm": "2895",
      "clocks.mem": "13801",
      "pstate": "P1",
      "temperature.gpu": "57",
      "power.draw": "393.37",
      "clocks_event_reasons.active": "0x0000000000000000"
    },
    "node": "ubun",
    "job": null,
    "driver": "580.142",
    "clocks": "unlocked",
    "clock_policy": {
      "benchmark_control": "inherit",
      "slurm_gpu_freq_request": null,
      "effective_locked_clocks": "unobserved"
    },
    "clock_observation": {
      "application_graphics_mhz": "[N/A]",
      "application_memory_mhz": "[N/A]"
    },
    "power_policy": {
      "requested_limit_w": 600.0,
      "enforced_limit_w": 600.0
    }
  },
  "config": {
    "reps": 100,
    "warmup": 5,
    "seed": 0,
    "plans": [
      "shipped"
    ],
    "calibration": false,
    "breakdown": true,
    "primary_statistic": "median",
    "capture_policy": "fresh-process-first-capture-per-leg",
    "statistics": [
      "min",
      "median",
      "p99"
    ],
    "p99_min_reps": 100,
    "soak_s": 0,
    "control_spread_max_ms": null,
    "attribution": false,
    "leg_options": [
      {}
    ]
  },
  "legs": [
    {
      "plan": "shipped",
      "identity": {
        "schema_version": 3,
        "target": "hardware/nvidia/rtx5090/pi05",
        "hardware": "rtx5090-32gb",
        "model": "pi05",
        "shape_profile": "action_dim32-batch1-chunk10-encoder_dim2048-encoder_ffn_dim16384-expert_dim1024-expert_ffn_dim4096-expert_tokens10-head_dim256-image_channels3-image_height224-image_width224-kv_heads1-layers18-num_views2-prefix_len712-prompt_len200-qkv_width2560-query_heads8-state_dim32-steps10-vision_dim1152-vision_ffn_dim4304-vision_head_dim72-vision_heads16-vision_layers27-visual_tokens512-visual_tokens_per_view256",
        "shape": {
          "batch": 1,
          "num_views": 2,
          "image_height": 224,
          "image_width": 224,
          "image_channels": 3,
          "visual_tokens_per_view": 256,
          "visual_tokens": 512,
          "vision_dim": 1152,
          "vision_ffn_dim": 4304,
          "vision_heads": 16,
          "vision_head_dim": 72,
          "vision_layers": 27,
          "prompt_len": 200,
          "prefix_len": 712,
          "chunk": 10,
          "expert_tokens": 10,
          "state_dim": 32,
          "action_dim": 32,
          "steps": 10,
          "layers": 18,
          "encoder_dim": 2048,
          "encoder_ffn_dim": 16384,
          "query_heads": 8,
          "kv_heads": 1,
          "head_dim": 256,
          "qkv_width": 2560,
          "expert_dim": 1024,
          "expert_ffn_dim": 4096
        },
        "plan": {
          "vision_encoder_patch_embed": "torch",
          "vision_encoder_norm_qkv": "cutlass-vision",
          "vision_encoder_attention": "triton-vision-attention",
          "vision_encoder_out_proj_residual": "cutlass-vision",
          "vision_encoder_norm_ffn_up": "cutlass-vision",
          "vision_encoder_ffn_down_residual": "cutlass-vision",
          "llm_backbone_projector": "torch",
          "llm_backbone_embed_prompt": "torch",
          "llm_backbone_norm_qkv_rope": "fused-prefix-qkv",
          "llm_backbone_attention": "torch",
          "llm_backbone_out_proj_residual": "cutlass-backbone",
          "llm_backbone_norm_gated_ffn": "cutlass-backbone",
          "llm_backbone_ffn_down_residual": "cutlass-backbone",
          "action_expert_action_in_proj": "torch",
          "action_expert_norm_qkv_rope": "triton-qkv-finish",
          "action_expert_attention": "split-kv-attention",
          "action_expert_out_proj_residual": "cutlass-expert-residual",
          "action_expert_norm_gated_ffn": "dual-ffn",
          "action_expert_ffn_down_residual": "cutlass-expert-residual",
          "action_expert_action_out_proj": "fused-qkv"
        },
        "model_revision": "pi05-r1",
        "engine_revision": null,
        "inference_signature": "sha256:a79c1f62c3f14674ad87e88a89bb5f66ac650e1c497ccf5076e64017b55d9f6f",
        "execution_variant": {
          "quantization": {
            "mode": "bf16"
          },
          "cache": {
            "mode": "none"
          }
        },
        "replay_buckets": [
          64,
          200
        ]
      },
      "replay": {
        "extent": 12,
        "bucket": 64
      },
      "measurement_context": {
        "weights": {
          "checkpoint_id": "flash-vla/pi05-random-checkpoint/v2/seed-0",
          "checkpoint_digest": "flash-vla/pi05-random-checkpoint/v2/seed-0"
        },
        "fixture": {
          "id": "flash-vla/pi05-inputs-v2/seed-0",
          "digest": "sha256:186266f9050d21a33ecfa4de7b9d54fe4851c8671f379edb5bc426c775184ce2"
        },
        "environment": {
          "gpu_sku": "NVIDIA GeForce RTX 5090",
          "driver": "580.142",
          "cuda_runtime": "13.0",
          "pytorch": "2.13.0+cu130",
          "tilelang": "0.1.11",
          "clock_policy": {
            "benchmark_control": "inherit",
            "slurm_gpu_freq_request": null,
            "effective_locked_clocks": "unobserved"
          },
          "power_policy": {
            "requested_limit_w": 600.0,
            "enforced_limit_w": 600.0
          },
          "capture_regime": "cuda_graph",
          "clock_observation": {
            "application_graphics_mhz": "[N/A]",
            "application_memory_mhz": "[N/A]"
          }
        },
        "workload": "libero",
        "hostname": "ubun",
        "slurm_job_id": null,
        "timestamp": 1790463476.4718451,
        "reference_provenance": {}
      },
      "metrics": {
        "chunk_latency": {
          "min": 22.725149989128113,
          "median": 22.863701917231083,
          "n": 100,
          "samples_ms": [
            22.79656194150448,
            22.74092473089695,
            22.747640032321215,
            22.743443958461285,
            22.737983148545027,
            22.925828117877245,
            22.978387773036957,
            22.965227719396353,
            22.95062318444252,
            22.751957178115845,
            22.73813122883439,
            22.770040202885866,
            22.953929845243692,
            22.97440404072404,
            22.960524074733257,
            22.97446271404624,
            22.7407393977046,
            22.756497375667095,
            22.75263285264373,
            22.925814148038626,
            22.988339886069298,
            22.966064978390932,
            22.80682697892189,
            22.76188414543867,
            22.788353264331818,
            22.781298030167818,
            22.990053985267878,
            23.005287162959576,
            22.995352745056152,
            22.992847952991724,
            22.764143999665976,
            22.769841831177473,
            22.760584950447083,
            22.955320309847593,
            23.000912740826607,
            22.98906585201621,
            22.827607113867998,
            22.88504922762513,
            22.853377275168896,
            22.8893612511456,
            23.024399299174547,
            22.978478111326694,
            22.975476924329996,
            22.8099781088531,
            22.740927059203386,
            22.730528842657804,
            22.86166325211525,
            22.97350112348795,
            22.981715854257345,
            22.97625271603465,
            22.802621126174927,
            22.725149989128113,
            22.730179131031036,
            22.799368016421795,
            22.925412748008966,
            22.95579295605421,
            22.973609156906605,
            22.806441877037287,
            22.74926472455263,
            22.753215860575438,
            22.86505699157715,
            23.03573302924633,
            23.019535932689905,
            23.01743533462286,
            22.84160302951932,
            22.743733134120703,
            22.75027707219124,
            22.783299908041954,
            22.949235048145056,
            22.971868980675936,
            22.971859201788902,
            22.817565128207207,
            22.72667596116662,
            22.734370082616806,
            22.80138712376356,
            22.96270988881588,
            23.00029108300805,
            23.026180919259787,
            22.833160124719143,
            22.785190027207136,
            22.757315076887608,
            22.81331503763795,
            22.981117013841867,
            23.01536174491048,
            22.9905117303133,
            22.840831894427538,
            22.770818788558245,
            22.779881954193115,
            22.827619221061468,
            22.957459557801485,
            22.9741376824677,
            22.976460866630077,
            22.862346842885017,
            22.77966635301709,
            22.77322206646204,
            22.92292332276702,
            23.013303987681866,
            22.974601946771145,
            22.9786466807127,
            22.928175050765276
          ],
          "p99": 23.026180919259787
        },
        "device_latency": {
          "min": 22.717344284057617,
          "median": 22.81824016571045,
          "n": 100,
          "samples_ms": [
            22.9932804107666,
            22.82169532775879,
            22.76335906982422,
            22.721664428710938,
            22.901920318603516,
            22.97123146057129,
            22.980640411376953,
            22.948959350585938,
            22.795072555541992,
            22.717344284057617,
            22.78646469116211,
            22.934240341186523,
            22.98259162902832,
            22.970239639282227,
            22.958879470825195,
            22.807519912719727,
            22.734527587890625,
            22.763296127319336,
            22.9333438873291,
            22.967615127563477,
            22.980127334594727,
            22.95510482788086,
            22.793119430541992,
            22.751935958862305,
            22.784032821655273,
            23.144960403442383,
            22.965951919555664,
            22.975040435791016,
            22.95587158203125,
            22.78348731994629,
            22.73139190673828,
            22.799104690551758,
            22.939775466918945,
            22.977344512939453,
            22.964191436767578,
            22.807392120361328,
            22.802143096923828,
            22.72643280029297,
            22.779647827148438,
            22.97551918029785,
            22.96953582763672,
            22.96892738342285,
            22.812480926513672,
            22.986047744750977,
            22.748287200927734,
            22.801408767700195,
            22.934816360473633,
            22.961280822753906,
            22.96816062927246,
            22.818143844604492,
            22.779808044433594,
            22.73196792602539,
            22.798847198486328,
            22.948415756225586,
            22.98147201538086,
            22.97283172607422,
            22.80659294128418,
            22.795936584472656,
            22.734079360961914,
            22.780160903930664,
            22.962207794189453,
            22.983104705810547,
            22.962560653686523,
            22.815872192382812,
            22.79372787475586,
            22.728607177734375,
            22.794912338256836,
            22.950624465942383,
            22.982431411743164,
            22.973312377929688,
            22.829408645629883,
            22.80678367614746,
            22.736160278320312,
            22.791135787963867,
            22.958303451538086,
            22.98899269104004,
            22.982751846313477,
            22.808351516723633,
            22.80611228942871,
            22.80873680114746,
            22.796287536621094,
            22.947328567504883,
            22.977920532226562,
            22.945119857788086,
            22.807199478149414,
            22.817184448242188,
            22.808448791503906,
            22.80499267578125,
            22.82454490661621,
            22.80611228942871,
            22.829856872558594,
            22.818336486816406,
            22.801023483276367,
            22.738943099975586,
            22.800128936767578,
            22.950496673583984,
            22.961599349975586,
            22.964927673339844,
            22.81507110595703,
            22.813247680664062
          ],
          "p99": 22.9932804107666
        },
        "host_time": {
          "prompt": {
            "min": 0.025331974029541016,
            "median": 0.02601766027510166,
            "n": 100,
            "samples_ms": [
              0.027280300855636597,
              0.03402307629585266,
              0.026425812393426895,
              0.026011373847723007,
              0.030837953090667725,
              0.03228103742003441,
              0.025719869881868362,
              0.02606213092803955,
              0.02618413418531418,
              0.032461248338222504,
              0.026940833777189255,
              0.026052817702293396,
              0.026191119104623795,
              0.025434885174036026,
              0.03198673948645592,
              0.025845132768154144,
              0.026035122573375702,
              0.025881920009851456,
              0.03406871110200882,
              0.0306558795273304,
              0.02630706876516342,
              0.026215799152851105,
              0.03223400563001633,
              0.026219990104436874,
              0.025935936719179153,
              0.025331974029541016,
              0.026023946702480316,
              0.032845884561538696,
              0.02620881423354149,
              0.025966204702854156,
              0.03240210935473442,
              0.02946704626083374,
              0.026727095246315002,
              0.026166904717683792,
              0.02626609057188034,
              0.031775329262018204,
              0.026339665055274963,
              0.026396941393613815,
              0.025838147848844528,
              0.031989067792892456,
              0.025670044124126434,
              0.025964342057704926,
              0.02568913623690605,
              0.0260048545897007,
              0.03195879980921745,
              0.026505906134843826,
              0.025713816285133362,
              0.025940127670764923,
              0.025926623493433,
              0.03718491643667221,
              0.026231631636619568,
              0.02582510933279991,
              0.03175903111696243,
              0.02655666321516037,
              0.02814503386616707,
              0.02600904554128647,
              0.025872141122817993,
              0.0321720726788044,
              0.025935936719179153,
              0.026152003556489944,
              0.025609973818063736,
              0.03156531602144241,
              0.026149675250053406,
              0.02602534368634224,
              0.031707342714071274,
              0.025531277060508728,
              0.026318710297346115,
              0.026008114218711853,
              0.025990884751081467,
              0.025848858058452606,
              0.02574501559138298,
              0.025560148060321808,
              0.025635119527578354,
              0.02542790025472641,
              0.025850720703601837,
              0.026001129299402237,
              0.0256318598985672,
              0.02560298889875412,
              0.025451183319091797,
              0.02574920654296875,
              0.025845132768154144,
              0.025715213268995285,
              0.02549774944782257,
              0.025962945073843002,
              0.026529189199209213,
              0.026333145797252655,
              0.026461202651262283,
              0.025390181690454483,
              0.025795772671699524,
              0.02571800723671913,
              0.025744084268808365,
              0.025649089366197586,
              0.027845147997140884,
              0.025662127882242203,
              0.025509856641292572,
              0.025753863155841827,
              0.0260290689766407,
              0.025894027203321457,
              0.0257161445915699,
              0.025768298655748367
            ],
            "p99": 0.03406871110200882
          }
        },
        "segment_latency": {
          "vision_encoder": {
            "min": 2.8707199096679688,
            "median": 2.8911839723587036,
            "n": 100,
            "samples_ms": [
              2.8745920658111572,
              2.873408079147339,
              2.8744640350341797,
              2.8745601177215576,
              2.8746559619903564,
              2.876415967941284,
              2.8786239624023438,
              2.8766720294952393,
              2.872607946395874,
              2.8736000061035156,
              2.872864007949829,
              2.870784044265747,
              2.8777599334716797,
              2.8745920658111572,
              2.8707199096679688,
              2.8817598819732666,
              2.8717761039733887,
              2.876800060272217,
              2.8786559104919434,
              2.8735361099243164,
              2.878335952758789,
              2.876768112182617,
              2.874687910079956,
              2.876863956451416,
              2.878783941268921,
              2.8726398944854736,
              2.876703977584839,
              2.8847360610961914,
              2.87772798538208,
              2.8787200450897217,
              2.8808960914611816,
              2.8929920196533203,
              2.896672010421753,
              2.901247978210449,
              2.903615951538086,
              2.9013760089874268,
              2.9106240272521973,
              2.907615900039673,
              2.893183946609497,
              2.8910720348358154,
              2.8830080032348633,
              2.8847360610961914,
              2.8851840496063232,
              2.8848319053649902,
              2.8808960914611816,
              2.888000011444092,
              2.8850560188293457,
              2.886944055557251,
              2.8848960399627686,
              2.889120101928711,
              2.886847972869873,
              2.8889920711517334,
              2.88918399810791,
              2.888672113418579,
              2.8871359825134277,
              2.8868799209594727,
              2.8911359310150146,
              2.8912320137023926,
              2.892319917678833,
              2.8908801078796387,
              2.8912320137023926,
              2.8923521041870117,
              2.8920960426330566,
              2.8992960453033447,
              2.8992319107055664,
              2.895008087158203,
              2.8975040912628174,
              2.8992319107055664,
              2.8973441123962402,
              2.902400016784668,
              2.9011518955230713,
              2.903520107269287,
              2.903104066848755,
              2.9005439281463623,
              2.903264045715332,
              2.901439905166626,
              2.9032959938049316,
              2.9187519550323486,
              2.919487953186035,
              2.920991897583008,
              2.9165120124816895,
              2.9118080139160156,
              2.910720109939575,
              2.9128000736236572,
              2.923232078552246,
              2.920991897583008,
              2.9202880859375,
              2.911776065826416,
              2.914207935333252,
              2.9093120098114014,
              2.9088640213012695,
              2.9101760387420654,
              2.9135360717773438,
              2.9095358848571777,
              2.915231943130493,
              2.9080638885498047,
              2.913055896759033,
              2.9096319675445557,
              2.911936044692993,
              2.9112958908081055
            ],
            "p99": 2.920991897583008
          },
          "llm_backbone": {
            "min": 12.129023551940918,
            "median": 12.237824440002441,
            "n": 100,
            "samples_ms": [
              12.146719932556152,
              12.141152381896973,
              12.135168075561523,
              12.129023551940918,
              12.142975807189941,
              12.136575698852539,
              12.137887954711914,
              12.142687797546387,
              12.143903732299805,
              12.148799896240234,
              12.228927612304688,
              12.233792304992676,
              12.232768058776855,
              12.231871604919434,
              12.236895561218262,
              12.236607551574707,
              12.234560012817383,
              12.227935791015625,
              12.238911628723145,
              12.248479843139648,
              12.233856201171875,
              12.229984283447266,
              12.240575790405273,
              12.237792015075684,
              12.238975524902344,
              12.241151809692383,
              12.242176055908203,
              12.234848022460938,
              12.242976188659668,
              12.245183944702148,
              12.236255645751953,
              12.22390365600586,
              12.240192413330078,
              12.23100757598877,
              12.251296043395996,
              12.236031532287598,
              12.2326078414917,
              12.225503921508789,
              12.240896224975586,
              12.234111785888672,
              12.240480422973633,
              12.238592147827148,
              12.237855911254883,
              12.244735717773438,
              12.227935791015625,
              12.243264198303223,
              12.23737621307373,
              12.235391616821289,
              12.238752365112305,
              12.246208190917969,
              12.242815971374512,
              12.243071556091309,
              12.240639686584473,
              12.235103607177734,
              12.242815971374512,
              12.23641586303711,
              12.232383728027344,
              12.237631797790527,
              12.238016128540039,
              12.244799613952637,
              12.25324821472168,
              12.239359855651855,
              12.243904113769531,
              12.238143920898438,
              12.23408031463623,
              12.23804759979248,
              12.231871604919434,
              12.245023727416992,
              12.249247550964355,
              12.231904029846191,
              12.24073600769043,
              12.243264198303223,
              12.248991966247559,
              12.242431640625,
              12.2357759475708,
              12.240384101867676,
              12.240320205688477,
              12.23635196685791,
              12.240639686584473,
              12.240639686584473,
              12.248224258422852,
              12.24835205078125,
              12.239423751831055,
              12.237824440002441,
              12.25487995147705,
              12.232640266418457,
              12.238143920898438,
              12.242815971374512,
              12.237824440002441,
              12.236991882324219,
              12.236800193786621,
              12.233792304992676,
              12.244768142700195,
              12.24512004852295,
              12.234560012817383,
              12.240384101867676,
              12.233792304992676,
              12.234016418457031,
              12.22985553741455,
              12.237919807434082
            ],
            "p99": 12.25324821472168
          },
          "action_expert": {
            "min": 7.94595193862915,
            "median": 7.959120035171509,
            "n": 100,
            "samples_ms": [
              7.955103874206543,
              7.960512161254883,
              7.959743976593018,
              7.965824127197266,
              7.962656021118164,
              7.963647842407227,
              7.955711841583252,
              7.9707841873168945,
              7.967807769775391,
              7.959519863128662,
              7.954880237579346,
              7.955455780029297,
              7.959712028503418,
              7.963871955871582,
              7.959551811218262,
              7.960288047790527,
              7.959839820861816,
              7.9595842361450195,
              7.9633917808532715,
              7.9617600440979,
              7.960991859436035,
              7.9618239402771,
              7.954432010650635,
              7.965888023376465,
              7.949471950531006,
              7.959519863128662,
              7.962048053741455,
              7.955647945404053,
              7.959839820861816,
              7.956416130065918,
              7.955679893493652,
              7.958144187927246,
              7.959263801574707,
              7.9593281745910645,
              7.959775924682617,
              7.956736087799072,
              7.950655937194824,
              7.949632167816162,
              7.951519966125488,
              7.95359992980957,
              7.956352233886719,
              7.956704139709473,
              7.9594879150390625,
              7.953472137451172,
              7.960991859436035,
              7.958816051483154,
              7.952672004699707,
              7.961696147918701,
              7.951039791107178,
              7.955743789672852,
              7.949120044708252,
              7.9617919921875,
              7.963136196136475,
              7.9615678787231445,
              7.956863880157471,
              7.970272064208984,
              7.962944030761719,
              7.956287860870361,
              7.9555840492248535,
              7.959296226501465,
              7.950463771820068,
              7.961696147918701,
              7.964000225067139,
              7.955647945404053,
              7.955743789672852,
              7.948991775512695,
              7.959712028503418,
              7.955423831939697,
              7.959839820861816,
              7.958943843841553,
              7.95904016494751,
              7.957056045532227,
              7.955935955047607,
              7.951648235321045,
              7.959807872772217,
              7.94595193862915,
              7.962080001831055,
              7.960031986236572,
              7.9620161056518555,
              7.959199905395508,
              7.957856178283691,
              7.957759857177734,
              7.957888126373291,
              7.9609599113464355,
              7.948703765869141,
              7.953567981719971,
              7.965856075286865,
              7.953567981719971,
              7.957791805267334,
              7.956672191619873,
              7.953887939453125,
              7.963808059692383,
              7.959455966949463,
              7.95798397064209,
              7.957600116729736,
              7.959616184234619,
              7.963935852050781,
              7.955296039581299,
              7.963615894317627,
              7.957791805267334
            ],
            "p99": 7.970272064208984
          }
        },
        "overhead": {
          "min": -0.22054541110992432,
          "median": -0.2244265303015709,
          "p99": -0.11833125725388527
        }
      },
      "attribution": null,
      "runtime_observation": {
        "before": {
          "clocks.sm": "2910",
          "clocks.mem": "13801",
          "pstate": "P1",
          "temperature.gpu": "52",
          "power.draw": "180.59",
          "clocks_event_reasons.active": "0x0000000000000000"
        },
        "after": {
          "clocks.sm": "2895",
          "clocks.mem": "13801",
          "pstate": "P1",
          "temperature.gpu": "57",
          "power.draw": "393.37",
          "clocks_event_reasons.active": "0x0000000000000000"
        }
      },
      "options": {
        "workload": "libero"
      },
      "process_id": 3290878,
      "gpu_uuid": "GPU-7fc626f4-bce7-9a11-81de-0eaedc93e242",
      "implementation_source": null,
      "leg": 0
    }
  ],
  "deltas": null
}
