== leg 0: hardware/nvidia/rtx5090/pi05 plan=shipped
{
  "identity": {
    "schema_version": 3,
    "target": "hardware/nvidia/rtx5090/pi05",
    "hardware": "rtx5090-32gb",
    "model": "pi05",
    "shape_profile": "action_dim32-batch1-chunk50-encoder_dim2048-encoder_ffn_dim16384-expert_dim1024-expert_ffn_dim4096-expert_tokens50-head_dim256-image_channels3-image_height224-image_width224-kv_heads1-layers18-num_views3-prefix_len968-prompt_len200-qkv_width2560-query_heads8-state_dim32-steps10-vision_dim1152-vision_ffn_dim4304-vision_head_dim72-vision_heads16-vision_layers27-visual_tokens768-visual_tokens_per_view256",
    "shape": {
      "batch": 1,
      "num_views": 3,
      "image_height": 224,
      "image_width": 224,
      "image_channels": 3,
      "visual_tokens_per_view": 256,
      "visual_tokens": 768,
      "vision_dim": 1152,
      "vision_ffn_dim": 4304,
      "vision_heads": 16,
      "vision_head_dim": 72,
      "vision_layers": 27,
      "prompt_len": 200,
      "prefix_len": 968,
      "chunk": 50,
      "expert_tokens": 50,
      "state_dim": 32,
      "action_dim": 32,
      "steps": 10,
      "layers": 18,
      "encoder_dim": 2048,
      "encoder_ffn_dim": 16384,
      "query_heads": 8,
      "kv_heads": 1,
      "head_dim": 256,
      "qkv_width": 2560,
      "expert_dim": 1024,
      "expert_ffn_dim": 4096
    },
    "plan": {
      "vision_encoder_patch_embed": "torch",
      "vision_encoder_norm_qkv": "cutlass-vision",
      "vision_encoder_attention": "torch",
      "vision_encoder_out_proj_residual": "cutlass-vision",
      "vision_encoder_norm_ffn_up": "cutlass-vision",
      "vision_encoder_ffn_down_residual": "cutlass-vision",
      "llm_backbone_projector": "torch",
      "llm_backbone_embed_prompt": "torch",
      "llm_backbone_norm_qkv_rope": "fused-prefix-qkv",
      "llm_backbone_attention": "torch",
      "llm_backbone_out_proj_residual_masked": "bucketed-backbone",
      "llm_backbone_norm_gated_ffn_masked": "bucketed-backbone",
      "llm_backbone_ffn_down_residual_masked": "bucketed-backbone",
      "action_expert_action_in_proj": "torch",
      "action_expert_norm_qkv_rope": "triton-qkv-finish",
      "action_expert_attention": "triton-qk-attention",
      "action_expert_out_proj_residual": "cutlass-expert-residual",
      "action_expert_norm_gated_ffn": "dual-ffn",
      "action_expert_ffn_down_residual": "cutlass-expert-residual",
      "action_expert_action_out_proj": "fused-qkv"
    },
    "model_revision": "pi05-r1",
    "engine_revision": "c8026ea886d961c3c0ba622a5146f6870d911c02",
    "inference_signature": "sha256:a79c1f62c3f14674ad87e88a89bb5f66ac650e1c497ccf5076e64017b55d9f6f",
    "execution_variant": {
      "quantization": {
        "mode": "bf16"
      },
      "cache": {
        "mode": "none"
      }
    }
  },
  "protocol": "latency-v2",
  "instrumented": false,
  "measurement_context": {
    "weights": {
      "checkpoint_id": "flash-vla/pi05-random-checkpoint/v2/seed-0",
      "checkpoint_digest": "flash-vla/pi05-random-checkpoint/v2/seed-0"
    },
    "fixture": {
      "id": "flash-vla/pi05-inputs-v2/seed-0",
      "digest": "sha256:80e60b97e0964d3a558b2b622bc0d6848a841bb37543e362bdb5ade41d6c7480"
    },
    "environment": {
      "gpu_sku": "NVIDIA GeForce RTX 5090",
      "driver": "580.142",
      "cuda_runtime": "13.0",
      "pytorch": "2.13.0+cu130",
      "tilelang": "0.1.11",
      "clock_policy": {
        "benchmark_control": "inherit",
        "slurm_gpu_freq_request": null,
        "effective_locked_clocks": "unobserved"
      },
      "power_policy": {
        "requested_limit_w": 600.0,
        "enforced_limit_w": 600.0
      },
      "capture_regime": "cuda_graph",
      "clock_observation": {
        "application_graphics_mhz": "[N/A]",
        "application_memory_mhz": "[N/A]"
      }
    },
    "workload": "robodojo",
    "hostname": "ubun",
    "slurm_job_id": null,
    "timestamp": 1790441008.947123,
    "reference_provenance": {}
  },
  "env": {
    "gpu": "NVIDIA GeForce RTX 5090",
    "python": "3.12.13",
    "torch": "2.13.0+cu130",
    "torch_cuda": "13.0",
    "tilelang": "0.1.11",
    "gpu_uuid": "GPU-7fc626f4-bce7-9a11-81de-0eaedc93e242",
    "runtime_observation": {
      "clocks.sm": "2887",
      "clocks.mem": "13801",
      "pstate": "P1",
      "temperature.gpu": "58",
      "power.draw": "482.46",
      "clocks_event_reasons.active": "0x0000000000000000"
    },
    "node": "ubun",
    "job": null,
    "driver": "580.142",
    "clocks": "unlocked",
    "clock_policy": {
      "benchmark_control": "inherit",
      "slurm_gpu_freq_request": null,
      "effective_locked_clocks": "unobserved"
    },
    "clock_observation": {
      "application_graphics_mhz": "[N/A]",
      "application_memory_mhz": "[N/A]"
    },
    "power_policy": {
      "requested_limit_w": 600.0,
      "enforced_limit_w": 600.0
    }
  },
  "config": {
    "reps": 100,
    "warmup": 5,
    "seed": 0,
    "plans": [
      "shipped"
    ],
    "calibration": false,
    "breakdown": true,
    "primary_statistic": "median",
    "capture_policy": "fresh-process-first-capture-per-leg",
    "statistics": [
      "min",
      "median",
      "p99"
    ],
    "p99_min_reps": 100,
    "soak_s": 0,
    "control_spread_max_ms": null,
    "attribution": false,
    "leg_options": [
      {}
    ]
  },
  "legs": [
    {
      "plan": "shipped",
      "identity": {
        "schema_version": 3,
        "target": "hardware/nvidia/rtx5090/pi05",
        "hardware": "rtx5090-32gb",
        "model": "pi05",
        "shape_profile": "action_dim32-batch1-chunk50-encoder_dim2048-encoder_ffn_dim16384-expert_dim1024-expert_ffn_dim4096-expert_tokens50-head_dim256-image_channels3-image_height224-image_width224-kv_heads1-layers18-num_views3-prefix_len968-prompt_len200-qkv_width2560-query_heads8-state_dim32-steps10-vision_dim1152-vision_ffn_dim4304-vision_head_dim72-vision_heads16-vision_layers27-visual_tokens768-visual_tokens_per_view256",
        "shape": {
          "batch": 1,
          "num_views": 3,
          "image_height": 224,
          "image_width": 224,
          "image_channels": 3,
          "visual_tokens_per_view": 256,
          "visual_tokens": 768,
          "vision_dim": 1152,
          "vision_ffn_dim": 4304,
          "vision_heads": 16,
          "vision_head_dim": 72,
          "vision_layers": 27,
          "prompt_len": 200,
          "prefix_len": 968,
          "chunk": 50,
          "expert_tokens": 50,
          "state_dim": 32,
          "action_dim": 32,
          "steps": 10,
          "layers": 18,
          "encoder_dim": 2048,
          "encoder_ffn_dim": 16384,
          "query_heads": 8,
          "kv_heads": 1,
          "head_dim": 256,
          "qkv_width": 2560,
          "expert_dim": 1024,
          "expert_ffn_dim": 4096
        },
        "plan": {
          "vision_encoder_patch_embed": "torch",
          "vision_encoder_norm_qkv": "cutlass-vision",
          "vision_encoder_attention": "torch",
          "vision_encoder_out_proj_residual": "cutlass-vision",
          "vision_encoder_norm_ffn_up": "cutlass-vision",
          "vision_encoder_ffn_down_residual": "cutlass-vision",
          "llm_backbone_projector": "torch",
          "llm_backbone_embed_prompt": "torch",
          "llm_backbone_norm_qkv_rope": "fused-prefix-qkv",
          "llm_backbone_attention": "torch",
          "llm_backbone_out_proj_residual_masked": "bucketed-backbone",
          "llm_backbone_norm_gated_ffn_masked": "bucketed-backbone",
          "llm_backbone_ffn_down_residual_masked": "bucketed-backbone",
          "action_expert_action_in_proj": "torch",
          "action_expert_norm_qkv_rope": "triton-qkv-finish",
          "action_expert_attention": "triton-qk-attention",
          "action_expert_out_proj_residual": "cutlass-expert-residual",
          "action_expert_norm_gated_ffn": "dual-ffn",
          "action_expert_ffn_down_residual": "cutlass-expert-residual",
          "action_expert_action_out_proj": "fused-qkv"
        },
        "model_revision": "pi05-r1",
        "engine_revision": "c8026ea886d961c3c0ba622a5146f6870d911c02",
        "inference_signature": "sha256:a79c1f62c3f14674ad87e88a89bb5f66ac650e1c497ccf5076e64017b55d9f6f",
        "execution_variant": {
          "quantization": {
            "mode": "bf16"
          },
          "cache": {
            "mode": "none"
          }
        }
      },
      "measurement_context": {
        "weights": {
          "checkpoint_id": "flash-vla/pi05-random-checkpoint/v2/seed-0",
          "checkpoint_digest": "flash-vla/pi05-random-checkpoint/v2/seed-0"
        },
        "fixture": {
          "id": "flash-vla/pi05-inputs-v2/seed-0",
          "digest": "sha256:80e60b97e0964d3a558b2b622bc0d6848a841bb37543e362bdb5ade41d6c7480"
        },
        "environment": {
          "gpu_sku": "NVIDIA GeForce RTX 5090",
          "driver": "580.142",
          "cuda_runtime": "13.0",
          "pytorch": "2.13.0+cu130",
          "tilelang": "0.1.11",
          "clock_policy": {
            "benchmark_control": "inherit",
            "slurm_gpu_freq_request": null,
            "effective_locked_clocks": "unobserved"
          },
          "power_policy": {
            "requested_limit_w": 600.0,
            "enforced_limit_w": 600.0
          },
          "capture_regime": "cuda_graph",
          "clock_observation": {
            "application_graphics_mhz": "[N/A]",
            "application_memory_mhz": "[N/A]"
          }
        },
        "workload": "robodojo",
        "hostname": "ubun",
        "slurm_job_id": null,
        "timestamp": 1790441008.947123,
        "reference_provenance": {}
      },
      "metrics": {
        "chunk_latency": {
          "min": 29.94440495967865,
          "median": 30.046924948692322,
          "n": 100,
          "samples_ms": [
            30.061486177146435,
            29.99649988487363,
            30.007096007466316,
            29.98005272820592,
            30.0017767585814,
            30.115016736090183,
            30.047698877751827,
            30.019159894436598,
            30.03201074898243,
            30.02713294699788,
            30.046151019632816,
            30.13220615684986,
            30.158584006130695,
            30.063088051974773,
            30.044772196561098,
            30.022018123418093,
            30.004522297531366,
            29.999138321727514,
            29.995903838425875,
            30.00942710787058,
            30.090673360973597,
            30.08887730538845,
            30.08069610223174,
            29.984180815517902,
            30.03960521891713,
            29.980795457959175,
            29.971639160066843,
            30.00049013644457,
            30.193130020052195,
            29.968166258186102,
            29.97872931882739,
            30.008770991116762,
            30.19657265394926,
            30.015480238944292,
            30.187999363988638,
            30.016665812581778,
            30.187381897121668,
            30.016011092811823,
            30.18333064392209,
            30.019754078239202,
            30.179106630384922,
            30.024908017367125,
            30.172422993928194,
            30.017391312867403,
            30.189454089850187,
            30.010550748556852,
            30.184343922883272,
            30.183875001966953,
            30.194261111319065,
            30.18954209983349,
            30.180674046278,
            30.193084850907326,
            30.186280142515898,
            30.17888218164444,
            30.184080824255943,
            30.181648209691048,
            30.178710352629423,
            30.1810042001307,
            30.175235122442245,
            30.18012223765254,
            30.17943212762475,
            30.124705750495195,
            29.9546392634511,
            29.97893886640668,
            29.959247913211584,
            29.959456995129585,
            29.964405111968517,
            29.95145693421364,
            29.96419183909893,
            29.947029892355204,
            29.950648080557585,
            29.968210961669683,
            29.962406028062105,
            29.96366797015071,
            29.951844830065966,
            29.957028105854988,
            29.955809004604816,
            29.963294975459576,
            29.94440495967865,
            29.95955804362893,
            29.953495133668184,
            30.03754001110792,
            30.18026566132903,
            30.03856586292386,
            30.1845520734787,
            30.18058929592371,
            30.18014505505562,
            30.174290761351585,
            30.180750880390406,
            30.184370931237936,
            30.18027637153864,
            30.18016740679741,
            30.188401695340872,
            30.185051262378693,
            30.183883849531412,
            30.18994303420186,
            30.186843127012253,
            30.17832711338997,
            30.184336006641388,
            30.193920712918043
          ],
          "p99": 30.194261111319065
        },
        "device_latency": {
          "min": 30.006752014160156,
          "median": 30.176127433776855,
          "n": 100,
          "samples_ms": [
            30.19036865234375,
            30.020063400268555,
            30.172639846801758,
            30.008928298950195,
            30.169343948364258,
            30.007104873657227,
            30.173824310302734,
            30.006752014160156,
            30.17148780822754,
            30.017919540405273,
            30.230880737304688,
            30.02118492126465,
            30.19206428527832,
            30.00707244873047,
            30.194528579711914,
            30.00873565673828,
            30.211999893188477,
            30.01696014404297,
            30.21561622619629,
            30.042015075683594,
            30.20966339111328,
            30.039167404174805,
            30.212575912475586,
            30.02582359313965,
            30.210208892822266,
            30.043743133544922,
            30.201568603515625,
            30.032543182373047,
            30.19990348815918,
            30.051584243774414,
            30.190719604492188,
            30.030527114868164,
            30.205312728881836,
            30.044960021972656,
            30.205856323242188,
            30.040096282958984,
            30.233184814453125,
            30.219327926635742,
            30.219839096069336,
            30.048383712768555,
            30.21183967590332,
            30.065216064453125,
            30.220703125,
            30.06867218017578,
            30.228864669799805,
            30.075679779052734,
            30.211231231689453,
            30.2238712310791,
            30.19424057006836,
            30.180736541748047,
            30.186208724975586,
            30.182048797607422,
            30.189376831054688,
            30.191232681274414,
            30.19273567199707,
            30.181055068969727,
            30.17398452758789,
            30.177696228027344,
            30.02627182006836,
            30.17990493774414,
            30.06380844116211,
            30.23017692565918,
            30.04300880432129,
            30.211551666259766,
            30.02934455871582,
            30.205472946166992,
            30.041343688964844,
            30.212383270263672,
            30.047168731689453,
            30.213472366333008,
            30.041439056396484,
            30.214656829833984,
            30.03548812866211,
            30.213760375976562,
            30.054336547851562,
            30.211807250976562,
            30.039775848388672,
            30.198368072509766,
            30.038272857666016,
            30.216415405273438,
            30.03875160217285,
            30.187360763549805,
            30.02979278564453,
            30.176223754882812,
            30.014944076538086,
            30.1713924407959,
            30.01206398010254,
            30.186016082763672,
            30.0248966217041,
            30.18409538269043,
            30.040544509887695,
            30.184480667114258,
            30.21001625061035,
            30.14067268371582,
            30.04960060119629,
            30.181407928466797,
            30.045055389404297,
            30.1760311126709,
            30.065216064453125,
            30.204959869384766
          ],
          "p99": 30.230880737304688
        },
        "host_time": {
          "prompt": {
            "min": 0.0360831618309021,
            "median": 0.042705098167061806,
            "n": 100,
            "samples_ms": [
              0.04757009446620941,
              0.042708124965429306,
              0.041380058974027634,
              0.03876723349094391,
              0.039554666727781296,
              0.04008971154689789,
              0.038354191929101944,
              0.039194244891405106,
              0.03822986036539078,
              0.038761645555496216,
              0.03975164145231247,
              0.03876490518450737,
              0.036354176700115204,
              0.045513734221458435,
              0.03941589966416359,
              0.03881286829710007,
              0.04429183900356293,
              0.03971997648477554,
              0.03864802420139313,
              0.04458008334040642,
              0.044629909098148346,
              0.05239201709628105,
              0.04822993651032448,
              0.05105370655655861,
              0.044419895857572556,
              0.038531143218278885,
              0.03937492147088051,
              0.04352303221821785,
              0.03820238634943962,
              0.03979820758104324,
              0.04906812682747841,
              0.04249066114425659,
              0.04449905827641487,
              0.038261059671640396,
              0.03864476457238197,
              0.04145689308643341,
              0.039116013795137405,
              0.03856094554066658,
              0.043800100684165955,
              0.03890460357069969,
              0.0360831618309021,
              0.04304526373744011,
              0.039075035601854324,
              0.0371299684047699,
              0.043863896280527115,
              0.04243291914463043,
              0.036875251680612564,
              0.04330696538090706,
              0.0397232361137867,
              0.0413600355386734,
              0.04422524943947792,
              0.0384477898478508,
              0.03822939470410347,
              0.04537403583526611,
              0.061954837292432785,
              0.13824086636304855,
              0.08917879313230515,
              0.05754036828875542,
              0.06194319576025009,
              0.05746167153120041,
              0.05987565964460373,
              0.06910879164934158,
              0.06769085302948952,
              0.046347733587026596,
              0.06692903116345406,
              0.059655867516994476,
              0.06981799378991127,
              0.050374772399663925,
              0.07174210622906685,
              0.0501023605465889,
              0.05067605525255203,
              0.0407402403652668,
              0.05963491275906563,
              0.060240738093853,
              0.042702071368694305,
              0.044827815145254135,
              0.045035965740680695,
              0.0659814104437828,
              0.08455896750092506,
              0.0887908972799778,
              0.07943017408251762,
              0.07982086390256882,
              0.0684359110891819,
              0.06355810910463333,
              0.053472816944122314,
              0.06542494520545006,
              0.04455307498574257,
              0.03978284075856209,
              0.040049199014902115,
              0.03765011206269264,
              0.037882011383771896,
              0.037499237805604935,
              0.036457087844610214,
              0.038526952266693115,
              0.039307866245508194,
              0.03668013960123062,
              0.03805616870522499,
              0.03797188401222229,
              0.03724498674273491,
              0.03739073872566223
            ],
            "p99": 0.08917879313230515
          }
        },
        "segment_latency": {
          "vision_encoder": {
            "min": 4.064223766326904,
            "median": 4.087776184082031,
            "n": 100,
            "samples_ms": [
              4.075295925140381,
              4.0674238204956055,
              4.073631763458252,
              4.073760032653809,
              4.08022403717041,
              4.079135894775391,
              4.064223766326904,
              4.074783802032471,
              4.09225606918335,
              4.098368167877197,
              4.100607872009277,
              4.098752021789551,
              4.098624229431152,
              4.099487781524658,
              4.101791858673096,
              4.101312160491943,
              4.098080158233643,
              4.098015785217285,
              4.098911762237549,
              4.101503849029541,
              4.106624126434326,
              4.098080158233643,
              4.105279922485352,
              4.110976219177246,
              4.101600170135498,
              4.097248077392578,
              4.0978240966796875,
              4.08131217956543,
              4.06774377822876,
              4.068640232086182,
              4.068960189819336,
              4.069183826446533,
              4.06876802444458,
              4.073855876922607,
              4.073887825012207,
              4.077951908111572,
              4.081215858459473,
              4.075520038604736,
              4.076159954071045,
              4.077919960021973,
              4.073599815368652,
              4.082943916320801,
              4.076064109802246,
              4.084383964538574,
              4.073631763458252,
              4.075456142425537,
              4.073535919189453,
              4.077343940734863,
              4.077727794647217,
              4.0780158042907715,
              4.081888198852539,
              4.080160140991211,
              4.079840183258057,
              4.076479911804199,
              4.088191986083984,
              4.085343837738037,
              4.076992034912109,
              4.081696033477783,
              4.079552173614502,
              4.084383964538574,
              4.086400032043457,
              4.086463928222656,
              4.087456226348877,
              4.0880961418151855,
              4.089183807373047,
              4.0859198570251465,
              4.096831798553467,
              4.089536190032959,
              4.093376159667969,
              4.085887908935547,
              4.093088150024414,
              4.087296009063721,
              4.096928119659424,
              4.0859198570251465,
              4.086592197418213,
              4.085055828094482,
              4.096735954284668,
              4.095967769622803,
              4.086048126220703,
              4.097919940948486,
              4.099487781524658,
              4.093247890472412,
              4.099071979522705,
              4.0963521003723145,
              4.088575839996338,
              4.0991997718811035,
              4.094592094421387,
              4.096831798553467,
              4.0978240966796875,
              4.100192070007324,
              4.098752021789551,
              4.101888179779053,
              4.098239898681641,
              4.094367980957031,
              4.090400218963623,
              4.100800037384033,
              4.098656177520752,
              4.096767902374268,
              4.10038423538208,
              4.0992960929870605
            ],
            "p99": 4.106624126434326
          },
          "llm_backbone": {
            "min": 17.0479679107666,
            "median": 17.083439826965332,
            "n": 100,
            "samples_ms": [
              17.0479679107666,
              17.061952590942383,
              17.059743881225586,
              17.06470489501953,
              17.072032928466797,
              17.057600021362305,
              17.05936050415039,
              17.06083106994629,
              17.052671432495117,
              17.060224533081055,
              17.07744026184082,
              17.083423614501953,
              17.079999923706055,
              17.09699249267578,
              17.07049560546875,
              17.072895050048828,
              17.074047088623047,
              17.07263946533203,
              17.06403160095215,
              17.07004737854004,
              17.0732479095459,
              17.072256088256836,
              17.07583999633789,
              17.08415985107422,
              17.091808319091797,
              17.07302474975586,
              17.071775436401367,
              17.074207305908203,
              17.071359634399414,
              17.077695846557617,
              17.0729923248291,
              17.074464797973633,
              17.076576232910156,
              17.084447860717773,
              17.085439682006836,
              17.084543228149414,
              17.083328247070312,
              17.088960647583008,
              17.085248947143555,
              17.085023880004883,
              17.0849609375,
              17.084575653076172,
              17.084224700927734,
              17.095584869384766,
              17.076128005981445,
              17.086559295654297,
              17.084735870361328,
              17.08393669128418,
              17.07360076904297,
              17.075519561767578,
              17.07254409790039,
              17.074975967407227,
              17.075231552124023,
              17.08451271057129,
              17.08585548400879,
              17.083616256713867,
              17.084224700927734,
              17.076927185058594,
              17.083263397216797,
              17.07472038269043,
              17.08451271057129,
              17.101119995117188,
              17.088224411010742,
              17.072383880615234,
              17.08515167236328,
              17.08572769165039,
              17.093791961669922,
              17.091487884521484,
              17.104095458984375,
              17.088415145874023,
              17.09391975402832,
              17.095808029174805,
              17.08118438720703,
              17.09017562866211,
              17.078271865844727,
              17.078784942626953,
              17.07583999633789,
              17.075904846191406,
              17.07583999633789,
              17.083967208862305,
              17.085119247436523,
              17.083520889282227,
              17.089792251586914,
              17.103456497192383,
              17.0849609375,
              17.073856353759766,
              17.09903907775879,
              17.104703903198242,
              17.087711334228516,
              17.11155128479004,
              17.098047256469727,
              17.084640502929688,
              17.075807571411133,
              17.08345603942871,
              17.09391975402832,
              17.098783493041992,
              17.104320526123047,
              17.09699249267578,
              17.082687377929688,
              17.08780860900879
            ],
            "p99": 17.104703903198242
          },
          "action_expert": {
            "min": 9.414752006530762,
            "median": 9.42799997329712,
            "n": 100,
            "samples_ms": [
              9.441184043884277,
              9.439776420593262,
              9.428095817565918,
              9.428288459777832,
              9.432352066040039,
              9.441375732421875,
              9.438431739807129,
              9.417216300964355,
              9.43830394744873,
              9.43177604675293,
              9.42848014831543,
              9.436639785766602,
              9.422719955444336,
              9.418815612792969,
              9.416895866394043,
              9.428128242492676,
              9.418399810791016,
              9.417535781860352,
              9.419872283935547,
              9.416159629821777,
              9.431903839111328,
              9.427776336669922,
              9.42892837524414,
              9.428192138671875,
              9.41926383972168,
              9.42790412902832,
              9.415040016174316,
              9.427295684814453,
              9.419168472290039,
              9.427519798278809,
              9.429375648498535,
              9.417152404785156,
              9.419360160827637,
              9.436575889587402,
              9.43727970123291,
              9.441760063171387,
              9.438272476196289,
              9.431103706359863,
              9.424223899841309,
              9.436991691589355,
              9.42627239227295,
              9.434783935546875,
              9.427264213562012,
              9.432255744934082,
              9.426591873168945,
              9.429375648498535,
              9.428095817565918,
              9.422016143798828,
              9.428319931030273,
              9.42739200592041,
              9.418880462646484,
              9.417216300964355,
              9.432095527648926,
              9.429120063781738,
              9.428671836853027,
              9.427935600280762,
              9.417407989501953,
              9.414815902709961,
              9.414848327636719,
              9.42630386352539,
              9.418975830078125,
              9.417344093322754,
              9.427424430847168,
              9.419008255004883,
              9.429056167602539,
              9.416128158569336,
              9.427743911743164,
              9.4268798828125,
              9.419936180114746,
              9.41919994354248,
              9.414752006530762,
              9.426912307739258,
              9.440704345703125,
              9.445247650146484,
              9.44108772277832,
              9.436127662658691,
              9.431551933288574,
              9.429823875427246,
              9.427935600280762,
              9.427328109741211,
              9.428064346313477,
              9.428159713745117,
              9.419839859008789,
              9.419232368469238,
              9.434399604797363,
              9.423904418945312,
              9.425760269165039,
              9.436575889587402,
              9.427136421203613,
              9.44108772277832,
              9.443296432495117,
              9.438847541809082,
              9.426495552062988,
              9.43337631225586,
              9.425727844238281,
              9.442591667175293,
              9.455840110778809,
              9.437727928161621,
              9.433152198791504,
              9.437503814697266
            ],
            "p99": 9.445247650146484
          }
        },
        "overhead": {
          "min": -0.5825387239456177,
          "median": -0.5522910356521606,
          "p99": -0.46231456845998764
        }
      },
      "attribution": null,
      "runtime_observation": {
        "before": {
          "clocks.sm": "2887",
          "clocks.mem": "13801",
          "pstate": "P1",
          "temperature.gpu": "44",
          "power.draw": "166.26",
          "clocks_event_reasons.active": "0x0000000000000000"
        },
        "after": {
          "clocks.sm": "2887",
          "clocks.mem": "13801",
          "pstate": "P1",
          "temperature.gpu": "58",
          "power.draw": "482.46",
          "clocks_event_reasons.active": "0x0000000000000000"
        }
      },
      "options": {
        "workload": "robodojo"
      },
      "process_id": 3170543,
      "gpu_uuid": "GPU-7fc626f4-bce7-9a11-81de-0eaedc93e242",
      "implementation_source": null,
      "leg": 0
    }
  ],
  "deltas": null
}
