== leg 0: hardware/nvidia/rtx5090/pi05 plan=shipped
{
  "identity": {
    "schema_version": 3,
    "target": "hardware/nvidia/rtx5090/pi05",
    "hardware": "rtx5090-32gb",
    "model": "pi05",
    "shape_profile": "action_dim32-batch1-chunk10-encoder_dim2048-encoder_ffn_dim16384-expert_dim1024-expert_ffn_dim4096-expert_tokens10-head_dim256-image_channels3-image_height224-image_width224-kv_heads1-layers18-num_views2-prefix_len712-prompt_len200-qkv_width2560-query_heads8-state_dim32-steps10-vision_dim1152-vision_ffn_dim4304-vision_head_dim72-vision_heads16-vision_layers27-visual_tokens512-visual_tokens_per_view256",
    "shape": {
      "batch": 1,
      "num_views": 2,
      "image_height": 224,
      "image_width": 224,
      "image_channels": 3,
      "visual_tokens_per_view": 256,
      "visual_tokens": 512,
      "vision_dim": 1152,
      "vision_ffn_dim": 4304,
      "vision_heads": 16,
      "vision_head_dim": 72,
      "vision_layers": 27,
      "prompt_len": 200,
      "prefix_len": 712,
      "chunk": 10,
      "expert_tokens": 10,
      "state_dim": 32,
      "action_dim": 32,
      "steps": 10,
      "layers": 18,
      "encoder_dim": 2048,
      "encoder_ffn_dim": 16384,
      "query_heads": 8,
      "kv_heads": 1,
      "head_dim": 256,
      "qkv_width": 2560,
      "expert_dim": 1024,
      "expert_ffn_dim": 4096
    },
    "plan": {
      "vision_encoder_patch_embed": "torch",
      "vision_encoder_norm_qkv": "cutlass-vision",
      "vision_encoder_attention": "torch",
      "vision_encoder_out_proj_residual": "cutlass-vision",
      "vision_encoder_norm_ffn_up": "cutlass-vision",
      "vision_encoder_ffn_down_residual": "cutlass-vision",
      "llm_backbone_projector": "torch",
      "llm_backbone_embed_prompt": "torch",
      "llm_backbone_norm_qkv_rope": "fused-prefix-qkv",
      "llm_backbone_attention": "torch",
      "llm_backbone_out_proj_residual_masked": "cutlass-backbone",
      "llm_backbone_norm_gated_ffn_masked": "cutlass-backbone",
      "llm_backbone_ffn_down_residual_masked": "cutlass-backbone",
      "action_expert_action_in_proj": "torch",
      "action_expert_norm_qkv_rope": "triton-qkv-finish",
      "action_expert_attention": "triton-qk-attention",
      "action_expert_out_proj_residual": "cutlass-expert-residual",
      "action_expert_norm_gated_ffn": "dual-ffn",
      "action_expert_ffn_down_residual": "cutlass-expert-residual",
      "action_expert_action_out_proj": "fused-qkv"
    },
    "model_revision": "pi05-r1",
    "engine_revision": "c8026ea886d961c3c0ba622a5146f6870d911c02",
    "inference_signature": "sha256:a79c1f62c3f14674ad87e88a89bb5f66ac650e1c497ccf5076e64017b55d9f6f",
    "execution_variant": {
      "quantization": {
        "mode": "bf16"
      },
      "cache": {
        "mode": "none"
      }
    }
  },
  "protocol": "latency-v2",
  "instrumented": false,
  "measurement_context": {
    "weights": {
      "checkpoint_id": "flash-vla/pi05-random-checkpoint/v2/seed-0",
      "checkpoint_digest": "flash-vla/pi05-random-checkpoint/v2/seed-0"
    },
    "fixture": {
      "id": "flash-vla/pi05-inputs-v2/seed-0",
      "digest": "sha256:186266f9050d21a33ecfa4de7b9d54fe4851c8671f379edb5bc426c775184ce2"
    },
    "environment": {
      "gpu_sku": "NVIDIA GeForce RTX 5090",
      "driver": "580.142",
      "cuda_runtime": "13.0",
      "pytorch": "2.13.0+cu130",
      "tilelang": "0.1.11",
      "clock_policy": {
        "benchmark_control": "inherit",
        "slurm_gpu_freq_request": null,
        "effective_locked_clocks": "unobserved"
      },
      "power_policy": {
        "requested_limit_w": 600.0,
        "enforced_limit_w": 600.0
      },
      "capture_regime": "cuda_graph",
      "clock_observation": {
        "application_graphics_mhz": "[N/A]",
        "application_memory_mhz": "[N/A]"
      }
    },
    "workload": "libero",
    "hostname": "ubun",
    "slurm_job_id": null,
    "timestamp": 1790441065.0674686,
    "reference_provenance": {}
  },
  "env": {
    "gpu": "NVIDIA GeForce RTX 5090",
    "python": "3.12.13",
    "torch": "2.13.0+cu130",
    "torch_cuda": "13.0",
    "tilelang": "0.1.11",
    "gpu_uuid": "GPU-7fc626f4-bce7-9a11-81de-0eaedc93e242",
    "runtime_observation": {
      "clocks.sm": "2895",
      "clocks.mem": "13801",
      "pstate": "P1",
      "temperature.gpu": "57",
      "power.draw": "328.74",
      "clocks_event_reasons.active": "0x0000000000000000"
    },
    "node": "ubun",
    "job": null,
    "driver": "580.142",
    "clocks": "unlocked",
    "clock_policy": {
      "benchmark_control": "inherit",
      "slurm_gpu_freq_request": null,
      "effective_locked_clocks": "unobserved"
    },
    "clock_observation": {
      "application_graphics_mhz": "[N/A]",
      "application_memory_mhz": "[N/A]"
    },
    "power_policy": {
      "requested_limit_w": 600.0,
      "enforced_limit_w": 600.0
    }
  },
  "config": {
    "reps": 100,
    "warmup": 5,
    "seed": 0,
    "plans": [
      "shipped"
    ],
    "calibration": false,
    "breakdown": true,
    "primary_statistic": "median",
    "capture_policy": "fresh-process-first-capture-per-leg",
    "statistics": [
      "min",
      "median",
      "p99"
    ],
    "p99_min_reps": 100,
    "soak_s": 0,
    "control_spread_max_ms": null,
    "attribution": false,
    "leg_options": [
      {}
    ]
  },
  "legs": [
    {
      "plan": "shipped",
      "identity": {
        "schema_version": 3,
        "target": "hardware/nvidia/rtx5090/pi05",
        "hardware": "rtx5090-32gb",
        "model": "pi05",
        "shape_profile": "action_dim32-batch1-chunk10-encoder_dim2048-encoder_ffn_dim16384-expert_dim1024-expert_ffn_dim4096-expert_tokens10-head_dim256-image_channels3-image_height224-image_width224-kv_heads1-layers18-num_views2-prefix_len712-prompt_len200-qkv_width2560-query_heads8-state_dim32-steps10-vision_dim1152-vision_ffn_dim4304-vision_head_dim72-vision_heads16-vision_layers27-visual_tokens512-visual_tokens_per_view256",
        "shape": {
          "batch": 1,
          "num_views": 2,
          "image_height": 224,
          "image_width": 224,
          "image_channels": 3,
          "visual_tokens_per_view": 256,
          "visual_tokens": 512,
          "vision_dim": 1152,
          "vision_ffn_dim": 4304,
          "vision_heads": 16,
          "vision_head_dim": 72,
          "vision_layers": 27,
          "prompt_len": 200,
          "prefix_len": 712,
          "chunk": 10,
          "expert_tokens": 10,
          "state_dim": 32,
          "action_dim": 32,
          "steps": 10,
          "layers": 18,
          "encoder_dim": 2048,
          "encoder_ffn_dim": 16384,
          "query_heads": 8,
          "kv_heads": 1,
          "head_dim": 256,
          "qkv_width": 2560,
          "expert_dim": 1024,
          "expert_ffn_dim": 4096
        },
        "plan": {
          "vision_encoder_patch_embed": "torch",
          "vision_encoder_norm_qkv": "cutlass-vision",
          "vision_encoder_attention": "torch",
          "vision_encoder_out_proj_residual": "cutlass-vision",
          "vision_encoder_norm_ffn_up": "cutlass-vision",
          "vision_encoder_ffn_down_residual": "cutlass-vision",
          "llm_backbone_projector": "torch",
          "llm_backbone_embed_prompt": "torch",
          "llm_backbone_norm_qkv_rope": "fused-prefix-qkv",
          "llm_backbone_attention": "torch",
          "llm_backbone_out_proj_residual_masked": "cutlass-backbone",
          "llm_backbone_norm_gated_ffn_masked": "cutlass-backbone",
          "llm_backbone_ffn_down_residual_masked": "cutlass-backbone",
          "action_expert_action_in_proj": "torch",
          "action_expert_norm_qkv_rope": "triton-qkv-finish",
          "action_expert_attention": "triton-qk-attention",
          "action_expert_out_proj_residual": "cutlass-expert-residual",
          "action_expert_norm_gated_ffn": "dual-ffn",
          "action_expert_ffn_down_residual": "cutlass-expert-residual",
          "action_expert_action_out_proj": "fused-qkv"
        },
        "model_revision": "pi05-r1",
        "engine_revision": "c8026ea886d961c3c0ba622a5146f6870d911c02",
        "inference_signature": "sha256:a79c1f62c3f14674ad87e88a89bb5f66ac650e1c497ccf5076e64017b55d9f6f",
        "execution_variant": {
          "quantization": {
            "mode": "bf16"
          },
          "cache": {
            "mode": "none"
          }
        }
      },
      "measurement_context": {
        "weights": {
          "checkpoint_id": "flash-vla/pi05-random-checkpoint/v2/seed-0",
          "checkpoint_digest": "flash-vla/pi05-random-checkpoint/v2/seed-0"
        },
        "fixture": {
          "id": "flash-vla/pi05-inputs-v2/seed-0",
          "digest": "sha256:186266f9050d21a33ecfa4de7b9d54fe4851c8671f379edb5bc426c775184ce2"
        },
        "environment": {
          "gpu_sku": "NVIDIA GeForce RTX 5090",
          "driver": "580.142",
          "cuda_runtime": "13.0",
          "pytorch": "2.13.0+cu130",
          "tilelang": "0.1.11",
          "clock_policy": {
            "benchmark_control": "inherit",
            "slurm_gpu_freq_request": null,
            "effective_locked_clocks": "unobserved"
          },
          "power_policy": {
            "requested_limit_w": 600.0,
            "enforced_limit_w": 600.0
          },
          "capture_regime": "cuda_graph",
          "clock_observation": {
            "application_graphics_mhz": "[N/A]",
            "application_memory_mhz": "[N/A]"
          }
        },
        "workload": "libero",
        "hostname": "ubun",
        "slurm_job_id": null,
        "timestamp": 1790441065.0674686,
        "reference_provenance": {}
      },
      "metrics": {
        "chunk_latency": {
          "min": 26.043479796499014,
          "median": 26.181583059951663,
          "n": 100,
          "samples_ms": [
            26.38505306094885,
            26.07273729518056,
            26.06499195098877,
            26.049105916172266,
            26.22312167659402,
            26.144994888454676,
            26.086966041475534,
            26.192312128841877,
            26.339914184063673,
            26.0677901096642,
            26.175335980951786,
            26.343981735408306,
            26.07816131785512,
            26.081006973981857,
            26.254326105117798,
            26.126469019800425,
            26.059607975184917,
            26.217529084533453,
            26.211329270154238,
            26.043479796499014,
            26.190328411757946,
            26.344432961195707,
            26.076485868543386,
            26.166546624153852,
            26.392489206045866,
            26.10582672059536,
            26.075467001646757,
            26.140466332435608,
            26.070374064147472,
            26.055418886244297,
            26.218809187412262,
            26.199867948889732,
            26.057918090373278,
            26.22088184580207,
            26.215866208076477,
            26.062411721795797,
            26.168387848883867,
            26.34971495717764,
            26.086941827088594,
            26.044277008622885,
            26.244948152452707,
            26.18749486282468,
            26.07376826927066,
            26.26961190253496,
            26.202629320323467,
            26.06337983161211,
            26.19527792558074,
            26.212959084659815,
            26.063978672027588,
            26.170875877141953,
            26.231521740555763,
            26.070137973874807,
            26.04922605678439,
            26.249205227941275,
            26.183845940977335,
            26.072166860103607,
            26.271911337971687,
            26.2013990432024,
            26.049411855638027,
            26.20091801509261,
            26.211283169686794,
            26.05766011402011,
            26.182863861322403,
            26.34246088564396,
            26.161422953009605,
            26.149909012019634,
            26.280153077095747,
            26.17274085059762,
            26.087484322488308,
            26.271047070622444,
            26.1905281804502,
            26.057859882712364,
            26.20915789157152,
            26.20997978374362,
            26.057812850922346,
            26.184985879808664,
            26.342133060097694,
            26.180302258580923,
            26.228920090943575,
            26.340211741626263,
            26.16387326270342,
            26.080637238919735,
            26.273914147168398,
            26.183285284787416,
            26.07158711180091,
            26.265433989465237,
            26.19716990739107,
            26.05633996427059,
            26.20927430689335,
            26.3537410646677,
            26.083880104124546,
            26.17737092077732,
            26.353005319833755,
            26.167517993599176,
            26.09272627159953,
            26.26964682713151,
            26.174440048635006,
            26.089319959282875,
            26.254127733409405,
            26.200629770755768
          ],
          "p99": 26.38505306094885
        },
        "device_latency": {
          "min": 26.039552688598633,
          "median": 26.197343826293945,
          "n": 100,
          "samples_ms": [
            26.36185646057129,
            26.337919235229492,
            26.225183486938477,
            26.345760345458984,
            26.1615047454834,
            26.07980728149414,
            26.26972770690918,
            26.33670425415039,
            26.088544845581055,
            26.2508487701416,
            26.34774398803711,
            26.06220817565918,
            26.19615936279297,
            26.343103408813477,
            26.15238380432129,
            26.23472023010254,
            26.34659194946289,
            26.158720016479492,
            26.1494083404541,
            26.342880249023438,
            26.170848846435547,
            26.08470344543457,
            26.270240783691406,
            26.18227195739746,
            26.09382438659668,
            26.245311737060547,
            26.198015213012695,
            26.153791427612305,
            26.23904037475586,
            26.218975067138672,
            26.14748764038086,
            26.23263931274414,
            26.332895278930664,
            26.16204833984375,
            26.085248947143555,
            26.272735595703125,
            26.19353675842285,
            26.067264556884766,
            26.25379180908203,
            26.192607879638672,
            26.138368606567383,
            26.2425594329834,
            26.34320068359375,
            26.144256591796875,
            26.22559928894043,
            26.21820831298828,
            26.150463104248047,
            26.14748764038086,
            26.289695739746094,
            26.178560256958008,
            26.084991455078125,
            26.254079818725586,
            26.191871643066406,
            26.039552688598633,
            26.205888748168945,
            26.206880569458008,
            26.14748764038086,
            26.241247177124023,
            26.35430335998535,
            26.172800064086914,
            26.221471786499023,
            26.351520538330078,
            26.17683219909668,
            26.081727981567383,
            26.282623291015625,
            26.196672439575195,
            26.0795841217041,
            26.258399963378906,
            26.212255477905273,
            26.14575958251953,
            26.240192413330078,
            26.34739112854004,
            26.16851234436035,
            26.222816467285156,
            26.236543655395508,
            26.148319244384766,
            26.155136108398438,
            26.151456832885742,
            26.151391983032227,
            26.078144073486328,
            26.273536682128906,
            26.196319580078125,
            26.052383422851562,
            26.208351135253906,
            26.2172794342041,
            26.144351959228516,
            26.22972869873047,
            26.356447219848633,
            26.14908790588379,
            26.167648315429688,
            26.356096267700195,
            26.169248580932617,
            26.070880889892578,
            26.26896095275879,
            26.182815551757812,
            26.065088272094727,
            26.253440856933594,
            26.3437442779541,
            26.148767471313477,
            26.26963233947754
          ],
          "p99": 26.356447219848633
        },
        "host_time": {
          "prompt": {
            "min": 0.020565930753946304,
            "median": 0.021025538444519043,
            "n": 100,
            "samples_ms": [
              0.022253021597862244,
              0.02460181713104248,
              0.02158433198928833,
              0.021477695554494858,
              0.021152663975954056,
              0.021448824554681778,
              0.021283049136400223,
              0.021439045667648315,
              0.021424144506454468,
              0.021780841052532196,
              0.02157222479581833,
              0.02146279439330101,
              0.021050218492746353,
              0.020988285541534424,
              0.021197833120822906,
              0.021439045667648315,
              0.021222978830337524,
              0.02133287489414215,
              0.021009240299463272,
              0.021276995539665222,
              0.020965002477169037,
              0.021044164896011353,
              0.020973850041627884,
              0.020853709429502487,
              0.02117268741130829,
              0.021032989025115967,
              0.02108793705701828,
              0.02069072797894478,
              0.02101389691233635,
              0.020650681108236313,
              0.021739862859249115,
              0.02346700057387352,
              0.021121930330991745,
              0.02098875120282173,
              0.021179206669330597,
              0.020694918930530548,
              0.0206800177693367,
              0.020635314285755157,
              0.020726118236780167,
              0.020971056073904037,
              0.02107769250869751,
              0.020992010831832886,
              0.020926818251609802,
              0.021101906895637512,
              0.02082204446196556,
              0.02113915979862213,
              0.020927749574184418,
              0.020626001060009003,
              0.022866763174533844,
              0.021165236830711365,
              0.021068379282951355,
              0.020748935639858246,
              0.02131890505552292,
              0.02122996374964714,
              0.020762905478477478,
              0.020778272300958633,
              0.02087978646159172,
              0.020922627300024033,
              0.020565930753946304,
              0.020709820091724396,
              0.021066050976514816,
              0.020633917301893234,
              0.021079089492559433,
              0.020975247025489807,
              0.020714011043310165,
              0.020971987396478653,
              0.02110889181494713,
              0.021304935216903687,
              0.020971056073904037,
              0.021204352378845215,
              0.02085510641336441,
              0.021102838218212128,
              0.023733824491500854,
              0.02101808786392212,
              0.020914245396852493,
              0.021351967006921768,
              0.021064653992652893,
              0.02099713310599327,
              0.020987819880247116,
              0.021010171622037888,
              0.02233590930700302,
              0.02094404771924019,
              0.0207521952688694,
              0.021232757717370987,
              0.020733103156089783,
              0.020908191800117493,
              0.020863953977823257,
              0.02093333750963211,
              0.020701438188552856,
              0.020969659090042114,
              0.02072565257549286,
              0.021317042410373688,
              0.020596664398908615,
              0.021039042621850967,
              0.021190382540225983,
              0.0210409052670002,
              0.02277083694934845,
              0.02093566581606865,
              0.020979903638362885,
              0.02095801755785942
            ],
            "p99": 0.023733824491500854
          }
        },
        "segment_latency": {
          "vision_encoder": {
            "min": 3.1480319499969482,
            "median": 3.162768006324768,
            "n": 100,
            "samples_ms": [
              3.163680076599121,
              3.1630399227142334,
              3.1520960330963135,
              3.149791955947876,
              3.1499199867248535,
              3.1485118865966797,
              3.1480319499969482,
              3.1501119136810303,
              3.159519910812378,
              3.159264087677002,
              3.162015914916992,
              3.161504030227661,
              3.1615679264068604,
              3.163327932357788,
              3.162400007247925,
              3.159359931945801,
              3.161184072494507,
              3.162208080291748,
              3.1622400283813477,
              3.162048101425171,
              3.159872055053711,
              3.1613121032714844,
              3.1624960899353027,
              3.1592319011688232,
              3.1620800495147705,
              3.1621439456939697,
              3.1611199378967285,
              3.161600112915039,
              3.161247968673706,
              3.162208080291748,
              3.164479970932007,
              3.1600959300994873,
              3.1613121032714844,
              3.161344051361084,
              3.159519910812378,
              3.161407947540283,
              3.1612160205841064,
              3.1616640090942383,
              3.1643199920654297,
              3.159327983856201,
              3.159327983856201,
              3.1617279052734375,
              3.164383888244629,
              3.161504030227661,
              3.1634879112243652,
              3.1653759479522705,
              3.1616320610046387,
              3.164479970932007,
              3.1632959842681885,
              3.162368059158325,
              3.162208080291748,
              3.163424015045166,
              3.161439895629883,
              3.162368059158325,
              3.1614720821380615,
              3.16428804397583,
              3.162303924560547,
              3.1636159420013428,
              3.1653759479522705,
              3.161344051361084,
              3.163680076599121,
              3.1624319553375244,
              3.1634879112243652,
              3.164479970932007,
              3.162303924560547,
              3.163583993911743,
              3.1717441082000732,
              3.1632320880889893,
              3.1636159420013428,
              3.1636159420013428,
              3.160576105117798,
              3.164128065109253,
              3.1593921184539795,
              3.1716480255126953,
              3.171488046646118,
              3.1719040870666504,
              3.1716480255126953,
              3.171488046646118,
              3.171583890914917,
              3.1715519428253174,
              3.171679973602295,
              3.172607898712158,
              3.1716480255126953,
              3.171583890914917,
              3.1643199920654297,
              3.171839952468872,
              3.1734719276428223,
              3.1715519428253174,
              3.172640085220337,
              3.1717441082000732,
              3.1717119216918945,
              3.172800064086914,
              3.1644160747528076,
              3.1632320880889893,
              3.1643199920654297,
              3.1716160774230957,
              3.1636478900909424,
              3.1718080043792725,
              3.163583993911743,
              3.1718719005584717
            ],
            "p99": 3.172800064086914
          },
          "llm_backbone": {
            "min": 14.182175636291504,
            "median": 14.381311893463135,
            "n": 100,
            "samples_ms": [
              14.182175636291504,
              14.217951774597168,
              14.236576080322266,
              14.255999565124512,
              14.2673921585083,
              14.27996826171875,
              14.292032241821289,
              14.29372787475586,
              14.304703712463379,
              14.316415786743164,
              14.32044792175293,
              14.330719947814941,
              14.344991683959961,
              14.353119850158691,
              14.353311538696289,
              14.365983963012695,
              14.367615699768066,
              14.377120018005371,
              14.377887725830078,
              14.377408027648926,
              14.377856254577637,
              14.37718391418457,
              14.377440452575684,
              14.377120018005371,
              14.378175735473633,
              14.377023696899414,
              14.377951622009277,
              14.37820816040039,
              14.379839897155762,
              14.377951622009277,
              14.379776000976562,
              14.381216049194336,
              14.389792442321777,
              14.379903793334961,
              14.389408111572266,
              14.390656471252441,
              14.381535530090332,
              14.389856338500977,
              14.390656471252441,
              14.389632225036621,
              14.380255699157715,
              14.389984130859375,
              14.389472007751465,
              14.389504432678223,
              14.392191886901855,
              14.389632225036621,
              14.389823913574219,
              14.390751838684082,
              14.390239715576172,
              14.390239715576172,
              14.391488075256348,
              14.382240295410156,
              14.379520416259766,
              14.389951705932617,
              14.390144348144531,
              14.389887809753418,
              14.389472007751465,
              14.389216423034668,
              14.380127906799316,
              14.380064010620117,
              14.37718391418457,
              14.390239715576172,
              14.379263877868652,
              14.382207870483398,
              14.381535530090332,
              14.390015602111816,
              14.392191886901855,
              14.390336036682129,
              14.38156795501709,
              14.37939167022705,
              14.380224227905273,
              14.390527725219727,
              14.382368087768555,
              14.389375686645508,
              14.390336036682129,
              14.3821439743042,
              14.389535903930664,
              14.382464408874512,
              14.390432357788086,
              14.389535903930664,
              14.379136085510254,
              14.379136085510254,
              14.378975868225098,
              14.379008293151855,
              14.390399932861328,
              14.389568328857422,
              14.389951705932617,
              14.380127906799316,
              14.390303611755371,
              14.389472007751465,
              14.378239631652832,
              14.381407737731934,
              14.389375686645508,
              14.389887809753418,
              14.390368461608887,
              14.39072036743164,
              14.380000114440918,
              14.37936019897461,
              14.603263854980469,
              14.377056121826172
            ],
            "p99": 14.392191886901855
          },
          "action_expert": {
            "min": 8.984671592712402,
            "median": 8.996224403381348,
            "n": 100,
            "samples_ms": [
              9.007552146911621,
              8.990592002868652,
              9.009759902954102,
              8.998751640319824,
              8.9966402053833,
              8.996447563171387,
              8.999775886535645,
              8.989664077758789,
              8.999551773071289,
              8.999103546142578,
              8.996735572814941,
              8.996928215026855,
              8.996800422668457,
              8.985535621643066,
              8.99788761138916,
              8.988415718078613,
              8.996928215026855,
              9.008735656738281,
              8.996831893920898,
              8.996831893920898,
              8.996735572814941,
              8.996671676635742,
              8.997088432312012,
              8.996928215026855,
              8.9967679977417,
              8.98639965057373,
              8.995840072631836,
              8.995967864990234,
              8.987775802612305,
              9.002335548400879,
              8.997471809387207,
              8.997023582458496,
              8.996607780456543,
              8.985600471496582,
              8.99612808227539,
              8.984671592712402,
              8.99619197845459,
              8.988448143005371,
              8.996095657348633,
              8.995871543884277,
              8.996031761169434,
              8.99567985534668,
              8.996031761169434,
              8.996607780456543,
              9.000127792358398,
              9.00928020477295,
              8.996064186096191,
              9.000224113464355,
              8.996031761169434,
              8.998080253601074,
              8.996735572814941,
              8.996864318847656,
              8.985664367675781,
              8.995967864990234,
              8.995807647705078,
              8.987936019897461,
              8.987711906433105,
              8.988127708435059,
              8.995967864990234,
              9.008416175842285,
              8.996095657348633,
              8.998016357421875,
              8.98755168914795,
              8.996000289916992,
              8.995967864990234,
              8.996800422668457,
              8.998271942138672,
              8.99619197845459,
              8.996000289916992,
              8.997023582458496,
              8.996159553527832,
              8.988703727722168,
              8.988479614257812,
              8.988448143005371,
              8.99612808227539,
              8.997023582458496,
              8.996735572814941,
              8.988479614257812,
              8.996671676635742,
              8.99612808227539,
              9.008095741271973,
              8.999232292175293,
              8.996224403381348,
              8.985695838928223,
              8.985664367675781,
              8.996288299560547,
              8.996831893920898,
              8.996959686279297,
              8.996224403381348,
              8.996831893920898,
              8.986559867858887,
              8.995903968811035,
              8.996031761169434,
              8.996831893920898,
              8.995776176452637,
              8.988256454467773,
              8.996031761169434,
              8.9967679977417,
              8.998208045959473,
              8.99619197845459
            ],
            "p99": 9.00928020477295
          }
        },
        "overhead": {
          "min": -0.2713993825018406,
          "median": -0.35872124321758747,
          "p99": -0.18921909481287003
        }
      },
      "attribution": null,
      "runtime_observation": {
        "before": {
          "clocks.sm": "2655",
          "clocks.mem": "13801",
          "pstate": "P1",
          "temperature.gpu": "51",
          "power.draw": "147.35",
          "clocks_event_reasons.active": "0x0000000000000000"
        },
        "after": {
          "clocks.sm": "2895",
          "clocks.mem": "13801",
          "pstate": "P1",
          "temperature.gpu": "57",
          "power.draw": "328.74",
          "clocks_event_reasons.active": "0x0000000000000000"
        }
      },
      "options": {
        "workload": "libero"
      },
      "process_id": 3171663,
      "gpu_uuid": "GPU-7fc626f4-bce7-9a11-81de-0eaedc93e242",
      "implementation_source": null,
      "leg": 0
    }
  ],
  "deltas": null
}
