== leg 0: hardware/nvidia/rtx5090/pi05 plan=shipped
{
  "identity": {
    "schema_version": 3,
    "target": "hardware/nvidia/rtx5090/pi05",
    "hardware": "rtx5090-32gb",
    "model": "pi05",
    "shape_profile": "action_dim32-batch1-chunk10-encoder_dim2048-encoder_ffn_dim16384-expert_dim1024-expert_ffn_dim4096-expert_tokens10-head_dim256-image_channels3-image_height224-image_width224-kv_heads1-layers18-num_views2-prefix_len712-prompt_len200-qkv_width2560-query_heads8-state_dim32-steps10-vision_dim1152-vision_ffn_dim4304-vision_head_dim72-vision_heads16-vision_layers27-visual_tokens512-visual_tokens_per_view256",
    "shape": {
      "batch": 1,
      "num_views": 2,
      "image_height": 224,
      "image_width": 224,
      "image_channels": 3,
      "visual_tokens_per_view": 256,
      "visual_tokens": 512,
      "vision_dim": 1152,
      "vision_ffn_dim": 4304,
      "vision_heads": 16,
      "vision_head_dim": 72,
      "vision_layers": 27,
      "prompt_len": 200,
      "prefix_len": 712,
      "chunk": 10,
      "expert_tokens": 10,
      "state_dim": 32,
      "action_dim": 32,
      "steps": 10,
      "layers": 18,
      "encoder_dim": 2048,
      "encoder_ffn_dim": 16384,
      "query_heads": 8,
      "kv_heads": 1,
      "head_dim": 256,
      "qkv_width": 2560,
      "expert_dim": 1024,
      "expert_ffn_dim": 4096
    },
    "plan": {
      "vision_encoder_patch_embed": "torch",
      "vision_encoder_norm_qkv": "cutlass-vision",
      "vision_encoder_attention": "torch",
      "vision_encoder_out_proj_residual": "cutlass-vision",
      "vision_encoder_norm_ffn_up": "cutlass-vision",
      "vision_encoder_ffn_down_residual": "cutlass-vision",
      "llm_backbone_projector": "torch",
      "llm_backbone_embed_prompt": "torch",
      "llm_backbone_norm_qkv_rope": "fused-prefix-qkv",
      "llm_backbone_attention": "torch",
      "llm_backbone_out_proj_residual_masked": "bucketed-backbone",
      "llm_backbone_norm_gated_ffn_masked": "bucketed-backbone",
      "llm_backbone_ffn_down_residual_masked": "bucketed-backbone",
      "action_expert_action_in_proj": "torch",
      "action_expert_norm_qkv_rope": "triton-qkv-finish",
      "action_expert_attention": "triton-qk-attention",
      "action_expert_out_proj_residual": "cutlass-expert-residual",
      "action_expert_norm_gated_ffn": "dual-ffn",
      "action_expert_ffn_down_residual": "cutlass-expert-residual",
      "action_expert_action_out_proj": "fused-qkv"
    },
    "model_revision": "pi05-r1",
    "engine_revision": null,
    "inference_signature": "sha256:a79c1f62c3f14674ad87e88a89bb5f66ac650e1c497ccf5076e64017b55d9f6f",
    "execution_variant": {
      "quantization": {
        "mode": "bf16"
      },
      "cache": {
        "mode": "none"
      }
    }
  },
  "protocol": "latency-v2",
  "instrumented": false,
  "measurement_context": {
    "weights": {
      "checkpoint_id": "flash-vla/pi05-random-checkpoint/v2/seed-0",
      "checkpoint_digest": "flash-vla/pi05-random-checkpoint/v2/seed-0"
    },
    "fixture": {
      "id": "flash-vla/pi05-inputs-v2/seed-0",
      "digest": "sha256:186266f9050d21a33ecfa4de7b9d54fe4851c8671f379edb5bc426c775184ce2"
    },
    "environment": {
      "gpu_sku": "NVIDIA GeForce RTX 5090",
      "driver": "580.142",
      "cuda_runtime": "13.0",
      "pytorch": "2.13.0+cu130",
      "tilelang": "0.1.11",
      "clock_policy": {
        "benchmark_control": "inherit",
        "slurm_gpu_freq_request": null,
        "effective_locked_clocks": "unobserved"
      },
      "power_policy": {
        "requested_limit_w": 600.0,
        "enforced_limit_w": 600.0
      },
      "capture_regime": "cuda_graph",
      "clock_observation": {
        "application_graphics_mhz": "[N/A]",
        "application_memory_mhz": "[N/A]"
      }
    },
    "workload": "libero",
    "hostname": "ubun",
    "slurm_job_id": null,
    "timestamp": 1790441077.7417607,
    "reference_provenance": {}
  },
  "env": {
    "gpu": "NVIDIA GeForce RTX 5090",
    "python": "3.12.13",
    "torch": "2.13.0+cu130",
    "torch_cuda": "13.0",
    "tilelang": "0.1.11",
    "gpu_uuid": "GPU-7fc626f4-bce7-9a11-81de-0eaedc93e242",
    "runtime_observation": {
      "clocks.sm": "2895",
      "clocks.mem": "13801",
      "pstate": "P1",
      "temperature.gpu": "57",
      "power.draw": "359.51",
      "clocks_event_reasons.active": "0x0000000000000000"
    },
    "node": "ubun",
    "job": null,
    "driver": "580.142",
    "clocks": "unlocked",
    "clock_policy": {
      "benchmark_control": "inherit",
      "slurm_gpu_freq_request": null,
      "effective_locked_clocks": "unobserved"
    },
    "clock_observation": {
      "application_graphics_mhz": "[N/A]",
      "application_memory_mhz": "[N/A]"
    },
    "power_policy": {
      "requested_limit_w": 600.0,
      "enforced_limit_w": 600.0
    }
  },
  "config": {
    "reps": 100,
    "warmup": 5,
    "seed": 0,
    "plans": [
      "shipped"
    ],
    "calibration": false,
    "breakdown": true,
    "primary_statistic": "median",
    "capture_policy": "fresh-process-first-capture-per-leg",
    "statistics": [
      "min",
      "median",
      "p99"
    ],
    "p99_min_reps": 100,
    "soak_s": 0,
    "control_spread_max_ms": null,
    "attribution": false,
    "leg_options": [
      {}
    ]
  },
  "legs": [
    {
      "plan": "shipped",
      "identity": {
        "schema_version": 3,
        "target": "hardware/nvidia/rtx5090/pi05",
        "hardware": "rtx5090-32gb",
        "model": "pi05",
        "shape_profile": "action_dim32-batch1-chunk10-encoder_dim2048-encoder_ffn_dim16384-expert_dim1024-expert_ffn_dim4096-expert_tokens10-head_dim256-image_channels3-image_height224-image_width224-kv_heads1-layers18-num_views2-prefix_len712-prompt_len200-qkv_width2560-query_heads8-state_dim32-steps10-vision_dim1152-vision_ffn_dim4304-vision_head_dim72-vision_heads16-vision_layers27-visual_tokens512-visual_tokens_per_view256",
        "shape": {
          "batch": 1,
          "num_views": 2,
          "image_height": 224,
          "image_width": 224,
          "image_channels": 3,
          "visual_tokens_per_view": 256,
          "visual_tokens": 512,
          "vision_dim": 1152,
          "vision_ffn_dim": 4304,
          "vision_heads": 16,
          "vision_head_dim": 72,
          "vision_layers": 27,
          "prompt_len": 200,
          "prefix_len": 712,
          "chunk": 10,
          "expert_tokens": 10,
          "state_dim": 32,
          "action_dim": 32,
          "steps": 10,
          "layers": 18,
          "encoder_dim": 2048,
          "encoder_ffn_dim": 16384,
          "query_heads": 8,
          "kv_heads": 1,
          "head_dim": 256,
          "qkv_width": 2560,
          "expert_dim": 1024,
          "expert_ffn_dim": 4096
        },
        "plan": {
          "vision_encoder_patch_embed": "torch",
          "vision_encoder_norm_qkv": "cutlass-vision",
          "vision_encoder_attention": "torch",
          "vision_encoder_out_proj_residual": "cutlass-vision",
          "vision_encoder_norm_ffn_up": "cutlass-vision",
          "vision_encoder_ffn_down_residual": "cutlass-vision",
          "llm_backbone_projector": "torch",
          "llm_backbone_embed_prompt": "torch",
          "llm_backbone_norm_qkv_rope": "fused-prefix-qkv",
          "llm_backbone_attention": "torch",
          "llm_backbone_out_proj_residual_masked": "bucketed-backbone",
          "llm_backbone_norm_gated_ffn_masked": "bucketed-backbone",
          "llm_backbone_ffn_down_residual_masked": "bucketed-backbone",
          "action_expert_action_in_proj": "torch",
          "action_expert_norm_qkv_rope": "triton-qkv-finish",
          "action_expert_attention": "triton-qk-attention",
          "action_expert_out_proj_residual": "cutlass-expert-residual",
          "action_expert_norm_gated_ffn": "dual-ffn",
          "action_expert_ffn_down_residual": "cutlass-expert-residual",
          "action_expert_action_out_proj": "fused-qkv"
        },
        "model_revision": "pi05-r1",
        "engine_revision": null,
        "inference_signature": "sha256:a79c1f62c3f14674ad87e88a89bb5f66ac650e1c497ccf5076e64017b55d9f6f",
        "execution_variant": {
          "quantization": {
            "mode": "bf16"
          },
          "cache": {
            "mode": "none"
          }
        }
      },
      "measurement_context": {
        "weights": {
          "checkpoint_id": "flash-vla/pi05-random-checkpoint/v2/seed-0",
          "checkpoint_digest": "flash-vla/pi05-random-checkpoint/v2/seed-0"
        },
        "fixture": {
          "id": "flash-vla/pi05-inputs-v2/seed-0",
          "digest": "sha256:186266f9050d21a33ecfa4de7b9d54fe4851c8671f379edb5bc426c775184ce2"
        },
        "environment": {
          "gpu_sku": "NVIDIA GeForce RTX 5090",
          "driver": "580.142",
          "cuda_runtime": "13.0",
          "pytorch": "2.13.0+cu130",
          "tilelang": "0.1.11",
          "clock_policy": {
            "benchmark_control": "inherit",
            "slurm_gpu_freq_request": null,
            "effective_locked_clocks": "unobserved"
          },
          "power_policy": {
            "requested_limit_w": 600.0,
            "enforced_limit_w": 600.0
          },
          "capture_regime": "cuda_graph",
          "clock_observation": {
            "application_graphics_mhz": "[N/A]",
            "application_memory_mhz": "[N/A]"
          }
        },
        "workload": "libero",
        "hostname": "ubun",
        "slurm_job_id": null,
        "timestamp": 1790441077.7417607,
        "reference_provenance": {}
      },
      "metrics": {
        "chunk_latency": {
          "min": 24.30899627506733,
          "median": 24.41336796618998,
          "n": 100,
          "samples_ms": [
            24.450380820780993,
            24.485494010150433,
            24.360700976103544,
            24.332320317626,
            24.325639009475708,
            24.320390075445175,
            24.3242671713233,
            24.35777522623539,
            24.328329134732485,
            24.428613018244505,
            24.582781828939915,
            24.4036503136158,
            24.36137106269598,
            24.3364991620183,
            24.466199800372124,
            24.612626060843468,
            24.368689861148596,
            24.329771753400564,
            24.43370409309864,
            24.58572620525956,
            24.386067874729633,
            24.321541655808687,
            24.32264992967248,
            24.460148997604847,
            24.576405994594097,
            24.37485195696354,
            24.340487085282803,
            24.46714509278536,
            24.613445159047842,
            24.453571066260338,
            24.37080815434456,
            24.333678651601076,
            24.47983017191291,
            24.588539730757475,
            24.353605695068836,
            24.33218201622367,
            24.44723527878523,
            24.586508981883526,
            24.39347142353654,
            24.322424083948135,
            24.30899627506733,
            24.448890704661608,
            24.581225123256445,
            24.35008203610778,
            24.31293996050954,
            24.411262944340706,
            24.569135159254074,
            24.453996680676937,
            24.32309277355671,
            24.319789372384548,
            24.3590222671628,
            24.403877090662718,
            24.32987466454506,
            24.32018704712391,
            24.42453196272254,
            24.590880144387484,
            24.46542587131262,
            24.31898331269622,
            24.324669037014246,
            24.44036304950714,
            24.588067084550858,
            24.362773168832064,
            24.324480909854174,
            24.422244168817997,
            24.587855208665133,
            24.466926231980324,
            24.334548972547054,
            24.3311389349401,
            24.44665366783738,
            24.799773935228586,
            24.443197064101696,
            24.326554033905268,
            24.421487003564835,
            24.588859640061855,
            24.4601140730083,
            24.338000919669867,
            24.313498754054308,
            24.449864868074656,
            24.577598087489605,
            24.439658969640732,
            24.32648977264762,
            24.41549301147461,
            24.58792505785823,
            24.46941239759326,
            24.333714973181486,
            24.328791070729494,
            24.458460975438356,
            24.591943249106407,
            24.438046850264072,
            24.33001296594739,
            24.415472988039255,
            24.58368008956313,
            24.466815870255232,
            24.323821999132633,
            24.317970033735037,
            24.427290074527264,
            24.582085199654102,
            24.442262947559357,
            24.324893951416016,
            24.40654207020998
          ],
          "p99": 24.613445159047842
        },
        "device_latency": {
          "min": 24.304447174072266,
          "median": 24.44054412841797,
          "n": 100,
          "samples_ms": [
            24.59596824645996,
            24.439136505126953,
            24.328256607055664,
            24.41334342956543,
            24.57587242126465,
            24.467552185058594,
            24.316768646240234,
            24.337087631225586,
            24.448768615722656,
            24.58902359008789,
            24.427135467529297,
            24.3187198638916,
            24.41142463684082,
            24.572351455688477,
            24.58835220336914,
            24.334463119506836,
            24.318592071533203,
            24.444896697998047,
            24.574079513549805,
            24.441312789916992,
            24.304447174072266,
            24.41209602355957,
            24.601696014404297,
            24.46169662475586,
            24.315519332885742,
            24.329504013061523,
            24.450111389160156,
            24.56483268737793,
            24.43097686767578,
            24.329919815063477,
            24.4102725982666,
            24.582687377929688,
            24.461984634399414,
            24.325056076049805,
            24.34511947631836,
            24.452863693237305,
            24.572704315185547,
            24.434463500976562,
            24.317855834960938,
            24.415647506713867,
            24.585887908935547,
            24.461952209472656,
            24.320159912109375,
            24.304576873779297,
            24.447423934936523,
            24.584543228149414,
            24.429088592529297,
            24.32691192626953,
            24.418336868286133,
            24.589887619018555,
            24.456735610961914,
            24.32771110534668,
            24.32099151611328,
            24.447647094726562,
            24.592863082885742,
            24.435359954833984,
            24.326528549194336,
            24.425567626953125,
            24.620800018310547,
            24.485919952392578,
            24.328351974487305,
            24.327775955200195,
            24.45574378967285,
            24.593408584594727,
            24.42812728881836,
            24.31932830810547,
            24.40995216369629,
            24.593759536743164,
            24.45088005065918,
            24.3239688873291,
            24.30950355529785,
            24.44585609436035,
            24.563264846801758,
            24.439552307128906,
            24.32592010498047,
            24.471200942993164,
            24.602815628051758,
            24.462080001831055,
            24.33843231201172,
            24.361631393432617,
            24.465824127197266,
            24.627424240112305,
            24.45248031616211,
            24.334592819213867,
            24.439775466918945,
            24.60259246826172,
            24.46227264404297,
            24.308639526367188,
            24.317888259887695,
            24.450559616088867,
            24.577247619628906,
            24.441375732421875,
            24.349151611328125,
            24.450592041015625,
            24.597824096679688,
            24.464031219482422,
            24.346399307250977,
            24.3503360748291,
            24.499391555786133,
            24.570112228393555
          ],
          "p99": 24.620800018310547
        },
        "host_time": {
          "prompt": {
            "min": 0.020659063011407852,
            "median": 0.02116011455655098,
            "n": 100,
            "samples_ms": [
              0.02298876643180847,
              0.02169376239180565,
              0.021273735910654068,
              0.021225307136774063,
              0.021723099052906036,
              0.02745678648352623,
              0.02153264358639717,
              0.020895153284072876,
              0.020897015929222107,
              0.02174312248826027,
              0.028370879590511322,
              0.02165418118238449,
              0.021594110876321793,
              0.02119084820151329,
              0.0206679105758667,
              0.02753082662820816,
              0.021509360522031784,
              0.021371059119701385,
              0.02147722989320755,
              0.02108979970216751,
              0.02721184864640236,
              0.021360814571380615,
              0.020769890397787094,
              0.021251849830150604,
              0.020659063011407852,
              0.020905863493680954,
              0.026692170649766922,
              0.02095988020300865,
              0.020822975784540176,
              0.02091703936457634,
              0.02101203426718712,
              0.023734290152788162,
              0.027313828468322754,
              0.021492131054401398,
              0.021317042410373688,
              0.020666979253292084,
              0.020985957235097885,
              0.026585999876260757,
              0.021004583686590195,
              0.020941253751516342,
              0.0210711732506752,
              0.020872801542282104,
              0.02808310091495514,
              0.021366868168115616,
              0.020836014300584793,
              0.020849984139204025,
              0.0209929421544075,
              0.02105487510561943,
              0.02085091546177864,
              0.02117268741130829,
              0.027360860258340836,
              0.021182000637054443,
              0.02111680805683136,
              0.027055852115154266,
              0.027006026357412338,
              0.021340791136026382,
              0.02116616815328598,
              0.020831823348999023,
              0.026659108698368073,
              0.020899809896945953,
              0.020892824977636337,
              0.020739156752824783,
              0.029401853680610657,
              0.021583866328001022,
              0.020931009203195572,
              0.031717121601104736,
              0.021305866539478302,
              0.020961742848157883,
              0.02112099900841713,
              0.021480023860931396,
              0.02081785351037979,
              0.026903115212917328,
              0.02147117629647255,
              0.020822975784540176,
              0.0207400880753994,
              0.026524066925048828,
              0.021527986973524094,
              0.021112151443958282,
              0.02085277810692787,
              0.021029729396104813,
              0.020889099687337875,
              0.026417430490255356,
              0.021092593669891357,
              0.020784325897693634,
              0.020870938897132874,
              0.02505304291844368,
              0.026660040020942688,
              0.02115406095981598,
              0.020917970687150955,
              0.02093520015478134,
              0.021012965589761734,
              0.021034851670265198,
              0.026342924684286118,
              0.02101808786392212,
              0.020984094589948654,
              0.020915642380714417,
              0.0210590660572052,
              0.02699112519621849,
              0.021256040781736374,
              0.021037179976701736
            ],
            "p99": 0.029401853680610657
          }
        },
        "segment_latency": {
          "vision_encoder": {
            "min": 3.08735990524292,
            "median": 3.1001440286636353,
            "n": 100,
            "samples_ms": [
              3.092128038406372,
              3.08735990524292,
              3.091007947921753,
              3.088223934173584,
              3.0881919860839844,
              3.0899200439453125,
              3.0921599864959717,
              3.0892159938812256,
              3.0985920429229736,
              3.09932804107666,
              3.0985920429229736,
              3.0981760025024414,
              3.0991039276123047,
              3.0985279083251953,
              3.10150408744812,
              3.0984959602355957,
              3.0985279083251953,
              3.0983359813690186,
              3.098464012145996,
              3.0984320640563965,
              3.091264009475708,
              3.099679946899414,
              3.098655939102173,
              3.098400115966797,
              3.0976641178131104,
              3.098464012145996,
              3.0984959602355957,
              3.0938239097595215,
              3.0984959602355957,
              3.09881591796875,
              3.098655939102173,
              3.0989439487457275,
              3.098655939102173,
              3.1005120277404785,
              3.098752021789551,
              3.098560094833374,
              3.1006081104278564,
              3.0985279083251953,
              3.098912000656128,
              3.1016640663146973,
              3.09881591796875,
              3.0992000102996826,
              3.0988481044769287,
              3.0978879928588867,
              3.1005759239196777,
              3.099168062210083,
              3.0986878871917725,
              3.1006720066070557,
              3.0978879928588867,
              3.0987839698791504,
              3.100895881652832,
              3.097856044769287,
              3.100831985473633,
              3.098464012145996,
              3.1010560989379883,
              3.0987839698791504,
              3.10262393951416,
              3.1025919914245605,
              3.0995519161224365,
              3.1038401126861572,
              3.1026558876037598,
              3.1009600162506104,
              3.1059839725494385,
              3.1036159992218018,
              3.101408004760742,
              3.106112003326416,
              3.1028480529785156,
              3.1004159450531006,
              3.10262393951416,
              3.1037120819091797,
              3.100192070007324,
              3.100383996963501,
              3.1014719009399414,
              3.1000959873199463,
              3.100224018096924,
              3.101344108581543,
              3.1031041145324707,
              3.1011199951171875,
              3.110527992248535,
              3.1022400856018066,
              3.1028800010681152,
              3.1013119220733643,
              3.10262393951416,
              3.111488103866577,
              3.100287914276123,
              3.101439952850342,
              3.1013760566711426,
              3.0997440814971924,
              3.1036159992218018,
              3.1103999614715576,
              3.1074559688568115,
              3.1107840538024902,
              3.1112959384918213,
              3.1044158935546875,
              3.1106879711151123,
              3.110527992248535,
              3.110719919204712,
              3.110368013381958,
              3.1115520000457764,
              3.100287914276123
            ],
            "p99": 3.111488103866577
          },
          "llm_backbone": {
            "min": 12.56163215637207,
            "median": 12.657535552978516,
            "n": 100,
            "samples_ms": [
              12.565312385559082,
              12.56163215637207,
              12.573984146118164,
              12.576160430908203,
              12.598527908325195,
              12.589823722839355,
              12.591839790344238,
              12.596991539001465,
              12.598943710327148,
              12.60905647277832,
              12.611295700073242,
              12.612768173217773,
              12.610624313354492,
              12.620863914489746,
              12.62054443359375,
              12.624896049499512,
              12.623488426208496,
              12.625439643859863,
              12.63379192352295,
              12.645183563232422,
              12.637151718139648,
              12.646240234375,
              12.645471572875977,
              12.650848388671875,
              12.647456169128418,
              12.647359848022461,
              12.645376205444336,
              12.655648231506348,
              12.657631874084473,
              12.647392272949219,
              12.656991958618164,
              12.649344444274902,
              12.649888038635254,
              12.659839630126953,
              12.657600402832031,
              12.656736373901367,
              12.658559799194336,
              12.658432006835938,
              12.657407760620117,
              12.65772819519043,
              12.66380786895752,
              12.648287773132324,
              12.65782356262207,
              12.657504081726074,
              12.657535552978516,
              12.656767845153809,
              12.657600402832031,
              12.65766429901123,
              12.658207893371582,
              12.663711547851562,
              12.658368110656738,
              12.657471656799316,
              12.65782356262207,
              12.657119750976562,
              12.649279594421387,
              12.657567977905273,
              12.649663925170898,
              12.658143997192383,
              12.657792091369629,
              12.659711837768555,
              12.66380786895752,
              12.657343864440918,
              12.657631874084473,
              12.658304214477539,
              12.657888412475586,
              12.65766429901123,
              12.65772819519043,
              12.657535552978516,
              12.656864166259766,
              12.657855987548828,
              12.657695770263672,
              12.657695770263672,
              12.659968376159668,
              12.65766429901123,
              12.661791801452637,
              12.65782356262207,
              12.657407760620117,
              12.65766429901123,
              12.661343574523926,
              12.65782356262207,
              12.65772819519043,
              12.66374397277832,
              12.65772819519043,
              12.65664005279541,
              12.65766429901123,
              12.658944129943848,
              12.657247543334961,
              12.657631874084473,
              12.659872055053711,
              12.663647651672363,
              12.663071632385254,
              12.657440185546875,
              12.657567977905273,
              12.657631874084473,
              12.6593599319458,
              12.657759666442871,
              12.657504081726074,
              12.657535552978516,
              12.66988754272461,
              12.66988754272461
            ],
            "p99": 12.66988754272461
          },
          "action_expert": {
            "min": 8.909600257873535,
            "median": 8.91806411743164,
            "n": 100,
            "samples_ms": [
              8.928704261779785,
              8.927552223205566,
              8.922880172729492,
              8.922880172729492,
              8.923168182373047,
              8.910400390625,
              8.910528182983398,
              8.914560317993164,
              8.914624214172363,
              8.910367965698242,
              8.915424346923828,
              8.92249584197998,
              8.923999786376953,
              8.9169921875,
              8.924927711486816,
              8.922080039978027,
              8.914815902709961,
              8.92300796508789,
              8.92300796508789,
              8.916031837463379,
              8.914400100708008,
              8.922143936157227,
              8.923232078552246,
              8.92204761505127,
              8.909760475158691,
              8.922752380371094,
              8.910752296447754,
              8.910655975341797,
              8.914112091064453,
              8.923040390014648,
              8.910880088806152,
              8.914048194885254,
              8.922847747802734,
              8.909600257873535,
              8.912832260131836,
              8.912799835205078,
              8.925408363342285,
              8.923040390014648,
              8.910847663879395,
              8.91385555267334,
              8.91487979888916,
              8.914719581604004,
              8.922783851623535,
              8.924063682556152,
              8.92300796508789,
              8.922783851623535,
              8.910655975341797,
              8.91590404510498,
              8.91385555267334,
              8.922143936157227,
              8.92512035369873,
              8.915871620178223,
              8.914688110351562,
              8.910880088806152,
              8.922911643981934,
              8.910079956054688,
              8.917951583862305,
              8.913920402526855,
              8.923168182373047,
              8.922975540161133,
              8.914848327636719,
              8.923040390014648,
              8.922975540161133,
              8.913472175598145,
              8.930272102355957,
              8.922656059265137,
              8.91312026977539,
              8.910880088806152,
              8.923263549804688,
              8.915040016174316,
              8.92956829071045,
              8.923104286193848,
              8.92300796508789,
              8.909855842590332,
              8.91808032989502,
              8.915871620178223,
              8.910367965698242,
              8.92307186126709,
              8.91708755493164,
              8.916735649108887,
              8.92307186126709,
              8.92416000366211,
              8.915103912353516,
              8.922143936157227,
              8.928352355957031,
              8.92300796508789,
              8.910655975341797,
              8.91977596282959,
              8.923775672912598,
              8.918399810791016,
              8.922271728515625,
              8.914112091064453,
              8.930272102355957,
              8.923168182373047,
              8.910943984985352,
              8.914591789245605,
              8.91487979888916,
              8.916064262390137,
              8.918047904968262,
              8.923135757446289
            ],
            "p99": 8.930272102355957
          }
        },
        "overhead": {
          "min": -0.24959604442119598,
          "median": -0.262375732883811,
          "p99": -0.09820258989930153
        }
      },
      "attribution": null,
      "runtime_observation": {
        "before": {
          "clocks.sm": "2910",
          "clocks.mem": "13801",
          "pstate": "P1",
          "temperature.gpu": "55",
          "power.draw": "152.41",
          "clocks_event_reasons.active": "0x0000000000000000"
        },
        "after": {
          "clocks.sm": "2895",
          "clocks.mem": "13801",
          "pstate": "P1",
          "temperature.gpu": "57",
          "power.draw": "359.51",
          "clocks_event_reasons.active": "0x0000000000000000"
        }
      },
      "options": {
        "workload": "libero"
      },
      "process_id": 3171926,
      "gpu_uuid": "GPU-7fc626f4-bce7-9a11-81de-0eaedc93e242",
      "implementation_source": null,
      "leg": 0
    }
  ],
  "deltas": null
}
