== leg 0: hardware/nvidia/rtx5090/pi05 plan=shipped
{
  "identity": {
    "schema_version": 3,
    "target": "hardware/nvidia/rtx5090/pi05",
    "hardware": "rtx5090-32gb",
    "model": "pi05",
    "shape_profile": "action_dim32-batch1-chunk10-encoder_dim2048-encoder_ffn_dim16384-expert_dim1024-expert_ffn_dim4096-expert_tokens10-head_dim256-image_channels3-image_height224-image_width224-kv_heads1-layers18-num_views2-prefix_len712-prompt_len200-qkv_width2560-query_heads8-state_dim32-steps10-vision_dim1152-vision_ffn_dim4304-vision_head_dim72-vision_heads16-vision_layers27-visual_tokens512-visual_tokens_per_view256",
    "shape": {
      "batch": 1,
      "num_views": 2,
      "image_height": 224,
      "image_width": 224,
      "image_channels": 3,
      "visual_tokens_per_view": 256,
      "visual_tokens": 512,
      "vision_dim": 1152,
      "vision_ffn_dim": 4304,
      "vision_heads": 16,
      "vision_head_dim": 72,
      "vision_layers": 27,
      "prompt_len": 200,
      "prefix_len": 712,
      "chunk": 10,
      "expert_tokens": 10,
      "state_dim": 32,
      "action_dim": 32,
      "steps": 10,
      "layers": 18,
      "encoder_dim": 2048,
      "encoder_ffn_dim": 16384,
      "query_heads": 8,
      "kv_heads": 1,
      "head_dim": 256,
      "qkv_width": 2560,
      "expert_dim": 1024,
      "expert_ffn_dim": 4096
    },
    "plan": {
      "vision_encoder_patch_embed": "torch",
      "vision_encoder_norm_qkv": "cutlass-vision",
      "vision_encoder_attention": "torch",
      "vision_encoder_out_proj_residual": "cutlass-vision",
      "vision_encoder_norm_ffn_up": "cutlass-vision",
      "vision_encoder_ffn_down_residual": "cutlass-vision",
      "llm_backbone_projector": "torch",
      "llm_backbone_embed_prompt": "torch",
      "llm_backbone_norm_qkv_rope": "fused-prefix-qkv",
      "llm_backbone_attention": "torch",
      "llm_backbone_out_proj_residual_masked": "bucketed-backbone",
      "llm_backbone_norm_gated_ffn_masked": "bucketed-backbone",
      "llm_backbone_ffn_down_residual_masked": "bucketed-backbone",
      "action_expert_action_in_proj": "torch",
      "action_expert_norm_qkv_rope": "triton-qkv-finish",
      "action_expert_attention": "triton-qk-attention",
      "action_expert_out_proj_residual": "cutlass-expert-residual",
      "action_expert_norm_gated_ffn": "dual-ffn",
      "action_expert_ffn_down_residual": "cutlass-expert-residual",
      "action_expert_action_out_proj": "fused-qkv"
    },
    "model_revision": "pi05-r1",
    "engine_revision": "4addd5309d5d50db97f3fbc5bd97fce8faabe49b",
    "inference_signature": "sha256:a79c1f62c3f14674ad87e88a89bb5f66ac650e1c497ccf5076e64017b55d9f6f",
    "execution_variant": {
      "quantization": {
        "mode": "bf16"
      },
      "cache": {
        "mode": "none"
      }
    }
  },
  "protocol": "latency-v2",
  "instrumented": false,
  "measurement_context": {
    "weights": {
      "checkpoint_id": "flash-vla/pi05-random-checkpoint/v2/seed-0",
      "checkpoint_digest": "flash-vla/pi05-random-checkpoint/v2/seed-0"
    },
    "fixture": {
      "id": "flash-vla/pi05-inputs-v2/seed-0",
      "digest": "sha256:186266f9050d21a33ecfa4de7b9d54fe4851c8671f379edb5bc426c775184ce2"
    },
    "environment": {
      "gpu_sku": "NVIDIA GeForce RTX 5090",
      "driver": "580.142",
      "cuda_runtime": "13.0",
      "pytorch": "2.13.0+cu130",
      "tilelang": "0.1.11",
      "clock_policy": {
        "benchmark_control": "inherit",
        "slurm_gpu_freq_request": null,
        "effective_locked_clocks": "unobserved"
      },
      "power_policy": {
        "requested_limit_w": 600.0,
        "enforced_limit_w": 600.0
      },
      "capture_regime": "cuda_graph",
      "clock_observation": {
        "application_graphics_mhz": "[N/A]",
        "application_memory_mhz": "[N/A]"
      }
    },
    "workload": "libero",
    "hostname": "ubun",
    "slurm_job_id": null,
    "timestamp": 1790460366.258045,
    "reference_provenance": {}
  },
  "env": {
    "gpu": "NVIDIA GeForce RTX 5090",
    "python": "3.12.13",
    "torch": "2.13.0+cu130",
    "torch_cuda": "13.0",
    "tilelang": "0.1.11",
    "gpu_uuid": "GPU-7fc626f4-bce7-9a11-81de-0eaedc93e242",
    "runtime_observation": {
      "clocks.sm": "2895",
      "clocks.mem": "13801",
      "pstate": "P1",
      "temperature.gpu": "56",
      "power.draw": "323.64",
      "clocks_event_reasons.active": "0x0000000000000000"
    },
    "node": "ubun",
    "job": null,
    "driver": "580.142",
    "clocks": "unlocked",
    "clock_policy": {
      "benchmark_control": "inherit",
      "slurm_gpu_freq_request": null,
      "effective_locked_clocks": "unobserved"
    },
    "clock_observation": {
      "application_graphics_mhz": "[N/A]",
      "application_memory_mhz": "[N/A]"
    },
    "power_policy": {
      "requested_limit_w": 600.0,
      "enforced_limit_w": 600.0
    }
  },
  "config": {
    "reps": 100,
    "warmup": 5,
    "seed": 0,
    "plans": [
      "shipped"
    ],
    "calibration": false,
    "breakdown": true,
    "primary_statistic": "median",
    "capture_policy": "fresh-process-first-capture-per-leg",
    "statistics": [
      "min",
      "median",
      "p99"
    ],
    "p99_min_reps": 100,
    "soak_s": 0,
    "control_spread_max_ms": null,
    "attribution": false,
    "leg_options": [
      {}
    ]
  },
  "legs": [
    {
      "plan": "shipped",
      "identity": {
        "schema_version": 3,
        "target": "hardware/nvidia/rtx5090/pi05",
        "hardware": "rtx5090-32gb",
        "model": "pi05",
        "shape_profile": "action_dim32-batch1-chunk10-encoder_dim2048-encoder_ffn_dim16384-expert_dim1024-expert_ffn_dim4096-expert_tokens10-head_dim256-image_channels3-image_height224-image_width224-kv_heads1-layers18-num_views2-prefix_len712-prompt_len200-qkv_width2560-query_heads8-state_dim32-steps10-vision_dim1152-vision_ffn_dim4304-vision_head_dim72-vision_heads16-vision_layers27-visual_tokens512-visual_tokens_per_view256",
        "shape": {
          "batch": 1,
          "num_views": 2,
          "image_height": 224,
          "image_width": 224,
          "image_channels": 3,
          "visual_tokens_per_view": 256,
          "visual_tokens": 512,
          "vision_dim": 1152,
          "vision_ffn_dim": 4304,
          "vision_heads": 16,
          "vision_head_dim": 72,
          "vision_layers": 27,
          "prompt_len": 200,
          "prefix_len": 712,
          "chunk": 10,
          "expert_tokens": 10,
          "state_dim": 32,
          "action_dim": 32,
          "steps": 10,
          "layers": 18,
          "encoder_dim": 2048,
          "encoder_ffn_dim": 16384,
          "query_heads": 8,
          "kv_heads": 1,
          "head_dim": 256,
          "qkv_width": 2560,
          "expert_dim": 1024,
          "expert_ffn_dim": 4096
        },
        "plan": {
          "vision_encoder_patch_embed": "torch",
          "vision_encoder_norm_qkv": "cutlass-vision",
          "vision_encoder_attention": "torch",
          "vision_encoder_out_proj_residual": "cutlass-vision",
          "vision_encoder_norm_ffn_up": "cutlass-vision",
          "vision_encoder_ffn_down_residual": "cutlass-vision",
          "llm_backbone_projector": "torch",
          "llm_backbone_embed_prompt": "torch",
          "llm_backbone_norm_qkv_rope": "fused-prefix-qkv",
          "llm_backbone_attention": "torch",
          "llm_backbone_out_proj_residual_masked": "bucketed-backbone",
          "llm_backbone_norm_gated_ffn_masked": "bucketed-backbone",
          "llm_backbone_ffn_down_residual_masked": "bucketed-backbone",
          "action_expert_action_in_proj": "torch",
          "action_expert_norm_qkv_rope": "triton-qkv-finish",
          "action_expert_attention": "triton-qk-attention",
          "action_expert_out_proj_residual": "cutlass-expert-residual",
          "action_expert_norm_gated_ffn": "dual-ffn",
          "action_expert_ffn_down_residual": "cutlass-expert-residual",
          "action_expert_action_out_proj": "fused-qkv"
        },
        "model_revision": "pi05-r1",
        "engine_revision": "4addd5309d5d50db97f3fbc5bd97fce8faabe49b",
        "inference_signature": "sha256:a79c1f62c3f14674ad87e88a89bb5f66ac650e1c497ccf5076e64017b55d9f6f",
        "execution_variant": {
          "quantization": {
            "mode": "bf16"
          },
          "cache": {
            "mode": "none"
          }
        }
      },
      "measurement_context": {
        "weights": {
          "checkpoint_id": "flash-vla/pi05-random-checkpoint/v2/seed-0",
          "checkpoint_digest": "flash-vla/pi05-random-checkpoint/v2/seed-0"
        },
        "fixture": {
          "id": "flash-vla/pi05-inputs-v2/seed-0",
          "digest": "sha256:186266f9050d21a33ecfa4de7b9d54fe4851c8671f379edb5bc426c775184ce2"
        },
        "environment": {
          "gpu_sku": "NVIDIA GeForce RTX 5090",
          "driver": "580.142",
          "cuda_runtime": "13.0",
          "pytorch": "2.13.0+cu130",
          "tilelang": "0.1.11",
          "clock_policy": {
            "benchmark_control": "inherit",
            "slurm_gpu_freq_request": null,
            "effective_locked_clocks": "unobserved"
          },
          "power_policy": {
            "requested_limit_w": 600.0,
            "enforced_limit_w": 600.0
          },
          "capture_regime": "cuda_graph",
          "clock_observation": {
            "application_graphics_mhz": "[N/A]",
            "application_memory_mhz": "[N/A]"
          }
        },
        "workload": "libero",
        "hostname": "ubun",
        "slurm_job_id": null,
        "timestamp": 1790460366.258045,
        "reference_provenance": {}
      },
      "metrics": {
        "chunk_latency": {
          "min": 24.30691383779049,
          "median": 24.355175904929638,
          "n": 100,
          "samples_ms": [
            24.402018636465073,
            24.317996110767126,
            24.322450160980225,
            24.324208963662386,
            24.318721145391464,
            24.50135489925742,
            24.47361685335636,
            24.31950392201543,
            24.312877096235752,
            24.318614043295383,
            24.314546026289463,
            24.322666693478823,
            24.319211021065712,
            24.324463680386543,
            24.331687949597836,
            24.34095786884427,
            24.32423969730735,
            24.322534911334515,
            24.335116147994995,
            24.496129248291254,
            24.443766102194786,
            24.318397976458073,
            24.320104159414768,
            24.314032401889563,
            24.32332467287779,
            24.327911902219057,
            24.32719897478819,
            24.35152418911457,
            24.573080241680145,
            24.571227841079235,
            24.329430889338255,
            24.324162863194942,
            24.337259121239185,
            24.483491200953722,
            24.434641003608704,
            24.319485761225224,
            24.342176970094442,
            24.561659898608923,
            24.500930216163397,
            24.326185695827007,
            24.31145403534174,
            24.334369227290154,
            24.48162017390132,
            24.43143306300044,
            24.313620757311583,
            24.314994923770428,
            24.48561228811741,
            24.448003154248,
            24.310023989528418,
            24.30691383779049,
            24.340626318007708,
            24.48523510247469,
            24.4534220546484,
            24.309911765158176,
            24.32121615856886,
            24.491352029144764,
            24.489395320415497,
            24.421047884970903,
            24.33243114501238,
            24.320080876350403,
            24.48277221992612,
            24.446730967611074,
            24.314727168530226,
            24.32857407256961,
            24.3096430785954,
            24.312103167176247,
            24.366683792322874,
            24.380766786634922,
            24.345843121409416,
            24.515686091035604,
            24.506136775016785,
            24.355171713978052,
            24.355637840926647,
            24.369284976273775,
            24.539532139897346,
            24.468513671308756,
            24.33671522885561,
            24.355180095881224,
            24.618051014840603,
            24.55279929563403,
            24.3696472607553,
            24.363091215491295,
            24.375400971621275,
            24.48747307062149,
            24.440527893602848,
            24.360057897865772,
            24.385486263781786,
            24.610389955341816,
            24.57077568396926,
            24.353831075131893,
            24.360246025025845,
            24.397491943091154,
            24.603441823273897,
            24.712224956601858,
            24.338580202311277,
            24.36343999579549,
            24.61571479216218,
            24.549287278205156,
            24.350109975785017,
            24.368138052523136
          ],
          "p99": 24.618051014840603
        },
        "device_latency": {
          "min": 24.300479888916016,
          "median": 24.357264518737793,
          "n": 100,
          "samples_ms": [
            24.596576690673828,
            24.55939292907715,
            24.34111976623535,
            24.35536003112793,
            24.384063720703125,
            24.5883846282959,
            24.544191360473633,
            24.324703216552734,
            24.332128524780273,
            24.56208038330078,
            24.535520553588867,
            24.32828712463379,
            24.348255157470703,
            24.373600006103516,
            24.580608367919922,
            24.495616912841797,
            24.314367294311523,
            24.329952239990234,
            24.563711166381836,
            24.519487380981445,
            24.31510353088379,
            24.31020736694336,
            24.34272003173828,
            24.574047088623047,
            24.495391845703125,
            24.317087173461914,
            24.3242244720459,
            24.575071334838867,
            24.52227210998535,
            24.319072723388672,
            24.318111419677734,
            24.352479934692383,
            24.562911987304688,
            24.503488540649414,
            24.356576919555664,
            24.361568450927734,
            24.64192008972168,
            24.569599151611328,
            24.347423553466797,
            24.35468864440918,
            24.313600540161133,
            24.329343795776367,
            24.35545539855957,
            24.36419105529785,
            24.336511611938477,
            24.568191528320312,
            24.52022361755371,
            24.320831298828125,
            24.357952117919922,
            24.387327194213867,
            24.61382484436035,
            24.50966453552246,
            24.32080078125,
            24.324352264404297,
            24.56585693359375,
            24.515296936035156,
            24.30851173400879,
            24.316991806030273,
            24.337440490722656,
            24.57302474975586,
            24.49078369140625,
            24.315616607666016,
            24.32080078125,
            24.56902313232422,
            24.542783737182617,
            24.358720779418945,
            24.312768936157227,
            24.34284782409668,
            24.5664005279541,
            24.48512077331543,
            24.316831588745117,
            24.327327728271484,
            24.569055557250977,
            24.542272567749023,
            24.35094451904297,
            24.315200805664062,
            24.335039138793945,
            24.572479248046875,
            24.490848541259766,
            24.312000274658203,
            24.327455520629883,
            24.55948829650879,
            24.527807235717773,
            24.355295181274414,
            24.300479888916016,
            24.352384567260742,
            24.569759368896484,
            24.495391845703125,
            24.322208404541016,
            24.327808380126953,
            24.561248779296875,
            24.538272857666016,
            24.350528717041016,
            24.312480926513672,
            24.336288452148438,
            24.576128005981445,
            24.501792907714844,
            24.308704376220703,
            24.319040298461914,
            24.562400817871094
          ],
          "p99": 24.61382484436035
        },
        "host_time": {
          "prompt": {
            "min": 0.02073589712381363,
            "median": 0.021163607016205788,
            "n": 100,
            "samples_ms": [
              0.02271495759487152,
              0.021907035261392593,
              0.021582935005426407,
              0.021679792553186417,
              0.021665822714567184,
              0.021105166524648666,
              0.021688174456357956,
              0.021542422473430634,
              0.023995060473680496,
              0.021630898118019104,
              0.021239742636680603,
              0.021432992070913315,
              0.021558720618486404,
              0.021525193005800247,
              0.021243002265691757,
              0.021385960280895233,
              0.021345913410186768,
              0.021924730390310287,
              0.025458168238401413,
              0.021159183233976364,
              0.021198764443397522,
              0.021486077457666397,
              0.02116011455655098,
              0.02099527046084404,
              0.02098316326737404,
              0.0215042382478714,
              0.02113357186317444,
              0.02110423520207405,
              0.021272804588079453,
              0.020998064428567886,
              0.021663960069417953,
              0.024320092052221298,
              0.02094591036438942,
              0.022654887288808823,
              0.021106097847223282,
              0.021525193005800247,
              0.021441839635372162,
              0.02111680805683136,
              0.020984094589948654,
              0.021309126168489456,
              0.021181069314479828,
              0.021264422684907913,
              0.021097715944051743,
              0.020958948880434036,
              0.021209008991718292,
              0.020953360944986343,
              0.021033920347690582,
              0.021440908312797546,
              0.021167099475860596,
              0.021549873054027557,
              0.020872801542282104,
              0.02129003405570984,
              0.021399930119514465,
              0.021069776266813278,
              0.02274196594953537,
              0.0211312435567379,
              0.0214260071516037,
              0.021452084183692932,
              0.02113915979862213,
              0.02086721360683441,
              0.020978040993213654,
              0.021245796233415604,
              0.02111680805683136,
              0.02112705260515213,
              0.020984094589948654,
              0.021114014089107513,
              0.02100318670272827,
              0.02183392643928528,
              0.021901912987232208,
              0.021856743842363358,
              0.02108002081513405,
              0.02079783007502556,
              0.020759180188179016,
              0.02083694562315941,
              0.0209868885576725,
              0.02100784331560135,
              0.020905863493680954,
              0.021156854927539825,
              0.021481886506080627,
              0.0210651196539402,
              0.021138228476047516,
              0.020919833332300186,
              0.023724976927042007,
              0.021342188119888306,
              0.021004583686590195,
              0.02134311944246292,
              0.02100970596075058,
              0.02073589712381363,
              0.02107163891196251,
              0.020985957235097885,
              0.021182000637054443,
              0.02108141779899597,
              0.021049752831459045,
              0.021360814571380615,
              0.021241139620542526,
              0.021066982299089432,
              0.020910054445266724,
              0.02115778625011444,
              0.020955689251422882,
              0.021014828234910965
            ],
            "p99": 0.024320092052221298
          }
        },
        "segment_latency": {
          "vision_encoder": {
            "min": 3.0861120223999023,
            "median": 3.0994880199432373,
            "n": 100,
            "samples_ms": [
              3.087968111038208,
              3.0862081050872803,
              3.08624005317688,
              3.0861120223999023,
              3.0882880687713623,
              3.0985279083251953,
              3.0986878871917725,
              3.1010239124298096,
              3.0986878871917725,
              3.0980160236358643,
              3.0988481044769287,
              3.0978240966796875,
              3.097759962081909,
              3.0978879928588867,
              3.0978879928588867,
              3.0975680351257324,
              3.0979199409484863,
              3.1007680892944336,
              3.098367929458618,
              3.0977280139923096,
              3.0991361141204834,
              3.0978879928588867,
              3.0987839698791504,
              3.0977280139923096,
              3.0988481044769287,
              3.097856044769287,
              3.09881591796875,
              3.098144054412842,
              3.0977280139923096,
              3.098047971725464,
              3.09881591796875,
              3.0985920429229736,
              3.100127935409546,
              3.097856044769287,
              3.0989439487457275,
              3.0999999046325684,
              3.09769606590271,
              3.0991361141204834,
              3.1000640392303467,
              3.0988800525665283,
              3.098975896835327,
              3.097791910171509,
              3.1009600162506104,
              3.1024320125579834,
              3.097951889038086,
              3.09987211227417,
              3.0987839698791504,
              3.0978240966796875,
              3.097951889038086,
              3.099936008453369,
              3.1000640392303467,
              3.101952075958252,
              3.0988800525665283,
              3.09987211227417,
              3.097951889038086,
              3.0999040603637695,
              3.0990400314331055,
              3.098112106323242,
              3.0999679565429688,
              3.099936008453369,
              3.1010239124298096,
              3.0999999046325684,
              3.0989439487457275,
              3.100127935409546,
              3.1000640392303467,
              3.101952075958252,
              3.1000959873199463,
              3.101952075958252,
              3.098047971725464,
              3.099936008453369,
              3.098112106323242,
              3.0999999046325684,
              3.0999999046325684,
              3.099839925765991,
              3.1007039546966553,
              3.099936008453369,
              3.097856044769287,
              3.102047920227051,
              3.101952075958252,
              3.1008639335632324,
              3.1009600162506104,
              3.101151943206787,
              3.10099196434021,
              3.100224018096924,
              3.1031360626220703,
              3.09987211227417,
              3.102207899093628,
              3.098047971725464,
              3.1019198894500732,
              3.100192070007324,
              3.1009600162506104,
              3.109663963317871,
              3.110368013381958,
              3.100383996963501,
              3.1005759239196777,
              3.102047920227051,
              3.1101438999176025,
              3.1021759510040283,
              3.1030399799346924,
              3.1022720336914062
            ],
            "p99": 3.1101438999176025
          },
          "llm_backbone": {
            "min": 12.528223991394043,
            "median": 12.644271850585938,
            "n": 100,
            "samples_ms": [
              12.528223991394043,
              12.537216186523438,
              12.546879768371582,
              12.548383712768555,
              12.558719635009766,
              12.562272071838379,
              12.572223663330078,
              12.573375701904297,
              12.584256172180176,
              12.583104133605957,
              12.58732795715332,
              12.596672058105469,
              12.597567558288574,
              12.598176002502441,
              12.607647895812988,
              12.611968040466309,
              12.610015869140625,
              12.62063980102539,
              12.619935989379883,
              12.620800018310547,
              12.62012767791748,
              12.622079849243164,
              12.622719764709473,
              12.633088111877441,
              12.633279800415039,
              12.633088111877441,
              12.632320404052734,
              12.63321590423584,
              12.644800186157227,
              12.632255554199219,
              12.632800102233887,
              12.634400367736816,
              12.635135650634766,
              12.632224082946777,
              12.645536422729492,
              12.635968208312988,
              12.636351585388184,
              12.644991874694824,
              12.635231971740723,
              12.644319534301758,
              12.645312309265137,
              12.645407676696777,
              12.64515209197998,
              12.644512176513672,
              12.646368026733398,
              12.644672393798828,
              12.636287689208984,
              12.636863708496094,
              12.645631790161133,
              12.644351959228516,
              12.644672393798828,
              12.644415855407715,
              12.636672019958496,
              12.63491153717041,
              12.633376121520996,
              12.644479751586914,
              12.644512176513672,
              12.64566421508789,
              12.645376205444336,
              12.63702392578125,
              12.646495819091797,
              12.645343780517578,
              12.64566421508789,
              12.64521598815918,
              12.644672393798828,
              12.644224166870117,
              12.637280464172363,
              12.63696002960205,
              12.644479751586914,
              12.636639595031738,
              12.644960403442383,
              12.636256217956543,
              12.645024299621582,
              12.644415855407715,
              12.645631790161133,
              12.645536422729492,
              12.645536422729492,
              12.648063659667969,
              12.64515209197998,
              12.645312309265137,
              12.645440101623535,
              12.645567893981934,
              12.645376205444336,
              12.644672393798828,
              12.635040283203125,
              12.634112358093262,
              12.645503997802734,
              12.645759582519531,
              12.644479751586914,
              12.644607543945312,
              12.644800186157227,
              12.645631790161133,
              12.637056350708008,
              12.64521598815918,
              12.64470386505127,
              12.646783828735352,
              12.644672393798828,
              12.646592140197754,
              12.644800186157227,
              12.64470386505127
            ],
            "p99": 12.646783828735352
          },
          "action_expert": {
            "min": 8.897631645202637,
            "median": 8.910560131072998,
            "n": 100,
            "samples_ms": [
              8.914239883422852,
              8.910847663879395,
              8.910880088806152,
              8.912223815917969,
              8.912768363952637,
              8.922304153442383,
              8.90287971496582,
              8.922528266906738,
              8.910655975341797,
              8.910112380981445,
              8.909855842590332,
              8.914112091064453,
              8.910271644592285,
              8.922944068908691,
              8.912192344665527,
              8.909855842590332,
              8.910816192626953,
              8.901823997497559,
              8.912960052490234,
              8.922335624694824,
              8.914239883422852,
              8.909760475158691,
              8.91107177734375,
              8.910079956054688,
              8.912192344665527,
              8.909728050231934,
              8.90998363494873,
              8.909855842590332,
              8.910016059875488,
              8.91209602355957,
              8.913951873779297,
              8.922464370727539,
              8.910911560058594,
              8.901663780212402,
              8.910143852233887,
              8.910143852233887,
              8.922431945800781,
              8.910207748413086,
              8.910112380981445,
              8.922528266906738,
              8.910816192626953,
              8.911168098449707,
              8.9104642868042,
              8.912063598632812,
              8.911904335021973,
              8.909952163696289,
              8.910176277160645,
              8.910335540771484,
              8.910079956054688,
              8.910271644592285,
              8.912032127380371,
              8.909919738769531,
              8.902560234069824,
              8.910079956054688,
              8.915295600891113,
              8.897631645202637,
              8.912287712097168,
              8.910176277160645,
              8.914079666137695,
              8.913887977600098,
              8.910176277160645,
              8.91420841217041,
              8.898591995239258,
              8.909919738769531,
              8.924832344055176,
              8.901632308959961,
              8.91113567352295,
              8.909503936767578,
              8.911199569702148,
              8.910207748413086,
              8.910016059875488,
              8.910112380981445,
              8.910816192626953,
              8.91215991973877,
              8.911104202270508,
              8.899776458740234,
              8.911968231201172,
              8.8985595703125,
              8.909600257873535,
              8.899007797241211,
              8.910335540771484,
              8.910112380981445,
              8.910271644592285,
              8.909919738769531,
              8.914400100708008,
              8.908896446228027,
              8.910847663879395,
              8.90998363494873,
              8.910783767700195,
              8.91430377960205,
              8.91097640991211,
              8.911935806274414,
              8.911199569702148,
              8.911904335021973,
              8.922304153442383,
              8.910143852233887,
              8.910176277160645,
              8.910112380981445,
              8.911040306091309,
              8.909760475158691
            ],
            "p99": 8.922944068908691
          }
        },
        "overhead": {
          "min": -0.20505382120609283,
          "median": -0.29914409667253494,
          "p99": -0.06182078272104263
        }
      },
      "attribution": null,
      "runtime_observation": {
        "before": {
          "clocks.sm": "2557",
          "clocks.mem": "13801",
          "pstate": "P1",
          "temperature.gpu": "55",
          "power.draw": "135.98",
          "clocks_event_reasons.active": "0x0000000000000000"
        },
        "after": {
          "clocks.sm": "2895",
          "clocks.mem": "13801",
          "pstate": "P1",
          "temperature.gpu": "56",
          "power.draw": "323.64",
          "clocks_event_reasons.active": "0x0000000000000000"
        }
      },
      "options": {
        "workload": "libero"
      },
      "process_id": 3251012,
      "gpu_uuid": "GPU-7fc626f4-bce7-9a11-81de-0eaedc93e242",
      "implementation_source": null,
      "leg": 0
    }
  ],
  "deltas": null
}
