== leg 0: hardware/nvidia/rtx5090/pi05 plan=shipped
{
  "identity": {
    "schema_version": 3,
    "target": "hardware/nvidia/rtx5090/pi05",
    "hardware": "rtx5090-32gb",
    "model": "pi05",
    "shape_profile": "action_dim32-batch1-chunk50-encoder_dim2048-encoder_ffn_dim16384-expert_dim1024-expert_ffn_dim4096-expert_tokens50-head_dim256-image_channels3-image_height224-image_width224-kv_heads1-layers18-num_views3-prefix_len968-prompt_len200-qkv_width2560-query_heads8-state_dim32-steps10-vision_dim1152-vision_ffn_dim4304-vision_head_dim72-vision_heads16-vision_layers27-visual_tokens768-visual_tokens_per_view256",
    "shape": {
      "batch": 1,
      "num_views": 3,
      "image_height": 224,
      "image_width": 224,
      "image_channels": 3,
      "visual_tokens_per_view": 256,
      "visual_tokens": 768,
      "vision_dim": 1152,
      "vision_ffn_dim": 4304,
      "vision_heads": 16,
      "vision_head_dim": 72,
      "vision_layers": 27,
      "prompt_len": 200,
      "prefix_len": 968,
      "chunk": 50,
      "expert_tokens": 50,
      "state_dim": 32,
      "action_dim": 32,
      "steps": 10,
      "layers": 18,
      "encoder_dim": 2048,
      "encoder_ffn_dim": 16384,
      "query_heads": 8,
      "kv_heads": 1,
      "head_dim": 256,
      "qkv_width": 2560,
      "expert_dim": 1024,
      "expert_ffn_dim": 4096
    },
    "plan": {
      "vision_encoder_patch_embed": "torch",
      "vision_encoder_norm_qkv": "cutlass-vision",
      "vision_encoder_attention": "torch",
      "vision_encoder_out_proj_residual": "cutlass-vision",
      "vision_encoder_norm_ffn_up": "cutlass-vision",
      "vision_encoder_ffn_down_residual": "cutlass-vision",
      "llm_backbone_projector": "torch",
      "llm_backbone_embed_prompt": "torch",
      "llm_backbone_norm_qkv_rope": "fused-prefix-qkv",
      "llm_backbone_attention": "torch",
      "llm_backbone_out_proj_residual_masked": "bucketed-backbone",
      "llm_backbone_norm_gated_ffn_masked": "bucketed-backbone",
      "llm_backbone_ffn_down_residual_masked": "bucketed-backbone",
      "action_expert_action_in_proj": "torch",
      "action_expert_norm_qkv_rope": "triton-qkv-finish",
      "action_expert_attention": "triton-qk-attention",
      "action_expert_out_proj_residual": "cutlass-expert-residual",
      "action_expert_norm_gated_ffn": "dual-ffn",
      "action_expert_ffn_down_residual": "cutlass-expert-residual",
      "action_expert_action_out_proj": "fused-qkv"
    },
    "model_revision": "pi05-r1",
    "engine_revision": "4addd5309d5d50db97f3fbc5bd97fce8faabe49b",
    "inference_signature": "sha256:a79c1f62c3f14674ad87e88a89bb5f66ac650e1c497ccf5076e64017b55d9f6f",
    "execution_variant": {
      "quantization": {
        "mode": "bf16"
      },
      "cache": {
        "mode": "none"
      }
    }
  },
  "protocol": "latency-v2",
  "instrumented": false,
  "measurement_context": {
    "weights": {
      "checkpoint_id": "flash-vla/pi05-random-checkpoint/v2/seed-0",
      "checkpoint_digest": "flash-vla/pi05-random-checkpoint/v2/seed-0"
    },
    "fixture": {
      "id": "flash-vla/pi05-inputs-v2/seed-0",
      "digest": "sha256:80e60b97e0964d3a558b2b622bc0d6848a841bb37543e362bdb5ade41d6c7480"
    },
    "environment": {
      "gpu_sku": "NVIDIA GeForce RTX 5090",
      "driver": "580.142",
      "cuda_runtime": "13.0",
      "pytorch": "2.13.0+cu130",
      "tilelang": "0.1.11",
      "clock_policy": {
        "benchmark_control": "inherit",
        "slurm_gpu_freq_request": null,
        "effective_locked_clocks": "unobserved"
      },
      "power_policy": {
        "requested_limit_w": 600.0,
        "enforced_limit_w": 600.0
      },
      "capture_regime": "cuda_graph",
      "clock_observation": {
        "application_graphics_mhz": "[N/A]",
        "application_memory_mhz": "[N/A]"
      }
    },
    "workload": "robodojo",
    "hostname": "ubun",
    "slurm_job_id": null,
    "timestamp": 1790460415.2165494,
    "reference_provenance": {}
  },
  "env": {
    "gpu": "NVIDIA GeForce RTX 5090",
    "python": "3.12.13",
    "torch": "2.13.0+cu130",
    "torch_cuda": "13.0",
    "tilelang": "0.1.11",
    "gpu_uuid": "GPU-7fc626f4-bce7-9a11-81de-0eaedc93e242",
    "runtime_observation": {
      "clocks.sm": "2872",
      "clocks.mem": "13801",
      "pstate": "P1",
      "temperature.gpu": "63",
      "power.draw": "487.86",
      "clocks_event_reasons.active": "0x0000000000000000"
    },
    "node": "ubun",
    "job": null,
    "driver": "580.142",
    "clocks": "unlocked",
    "clock_policy": {
      "benchmark_control": "inherit",
      "slurm_gpu_freq_request": null,
      "effective_locked_clocks": "unobserved"
    },
    "clock_observation": {
      "application_graphics_mhz": "[N/A]",
      "application_memory_mhz": "[N/A]"
    },
    "power_policy": {
      "requested_limit_w": 600.0,
      "enforced_limit_w": 600.0
    }
  },
  "config": {
    "reps": 100,
    "warmup": 5,
    "seed": 0,
    "plans": [
      "shipped"
    ],
    "calibration": false,
    "breakdown": true,
    "primary_statistic": "median",
    "capture_policy": "fresh-process-first-capture-per-leg",
    "statistics": [
      "min",
      "median",
      "p99"
    ],
    "p99_min_reps": 100,
    "soak_s": 0,
    "control_spread_max_ms": null,
    "attribution": false,
    "leg_options": [
      {}
    ]
  },
  "legs": [
    {
      "plan": "shipped",
      "identity": {
        "schema_version": 3,
        "target": "hardware/nvidia/rtx5090/pi05",
        "hardware": "rtx5090-32gb",
        "model": "pi05",
        "shape_profile": "action_dim32-batch1-chunk50-encoder_dim2048-encoder_ffn_dim16384-expert_dim1024-expert_ffn_dim4096-expert_tokens50-head_dim256-image_channels3-image_height224-image_width224-kv_heads1-layers18-num_views3-prefix_len968-prompt_len200-qkv_width2560-query_heads8-state_dim32-steps10-vision_dim1152-vision_ffn_dim4304-vision_head_dim72-vision_heads16-vision_layers27-visual_tokens768-visual_tokens_per_view256",
        "shape": {
          "batch": 1,
          "num_views": 3,
          "image_height": 224,
          "image_width": 224,
          "image_channels": 3,
          "visual_tokens_per_view": 256,
          "visual_tokens": 768,
          "vision_dim": 1152,
          "vision_ffn_dim": 4304,
          "vision_heads": 16,
          "vision_head_dim": 72,
          "vision_layers": 27,
          "prompt_len": 200,
          "prefix_len": 968,
          "chunk": 50,
          "expert_tokens": 50,
          "state_dim": 32,
          "action_dim": 32,
          "steps": 10,
          "layers": 18,
          "encoder_dim": 2048,
          "encoder_ffn_dim": 16384,
          "query_heads": 8,
          "kv_heads": 1,
          "head_dim": 256,
          "qkv_width": 2560,
          "expert_dim": 1024,
          "expert_ffn_dim": 4096
        },
        "plan": {
          "vision_encoder_patch_embed": "torch",
          "vision_encoder_norm_qkv": "cutlass-vision",
          "vision_encoder_attention": "torch",
          "vision_encoder_out_proj_residual": "cutlass-vision",
          "vision_encoder_norm_ffn_up": "cutlass-vision",
          "vision_encoder_ffn_down_residual": "cutlass-vision",
          "llm_backbone_projector": "torch",
          "llm_backbone_embed_prompt": "torch",
          "llm_backbone_norm_qkv_rope": "fused-prefix-qkv",
          "llm_backbone_attention": "torch",
          "llm_backbone_out_proj_residual_masked": "bucketed-backbone",
          "llm_backbone_norm_gated_ffn_masked": "bucketed-backbone",
          "llm_backbone_ffn_down_residual_masked": "bucketed-backbone",
          "action_expert_action_in_proj": "torch",
          "action_expert_norm_qkv_rope": "triton-qkv-finish",
          "action_expert_attention": "triton-qk-attention",
          "action_expert_out_proj_residual": "cutlass-expert-residual",
          "action_expert_norm_gated_ffn": "dual-ffn",
          "action_expert_ffn_down_residual": "cutlass-expert-residual",
          "action_expert_action_out_proj": "fused-qkv"
        },
        "model_revision": "pi05-r1",
        "engine_revision": "4addd5309d5d50db97f3fbc5bd97fce8faabe49b",
        "inference_signature": "sha256:a79c1f62c3f14674ad87e88a89bb5f66ac650e1c497ccf5076e64017b55d9f6f",
        "execution_variant": {
          "quantization": {
            "mode": "bf16"
          },
          "cache": {
            "mode": "none"
          }
        }
      },
      "measurement_context": {
        "weights": {
          "checkpoint_id": "flash-vla/pi05-random-checkpoint/v2/seed-0",
          "checkpoint_digest": "flash-vla/pi05-random-checkpoint/v2/seed-0"
        },
        "fixture": {
          "id": "flash-vla/pi05-inputs-v2/seed-0",
          "digest": "sha256:80e60b97e0964d3a558b2b622bc0d6848a841bb37543e362bdb5ade41d6c7480"
        },
        "environment": {
          "gpu_sku": "NVIDIA GeForce RTX 5090",
          "driver": "580.142",
          "cuda_runtime": "13.0",
          "pytorch": "2.13.0+cu130",
          "tilelang": "0.1.11",
          "clock_policy": {
            "benchmark_control": "inherit",
            "slurm_gpu_freq_request": null,
            "effective_locked_clocks": "unobserved"
          },
          "power_policy": {
            "requested_limit_w": 600.0,
            "enforced_limit_w": 600.0
          },
          "capture_regime": "cuda_graph",
          "clock_observation": {
            "application_graphics_mhz": "[N/A]",
            "application_memory_mhz": "[N/A]"
          }
        },
        "workload": "robodojo",
        "hostname": "ubun",
        "slurm_job_id": null,
        "timestamp": 1790460415.2165494,
        "reference_provenance": {}
      },
      "metrics": {
        "chunk_latency": {
          "min": 30.138342175632715,
          "median": 30.256709083914757,
          "n": 100,
          "samples_ms": [
            30.250217765569687,
            30.320292804390192,
            30.26663977652788,
            30.40292812511325,
            30.203438829630613,
            30.41635500267148,
            30.1471590064466,
            30.324320774525404,
            30.15230316668749,
            30.40203219279647,
            30.253564938902855,
            30.370023101568222,
            30.20855924114585,
            30.249692033976316,
            30.138342175632715,
            30.250598676502705,
            30.162627808749676,
            30.260879080742598,
            30.15956189483404,
            30.255903024226427,
            30.162992887198925,
            30.242428183555603,
            30.158271081745625,
            30.23480996489525,
            30.18141072243452,
            30.248404014855623,
            30.186362098902464,
            30.24512715637684,
            30.189779121428728,
            30.229829717427492,
            30.21490015089512,
            30.236498918384314,
            30.368163716048002,
            30.241543892771006,
            30.363879166543484,
            30.23581625893712,
            30.37876123562455,
            30.24373296648264,
            30.361687298864126,
            30.240424908697605,
            30.374696012586355,
            30.23986704647541,
            30.367232859134674,
            30.24753788486123,
            30.37835005670786,
            30.236356891691685,
            30.373078305274248,
            30.23106697946787,
            30.36012826487422,
            30.226136092096567,
            30.37394629791379,
            30.22675681859255,
            30.364972073584795,
            30.23055288940668,
            30.359274242073298,
            30.22224409505725,
            30.35952104255557,
            30.387308914214373,
            30.26478411629796,
            30.21358884871006,
            30.271545983850956,
            30.219601932913065,
            30.267113354057074,
            30.22244991734624,
            30.2653550170362,
            30.229190830141306,
            30.268735252320766,
            30.393285676836967,
            30.26896109804511,
            30.387277714908123,
            30.273525044322014,
            30.388059094548225,
            30.26557108387351,
            30.377645045518875,
            30.250353273004293,
            30.397641006857157,
            30.256438069045544,
            30.38582392036915,
            30.255123041570187,
            30.401912983506918,
            30.25698009878397,
            30.38544300943613,
            30.255203135311604,
            30.399339273571968,
            30.247561633586884,
            30.388479121029377,
            30.24594997987151,
            30.301894061267376,
            30.227881390601397,
            30.30952299013734,
            30.269743874669075,
            30.284114181995392,
            30.248353723436594,
            30.286319088190794,
            30.246480368077755,
            30.28388973325491,
            30.274886172264814,
            30.28705809265375,
            30.255667865276337,
            30.28375981375575
          ],
          "p99": 30.40292812511325
        },
        "device_latency": {
          "min": 30.246015548706055,
          "median": 30.29918384552002,
          "n": 100,
          "samples_ms": [
            30.27769660949707,
            30.405471801757812,
            30.265472412109375,
            30.391263961791992,
            30.256479263305664,
            30.461471557617188,
            30.296064376831055,
            30.419679641723633,
            30.444992065429688,
            30.394943237304688,
            30.246015548706055,
            30.380767822265625,
            30.262239456176758,
            30.377151489257812,
            30.252288818359375,
            30.287263870239258,
            30.257984161376953,
            30.28835105895996,
            30.260927200317383,
            30.294879913330078,
            30.255552291870117,
            30.287776947021484,
            30.26144027709961,
            30.288671493530273,
            30.415903091430664,
            30.27689552307129,
            30.417280197143555,
            30.288000106811523,
            30.41472053527832,
            30.27884864807129,
            30.416095733642578,
            30.27686309814453,
            30.398975372314453,
            30.267168045043945,
            30.389728546142578,
            30.265344619750977,
            30.39836883544922,
            30.26643180847168,
            30.393152236938477,
            30.255231857299805,
            30.38652801513672,
            30.269535064697266,
            30.40015983581543,
            30.2708797454834,
            30.394784927368164,
            30.41644859313965,
            30.568511962890625,
            30.449312210083008,
            30.394176483154297,
            30.419328689575195,
            30.278560638427734,
            30.422975540161133,
            30.28112030029297,
            30.40239906311035,
            30.277727127075195,
            30.403520584106445,
            30.2827205657959,
            30.417055130004883,
            30.283456802368164,
            30.430400848388672,
            30.270111083984375,
            30.39027214050293,
            30.272768020629883,
            30.41059112548828,
            30.2620792388916,
            30.402912139892578,
            30.276575088500977,
            30.388832092285156,
            30.262815475463867,
            30.315231323242188,
            30.262847900390625,
            30.31318473815918,
            30.27337646484375,
            30.306304931640625,
            30.267616271972656,
            30.304576873779297,
            30.288576126098633,
            30.310720443725586,
            30.279327392578125,
            30.302719116210938,
            30.2923526763916,
            30.305919647216797,
            30.445632934570312,
            30.302303314208984,
            30.430400848388672,
            30.293344497680664,
            30.425792694091797,
            30.288543701171875,
            30.4136962890625,
            30.28816032409668,
            30.423616409301758,
            30.290815353393555,
            30.41423988342285,
            30.289152145385742,
            30.399871826171875,
            30.28544044494629,
            30.40230369567871,
            30.273088455200195,
            30.329248428344727,
            30.267839431762695
          ],
          "p99": 30.461471557617188
        },
        "host_time": {
          "prompt": {
            "min": 0.036549754440784454,
            "median": 0.03925454802811146,
            "n": 100,
            "samples_ms": [
              0.04177819937467575,
              0.04249298945069313,
              0.040055252611637115,
              0.04112767055630684,
              0.03969203680753708,
              0.03894884139299393,
              0.04019681364297867,
              0.03976607695221901,
              0.040078070014715195,
              0.03925710916519165,
              0.040351878851652145,
              0.04059402272105217,
              0.03953278064727783,
              0.039915088564157486,
              0.043029431253671646,
              0.04873797297477722,
              0.04709279164671898,
              0.04725158214569092,
              0.04017632454633713,
              0.040392857044935226,
              0.040176790207624435,
              0.03918306902050972,
              0.03976002335548401,
              0.039943959563970566,
              0.039418693631887436,
              0.03772834315896034,
              0.03827083855867386,
              0.03907410427927971,
              0.0391639769077301,
              0.039245933294296265,
              0.039614271372556686,
              0.04361430183053017,
              0.04028668627142906,
              0.03976793959736824,
              0.03950996324419975,
              0.03877934068441391,
              0.03937073051929474,
              0.03950390964746475,
              0.04006875678896904,
              0.038032885640859604,
              0.03833277150988579,
              0.03917096182703972,
              0.03877934068441391,
              0.038526952266693115,
              0.04088180139660835,
              0.03740377724170685,
              0.03819074481725693,
              0.03832811489701271,
              0.039007049053907394,
              0.039126258343458176,
              0.039721373468637466,
              0.038980040699243546,
              0.039041973650455475,
              0.038809143006801605,
              0.03782613202929497,
              0.039251986891031265,
              0.03964407369494438,
              0.0385562889277935,
              0.038479920476675034,
              0.039204955101013184,
              0.03888783976435661,
              0.03870902583003044,
              0.03947736695408821,
              0.03853067755699158,
              0.037822872400283813,
              0.036549754440784454,
              0.039068982005119324,
              0.03961985930800438,
              0.04035979509353638,
              0.04076492041349411,
              0.04090229049324989,
              0.039439648389816284,
              0.042829662561416626,
              0.03934185951948166,
              0.03897678107023239,
              0.03880215808749199,
              0.03878725692629814,
              0.037684570997953415,
              0.03936607390642166,
              0.038661062717437744,
              0.03876909613609314,
              0.03901403397321701,
              0.0387909822165966,
              0.03853999078273773,
              0.039359088987112045,
              0.04526786506175995,
              0.037783291190862656,
              0.03826804459095001,
              0.04302710294723511,
              0.03886362537741661,
              0.03863777965307236,
              0.03830110654234886,
              0.03861729055643082,
              0.03863684833049774,
              0.03845430910587311,
              0.04092510789632797,
              0.03879982978105545,
              0.04075095057487488,
              0.03961287438869476,
              0.04338473081588745
            ],
            "p99": 0.04725158214569092
          }
        },
        "segment_latency": {
          "vision_encoder": {
            "min": 4.084479808807373,
            "median": 4.119855880737305,
            "n": 100,
            "samples_ms": [
              4.084479808807373,
              4.0957441329956055,
              4.108992099761963,
              4.122687816619873,
              4.119775772094727,
              4.120416164398193,
              4.121503829956055,
              4.121600151062012,
              4.121632099151611,
              4.117440223693848,
              4.128767967224121,
              4.119935989379883,
              4.120960235595703,
              4.119647979736328,
              4.121920108795166,
              4.130047798156738,
              4.121407985687256,
              4.130303859710693,
              4.136000156402588,
              4.130911827087402,
              4.121823787689209,
              4.097055912017822,
              4.093311786651611,
              4.096767902374268,
              4.105055809020996,
              4.097599983215332,
              4.105535984039307,
              4.097280025482178,
              4.10537576675415,
              4.10537576675415,
              4.105440139770508,
              4.105408191680908,
              4.105247974395752,
              4.105311870574951,
              4.105279922485352,
              4.107456207275391,
              4.104640007019043,
              4.1044158935546875,
              4.105567932128906,
              4.110464096069336,
              4.106527805328369,
              4.1072001457214355,
              4.105408191680908,
              4.116799831390381,
              4.117119789123535,
              4.116799831390381,
              4.108352184295654,
              4.117824077606201,
              4.116672039031982,
              4.1175360679626465,
              4.108640193939209,
              4.1176958084106445,
              4.117663860321045,
              4.117472171783447,
              4.117599964141846,
              4.116479873657227,
              4.116640090942383,
              4.117023944854736,
              4.11740779876709,
              4.1179518699646,
              4.116576194763184,
              4.117760181427002,
              4.11894416809082,
              4.12172794342041,
              4.118912220001221,
              4.119584083557129,
              4.120704174041748,
              4.119935989379883,
              4.120863914489746,
              4.120800018310547,
              4.129663944244385,
              4.121632099151611,
              4.128992080688477,
              4.129856109619141,
              4.128928184509277,
              4.130144119262695,
              4.128799915313721,
              4.1296000480651855,
              4.129024028778076,
              4.129216194152832,
              4.128896236419678,
              4.129856109619141,
              4.129824161529541,
              4.129568099975586,
              4.12886381149292,
              4.129856109619141,
              4.129759788513184,
              4.128992080688477,
              4.129087924957275,
              4.129087924957275,
              4.129024028778076,
              4.132095813751221,
              4.128992080688477,
              4.128960132598877,
              4.129792213439941,
              4.1487040519714355,
              4.129759788513184,
              4.12940788269043,
              4.129824161529541,
              4.1299519538879395
            ],
            "p99": 4.136000156402588
          },
          "llm_backbone": {
            "min": 17.145151138305664,
            "median": 17.15830421447754,
            "n": 100,
            "samples_ms": [
              17.147136688232422,
              17.158784866333008,
              17.14784049987793,
              17.150495529174805,
              17.145151138305664,
              17.158559799194336,
              17.14828872680664,
              17.15897560119629,
              17.15894317626953,
              17.158239364624023,
              17.15657615661621,
              17.14668846130371,
              17.157567977905273,
              17.1562557220459,
              17.148256301879883,
              17.14691162109375,
              17.145919799804688,
              17.158143997192383,
              17.157663345336914,
              17.156160354614258,
              17.158079147338867,
              17.156063079833984,
              17.159839630126953,
              17.158432006835938,
              17.157920837402344,
              17.158367156982422,
              17.1560001373291,
              17.158016204833984,
              17.158367156982422,
              17.15897560119629,
              17.158815383911133,
              17.158079147338867,
              17.157087326049805,
              17.159711837768555,
              17.158111572265625,
              17.158079147338867,
              17.15920066833496,
              17.156768798828125,
              17.158815383911133,
              17.15827178955078,
              17.164575576782227,
              17.165119171142578,
              17.159008026123047,
              17.15727996826172,
              17.159135818481445,
              17.158143997192383,
              17.158336639404297,
              17.15772819519043,
              17.157888412475586,
              17.16044807434082,
              17.158336639404297,
              17.174720764160156,
              17.159040451049805,
              17.16262435913086,
              17.161632537841797,
              17.16054344177246,
              17.158016204833984,
              17.15894317626953,
              17.170656204223633,
              17.161792755126953,
              17.15817642211914,
              17.156192779541016,
              17.16217613220215,
              17.15007972717285,
              17.156192779541016,
              17.157567977905273,
              17.1582088470459,
              17.158239364624023,
              17.1582088470459,
              17.155168533325195,
              17.157983779907227,
              17.156288146972656,
              17.160192489624023,
              17.158079147338867,
              17.15827178955078,
              17.157920837402344,
              17.172672271728516,
              17.156511306762695,
              17.158367156982422,
              17.158336639404297,
              17.169536590576172,
              17.158239364624023,
              17.160127639770508,
              17.158336639404297,
              17.16057586669922,
              17.17046356201172,
              17.161888122558594,
              17.16217613220215,
              17.160255432128906,
              17.160287857055664,
              17.171648025512695,
              17.15715217590332,
              17.170591354370117,
              17.159040451049805,
              17.170560836791992,
              17.17024040222168,
              17.171167373657227,
              17.16214370727539,
              17.15827178955078,
              17.16873550415039
            ],
            "p99": 17.172672271728516
          },
          "action_expert": {
            "min": 9.450207710266113,
            "median": 9.453536033630371,
            "n": 100,
            "samples_ms": [
              9.455615997314453,
              9.457375526428223,
              9.455360412597656,
              9.45359992980957,
              9.454496383666992,
              9.451935768127441,
              9.45577621459961,
              9.451519966125488,
              9.451456069946289,
              9.453439712524414,
              9.452544212341309,
              9.453920364379883,
              9.455391883850098,
              9.451680183410645,
              9.45299243927002,
              9.451519966125488,
              9.45148754119873,
              9.453503608703613,
              9.454591751098633,
              9.465855598449707,
              9.451199531555176,
              9.453536033630371,
              9.455072402954102,
              9.453568458557129,
              9.453408241271973,
              9.453472137451172,
              9.451583862304688,
              9.451519966125488,
              9.451423645019531,
              9.454591751098633,
              9.453568458557129,
              9.450464248657227,
              9.463711738586426,
              9.451423645019531,
              9.454591751098633,
              9.453696250915527,
              9.451552391052246,
              9.453632354736328,
              9.452672004699707,
              9.45580768585205,
              9.453375816345215,
              9.451456069946289,
              9.45587158203125,
              9.453503608703613,
              9.451456069946289,
              9.453568458557129,
              9.450592041015625,
              9.45308780670166,
              9.464096069335938,
              9.453536033630371,
              9.45251178741455,
              9.451775550842285,
              9.463104248046875,
              9.451583862304688,
              9.46281623840332,
              9.454912185668945,
              9.450207710266113,
              9.45132827758789,
              9.455391883850098,
              9.454912185668945,
              9.451711654663086,
              9.45263957977295,
              9.453375816345215,
              9.453632354736328,
              9.455455780029297,
              9.451264381408691,
              9.454496383666992,
              9.45139217376709,
              9.451359748840332,
              9.463616371154785,
              9.455552101135254,
              9.453472137451172,
              9.455424308776855,
              9.453760147094727,
              9.451583862304688,
              9.462944030761719,
              9.463423728942871,
              9.463456153869629,
              9.462976455688477,
              9.453280448913574,
              9.4518404006958,
              9.453503608703613,
              9.451711654663086,
              9.451775550842285,
              9.463264465332031,
              9.463616371154785,
              9.452608108520508,
              9.451423645019531,
              9.455679893493652,
              9.451904296875,
              9.450624465942383,
              9.454784393310547,
              9.453856468200684,
              9.455391883850098,
              9.452672004699707,
              9.45468807220459,
              9.454048156738281,
              9.453984260559082,
              9.455552101135254,
              9.453632354736328
            ],
            "p99": 9.464096069335938
          }
        },
        "overhead": {
          "min": -0.5414964817464352,
          "median": -0.47498704493045807,
          "p99": -0.3698403723537922
        }
      },
      "attribution": null,
      "runtime_observation": {
        "before": {
          "clocks.sm": "2910",
          "clocks.mem": "13801",
          "pstate": "P1",
          "temperature.gpu": "54",
          "power.draw": "167.74",
          "clocks_event_reasons.active": "0x0000000000000000"
        },
        "after": {
          "clocks.sm": "2872",
          "clocks.mem": "13801",
          "pstate": "P1",
          "temperature.gpu": "63",
          "power.draw": "487.86",
          "clocks_event_reasons.active": "0x0000000000000000"
        }
      },
      "options": {
        "workload": "robodojo"
      },
      "process_id": 3252057,
      "gpu_uuid": "GPU-7fc626f4-bce7-9a11-81de-0eaedc93e242",
      "implementation_source": null,
      "leg": 0
    }
  ],
  "deltas": null
}
