== leg 0: hardware/nvidia/rtx5090/pi05 plan=shipped
{
  "identity": {
    "schema_version": 3,
    "target": "hardware/nvidia/rtx5090/pi05",
    "hardware": "rtx5090-32gb",
    "model": "pi05",
    "shape_profile": "action_dim32-batch1-chunk50-encoder_dim2048-encoder_ffn_dim16384-expert_dim1024-expert_ffn_dim4096-expert_tokens50-head_dim256-image_channels3-image_height224-image_width224-kv_heads1-layers18-num_views3-prefix_len968-prompt_len200-qkv_width2560-query_heads8-state_dim32-steps10-vision_dim1152-vision_ffn_dim4304-vision_head_dim72-vision_heads16-vision_layers27-visual_tokens768-visual_tokens_per_view256",
    "shape": {
      "batch": 1,
      "num_views": 3,
      "image_height": 224,
      "image_width": 224,
      "image_channels": 3,
      "visual_tokens_per_view": 256,
      "visual_tokens": 768,
      "vision_dim": 1152,
      "vision_ffn_dim": 4304,
      "vision_heads": 16,
      "vision_head_dim": 72,
      "vision_layers": 27,
      "prompt_len": 200,
      "prefix_len": 968,
      "chunk": 50,
      "expert_tokens": 50,
      "state_dim": 32,
      "action_dim": 32,
      "steps": 10,
      "layers": 18,
      "encoder_dim": 2048,
      "encoder_ffn_dim": 16384,
      "query_heads": 8,
      "kv_heads": 1,
      "head_dim": 256,
      "qkv_width": 2560,
      "expert_dim": 1024,
      "expert_ffn_dim": 4096
    },
    "plan": {
      "vision_encoder_patch_embed": "torch",
      "vision_encoder_norm_qkv": "cutlass-vision",
      "vision_encoder_attention": "torch",
      "vision_encoder_out_proj_residual": "cutlass-vision",
      "vision_encoder_norm_ffn_up": "cutlass-vision",
      "vision_encoder_ffn_down_residual": "cutlass-vision",
      "llm_backbone_projector": "torch",
      "llm_backbone_embed_prompt": "torch",
      "llm_backbone_norm_qkv_rope": "fused-prefix-qkv",
      "llm_backbone_attention": "torch",
      "llm_backbone_out_proj_residual": "cutlass-backbone",
      "llm_backbone_norm_gated_ffn": "cutlass-backbone",
      "llm_backbone_ffn_down_residual": "cutlass-backbone",
      "action_expert_action_in_proj": "torch",
      "action_expert_norm_qkv_rope": "triton-qkv-finish",
      "action_expert_attention": "triton-qk-attention",
      "action_expert_out_proj_residual": "cutlass-expert-residual",
      "action_expert_norm_gated_ffn": "dual-ffn",
      "action_expert_ffn_down_residual": "cutlass-expert-residual",
      "action_expert_action_out_proj": "fused-qkv"
    },
    "model_revision": "pi05-r1",
    "engine_revision": null,
    "inference_signature": "sha256:a79c1f62c3f14674ad87e88a89bb5f66ac650e1c497ccf5076e64017b55d9f6f",
    "execution_variant": {
      "quantization": {
        "mode": "bf16"
      },
      "cache": {
        "mode": "none"
      }
    },
    "replay_buckets": [
      64,
      128,
      200
    ]
  },
  "protocol": "latency-v2",
  "instrumented": false,
  "measurement_context": {
    "weights": {
      "checkpoint_id": "flash-vla/pi05-random-checkpoint/v2/seed-0",
      "checkpoint_digest": "flash-vla/pi05-random-checkpoint/v2/seed-0"
    },
    "fixture": {
      "id": "flash-vla/pi05-inputs-v2/seed-0",
      "digest": "sha256:80e60b97e0964d3a558b2b622bc0d6848a841bb37543e362bdb5ade41d6c7480"
    },
    "environment": {
      "gpu_sku": "NVIDIA GeForce RTX 5090",
      "driver": "580.142",
      "cuda_runtime": "13.0",
      "pytorch": "2.13.0+cu130",
      "tilelang": "0.1.11",
      "clock_policy": {
        "benchmark_control": "inherit",
        "slurm_gpu_freq_request": null,
        "effective_locked_clocks": "unobserved"
      },
      "power_policy": {
        "requested_limit_w": 600.0,
        "enforced_limit_w": 600.0
      },
      "capture_regime": "cuda_graph",
      "clock_observation": {
        "application_graphics_mhz": "[N/A]",
        "application_memory_mhz": "[N/A]"
      }
    },
    "workload": "robodojo",
    "hostname": "ubun",
    "slurm_job_id": null,
    "timestamp": 1790460443.6350687,
    "reference_provenance": {}
  },
  "env": {
    "gpu": "NVIDIA GeForce RTX 5090",
    "python": "3.12.13",
    "torch": "2.13.0+cu130",
    "torch_cuda": "13.0",
    "tilelang": "0.1.11",
    "gpu_uuid": "GPU-7fc626f4-bce7-9a11-81de-0eaedc93e242",
    "runtime_observation": {
      "clocks.sm": "2872",
      "clocks.mem": "13801",
      "pstate": "P1",
      "temperature.gpu": "63",
      "power.draw": "493.74",
      "clocks_event_reasons.active": "0x0000000000000000"
    },
    "node": "ubun",
    "job": null,
    "driver": "580.142",
    "clocks": "unlocked",
    "clock_policy": {
      "benchmark_control": "inherit",
      "slurm_gpu_freq_request": null,
      "effective_locked_clocks": "unobserved"
    },
    "clock_observation": {
      "application_graphics_mhz": "[N/A]",
      "application_memory_mhz": "[N/A]"
    },
    "power_policy": {
      "requested_limit_w": 600.0,
      "enforced_limit_w": 600.0
    }
  },
  "config": {
    "reps": 100,
    "warmup": 5,
    "seed": 0,
    "plans": [
      "shipped"
    ],
    "calibration": false,
    "breakdown": true,
    "primary_statistic": "median",
    "capture_policy": "fresh-process-first-capture-per-leg",
    "statistics": [
      "min",
      "median",
      "p99"
    ],
    "p99_min_reps": 100,
    "soak_s": 0,
    "control_spread_max_ms": null,
    "attribution": false,
    "leg_options": [
      {}
    ]
  },
  "legs": [
    {
      "plan": "shipped",
      "identity": {
        "schema_version": 3,
        "target": "hardware/nvidia/rtx5090/pi05",
        "hardware": "rtx5090-32gb",
        "model": "pi05",
        "shape_profile": "action_dim32-batch1-chunk50-encoder_dim2048-encoder_ffn_dim16384-expert_dim1024-expert_ffn_dim4096-expert_tokens50-head_dim256-image_channels3-image_height224-image_width224-kv_heads1-layers18-num_views3-prefix_len968-prompt_len200-qkv_width2560-query_heads8-state_dim32-steps10-vision_dim1152-vision_ffn_dim4304-vision_head_dim72-vision_heads16-vision_layers27-visual_tokens768-visual_tokens_per_view256",
        "shape": {
          "batch": 1,
          "num_views": 3,
          "image_height": 224,
          "image_width": 224,
          "image_channels": 3,
          "visual_tokens_per_view": 256,
          "visual_tokens": 768,
          "vision_dim": 1152,
          "vision_ffn_dim": 4304,
          "vision_heads": 16,
          "vision_head_dim": 72,
          "vision_layers": 27,
          "prompt_len": 200,
          "prefix_len": 968,
          "chunk": 50,
          "expert_tokens": 50,
          "state_dim": 32,
          "action_dim": 32,
          "steps": 10,
          "layers": 18,
          "encoder_dim": 2048,
          "encoder_ffn_dim": 16384,
          "query_heads": 8,
          "kv_heads": 1,
          "head_dim": 256,
          "qkv_width": 2560,
          "expert_dim": 1024,
          "expert_ffn_dim": 4096
        },
        "plan": {
          "vision_encoder_patch_embed": "torch",
          "vision_encoder_norm_qkv": "cutlass-vision",
          "vision_encoder_attention": "torch",
          "vision_encoder_out_proj_residual": "cutlass-vision",
          "vision_encoder_norm_ffn_up": "cutlass-vision",
          "vision_encoder_ffn_down_residual": "cutlass-vision",
          "llm_backbone_projector": "torch",
          "llm_backbone_embed_prompt": "torch",
          "llm_backbone_norm_qkv_rope": "fused-prefix-qkv",
          "llm_backbone_attention": "torch",
          "llm_backbone_out_proj_residual": "cutlass-backbone",
          "llm_backbone_norm_gated_ffn": "cutlass-backbone",
          "llm_backbone_ffn_down_residual": "cutlass-backbone",
          "action_expert_action_in_proj": "torch",
          "action_expert_norm_qkv_rope": "triton-qkv-finish",
          "action_expert_attention": "triton-qk-attention",
          "action_expert_out_proj_residual": "cutlass-expert-residual",
          "action_expert_norm_gated_ffn": "dual-ffn",
          "action_expert_ffn_down_residual": "cutlass-expert-residual",
          "action_expert_action_out_proj": "fused-qkv"
        },
        "model_revision": "pi05-r1",
        "engine_revision": null,
        "inference_signature": "sha256:a79c1f62c3f14674ad87e88a89bb5f66ac650e1c497ccf5076e64017b55d9f6f",
        "execution_variant": {
          "quantization": {
            "mode": "bf16"
          },
          "cache": {
            "mode": "none"
          }
        },
        "replay_buckets": [
          64,
          128,
          200
        ]
      },
      "replay": {
        "extent": 70,
        "bucket": 128
      },
      "measurement_context": {
        "weights": {
          "checkpoint_id": "flash-vla/pi05-random-checkpoint/v2/seed-0",
          "checkpoint_digest": "flash-vla/pi05-random-checkpoint/v2/seed-0"
        },
        "fixture": {
          "id": "flash-vla/pi05-inputs-v2/seed-0",
          "digest": "sha256:80e60b97e0964d3a558b2b622bc0d6848a841bb37543e362bdb5ade41d6c7480"
        },
        "environment": {
          "gpu_sku": "NVIDIA GeForce RTX 5090",
          "driver": "580.142",
          "cuda_runtime": "13.0",
          "pytorch": "2.13.0+cu130",
          "tilelang": "0.1.11",
          "clock_policy": {
            "benchmark_control": "inherit",
            "slurm_gpu_freq_request": null,
            "effective_locked_clocks": "unobserved"
          },
          "power_policy": {
            "requested_limit_w": 600.0,
            "enforced_limit_w": 600.0
          },
          "capture_regime": "cuda_graph",
          "clock_observation": {
            "application_graphics_mhz": "[N/A]",
            "application_memory_mhz": "[N/A]"
          }
        },
        "workload": "robodojo",
        "hostname": "ubun",
        "slurm_job_id": null,
        "timestamp": 1790460443.6350687,
        "reference_provenance": {}
      },
      "metrics": {
        "chunk_latency": {
          "min": 29.80379480868578,
          "median": 29.998590471222997,
          "n": 100,
          "samples_ms": [
            29.880397021770477,
            29.80379480868578,
            29.874359723180532,
            29.804222285747528,
            29.879546724259853,
            29.81279417872429,
            29.89390818402171,
            29.86119268462062,
            29.904594644904137,
            29.868473764508963,
            29.927345924079418,
            29.875044245272875,
            29.938417952507734,
            29.90142907947302,
            30.033460818231106,
            29.93345493450761,
            30.05402721464634,
            29.97085778042674,
            30.077912844717503,
            29.970075003802776,
            30.06510902196169,
            29.95299967005849,
            30.06669320166111,
            29.958297964185476,
            30.08037805557251,
            29.96141603216529,
            29.98503390699625,
            29.964348766952753,
            29.988274909555912,
            29.972640331834555,
            30.02816392108798,
            29.97468411922455,
            29.9952058121562,
            29.999348800629377,
            29.998166020959616,
            29.969913884997368,
            30.004482716321945,
            29.980151914060116,
            30.00373300164938,
            29.98345112428069,
            29.999014921486378,
            29.982765205204487,
            30.00831324607134,
            29.992120806127787,
            30.00281983986497,
            29.983173590153456,
            30.003572814166546,
            29.983622021973133,
            30.022494960576296,
            29.982375912368298,
            30.012914910912514,
            29.987149871885777,
            30.013108160346746,
            29.987729620188475,
            30.01355892047286,
            29.977367725223303,
            30.004700180143118,
            29.986584093421698,
            30.02240788191557,
            29.982333071529865,
            29.999230057001114,
            29.98787397518754,
            30.012597795575857,
            29.983882326632738,
            30.0168227404356,
            29.983474873006344,
            30.008175875991583,
            29.983215034008026,
            30.00767482444644,
            29.988266993314028,
            30.005571898072958,
            29.98527605086565,
            30.090505722910166,
            30.005183070898056,
            30.09443497285247,
            30.01004783436656,
            30.012871138751507,
            29.99650686979294,
            30.00768506899476,
            29.992429073899984,
            30.02225700765848,
            29.992989730089903,
            30.099833849817514,
            30.01911286264658,
            30.01830680295825,
            30.005959328263998,
            30.017339158803225,
            30.006696935743093,
            30.017356853932142,
            30.001295264810324,
            30.095756985247135,
            30.16639593988657,
            30.01252794638276,
            29.99138506129384,
            30.022779013961554,
            30.011378694325686,
            30.113721266388893,
            30.1650557667017,
            30.104441102594137,
            30.175398103892803
          ],
          "p99": 30.16639593988657
        },
        "device_latency": {
          "min": 29.94540786743164,
          "median": 30.015888214111328,
          "n": 100,
          "samples_ms": [
            30.165088653564453,
            30.017536163330078,
            30.01318359375,
            30.004959106445312,
            30.021472930908203,
            30.101728439331055,
            30.151872634887695,
            30.013120651245117,
            29.998111724853516,
            30.105440139770508,
            30.169248580932617,
            30.012672424316406,
            30.008031845092773,
            29.998048782348633,
            30.00864028930664,
            29.996736526489258,
            30.005216598510742,
            29.998239517211914,
            30.216352462768555,
            29.999967575073242,
            30.00169563293457,
            30.005632400512695,
            30.007808685302734,
            30.019775390625,
            30.0097599029541,
            30.011232376098633,
            30.008832931518555,
            30.010751724243164,
            30.019264221191406,
            30.022783279418945,
            30.012351989746094,
            30.016511917114258,
            30.006847381591797,
            30.015775680541992,
            30.009471893310547,
            30.01728057861328,
            30.013216018676758,
            30.01215934753418,
            30.018144607543945,
            30.02115249633789,
            29.98297691345215,
            29.967424392700195,
            29.985471725463867,
            29.9552001953125,
            29.991519927978516,
            29.959327697753906,
            30.00271987915039,
            29.97545623779297,
            29.99510383605957,
            29.957792282104492,
            30.000831604003906,
            29.960031509399414,
            29.998079299926758,
            29.960256576538086,
            29.992799758911133,
            29.95897674560547,
            30.003616333007812,
            29.951200485229492,
            29.988767623901367,
            29.94540786743164,
            30.0248966217041,
            30.03023910522461,
            30.01046371459961,
            30.0130558013916,
            30.014432907104492,
            30.002304077148438,
            30.022815704345703,
            30.030719757080078,
            30.032127380371094,
            30.033376693725586,
            30.162752151489258,
            30.0251522064209,
            30.16089630126953,
            30.02716827392578,
            30.17363166809082,
            30.026752471923828,
            30.156415939331055,
            30.035327911376953,
            30.162080764770508,
            30.04195213317871,
            30.176895141601562,
            30.043264389038086,
            30.150175094604492,
            30.027423858642578,
            30.152864456176758,
            30.03539276123047,
            30.15465545654297,
            30.014848709106445,
            30.141023635864258,
            30.016000747680664,
            30.155040740966797,
            30.023040771484375,
            30.142112731933594,
            30.026784896850586,
            30.159360885620117,
            30.034591674804688,
            30.15433692932129,
            30.04265594482422,
            30.153247833251953,
            30.03014373779297
          ],
          "p99": 30.176895141601562
        },
        "host_time": {
          "prompt": {
            "min": 0.038286205381155014,
            "median": 0.04047108814120293,
            "n": 100,
            "samples_ms": [
              0.04751700907945633,
              0.04126597195863724,
              0.04156818613409996,
              0.039884354919195175,
              0.04198914393782616,
              0.040972139686346054,
              0.04012277349829674,
              0.040343962609767914,
              0.04125293344259262,
              0.04098471254110336,
              0.040446873754262924,
              0.0405898317694664,
              0.04003802314400673,
              0.04054512828588486,
              0.0385199673473835,
              0.039089005440473557,
              0.03955420106649399,
              0.041081104427576065,
              0.03980705514550209,
              0.0396030955016613,
              0.03881193697452545,
              0.04088692367076874,
              0.04043709486722946,
              0.040046870708465576,
              0.04301220178604126,
              0.0399341806769371,
              0.039590056985616684,
              0.040102750062942505,
              0.04021869972348213,
              0.040811020880937576,
              0.03912812098860741,
              0.04578894004225731,
              0.041943974792957306,
              0.041087158024311066,
              0.039250124245882034,
              0.040906015783548355,
              0.03992300480604172,
              0.0406741164624691,
              0.039618927985429764,
              0.04025828093290329,
              0.040566083043813705,
              0.04079565405845642,
              0.040380749851465225,
              0.03874069079756737,
              0.03978097811341286,
              0.040593091398477554,
              0.03983592614531517,
              0.04047714173793793,
              0.04010414704680443,
              0.04196120426058769,
              0.04130089655518532,
              0.041054096072912216,
              0.04115700721740723,
              0.039495062083005905,
              0.04117889329791069,
              0.04069693386554718,
              0.04008365795016289,
              0.04045013338327408,
              0.040350016206502914,
              0.04084687680006027,
              0.040072016417980194,
              0.040551647543907166,
              0.040465034544467926,
              0.03925664350390434,
              0.04068110138177872,
              0.041593797504901886,
              0.041507650166749954,
              0.04110299050807953,
              0.04532933235168457,
              0.041380058974027634,
              0.04159100353717804,
              0.040180981159210205,
              0.04085805267095566,
              0.043477863073349,
              0.04019495099782944,
              0.04133395850658417,
              0.04075886681675911,
              0.040918122977018356,
              0.03975816071033478,
              0.039556995034217834,
              0.0420156866312027,
              0.03964407369494438,
              0.04027318209409714,
              0.040079932659864426,
              0.04025595262646675,
              0.04005571827292442,
              0.04038214683532715,
              0.038286205381155014,
              0.04033511504530907,
              0.045272987335920334,
              0.03875186666846275,
              0.03975722938776016,
              0.04037003964185715,
              0.04123710095882416,
              0.0459868460893631,
              0.04016095772385597,
              0.04071323201060295,
              0.04131486639380455,
              0.045182183384895325,
              0.04130695015192032
            ],
            "p99": 0.0459868460893631
          }
        },
        "segment_latency": {
          "vision_encoder": {
            "min": 4.092639923095703,
            "median": 4.129663944244385,
            "n": 100,
            "samples_ms": [
              4.095392227172852,
              4.093887805938721,
              4.104864120483398,
              4.117568016052246,
              4.129568099975586,
              4.130271911621094,
              4.129695892333984,
              4.105216026306152,
              4.0946879386901855,
              4.09276819229126,
              4.092895984649658,
              4.093247890472412,
              4.0930562019348145,
              4.092639923095703,
              4.092864036560059,
              4.092832088470459,
              4.092800140380859,
              4.093472003936768,
              4.093408107757568,
              4.09500789642334,
              4.104928016662598,
              4.105855941772461,
              4.104703903198242,
              4.105472087860107,
              4.107456207275391,
              4.107327938079834,
              4.107135772705078,
              4.107264041900635,
              4.1057281494140625,
              4.107456207275391,
              4.108448028564453,
              4.109568119049072,
              4.1084160804748535,
              4.120800018310547,
              4.116703987121582,
              4.117440223693848,
              4.117824077606201,
              4.117631912231445,
              4.118624210357666,
              4.119808197021484,
              4.117983818054199,
              4.119679927825928,
              4.1169281005859375,
              4.117919921875,
              4.119967937469482,
              4.119743824005127,
              4.119328022003174,
              4.119840145111084,
              4.129631996154785,
              4.129663944244385,
              4.129695892333984,
              4.129631996154785,
              4.129663944244385,
              4.130239963531494,
              4.129983901977539,
              4.13040018081665,
              4.129119873046875,
              4.129759788513184,
              4.129759788513184,
              4.130047798156738,
              4.130047798156738,
              4.129856109619141,
              4.129824161529541,
              4.129983901977539,
              4.130144119262695,
              4.130527973175049,
              4.130080223083496,
              4.129695892333984,
              4.142655849456787,
              4.131008148193359,
              4.129983901977539,
              4.1299519538879395,
              4.129856109619141,
              4.129983901977539,
              4.130335807800293,
              4.130368232727051,
              4.1302080154418945,
              4.12988805770874,
              4.132095813751221,
              4.131936073303223,
              4.131904125213623,
              4.1302080154418945,
              4.131968021392822,
              4.13097620010376,
              4.1345601081848145,
              4.13212776184082,
              4.1341118812561035,
              4.13212776184082,
              4.133279800415039,
              4.134175777435303,
              4.129663944244385,
              4.13427209854126,
              4.142079830169678,
              4.141056060791016,
              4.1332478523254395,
              4.133312225341797,
              4.13375997543335,
              4.141823768615723,
              4.142240047454834,
              4.133120059967041
            ],
            "p99": 4.142240047454834
          },
          "llm_backbone": {
            "min": 16.74015998840332,
            "median": 16.75276756286621,
            "n": 100,
            "samples_ms": [
              16.765247344970703,
              16.75279998779297,
              16.74176025390625,
              16.752544403076172,
              16.74015998840332,
              16.75334358215332,
              16.7523193359375,
              16.753408432006836,
              16.750240325927734,
              16.755264282226562,
              16.75676727294922,
              16.755264282226562,
              16.753536224365234,
              16.7509765625,
              16.761695861816406,
              16.7542724609375,
              16.751487731933594,
              16.75174331665039,
              16.750911712646484,
              16.751007080078125,
              16.7509765625,
              16.764671325683594,
              16.75507164001465,
              16.75222396850586,
              16.7523193359375,
              16.7541446685791,
              16.753887176513672,
              16.762720108032227,
              16.7542724609375,
              16.764991760253906,
              16.754623413085938,
              16.754432678222656,
              16.752735137939453,
              16.752960205078125,
              16.752384185791016,
              16.756607055664062,
              16.75315284729004,
              16.753087997436523,
              16.751264572143555,
              16.751232147216797,
              16.752351760864258,
              16.753055572509766,
              16.752511978149414,
              16.754592895507812,
              16.751327514648438,
              16.755264282226562,
              16.751327514648438,
              16.750463485717773,
              16.75449562072754,
              16.753280639648438,
              16.75324821472168,
              16.752607345581055,
              16.75267219543457,
              16.754240036010742,
              16.752639770507812,
              16.75107192993164,
              16.752544403076172,
              16.752479553222656,
              16.752479553222656,
              16.752479553222656,
              16.744287490844727,
              16.751680374145508,
              16.750335693359375,
              16.752479553222656,
              16.741056442260742,
              16.753087997436523,
              16.750463485717773,
              16.750207901000977,
              16.752544403076172,
              16.753536224365234,
              16.75119972229004,
              16.752704620361328,
              16.752384185791016,
              16.75004768371582,
              16.75446319580078,
              16.752735137939453,
              16.75472068786621,
              16.75312042236328,
              16.75472068786621,
              16.752288818359375,
              16.750112533569336,
              16.752544403076172,
              16.756479263305664,
              16.756832122802734,
              16.752511978149414,
              16.752416610717773,
              16.7523193359375,
              16.75315284729004,
              16.75347137451172,
              16.754688262939453,
              16.766687393188477,
              16.762624740600586,
              16.76483154296875,
              16.763456344604492,
              16.754304885864258,
              16.764543533325195,
              16.75663948059082,
              16.754592895507812,
              16.752479553222656,
              16.754560470581055
            ],
            "p99": 16.765247344970703
          },
          "action_expert": {
            "min": 9.43836784362793,
            "median": 9.444015979766846,
            "n": 100,
            "samples_ms": [
              9.45411205291748,
              9.456192016601562,
              9.450336456298828,
              9.45148754119873,
              9.440287590026855,
              9.438976287841797,
              9.451775550842285,
              9.443136215209961,
              9.451807975769043,
              9.450528144836426,
              9.451104164123535,
              9.441439628601074,
              9.451807975769043,
              9.443488121032715,
              9.451456069946289,
              9.443231582641602,
              9.450624465942383,
              9.439007759094238,
              9.450464248657227,
              9.452128410339355,
              9.451231956481934,
              9.45139217376709,
              9.450464248657227,
              9.451647758483887,
              9.442399978637695,
              9.439040184020996,
              9.439104080200195,
              9.450495719909668,
              9.441216468811035,
              9.451264381408691,
              9.440704345703125,
              9.441311836242676,
              9.451199531555176,
              9.463616371154785,
              9.450240135192871,
              9.443391799926758,
              9.452896118164062,
              9.451647758483887,
              9.450495719909668,
              9.444512367248535,
              9.439135551452637,
              9.441375732421875,
              9.439040184020996,
              9.439264297485352,
              9.451423645019531,
              9.451359748840332,
              9.451519966125488,
              9.442720413208008,
              9.451359748840332,
              9.443360328674316,
              9.451583862304688,
              9.441120147705078,
              9.439200401306152,
              9.451456069946289,
              9.450495719909668,
              9.452223777770996,
              9.441184043884277,
              9.451616287231445,
              9.440959930419922,
              9.452032089233398,
              9.442560195922852,
              9.443424224853516,
              9.450559616088867,
              9.439104080200195,
              9.44041633605957,
              9.440896034240723,
              9.438559532165527,
              9.443327903747559,
              9.454784393310547,
              9.443327903747559,
              9.450719833374023,
              9.45148754119873,
              9.451552391052246,
              9.439519882202148,
              9.442975997924805,
              9.450495719909668,
              9.451583862304688,
              9.439135551452637,
              9.441408157348633,
              9.443488121032715,
              9.44320011138916,
              9.44099235534668,
              9.43836784362793,
              9.441247940063477,
              9.450464248657227,
              9.438591957092285,
              9.451007843017578,
              9.444479942321777,
              9.443231582641602,
              9.439264297485352,
              9.451264381408691,
              9.451231956481934,
              9.441535949707031,
              9.443424224853516,
              9.450847625732422,
              9.441184043884277,
              9.450943946838379,
              9.440192222595215,
              9.441311836242676,
              9.443552017211914
            ],
            "p99": 9.456192016601562
          }
        },
        "overhead": {
          "min": -0.46737294644117355,
          "median": -0.3278570156544447,
          "p99": -0.19728346914052963
        }
      },
      "attribution": null,
      "runtime_observation": {
        "before": {
          "clocks.sm": "2895",
          "clocks.mem": "13801",
          "pstate": "P1",
          "temperature.gpu": "52",
          "power.draw": "223.83",
          "clocks_event_reasons.active": "0x0000000000000000"
        },
        "after": {
          "clocks.sm": "2872",
          "clocks.mem": "13801",
          "pstate": "P1",
          "temperature.gpu": "63",
          "power.draw": "493.74",
          "clocks_event_reasons.active": "0x0000000000000000"
        }
      },
      "options": {
        "workload": "robodojo"
      },
      "process_id": 3252589,
      "gpu_uuid": "GPU-7fc626f4-bce7-9a11-81de-0eaedc93e242",
      "implementation_source": null,
      "leg": 0
    }
  ],
  "deltas": null
}
