== leg 0: hardware/nvidia/rtx5090/pi05 plan=shipped
{
  "identity": {
    "schema_version": 3,
    "target": "hardware/nvidia/rtx5090/pi05",
    "hardware": "rtx5090-32gb",
    "model": "pi05",
    "shape_profile": "action_dim32-batch1-chunk10-encoder_dim2048-encoder_ffn_dim16384-expert_dim1024-expert_ffn_dim4096-expert_tokens10-head_dim256-image_channels3-image_height224-image_width224-kv_heads1-layers18-num_views2-prefix_len712-prompt_len200-qkv_width2560-query_heads8-state_dim32-steps10-vision_dim1152-vision_ffn_dim4304-vision_head_dim72-vision_heads16-vision_layers27-visual_tokens512-visual_tokens_per_view256",
    "shape": {
      "batch": 1,
      "num_views": 2,
      "image_height": 224,
      "image_width": 224,
      "image_channels": 3,
      "visual_tokens_per_view": 256,
      "visual_tokens": 512,
      "vision_dim": 1152,
      "vision_ffn_dim": 4304,
      "vision_heads": 16,
      "vision_head_dim": 72,
      "vision_layers": 27,
      "prompt_len": 200,
      "prefix_len": 712,
      "chunk": 10,
      "expert_tokens": 10,
      "state_dim": 32,
      "action_dim": 32,
      "steps": 10,
      "layers": 18,
      "encoder_dim": 2048,
      "encoder_ffn_dim": 16384,
      "query_heads": 8,
      "kv_heads": 1,
      "head_dim": 256,
      "qkv_width": 2560,
      "expert_dim": 1024,
      "expert_ffn_dim": 4096
    },
    "plan": {
      "vision_encoder_patch_embed": "torch",
      "vision_encoder_norm_qkv": "cutlass-vision",
      "vision_encoder_attention": "torch",
      "vision_encoder_out_proj_residual": "cutlass-vision",
      "vision_encoder_norm_ffn_up": "cutlass-vision",
      "vision_encoder_ffn_down_residual": "cutlass-vision",
      "llm_backbone_projector": "torch",
      "llm_backbone_embed_prompt": "torch",
      "llm_backbone_norm_qkv_rope": "fused-prefix-qkv",
      "llm_backbone_attention": "torch",
      "llm_backbone_out_proj_residual": "cutlass-backbone",
      "llm_backbone_norm_gated_ffn": "cutlass-backbone",
      "llm_backbone_ffn_down_residual": "cutlass-backbone",
      "action_expert_action_in_proj": "torch",
      "action_expert_norm_qkv_rope": "triton-qkv-finish",
      "action_expert_attention": "triton-qk-attention",
      "action_expert_out_proj_residual": "cutlass-expert-residual",
      "action_expert_norm_gated_ffn": "dual-ffn",
      "action_expert_ffn_down_residual": "cutlass-expert-residual",
      "action_expert_action_out_proj": "fused-qkv"
    },
    "model_revision": "pi05-r1",
    "engine_revision": null,
    "inference_signature": "sha256:a79c1f62c3f14674ad87e88a89bb5f66ac650e1c497ccf5076e64017b55d9f6f",
    "execution_variant": {
      "quantization": {
        "mode": "bf16"
      },
      "cache": {
        "mode": "none"
      }
    },
    "replay_buckets": [
      64,
      200
    ]
  },
  "protocol": "latency-v2",
  "instrumented": false,
  "measurement_context": {
    "weights": {
      "checkpoint_id": "flash-vla/pi05-random-checkpoint/v2/seed-0",
      "checkpoint_digest": "flash-vla/pi05-random-checkpoint/v2/seed-0"
    },
    "fixture": {
      "id": "flash-vla/pi05-inputs-v2/seed-0",
      "digest": "sha256:186266f9050d21a33ecfa4de7b9d54fe4851c8671f379edb5bc426c775184ce2"
    },
    "environment": {
      "gpu_sku": "NVIDIA GeForce RTX 5090",
      "driver": "580.142",
      "cuda_runtime": "13.0",
      "pytorch": "2.13.0+cu130",
      "tilelang": "0.1.11",
      "clock_policy": {
        "benchmark_control": "inherit",
        "slurm_gpu_freq_request": null,
        "effective_locked_clocks": "unobserved"
      },
      "power_policy": {
        "requested_limit_w": 600.0,
        "enforced_limit_w": 600.0
      },
      "capture_regime": "cuda_graph",
      "clock_observation": {
        "application_graphics_mhz": "[N/A]",
        "application_memory_mhz": "[N/A]"
      }
    },
    "workload": "libero",
    "hostname": "ubun",
    "slurm_job_id": null,
    "timestamp": 1790460390.7087243,
    "reference_provenance": {}
  },
  "env": {
    "gpu": "NVIDIA GeForce RTX 5090",
    "python": "3.12.13",
    "torch": "2.13.0+cu130",
    "torch_cuda": "13.0",
    "tilelang": "0.1.11",
    "gpu_uuid": "GPU-7fc626f4-bce7-9a11-81de-0eaedc93e242",
    "runtime_observation": {
      "clocks.sm": "2895",
      "clocks.mem": "13801",
      "pstate": "P1",
      "temperature.gpu": "56",
      "power.draw": "330.92",
      "clocks_event_reasons.active": "0x0000000000000000"
    },
    "node": "ubun",
    "job": null,
    "driver": "580.142",
    "clocks": "unlocked",
    "clock_policy": {
      "benchmark_control": "inherit",
      "slurm_gpu_freq_request": null,
      "effective_locked_clocks": "unobserved"
    },
    "clock_observation": {
      "application_graphics_mhz": "[N/A]",
      "application_memory_mhz": "[N/A]"
    },
    "power_policy": {
      "requested_limit_w": 600.0,
      "enforced_limit_w": 600.0
    }
  },
  "config": {
    "reps": 100,
    "warmup": 5,
    "seed": 0,
    "plans": [
      "shipped"
    ],
    "calibration": false,
    "breakdown": true,
    "primary_statistic": "median",
    "capture_policy": "fresh-process-first-capture-per-leg",
    "statistics": [
      "min",
      "median",
      "p99"
    ],
    "p99_min_reps": 100,
    "soak_s": 0,
    "control_spread_max_ms": null,
    "attribution": false,
    "leg_options": [
      {}
    ]
  },
  "legs": [
    {
      "plan": "shipped",
      "identity": {
        "schema_version": 3,
        "target": "hardware/nvidia/rtx5090/pi05",
        "hardware": "rtx5090-32gb",
        "model": "pi05",
        "shape_profile": "action_dim32-batch1-chunk10-encoder_dim2048-encoder_ffn_dim16384-expert_dim1024-expert_ffn_dim4096-expert_tokens10-head_dim256-image_channels3-image_height224-image_width224-kv_heads1-layers18-num_views2-prefix_len712-prompt_len200-qkv_width2560-query_heads8-state_dim32-steps10-vision_dim1152-vision_ffn_dim4304-vision_head_dim72-vision_heads16-vision_layers27-visual_tokens512-visual_tokens_per_view256",
        "shape": {
          "batch": 1,
          "num_views": 2,
          "image_height": 224,
          "image_width": 224,
          "image_channels": 3,
          "visual_tokens_per_view": 256,
          "visual_tokens": 512,
          "vision_dim": 1152,
          "vision_ffn_dim": 4304,
          "vision_heads": 16,
          "vision_head_dim": 72,
          "vision_layers": 27,
          "prompt_len": 200,
          "prefix_len": 712,
          "chunk": 10,
          "expert_tokens": 10,
          "state_dim": 32,
          "action_dim": 32,
          "steps": 10,
          "layers": 18,
          "encoder_dim": 2048,
          "encoder_ffn_dim": 16384,
          "query_heads": 8,
          "kv_heads": 1,
          "head_dim": 256,
          "qkv_width": 2560,
          "expert_dim": 1024,
          "expert_ffn_dim": 4096
        },
        "plan": {
          "vision_encoder_patch_embed": "torch",
          "vision_encoder_norm_qkv": "cutlass-vision",
          "vision_encoder_attention": "torch",
          "vision_encoder_out_proj_residual": "cutlass-vision",
          "vision_encoder_norm_ffn_up": "cutlass-vision",
          "vision_encoder_ffn_down_residual": "cutlass-vision",
          "llm_backbone_projector": "torch",
          "llm_backbone_embed_prompt": "torch",
          "llm_backbone_norm_qkv_rope": "fused-prefix-qkv",
          "llm_backbone_attention": "torch",
          "llm_backbone_out_proj_residual": "cutlass-backbone",
          "llm_backbone_norm_gated_ffn": "cutlass-backbone",
          "llm_backbone_ffn_down_residual": "cutlass-backbone",
          "action_expert_action_in_proj": "torch",
          "action_expert_norm_qkv_rope": "triton-qkv-finish",
          "action_expert_attention": "triton-qk-attention",
          "action_expert_out_proj_residual": "cutlass-expert-residual",
          "action_expert_norm_gated_ffn": "dual-ffn",
          "action_expert_ffn_down_residual": "cutlass-expert-residual",
          "action_expert_action_out_proj": "fused-qkv"
        },
        "model_revision": "pi05-r1",
        "engine_revision": null,
        "inference_signature": "sha256:a79c1f62c3f14674ad87e88a89bb5f66ac650e1c497ccf5076e64017b55d9f6f",
        "execution_variant": {
          "quantization": {
            "mode": "bf16"
          },
          "cache": {
            "mode": "none"
          }
        },
        "replay_buckets": [
          64,
          200
        ]
      },
      "replay": {
        "extent": 12,
        "bucket": 64
      },
      "measurement_context": {
        "weights": {
          "checkpoint_id": "flash-vla/pi05-random-checkpoint/v2/seed-0",
          "checkpoint_digest": "flash-vla/pi05-random-checkpoint/v2/seed-0"
        },
        "fixture": {
          "id": "flash-vla/pi05-inputs-v2/seed-0",
          "digest": "sha256:186266f9050d21a33ecfa4de7b9d54fe4851c8671f379edb5bc426c775184ce2"
        },
        "environment": {
          "gpu_sku": "NVIDIA GeForce RTX 5090",
          "driver": "580.142",
          "cuda_runtime": "13.0",
          "pytorch": "2.13.0+cu130",
          "tilelang": "0.1.11",
          "clock_policy": {
            "benchmark_control": "inherit",
            "slurm_gpu_freq_request": null,
            "effective_locked_clocks": "unobserved"
          },
          "power_policy": {
            "requested_limit_w": 600.0,
            "enforced_limit_w": 600.0
          },
          "capture_regime": "cuda_graph",
          "clock_observation": {
            "application_graphics_mhz": "[N/A]",
            "application_memory_mhz": "[N/A]"
          }
        },
        "workload": "libero",
        "hostname": "ubun",
        "slurm_job_id": null,
        "timestamp": 1790460390.7087243,
        "reference_provenance": {}
      },
      "metrics": {
        "chunk_latency": {
          "min": 23.871546145528555,
          "median": 23.936080979183316,
          "n": 100,
          "samples_ms": [
            23.941977880895138,
            23.9113406278193,
            23.96017499268055,
            23.91168801113963,
            23.902147077023983,
            23.889419157058,
            23.90553103759885,
            23.9428230561316,
            23.927295114845037,
            23.96244229748845,
            23.955036886036396,
            23.901090025901794,
            23.9012548699975,
            23.93149770796299,
            24.136094842106104,
            24.088023230433464,
            23.907345719635487,
            23.892976343631744,
            23.91407685354352,
            24.13059864193201,
            24.08387465402484,
            23.91292480751872,
            23.90734013170004,
            23.91943195834756,
            24.146522860974073,
            24.087225552648306,
            23.918867111206055,
            23.898966144770384,
            23.92136212438345,
            24.14075518026948,
            24.093639105558395,
            23.894446901977062,
            23.884802125394344,
            23.935791105031967,
            24.131829850375652,
            24.08842509612441,
            23.90259923413396,
            23.886905051767826,
            23.925923742353916,
            24.13403894752264,
            24.10498121753335,
            23.94612366333604,
            23.918832186609507,
            23.91634788364172,
            24.14919901639223,
            24.114681873470545,
            23.90941185876727,
            23.872528690844774,
            23.909803945571184,
            24.14700109511614,
            24.113310035318136,
            23.93837785348296,
            23.881619796156883,
            23.912846110761166,
            24.12435319274664,
            24.11575708538294,
            23.952241986989975,
            23.887993302196264,
            23.917854763567448,
            24.132139980793,
            24.093925952911377,
            23.939489386975765,
            23.88956816866994,
            23.922619875520468,
            24.147966410964727,
            24.099525064229965,
            23.942881263792515,
            23.911416996270418,
            23.91728712245822,
            24.13747413083911,
            24.097112007439137,
            23.938999976962805,
            23.89548486098647,
            23.93568307161331,
            24.1264421492815,
            24.09214572981,
            23.936370853334665,
            23.90488190576434,
            23.93941581249237,
            24.13716819137335,
            24.096196983009577,
            23.928994312882423,
            23.9056758582592,
            23.94362213090062,
            24.12520721554756,
            24.09904869273305,
            23.913561832159758,
            23.871546145528555,
            23.93165696412325,
            24.14023084565997,
            24.107424076646566,
            23.940361104905605,
            23.89513235539198,
            23.91401305794716,
            24.1341320797801,
            24.10960802808404,
            23.926905822008848,
            23.89507694169879,
            23.922489024698734,
            24.124791845679283
          ],
          "p99": 24.147966410964727
        },
        "device_latency": {
          "min": 23.886079788208008,
          "median": 23.96070384979248,
          "n": 100,
          "samples_ms": [
            24.09872055053711,
            23.932832717895508,
            23.900480270385742,
            23.9182071685791,
            24.129056930541992,
            24.1112003326416,
            23.940319061279297,
            23.88969612121582,
            23.903871536254883,
            24.141536712646484,
            24.108320236206055,
            23.9335994720459,
            23.900863647460938,
            23.932575225830078,
            24.14963150024414,
            24.1080322265625,
            23.925567626953125,
            23.890304565429688,
            23.914527893066406,
            24.14454460144043,
            24.09644889831543,
            23.931072235107422,
            23.90889549255371,
            23.925504684448242,
            24.143552780151367,
            24.08710479736328,
            23.917024612426758,
            23.9071044921875,
            23.924896240234375,
            24.125280380249023,
            24.098623275756836,
            23.9303035736084,
            23.901376724243164,
            23.922687530517578,
            24.120384216308594,
            24.10700798034668,
            23.938175201416016,
            23.890079498291016,
            23.92803192138672,
            24.14543914794922,
            24.098047256469727,
            23.94291114807129,
            23.899328231811523,
            23.925024032592773,
            24.133695602416992,
            24.088640213012695,
            23.92051124572754,
            23.901151657104492,
            23.997472763061523,
            24.182048797607422,
            24.0980167388916,
            23.935903549194336,
            23.901023864746094,
            24.02467155456543,
            24.135583877563477,
            24.088735580444336,
            23.928192138671875,
            23.920576095581055,
            23.991840362548828,
            24.137216567993164,
            24.07427215576172,
            23.937280654907227,
            23.916223526000977,
            23.976608276367188,
            24.143232345581055,
            24.086559295654297,
            23.936031341552734,
            23.9039363861084,
            23.998432159423828,
            24.127519607543945,
            24.09619140625,
            23.941120147705078,
            23.902719497680664,
            23.9998722076416,
            24.144672393798828,
            24.094816207885742,
            23.936288833618164,
            23.90163230895996,
            24.151552200317383,
            24.124319076538086,
            24.09596824645996,
            23.92313575744629,
            23.915584564208984,
            23.9617919921875,
            23.973312377929688,
            23.972320556640625,
            23.93622398376465,
            23.886079788208008,
            23.95961570739746,
            23.979232788085938,
            23.97804832458496,
            23.929824829101562,
            23.90559959411621,
            24.0064640045166,
            24.156320571899414,
            24.087135314941406,
            23.927072525024414,
            23.892255783081055,
            23.972896575927734,
            23.96780776977539
          ],
          "p99": 24.156320571899414
        },
        "host_time": {
          "prompt": {
            "min": 0.0212816521525383,
            "median": 0.021739164367318153,
            "n": 100,
            "samples_ms": [
              0.022631138563156128,
              0.02380087971687317,
              0.023700762540102005,
              0.022685155272483826,
              0.022040214389562607,
              0.021963845938444138,
              0.02186000347137451,
              0.02138037234544754,
              0.02150377258658409,
              0.021686777472496033,
              0.021390151232481003,
              0.021791085600852966,
              0.02222694456577301,
              0.021686311811208725,
              0.02160528674721718,
              0.02144463360309601,
              0.021923333406448364,
              0.022064894437789917,
              0.02237502485513687,
              0.025838147848844528,
              0.0224430114030838,
              0.02179015427827835,
              0.021969899535179138,
              0.021696090698242188,
              0.022002961486577988,
              0.021966639906167984,
              0.0212816521525383,
              0.02179061993956566,
              0.02164021134376526,
              0.022134743630886078,
              0.021798070520162582,
              0.02455897629261017,
              0.021952670067548752,
              0.021851621568202972,
              0.021594110876321793,
              0.021857209503650665,
              0.024002976715564728,
              0.021328218281269073,
              0.021505169570446014,
              0.021496322005987167,
              0.021622981876134872,
              0.021758023649454117,
              0.021750107407569885,
              0.02164812758564949,
              0.021620187908411026,
              0.021663960069417953,
              0.021460000425577164,
              0.021473970264196396,
              0.021910760551691055,
              0.02161320298910141,
              0.02188887447118759,
              0.021911226212978363,
              0.021558720618486404,
              0.021638814359903336,
              0.02167094498872757,
              0.02165883779525757,
              0.021626241505146027,
              0.021439045667648315,
              0.021826941519975662,
              0.02167513594031334,
              0.021350104361772537,
              0.021695159375667572,
              0.021412037312984467,
              0.02148980274796486,
              0.02164999023079872,
              0.02145674079656601,
              0.02179620787501335,
              0.021562911570072174,
              0.021763145923614502,
              0.021292828023433685,
              0.021729152649641037,
              0.02175290137529373,
              0.02219388261437416,
              0.02214871346950531,
              0.021546147763729095,
              0.02198386937379837,
              0.02194102853536606,
              0.02173241227865219,
              0.022164080291986465,
              0.021634623408317566,
              0.02202112227678299,
              0.021792948246002197,
              0.023556407541036606,
              0.02168305218219757,
              0.021975021809339523,
              0.02147303894162178,
              0.02206815406680107,
              0.021724030375480652,
              0.021745916455984116,
              0.021836720407009125,
              0.021795276552438736,
              0.021921005100011826,
              0.021538231521844864,
              0.021375250071287155,
              0.021623913198709488,
              0.021488871425390244,
              0.021466054022312164,
              0.021455809473991394,
              0.021758954972028732,
              0.021385028958320618
            ],
            "p99": 0.02455897629261017
          }
        },
        "segment_latency": {
          "vision_encoder": {
            "min": 3.087455987930298,
            "median": 3.100895881652832,
            "n": 100,
            "samples_ms": [
              3.0900158882141113,
              3.087455987930298,
              3.088671922683716,
              3.08841609954834,
              3.098464012145996,
              3.098720073699951,
              3.098720073699951,
              3.099008083343506,
              3.0987839698791504,
              3.098464012145996,
              3.0985279083251953,
              3.0990400314331055,
              3.0976641178131104,
              3.0997118949890137,
              3.0984959602355957,
              3.097759962081909,
              3.098367929458618,
              3.0978240966796875,
              3.098720073699951,
              3.0986239910125732,
              3.0985279083251953,
              3.09881591796875,
              3.0990400314331055,
              3.0976319313049316,
              3.0987839698791504,
              3.0979199409484863,
              3.100543975830078,
              3.0984959602355957,
              3.121567964553833,
              3.1031999588012695,
              3.1008639335632324,
              3.099008083343506,
              3.0992000102996826,
              3.0981760025024414,
              3.1031999588012695,
              3.0982720851898193,
              3.0983359813690186,
              3.102368116378784,
              3.1212480068206787,
              3.1039040088653564,
              3.1026558876037598,
              3.098464012145996,
              3.09881591796875,
              3.099071979522705,
              3.098560094833374,
              3.09881591796875,
              3.0995519161224365,
              3.09881591796875,
              3.1018240451812744,
              3.1006081104278564,
              3.0985279083251953,
              3.102816104888916,
              3.1009280681610107,
              3.1004159450531006,
              3.1028480529785156,
              3.10262393951416,
              3.100895881652832,
              3.098655939102173,
              3.100480079650879,
              3.1016321182250977,
              3.102976083755493,
              3.109663963317871,
              3.113408088684082,
              3.099936008453369,
              3.1100800037384033,
              3.1026880741119385,
              3.102911949157715,
              3.1018879413604736,
              3.1110079288482666,
              3.1017279624938965,
              3.100831985473633,
              3.110016107559204,
              3.100895881652832,
              3.100800037384033,
              3.109951972961426,
              3.1097919940948486,
              3.1019198894500732,
              3.1106560230255127,
              3.1022720336914062,
              3.102015972137451,
              3.110111951828003,
              3.1028800010681152,
              3.1109120845794678,
              3.109920024871826,
              3.11027193069458,
              3.11027193069458,
              3.1028480529785156,
              3.1027839183807373,
              3.1100480556488037,
              3.10262393951416,
              3.1028800010681152,
              3.113055944442749,
              3.1101438999176025,
              3.102400064468384,
              3.11027193069458,
              3.11027193069458,
              3.1028480529785156,
              3.1101760864257812,
              3.102816104888916,
              3.110208034515381
            ],
            "p99": 3.1212480068206787
          },
          "llm_backbone": {
            "min": 12.100543975830078,
            "median": 12.225679874420166,
            "n": 100,
            "samples_ms": [
              12.100543975830078,
              12.109472274780273,
              12.128288269042969,
              12.132384300231934,
              12.155967712402344,
              12.163359642028809,
              12.19375991821289,
              12.193984031677246,
              12.194111824035645,
              12.207615852355957,
              12.189536094665527,
              12.199999809265137,
              12.195167541503906,
              12.196895599365234,
              12.206496238708496,
              12.204671859741211,
              12.204480171203613,
              12.22111988067627,
              12.217727661132812,
              12.221599578857422,
              12.217375755310059,
              12.21724796295166,
              12.222368240356445,
              12.221088409423828,
              12.21884822845459,
              12.222399711608887,
              12.229599952697754,
              12.232000350952148,
              12.230719566345215,
              12.234208106994629,
              12.220512390136719,
              12.224320411682129,
              12.224479675292969,
              12.234623908996582,
              12.230719566345215,
              12.226495742797852,
              12.231776237487793,
              12.222432136535645,
              12.220479965209961,
              12.22339153289795,
              12.226112365722656,
              12.233663558959961,
              12.223584175109863,
              12.234911918640137,
              12.226207733154297,
              12.2260160446167,
              12.223487854003906,
              12.231807708740234,
              12.2192964553833,
              12.219231605529785,
              12.232352256774902,
              12.219327926635742,
              12.221343994140625,
              12.22374439239502,
              12.230048179626465,
              12.23145580291748,
              12.234111785888672,
              12.2357759475708,
              12.226655960083008,
              12.24300765991211,
              12.243040084838867,
              12.244640350341797,
              12.2359037399292,
              12.224032402038574,
              12.235424041748047,
              12.2324800491333,
              12.235808372497559,
              12.231840133666992,
              12.21951961517334,
              12.233728408813477,
              12.23795223236084,
              12.222047805786133,
              12.231616020202637,
              12.219615936279297,
              12.231648445129395,
              12.22982406616211,
              12.24233627319336,
              12.226048469543457,
              12.226719856262207,
              12.225728034973145,
              12.23356819152832,
              12.233759880065918,
              12.217344284057617,
              12.227456092834473,
              12.225631713867188,
              12.231648445129395,
              12.241920471191406,
              12.229215621948242,
              12.22435188293457,
              12.225503921508789,
              12.23459243774414,
              12.223648071289062,
              12.242015838623047,
              12.233311653137207,
              12.234848022460938,
              12.229472160339355,
              12.24176025390625,
              12.347583770751953,
              12.223648071289062,
              12.224800109863281
            ],
            "p99": 12.244640350341797
          },
          "action_expert": {
            "min": 8.889599800109863,
            "median": 8.900176048278809,
            "n": 100,
            "samples_ms": [
              8.899680137634277,
              8.900351524353027,
              8.900832176208496,
              8.902591705322266,
              8.910943984985352,
              8.922112464904785,
              8.90220832824707,
              8.899711608886719,
              8.900959968566895,
              8.89958381652832,
              8.89964771270752,
              8.910143852233887,
              8.897503852844238,
              8.910688400268555,
              8.910752296447754,
              8.899935722351074,
              8.910655975341797,
              8.897600173950195,
              8.911904335021973,
              8.897567749023438,
              8.910112380981445,
              8.897567749023438,
              8.89958381652832,
              8.899616241455078,
              8.910623550415039,
              8.901568412780762,
              8.909855842590332,
              8.901663780212402,
              8.899904251098633,
              8.914175987243652,
              8.898816108703613,
              8.897503852844238,
              8.898431777954102,
              8.899711608886719,
              8.909088134765625,
              8.910655975341797,
              8.901663780212402,
              8.902432441711426,
              8.91209602355957,
              8.909855842590332,
              8.91004753112793,
              8.898176193237305,
              8.900480270385742,
              8.897727966308594,
              8.898943901062012,
              8.910240173339844,
              8.898431777954102,
              8.899680137634277,
              8.911040306091309,
              8.901599884033203,
              8.910880088806152,
              8.897631645202637,
              8.900832176208496,
              8.897472381591797,
              8.89846420288086,
              8.898655891418457,
              8.900256156921387,
              8.901727676391602,
              8.910528182983398,
              8.91004753112793,
              8.897791862487793,
              8.89964771270752,
              8.897727966308594,
              8.899904251098633,
              8.900768280029297,
              8.90169620513916,
              8.8985595703125,
              8.901727676391602,
              8.9017915725708,
              8.899807929992676,
              8.90169620513916,
              8.897567749023438,
              8.898176193237305,
              8.897664070129395,
              8.90272045135498,
              8.897760391235352,
              8.899776458740234,
              8.898431777954102,
              8.898367881774902,
              8.889599800109863,
              8.910943984985352,
              8.898431777954102,
              8.902848243713379,
              8.90988826751709,
              8.8985595703125,
              8.909919738769531,
              8.89846420288086,
              8.899744033813477,
              8.898816108703613,
              8.902015686035156,
              8.89964771270752,
              8.897536277770996,
              8.910911560058594,
              8.909952163696289,
              8.89782428741455,
              8.909855842590332,
              8.898719787597656,
              8.901920318603516,
              8.898752212524414,
              8.90009593963623
            ],
            "p99": 8.914175987243652
          }
        },
        "overhead": {
          "min": -0.20605361834168434,
          "median": -0.2906708251684904,
          "p99": -0.13209793344140053
        }
      },
      "attribution": null,
      "runtime_observation": {
        "before": {
          "clocks.sm": "2625",
          "clocks.mem": "13801",
          "pstate": "P1",
          "temperature.gpu": "53",
          "power.draw": "155.79",
          "clocks_event_reasons.active": "0x0000000000000000"
        },
        "after": {
          "clocks.sm": "2895",
          "clocks.mem": "13801",
          "pstate": "P1",
          "temperature.gpu": "56",
          "power.draw": "330.92",
          "clocks_event_reasons.active": "0x0000000000000000"
        }
      },
      "options": {
        "workload": "libero"
      },
      "process_id": 3251527,
      "gpu_uuid": "GPU-7fc626f4-bce7-9a11-81de-0eaedc93e242",
      "implementation_source": null,
      "leg": 0
    }
  ],
  "deltas": null
}
