== leg 0: hardware/nvidia/rtx5090/pi05 plan=shipped options={}
[profile] marker kernels unavailable (RuntimeError: Ninja is required to load C++ extensions (pip install ninja to get it)); attributing by correlation only
USDT:2026-09-26 21:47:43 3061650:3061650 SyncActivityProfilerHandler.cpp:52] profiler_start
USDT:2026-09-26 21:47:43 3061650:3061650 SyncActivityProfilerHandler.cpp:59] profiler_stop
USDT:2026-09-26 21:47:43 3061650:3061650 SyncActivityProfilerHandler.cpp:52] profiler_start
USDT:2026-09-26 21:47:43 3061650:3061650 SyncActivityProfilerHandler.cpp:59] profiler_stop
USDT:2026-09-26 21:47:43 3061650:3061650 SyncActivityProfilerHandler.cpp:52] profiler_start
USDT:2026-09-26 21:47:43 3061650:3061650 SyncActivityProfilerHandler.cpp:59] profiler_stop
USDT:2026-09-26 21:47:43 3061650:3061650 SyncActivityProfilerHandler.cpp:52] profiler_start
USDT:2026-09-26 21:47:43 3061650:3061650 SyncActivityProfilerHandler.cpp:59] profiler_stop
USDT:2026-09-26 21:47:43 3061650:3061650 SyncActivityProfilerHandler.cpp:52] profiler_start
USDT:2026-09-26 21:47:43 3061650:3061650 SyncActivityProfilerHandler.cpp:59] profiler_stop
USDT:2026-09-26 21:47:43 3061650:3061650 SyncActivityProfilerHandler.cpp:52] profiler_start
USDT:2026-09-26 21:47:43 3061650:3061650 SyncActivityProfilerHandler.cpp:59] profiler_stop
== leg 0 plan=shipped options={} contract=ok
  -- vision_encoder: wall 3.198 ms, attributed 3.139 ms, trace union 3.139 ms, 330 launches, copies 0.038 ms
        0.900 ms  28.7%  x81    vision_encoder_norm_ffn_up       ctas_min=170 under_wave=0
        0.764 ms  24.3%  x54    vision_encoder_ffn_down_residual ctas_min=170 under_wave=0
        0.707 ms  22.5%  x54    vision_encoder_norm_qkv          ctas_min=170 under_wave=0
        0.404 ms  12.9%  x81    vision_encoder_attention         ctas_min=256 under_wave=0
        0.347 ms  11.1%  x54    vision_encoder_out_proj_residual ctas_min=170 under_wave=0
        0.017 ms   0.5%  x6     vision_encoder_patch_embed       ctas_min=256 under_wave=0
  -- llm_backbone: wall 13.926 ms, attributed 14.029 ms, trace union 14.018 ms, 233 launches, copies 0.039 ms
        8.017 ms  57.1%  x68    llm_backbone_norm_gated_ffn_masked ctas_min=680 under_wave=0
        3.721 ms  26.5%  x17    llm_backbone_ffn_down_residual_masked ctas_min=170 under_wave=0
        0.990 ms   7.1%  x54    llm_backbone_norm_qkv_rope       ctas_min=120 under_wave=18
        0.668 ms   4.8%  x68    llm_backbone_attention           ctas_min=184 under_wave=0
        0.598 ms   4.3%  x17    llm_backbone_out_proj_residual_masked ctas_min=170 under_wave=0
        0.032 ms   0.2%  x7     llm_backbone_projector           ctas_min=3 under_wave=2
        0.004 ms   0.0%  x2     llm_backbone_embed_prompt        ctas_min=200 under_wave=0
  -- action_expert: wall 9.270 ms, attributed 8.962 ms, trace union 8.962 ms, 1680 launches, copies 0.007 ms
        2.440 ms  27.2%  x360   action_expert_norm_gated_ffn     ctas_min=10 under_wave=360
        1.793 ms  20.0%  x540   action_expert_attention          ctas_min=24 under_wave=540
        1.761 ms  19.7%  x360   action_expert_norm_qkv_rope      ctas_min=10 under_wave=360
        1.632 ms  18.2%  x180   action_expert_ffn_down_residual  ctas_min=234 under_wave=0
        1.136 ms  12.7%  x180   action_expert_out_proj_residual  ctas_min=234 under_wave=0
        0.151 ms   1.7%  x30    action_expert_action_out_proj    ctas_min=1 under_wave=30
        0.049 ms   0.5%  x30    action_expert_action_in_proj     ctas_min=20 under_wave=30
