== leg 0: hardware/nvidia/rtx5090/pi05 plan=shipped
{
  "identity": {
    "schema_version": 3,
    "target": "hardware/nvidia/rtx5090/pi05",
    "hardware": "rtx5090-32gb",
    "model": "pi05",
    "shape_profile": "action_dim32-batch1-chunk10-encoder_dim2048-encoder_ffn_dim16384-expert_dim1024-expert_ffn_dim4096-expert_tokens10-head_dim256-image_channels3-image_height224-image_width224-kv_heads1-layers18-num_views2-prefix_len712-prompt_len200-qkv_width2560-query_heads8-state_dim32-steps10-vision_dim1152-vision_ffn_dim4304-vision_head_dim72-vision_heads16-vision_layers27-visual_tokens512-visual_tokens_per_view256",
    "shape": {
      "batch": 1,
      "num_views": 2,
      "image_height": 224,
      "image_width": 224,
      "image_channels": 3,
      "visual_tokens_per_view": 256,
      "visual_tokens": 512,
      "vision_dim": 1152,
      "vision_ffn_dim": 4304,
      "vision_heads": 16,
      "vision_head_dim": 72,
      "vision_layers": 27,
      "prompt_len": 200,
      "prefix_len": 712,
      "chunk": 10,
      "expert_tokens": 10,
      "state_dim": 32,
      "action_dim": 32,
      "steps": 10,
      "layers": 18,
      "encoder_dim": 2048,
      "encoder_ffn_dim": 16384,
      "query_heads": 8,
      "kv_heads": 1,
      "head_dim": 256,
      "qkv_width": 2560,
      "expert_dim": 1024,
      "expert_ffn_dim": 4096
    },
    "plan": {
      "vision_encoder_patch_embed": "torch",
      "vision_encoder_norm_qkv": "cutlass-vision",
      "vision_encoder_attention": "torch",
      "vision_encoder_out_proj_residual": "cutlass-vision",
      "vision_encoder_norm_ffn_up": "cutlass-vision",
      "vision_encoder_ffn_down_residual": "cutlass-vision",
      "llm_backbone_projector": "torch",
      "llm_backbone_embed_prompt": "torch",
      "llm_backbone_norm_qkv_rope": "fused-prefix-qkv",
      "llm_backbone_attention": "torch",
      "llm_backbone_out_proj_residual": "cutlass-backbone",
      "llm_backbone_norm_gated_ffn": "cutlass-backbone",
      "llm_backbone_ffn_down_residual": "cutlass-backbone",
      "action_expert_action_in_proj": "torch",
      "action_expert_norm_qkv_rope": "triton-qkv-finish",
      "action_expert_attention": "triton-qk-attention",
      "action_expert_out_proj_residual": "cutlass-expert-residual",
      "action_expert_norm_gated_ffn": "dual-ffn",
      "action_expert_ffn_down_residual": "cutlass-expert-residual",
      "action_expert_action_out_proj": "fused-qkv"
    },
    "model_revision": "pi05-r1",
    "engine_revision": "689839036af32700bd24e16283269590eee4a21e",
    "inference_signature": "sha256:a79c1f62c3f14674ad87e88a89bb5f66ac650e1c497ccf5076e64017b55d9f6f",
    "execution_variant": {
      "quantization": {
        "mode": "bf16"
      },
      "cache": {
        "mode": "none"
      }
    },
    "replay_buckets": [
      64,
      200
    ]
  },
  "protocol": "latency-v2",
  "instrumented": false,
  "measurement_context": {
    "weights": {
      "checkpoint_id": "flash-vla/pi05-random-checkpoint/v2/seed-0",
      "checkpoint_digest": "flash-vla/pi05-random-checkpoint/v2/seed-0"
    },
    "fixture": {
      "id": "flash-vla/pi05-inputs-v2/seed-0",
      "digest": "sha256:186266f9050d21a33ecfa4de7b9d54fe4851c8671f379edb5bc426c775184ce2"
    },
    "environment": {
      "gpu_sku": "NVIDIA GeForce RTX 5090",
      "driver": "580.142",
      "cuda_runtime": "13.0",
      "pytorch": "2.13.0+cu130",
      "tilelang": "0.1.11",
      "clock_policy": {
        "benchmark_control": "inherit",
        "slurm_gpu_freq_request": null,
        "effective_locked_clocks": "unobserved"
      },
      "power_policy": {
        "requested_limit_w": 600.0,
        "enforced_limit_w": 600.0
      },
      "capture_regime": "cuda_graph",
      "clock_observation": {
        "application_graphics_mhz": "[N/A]",
        "application_memory_mhz": "[N/A]"
      }
    },
    "workload": "libero",
    "hostname": "ubun",
    "slurm_job_id": null,
    "timestamp": 1790460899.5638187,
    "reference_provenance": {}
  },
  "env": {
    "gpu": "NVIDIA GeForce RTX 5090",
    "python": "3.12.13",
    "torch": "2.13.0+cu130",
    "torch_cuda": "13.0",
    "tilelang": "0.1.11",
    "gpu_uuid": "GPU-7fc626f4-bce7-9a11-81de-0eaedc93e242",
    "runtime_observation": {
      "clocks.sm": "2895",
      "clocks.mem": "13801",
      "pstate": "P1",
      "temperature.gpu": "58",
      "power.draw": "344.17",
      "clocks_event_reasons.active": "0x0000000000000000"
    },
    "node": "ubun",
    "job": null,
    "driver": "580.142",
    "clocks": "unlocked",
    "clock_policy": {
      "benchmark_control": "inherit",
      "slurm_gpu_freq_request": null,
      "effective_locked_clocks": "unobserved"
    },
    "clock_observation": {
      "application_graphics_mhz": "[N/A]",
      "application_memory_mhz": "[N/A]"
    },
    "power_policy": {
      "requested_limit_w": 600.0,
      "enforced_limit_w": 600.0
    }
  },
  "config": {
    "reps": 100,
    "warmup": 5,
    "seed": 0,
    "plans": [
      "shipped"
    ],
    "calibration": false,
    "breakdown": true,
    "primary_statistic": "median",
    "capture_policy": "fresh-process-first-capture-per-leg",
    "statistics": [
      "min",
      "median",
      "p99"
    ],
    "p99_min_reps": 100,
    "soak_s": 0,
    "control_spread_max_ms": null,
    "attribution": false,
    "leg_options": [
      {}
    ]
  },
  "legs": [
    {
      "plan": "shipped",
      "identity": {
        "schema_version": 3,
        "target": "hardware/nvidia/rtx5090/pi05",
        "hardware": "rtx5090-32gb",
        "model": "pi05",
        "shape_profile": "action_dim32-batch1-chunk10-encoder_dim2048-encoder_ffn_dim16384-expert_dim1024-expert_ffn_dim4096-expert_tokens10-head_dim256-image_channels3-image_height224-image_width224-kv_heads1-layers18-num_views2-prefix_len712-prompt_len200-qkv_width2560-query_heads8-state_dim32-steps10-vision_dim1152-vision_ffn_dim4304-vision_head_dim72-vision_heads16-vision_layers27-visual_tokens512-visual_tokens_per_view256",
        "shape": {
          "batch": 1,
          "num_views": 2,
          "image_height": 224,
          "image_width": 224,
          "image_channels": 3,
          "visual_tokens_per_view": 256,
          "visual_tokens": 512,
          "vision_dim": 1152,
          "vision_ffn_dim": 4304,
          "vision_heads": 16,
          "vision_head_dim": 72,
          "vision_layers": 27,
          "prompt_len": 200,
          "prefix_len": 712,
          "chunk": 10,
          "expert_tokens": 10,
          "state_dim": 32,
          "action_dim": 32,
          "steps": 10,
          "layers": 18,
          "encoder_dim": 2048,
          "encoder_ffn_dim": 16384,
          "query_heads": 8,
          "kv_heads": 1,
          "head_dim": 256,
          "qkv_width": 2560,
          "expert_dim": 1024,
          "expert_ffn_dim": 4096
        },
        "plan": {
          "vision_encoder_patch_embed": "torch",
          "vision_encoder_norm_qkv": "cutlass-vision",
          "vision_encoder_attention": "torch",
          "vision_encoder_out_proj_residual": "cutlass-vision",
          "vision_encoder_norm_ffn_up": "cutlass-vision",
          "vision_encoder_ffn_down_residual": "cutlass-vision",
          "llm_backbone_projector": "torch",
          "llm_backbone_embed_prompt": "torch",
          "llm_backbone_norm_qkv_rope": "fused-prefix-qkv",
          "llm_backbone_attention": "torch",
          "llm_backbone_out_proj_residual": "cutlass-backbone",
          "llm_backbone_norm_gated_ffn": "cutlass-backbone",
          "llm_backbone_ffn_down_residual": "cutlass-backbone",
          "action_expert_action_in_proj": "torch",
          "action_expert_norm_qkv_rope": "triton-qkv-finish",
          "action_expert_attention": "triton-qk-attention",
          "action_expert_out_proj_residual": "cutlass-expert-residual",
          "action_expert_norm_gated_ffn": "dual-ffn",
          "action_expert_ffn_down_residual": "cutlass-expert-residual",
          "action_expert_action_out_proj": "fused-qkv"
        },
        "model_revision": "pi05-r1",
        "engine_revision": "689839036af32700bd24e16283269590eee4a21e",
        "inference_signature": "sha256:a79c1f62c3f14674ad87e88a89bb5f66ac650e1c497ccf5076e64017b55d9f6f",
        "execution_variant": {
          "quantization": {
            "mode": "bf16"
          },
          "cache": {
            "mode": "none"
          }
        },
        "replay_buckets": [
          64,
          200
        ]
      },
      "replay": {
        "extent": 12,
        "bucket": 64
      },
      "measurement_context": {
        "weights": {
          "checkpoint_id": "flash-vla/pi05-random-checkpoint/v2/seed-0",
          "checkpoint_digest": "flash-vla/pi05-random-checkpoint/v2/seed-0"
        },
        "fixture": {
          "id": "flash-vla/pi05-inputs-v2/seed-0",
          "digest": "sha256:186266f9050d21a33ecfa4de7b9d54fe4851c8671f379edb5bc426c775184ce2"
        },
        "environment": {
          "gpu_sku": "NVIDIA GeForce RTX 5090",
          "driver": "580.142",
          "cuda_runtime": "13.0",
          "pytorch": "2.13.0+cu130",
          "tilelang": "0.1.11",
          "clock_policy": {
            "benchmark_control": "inherit",
            "slurm_gpu_freq_request": null,
            "effective_locked_clocks": "unobserved"
          },
          "power_policy": {
            "requested_limit_w": 600.0,
            "enforced_limit_w": 600.0
          },
          "capture_regime": "cuda_graph",
          "clock_observation": {
            "application_graphics_mhz": "[N/A]",
            "application_memory_mhz": "[N/A]"
          }
        },
        "workload": "libero",
        "hostname": "ubun",
        "slurm_job_id": null,
        "timestamp": 1790460899.5638187,
        "reference_provenance": {}
      },
      "metrics": {
        "chunk_latency": {
          "min": 23.87204486876726,
          "median": 24.000909412279725,
          "n": 100,
          "samples_ms": [
            23.904425092041492,
            23.909259121865034,
            24.003407917916775,
            24.136166088283062,
            24.139774963259697,
            23.91373412683606,
            23.88217020779848,
            24.000233970582485,
            24.119379930198193,
            24.12740094587207,
            23.937531746923923,
            23.882928770035505,
            24.153937119990587,
            23.997961077839136,
            23.97656999528408,
            23.900533095002174,
            23.878369946032763,
            23.99049885571003,
            24.144322145730257,
            24.011726025491953,
            23.879431188106537,
            23.884146008640528,
            23.987879045307636,
            24.138535372912884,
            24.001337122172117,
            23.90484604984522,
            24.01540009304881,
            24.004897102713585,
            24.139925371855497,
            24.129028897732496,
            23.91275716945529,
            23.901632986962795,
            23.990202229470015,
            24.12121184170246,
            24.000481702387333,
            23.905191104859114,
            23.87797413393855,
            23.988612927496433,
            24.105585180222988,
            24.118997156620026,
            23.979143239557743,
            23.897462990134954,
            24.026208091527224,
            24.12579720839858,
            24.011162109673023,
            23.94327102228999,
            23.969389963895082,
            24.0407045930624,
            24.119870737195015,
            24.005152750760317,
            23.96588772535324,
            23.975722957402468,
            24.044482968747616,
            24.125635158270597,
            24.010400753468275,
            23.976449389010668,
            23.96077523007989,
            24.051292799413204,
            24.13538796827197,
            24.0081581287086,
            23.89053301885724,
            23.87204486876726,
            23.985599167644978,
            24.134685285389423,
            24.019707925617695,
            23.948920890688896,
            23.953408002853394,
            24.04370717704296,
            24.12752201780677,
            24.023703765124083,
            23.960143327713013,
            23.950123228132725,
            24.0422198548913,
            24.130154866725206,
            23.99610308930278,
            23.890109732747078,
            23.87774782255292,
            24.009705986827612,
            24.131420999765396,
            24.006261955946684,
            23.962713312357664,
            23.956833872944117,
            24.030786007642746,
            24.12804216146469,
            24.00887617841363,
            23.89323804527521,
            23.902984336018562,
            23.992821108549833,
            24.1371002048254,
            24.003216065466404,
            23.94750528037548,
            23.96632032468915,
            24.049592204391956,
            24.141469039022923,
            24.001996032893658,
            23.956221994012594,
            23.972964845597744,
            24.03471479192376,
            24.136465042829514,
            24.002636782824993
          ],
          "p99": 24.144322145730257
        },
        "device_latency": {
          "min": 23.84876823425293,
          "median": 23.998767852783203,
          "n": 100,
          "samples_ms": [
            23.98249626159668,
            23.969024658203125,
            24.056320190429688,
            24.140640258789062,
            24.01740837097168,
            23.889631271362305,
            23.906047821044922,
            24.05094337463379,
            24.12726402282715,
            24.00668716430664,
            23.84876823425293,
            23.9202880859375,
            24.032320022583008,
            24.123455047607422,
            24.012832641601562,
            23.88960075378418,
            23.9085750579834,
            24.040063858032227,
            24.12563133239746,
            23.986080169677734,
            23.885087966918945,
            23.916255950927734,
            24.061248779296875,
            24.130239486694336,
            24.000192642211914,
            23.88697624206543,
            23.916095733642578,
            24.055904388427734,
            24.141504287719727,
            24.002368927001953,
            23.87241554260254,
            23.90617561340332,
            24.05014419555664,
            24.11484718322754,
            23.993215560913086,
            23.90015983581543,
            23.914432525634766,
            24.05289649963379,
            24.135967254638672,
            23.992223739624023,
            23.89276885986328,
            23.916608810424805,
            24.032960891723633,
            24.134368896484375,
            23.991519927978516,
            23.90345573425293,
            23.893247604370117,
            24.040576934814453,
            24.12828826904297,
            23.99443244934082,
            23.874752044677734,
            23.89321517944336,
            24.043712615966797,
            24.12726402282715,
            24.004512786865234,
            23.886720657348633,
            23.906400680541992,
            24.05753517150879,
            24.10905647277832,
            23.997343063354492,
            23.896095275878906,
            23.903839111328125,
            24.06608009338379,
            24.13910484313965,
            24.00281524658203,
            23.896352767944336,
            23.907264709472656,
            24.042591094970703,
            24.1376953125,
            23.98739242553711,
            23.88492774963379,
            23.897567749023438,
            24.038944244384766,
            24.128799438476562,
            23.993600845336914,
            23.917503356933594,
            23.90118408203125,
            24.056127548217773,
            24.11734390258789,
            23.990528106689453,
            23.89094352722168,
            23.909568786621094,
            24.04761505126953,
            24.121376037597656,
            24.000896453857422,
            23.902240753173828,
            23.904224395751953,
            24.038528442382812,
            24.135936737060547,
            24.00044822692871,
            23.895904541015625,
            23.9267520904541,
            24.044191360473633,
            24.13225555419922,
            24.0053768157959,
            23.889663696289062,
            23.91481590270996,
            24.05120086669922,
            24.132991790771484,
            23.98908805847168
          ],
          "p99": 24.140640258789062
        },
        "host_time": {
          "prompt": {
            "min": 0.021032989025115967,
            "median": 0.021855579689145088,
            "n": 100,
            "samples_ms": [
              0.02429075539112091,
              0.023922882974147797,
              0.0227498821914196,
              0.02286769449710846,
              0.02291519194841385,
              0.022563617676496506,
              0.0224970281124115,
              0.02206210047006607,
              0.022124033421278,
              0.0216546468436718,
              0.02171192318201065,
              0.021719839423894882,
              0.021747779101133347,
              0.023472122848033905,
              0.022387132048606873,
              0.02168118953704834,
              0.021853018552064896,
              0.02228282392024994,
              0.02200016751885414,
              0.021670013666152954,
              0.0220458023250103,
              0.021805986762046814,
              0.02220412716269493,
              0.022030901163816452,
              0.022253021597862244,
              0.02156989648938179,
              0.021740328520536423,
              0.022046733647584915,
              0.021643005311489105,
              0.021588988602161407,
              0.02223113551735878,
              0.02482207491993904,
              0.022502150386571884,
              0.022124964743852615,
              0.02215476706624031,
              0.022075138986110687,
              0.021935906261205673,
              0.022022053599357605,
              0.021703075617551804,
              0.021395739167928696,
              0.021381769329309464,
              0.021764077246189117,
              0.021481886506080627,
              0.02133706584572792,
              0.021685846149921417,
              0.02216501161456108,
              0.021707266569137573,
              0.021791085600852966,
              0.02183159813284874,
              0.022145919501781464,
              0.023034866899251938,
              0.02248212695121765,
              0.022761058062314987,
              0.02259993925690651,
              0.02156756818294525,
              0.021340325474739075,
              0.021552667021751404,
              0.021839048713445663,
              0.026036985218524933,
              0.022115185856819153,
              0.021623913198709488,
              0.02162111923098564,
              0.021999236196279526,
              0.021327286958694458,
              0.021503306925296783,
              0.021519139409065247,
              0.021552201360464096,
              0.021492131054401398,
              0.021463260054588318,
              0.02185814082622528,
              0.021898187696933746,
              0.021378975361585617,
              0.021961983293294907,
              0.022007152438163757,
              0.022345222532749176,
              0.022388063371181488,
              0.02245791256427765,
              0.022488180547952652,
              0.022387132048606873,
              0.02159876748919487,
              0.023162923753261566,
              0.021032989025115967,
              0.02164207398891449,
              0.021606218069791794,
              0.021486077457666397,
              0.021420884877443314,
              0.02175290137529373,
              0.021883752197027206,
              0.021527986973524094,
              0.02150004729628563,
              0.022162683308124542,
              0.02178596332669258,
              0.022093765437602997,
              0.021863728761672974,
              0.02231728285551071,
              0.02184603363275528,
              0.021513085812330246,
              0.021683983504772186,
              0.0214381143450737,
              0.021620187908411026
            ],
            "p99": 0.02482207491993904
          }
        },
        "segment_latency": {
          "vision_encoder": {
            "min": 3.086560010910034,
            "median": 3.102944016456604,
            "n": 100,
            "samples_ms": [
              3.0896639823913574,
              3.086560010910034,
              3.089695930480957,
              3.0878400802612305,
              3.088831901550293,
              3.0897281169891357,
              3.0907199382781982,
              3.098047971725464,
              3.0991039276123047,
              3.0992960929870605,
              3.0991361141204834,
              3.0980160236358643,
              3.098752021789551,
              3.0980160236358643,
              3.098464012145996,
              3.0978879928588867,
              3.097951889038086,
              3.09881591796875,
              3.1019198894500732,
              3.0988481044769287,
              3.0989439487457275,
              3.0979840755462646,
              3.1012799739837646,
              3.098207950592041,
              3.1010560989379883,
              3.1009600162506104,
              3.0988481044769287,
              3.1008639335632324,
              3.0988800525665283,
              3.1000959873199463,
              3.1015679836273193,
              3.1030080318450928,
              3.111392021179199,
              3.102207899093628,
              3.1001598834991455,
              3.110368013381958,
              3.1002559661865234,
              3.09987211227417,
              3.11027193069458,
              3.1008639335632324,
              3.1003201007843018,
              3.1000959873199463,
              3.1039040088653564,
              3.1128640174865723,
              3.102047920227051,
              3.110208034515381,
              3.098975896835327,
              3.102816104888916,
              3.0985920429229736,
              3.111327886581421,
              3.101952075958252,
              3.1028800010681152,
              3.1009600162506104,
              3.111135959625244,
              3.1028800010681152,
              3.1101760864257812,
              3.1000959873199463,
              3.110368013381958,
              3.1102399826049805,
              3.103327989578247,
              3.111327886581421,
              3.1102399826049805,
              3.111135959625244,
              3.1103360652923584,
              3.1104960441589355,
              3.1101438999176025,
              3.102047920227051,
              3.102047920227051,
              3.1103999614715576,
              3.1134719848632812,
              3.101855993270874,
              3.1031041145324707,
              3.1103999614715576,
              3.1101760864257812,
              3.10316801071167,
              3.110111951828003,
              3.1104960441589355,
              3.110719919204712,
              3.110208034515381,
              3.1102399826049805,
              3.1102399826049805,
              3.1101438999176025,
              3.112287998199463,
              3.1100800037384033,
              3.1114559173583984,
              3.110304117202759,
              3.1101438999176025,
              3.1114559173583984,
              3.1100800037384033,
              3.1101760864257812,
              3.1101760864257812,
              3.1114559173583984,
              3.1115520000457764,
              3.1111679077148438,
              3.1114559173583984,
              3.110208034515381,
              3.1111679077148438,
              3.1101760864257812,
              3.111423969268799,
              3.110464096069336
            ],
            "p99": 3.1128640174865723
          },
          "llm_backbone": {
            "min": 12.138239860534668,
            "median": 12.244256019592285,
            "n": 100,
            "samples_ms": [
              12.138239860534668,
              12.145824432373047,
              12.171327590942383,
              12.19711971282959,
              12.210911750793457,
              12.214240074157715,
              12.212160110473633,
              12.210368156433105,
              12.221759796142578,
              12.222944259643555,
              12.219615936279297,
              12.230751991271973,
              12.22009563446045,
              12.221440315246582,
              12.22655963897705,
              12.224608421325684,
              12.229984283447266,
              12.229727745056152,
              12.239295959472656,
              12.249247550964355,
              12.242752075195312,
              12.244735717773438,
              12.23574447631836,
              12.24294376373291,
              12.244128227233887,
              12.238911628723145,
              12.244895935058594,
              12.244256019592285,
              12.247296333312988,
              12.24512004852295,
              12.24665641784668,
              12.2357759475708,
              12.242303848266602,
              12.242719650268555,
              12.243359565734863,
              12.25603199005127,
              12.24783992767334,
              12.25113582611084,
              12.2391357421875,
              12.236127853393555,
              12.261695861816406,
              12.24944019317627,
              12.235360145568848,
              12.241984367370605,
              12.242112159729004,
              12.241951942443848,
              12.244447708129883,
              12.259008407592773,
              12.256608009338379,
              12.24892807006836,
              12.243743896484375,
              12.241951942443848,
              12.242176055908203,
              12.254048347473145,
              12.244256019592285,
              12.257311820983887,
              12.250816345214844,
              12.242048263549805,
              12.235712051391602,
              12.254495620727539,
              12.248255729675293,
              12.242719650268555,
              12.246015548706055,
              12.245152473449707,
              12.250495910644531,
              12.24828815460205,
              12.248991966247559,
              12.246368408203125,
              12.256319999694824,
              12.24233627319336,
              12.254591941833496,
              12.238944053649902,
              12.250176429748535,
              12.268704414367676,
              12.254464149475098,
              12.2542724609375,
              12.247167587280273,
              12.256671905517578,
              12.254240036010742,
              12.242015838623047,
              12.254207611083984,
              12.249119758605957,
              12.246687889099121,
              12.250016212463379,
              12.235872268676758,
              12.258208274841309,
              12.242560386657715,
              12.244256019592285,
              12.242303848266602,
              12.248255729675293,
              12.243167877197266,
              12.244416236877441,
              12.244159698486328,
              12.244447708129883,
              12.24726390838623,
              12.237792015075684,
              12.24448013305664,
              12.254240036010742,
              12.248191833496094,
              12.248448371887207
            ],
            "p99": 12.261695861816406
          },
          "action_expert": {
            "min": 8.875455856323242,
            "median": 8.888207912445068,
            "n": 100,
            "samples_ms": [
              8.891519546508789,
              8.886176109313965,
              8.900992393493652,
              8.885503768920898,
              8.88758373260498,
              8.885600090026855,
              8.890496253967285,
              8.887680053710938,
              8.89795207977295,
              8.885279655456543,
              8.897695541381836,
              8.885408401489258,
              8.887616157531738,
              8.897055625915527,
              8.890239715576172,
              8.887935638427734,
              8.885184288024902,
              8.899328231811523,
              8.886816024780273,
              8.89846420288086,
              8.886336326599121,
              8.889375686645508,
              8.886752128601074,
              8.885663986206055,
              8.89782428741455,
              8.885727882385254,
              8.885600090026855,
              8.887616157531738,
              8.888416290283203,
              8.897088050842285,
              8.888223648071289,
              8.875455856323242,
              8.885727882385254,
              8.87606430053711,
              8.889472007751465,
              8.88806438446045,
              8.887616157531738,
              8.889408111572266,
              8.899040222167969,
              8.877568244934082,
              8.900863647460938,
              8.885600090026855,
              8.898015975952148,
              8.885215759277344,
              8.886240005493164,
              8.88969612121582,
              8.8854398727417,
              8.898880004882812,
              8.889792442321777,
              8.889951705932617,
              8.899007797241211,
              8.897600173950195,
              8.885343551635742,
              8.89795207977295,
              8.898783683776855,
              8.885408401489258,
              8.886752128601074,
              8.885663986206055,
              8.886495590209961,
              8.885567665100098,
              8.887519836425781,
              8.885472297668457,
              8.897791862487793,
              8.88758373260498,
              8.889599800109863,
              8.889439582824707,
              8.897664070129395,
              8.885248184204102,
              8.889792442321777,
              8.885631561279297,
              8.88976001739502,
              8.88588809967041,
              8.897919654846191,
              8.888480186462402,
              8.89788818359375,
              8.885600090026855,
              8.898015975952148,
              8.888192176818848,
              8.89027214050293,
              8.898015975952148,
              8.885472297668457,
              8.885503768920898,
              8.885279655456543,
              8.899264335632324,
              8.886560440063477,
              8.898176193237305,
              8.897664070129395,
              8.889663696289062,
              8.8854398727417,
              8.88758373260498,
              8.898719787597656,
              8.89795207977295,
              8.889151573181152,
              8.897791862487793,
              8.898847579956055,
              8.889887809753418,
              8.897791862487793,
              8.887552261352539,
              8.887711524963379,
              8.887167930603027
            ],
            "p99": 8.900863647460938
          }
        },
        "overhead": {
          "min": -0.22821085900068283,
          "median": -0.23449853621423244,
          "p99": -0.13110138103365898
        }
      },
      "attribution": null,
      "runtime_observation": {
        "before": {
          "clocks.sm": "2572",
          "clocks.mem": "13801",
          "pstate": "P1",
          "temperature.gpu": "54",
          "power.draw": "137.75",
          "clocks_event_reasons.active": "0x0000000000000000"
        },
        "after": {
          "clocks.sm": "2895",
          "clocks.mem": "13801",
          "pstate": "P1",
          "temperature.gpu": "58",
          "power.draw": "344.17",
          "clocks_event_reasons.active": "0x0000000000000000"
        }
      },
      "options": {
        "workload": "libero"
      },
      "process_id": 3260991,
      "gpu_uuid": "GPU-7fc626f4-bce7-9a11-81de-0eaedc93e242",
      "implementation_source": null,
      "leg": 0
    }
  ],
  "deltas": null
}
