== leg 0: hardware/nvidia/rtx5090/pi05 plan=shipped
{
  "identity": {
    "schema_version": 3,
    "target": "hardware/nvidia/rtx5090/pi05",
    "hardware": "rtx5090-32gb",
    "model": "pi05",
    "shape_profile": "action_dim32-batch1-chunk50-encoder_dim2048-encoder_ffn_dim16384-expert_dim1024-expert_ffn_dim4096-expert_tokens50-head_dim256-image_channels3-image_height224-image_width224-kv_heads1-layers18-num_views3-prefix_len968-prompt_len200-qkv_width2560-query_heads8-state_dim32-steps10-vision_dim1152-vision_ffn_dim4304-vision_head_dim72-vision_heads16-vision_layers27-visual_tokens768-visual_tokens_per_view256",
    "shape": {
      "batch": 1,
      "num_views": 3,
      "image_height": 224,
      "image_width": 224,
      "image_channels": 3,
      "visual_tokens_per_view": 256,
      "visual_tokens": 768,
      "vision_dim": 1152,
      "vision_ffn_dim": 4304,
      "vision_heads": 16,
      "vision_head_dim": 72,
      "vision_layers": 27,
      "prompt_len": 200,
      "prefix_len": 968,
      "chunk": 50,
      "expert_tokens": 50,
      "state_dim": 32,
      "action_dim": 32,
      "steps": 10,
      "layers": 18,
      "encoder_dim": 2048,
      "encoder_ffn_dim": 16384,
      "query_heads": 8,
      "kv_heads": 1,
      "head_dim": 256,
      "qkv_width": 2560,
      "expert_dim": 1024,
      "expert_ffn_dim": 4096
    },
    "plan": {
      "vision_encoder_patch_embed": "torch",
      "vision_encoder_norm_qkv": "cutlass-vision",
      "vision_encoder_attention": "torch",
      "vision_encoder_out_proj_residual": "cutlass-vision",
      "vision_encoder_norm_ffn_up": "cutlass-vision",
      "vision_encoder_ffn_down_residual": "cutlass-vision",
      "llm_backbone_projector": "torch",
      "llm_backbone_embed_prompt": "torch",
      "llm_backbone_norm_qkv_rope": "fused-prefix-qkv",
      "llm_backbone_attention": "flashinfer-attention",
      "llm_backbone_out_proj_residual": "cutlass-backbone",
      "llm_backbone_norm_gated_ffn": "cutlass-backbone",
      "llm_backbone_ffn_down_residual": "cutlass-backbone",
      "action_expert_action_in_proj": "torch",
      "action_expert_norm_qkv_rope": "triton-qkv-finish",
      "action_expert_attention": "triton-qk-attention",
      "action_expert_out_proj_residual": "cutlass-expert-residual",
      "action_expert_norm_gated_ffn": "dual-ffn",
      "action_expert_ffn_down_residual": "cutlass-expert-residual",
      "action_expert_action_out_proj": "fused-qkv"
    },
    "model_revision": "pi05-r1",
    "engine_revision": null,
    "inference_signature": "sha256:a79c1f62c3f14674ad87e88a89bb5f66ac650e1c497ccf5076e64017b55d9f6f",
    "execution_variant": {
      "quantization": {
        "mode": "bf16"
      },
      "cache": {
        "mode": "none"
      }
    },
    "replay_buckets": [
      64,
      128,
      200
    ]
  },
  "protocol": "latency-v2",
  "instrumented": false,
  "measurement_context": {
    "weights": {
      "checkpoint_id": "flash-vla/pi05-random-checkpoint/v2/seed-0",
      "checkpoint_digest": "flash-vla/pi05-random-checkpoint/v2/seed-0"
    },
    "fixture": {
      "id": "flash-vla/pi05-inputs-v2/seed-0",
      "digest": "sha256:80e60b97e0964d3a558b2b622bc0d6848a841bb37543e362bdb5ade41d6c7480"
    },
    "environment": {
      "gpu_sku": "NVIDIA GeForce RTX 5090",
      "driver": "580.142",
      "cuda_runtime": "13.0",
      "pytorch": "2.13.0+cu130",
      "tilelang": "0.1.11",
      "clock_policy": {
        "benchmark_control": "inherit",
        "slurm_gpu_freq_request": null,
        "effective_locked_clocks": "unobserved"
      },
      "power_policy": {
        "requested_limit_w": 600.0,
        "enforced_limit_w": 600.0
      },
      "capture_regime": "cuda_graph",
      "clock_observation": {
        "application_graphics_mhz": "[N/A]",
        "application_memory_mhz": "[N/A]"
      }
    },
    "workload": "robodojo",
    "hostname": "ubun",
    "slurm_job_id": null,
    "timestamp": 1790460856.3810887,
    "reference_provenance": {}
  },
  "env": {
    "gpu": "NVIDIA GeForce RTX 5090",
    "python": "3.12.13",
    "torch": "2.13.0+cu130",
    "torch_cuda": "13.0",
    "tilelang": "0.1.11",
    "gpu_uuid": "GPU-7fc626f4-bce7-9a11-81de-0eaedc93e242",
    "runtime_observation": {
      "clocks.sm": "2872",
      "clocks.mem": "13801",
      "pstate": "P1",
      "temperature.gpu": "62",
      "power.draw": "493.38",
      "clocks_event_reasons.active": "0x0000000000000000"
    },
    "node": "ubun",
    "job": null,
    "driver": "580.142",
    "clocks": "unlocked",
    "clock_policy": {
      "benchmark_control": "inherit",
      "slurm_gpu_freq_request": null,
      "effective_locked_clocks": "unobserved"
    },
    "clock_observation": {
      "application_graphics_mhz": "[N/A]",
      "application_memory_mhz": "[N/A]"
    },
    "power_policy": {
      "requested_limit_w": 600.0,
      "enforced_limit_w": 600.0
    }
  },
  "config": {
    "reps": 100,
    "warmup": 5,
    "seed": 0,
    "plans": [
      "shipped"
    ],
    "calibration": false,
    "breakdown": true,
    "primary_statistic": "median",
    "capture_policy": "fresh-process-first-capture-per-leg",
    "statistics": [
      "min",
      "median",
      "p99"
    ],
    "p99_min_reps": 100,
    "soak_s": 0,
    "control_spread_max_ms": null,
    "attribution": false,
    "leg_options": [
      {}
    ]
  },
  "legs": [
    {
      "plan": "shipped",
      "identity": {
        "schema_version": 3,
        "target": "hardware/nvidia/rtx5090/pi05",
        "hardware": "rtx5090-32gb",
        "model": "pi05",
        "shape_profile": "action_dim32-batch1-chunk50-encoder_dim2048-encoder_ffn_dim16384-expert_dim1024-expert_ffn_dim4096-expert_tokens50-head_dim256-image_channels3-image_height224-image_width224-kv_heads1-layers18-num_views3-prefix_len968-prompt_len200-qkv_width2560-query_heads8-state_dim32-steps10-vision_dim1152-vision_ffn_dim4304-vision_head_dim72-vision_heads16-vision_layers27-visual_tokens768-visual_tokens_per_view256",
        "shape": {
          "batch": 1,
          "num_views": 3,
          "image_height": 224,
          "image_width": 224,
          "image_channels": 3,
          "visual_tokens_per_view": 256,
          "visual_tokens": 768,
          "vision_dim": 1152,
          "vision_ffn_dim": 4304,
          "vision_heads": 16,
          "vision_head_dim": 72,
          "vision_layers": 27,
          "prompt_len": 200,
          "prefix_len": 968,
          "chunk": 50,
          "expert_tokens": 50,
          "state_dim": 32,
          "action_dim": 32,
          "steps": 10,
          "layers": 18,
          "encoder_dim": 2048,
          "encoder_ffn_dim": 16384,
          "query_heads": 8,
          "kv_heads": 1,
          "head_dim": 256,
          "qkv_width": 2560,
          "expert_dim": 1024,
          "expert_ffn_dim": 4096
        },
        "plan": {
          "vision_encoder_patch_embed": "torch",
          "vision_encoder_norm_qkv": "cutlass-vision",
          "vision_encoder_attention": "torch",
          "vision_encoder_out_proj_residual": "cutlass-vision",
          "vision_encoder_norm_ffn_up": "cutlass-vision",
          "vision_encoder_ffn_down_residual": "cutlass-vision",
          "llm_backbone_projector": "torch",
          "llm_backbone_embed_prompt": "torch",
          "llm_backbone_norm_qkv_rope": "fused-prefix-qkv",
          "llm_backbone_attention": "flashinfer-attention",
          "llm_backbone_out_proj_residual": "cutlass-backbone",
          "llm_backbone_norm_gated_ffn": "cutlass-backbone",
          "llm_backbone_ffn_down_residual": "cutlass-backbone",
          "action_expert_action_in_proj": "torch",
          "action_expert_norm_qkv_rope": "triton-qkv-finish",
          "action_expert_attention": "triton-qk-attention",
          "action_expert_out_proj_residual": "cutlass-expert-residual",
          "action_expert_norm_gated_ffn": "dual-ffn",
          "action_expert_ffn_down_residual": "cutlass-expert-residual",
          "action_expert_action_out_proj": "fused-qkv"
        },
        "model_revision": "pi05-r1",
        "engine_revision": null,
        "inference_signature": "sha256:a79c1f62c3f14674ad87e88a89bb5f66ac650e1c497ccf5076e64017b55d9f6f",
        "execution_variant": {
          "quantization": {
            "mode": "bf16"
          },
          "cache": {
            "mode": "none"
          }
        },
        "replay_buckets": [
          64,
          128,
          200
        ]
      },
      "replay": {
        "extent": 70,
        "bucket": 128
      },
      "measurement_context": {
        "weights": {
          "checkpoint_id": "flash-vla/pi05-random-checkpoint/v2/seed-0",
          "checkpoint_digest": "flash-vla/pi05-random-checkpoint/v2/seed-0"
        },
        "fixture": {
          "id": "flash-vla/pi05-inputs-v2/seed-0",
          "digest": "sha256:80e60b97e0964d3a558b2b622bc0d6848a841bb37543e362bdb5ade41d6c7480"
        },
        "environment": {
          "gpu_sku": "NVIDIA GeForce RTX 5090",
          "driver": "580.142",
          "cuda_runtime": "13.0",
          "pytorch": "2.13.0+cu130",
          "tilelang": "0.1.11",
          "clock_policy": {
            "benchmark_control": "inherit",
            "slurm_gpu_freq_request": null,
            "effective_locked_clocks": "unobserved"
          },
          "power_policy": {
            "requested_limit_w": 600.0,
            "enforced_limit_w": 600.0
          },
          "capture_regime": "cuda_graph",
          "clock_observation": {
            "application_graphics_mhz": "[N/A]",
            "application_memory_mhz": "[N/A]"
          }
        },
        "workload": "robodojo",
        "hostname": "ubun",
        "slurm_job_id": null,
        "timestamp": 1790460856.3810887,
        "reference_provenance": {}
      },
      "metrics": {
        "chunk_latency": {
          "min": 29.69135995954275,
          "median": 29.899091692641377,
          "n": 100,
          "samples_ms": [
            29.797355644404888,
            29.74134823307395,
            29.84318695962429,
            29.881037771701813,
            29.81780469417572,
            29.76045524701476,
            29.906210955232382,
            29.725093860179186,
            29.79153487831354,
            29.69135995954275,
            29.7896359115839,
            29.895752668380737,
            29.8725888133049,
            29.89569492638111,
            29.87387403845787,
            29.918434098362923,
            29.92725931107998,
            30.08392872288823,
            30.01151094213128,
            30.034477822482586,
            29.94464710354805,
            29.95853405445814,
            29.925525188446045,
            30.001323204487562,
            29.970784205943346,
            30.013289768248796,
            29.947837814688683,
            29.983330983668566,
            29.965135268867016,
            30.030823778361082,
            29.952965676784515,
            29.97148223221302,
            29.921152628958225,
            29.80393311008811,
            29.836575966328382,
            29.837751761078835,
            29.841626062989235,
            29.842806048691273,
            29.83630495145917,
            29.8426179215312,
            29.860455077141523,
            29.855183325707912,
            29.8399250023067,
            29.85780918970704,
            29.926112852990627,
            29.87519698217511,
            29.794115107506514,
            29.85248016193509,
            29.79982877150178,
            29.846431221812963,
            29.837497975677252,
            29.819993767887354,
            29.777951072901487,
            29.82038725167513,
            29.793596360832453,
            29.82027782127261,
            29.80217384174466,
            29.82387598603964,
            29.79363687336445,
            29.824831057339907,
            29.80654500424862,
            29.827237129211426,
            29.81855208054185,
            29.801958240568638,
            29.825705103576183,
            29.79630883783102,
            29.838368762284517,
            29.85591907054186,
            29.83077522367239,
            29.911695048213005,
            29.79662688449025,
            29.93049193173647,
            29.96543003246188,
            29.924510046839714,
            29.962150380015373,
            29.922843910753727,
            29.974352102726698,
            29.902430716902018,
            29.978615697473288,
            29.9199097789824,
            29.998390935361385,
            29.97686294838786,
            30.000783037394285,
            29.971516225486994,
            30.013403855264187,
            29.964765068143606,
            30.003765132278204,
            29.965560883283615,
            29.970982111990452,
            29.90815509110689,
            30.000154860317707,
            29.967139940708876,
            30.006142798811197,
            29.966368805617094,
            29.995706398040056,
            29.996085911989212,
            30.040560755878687,
            30.0285741686821,
            30.050610192120075,
            30.03947390243411
          ],
          "p99": 30.050610192120075
        },
        "device_latency": {
          "min": 29.84284782409668,
          "median": 29.989456176757812,
          "n": 100,
          "samples_ms": [
            29.994335174560547,
            30.00489616394043,
            29.98918342590332,
            29.969791412353516,
            29.894367218017578,
            29.85456085205078,
            29.928192138671875,
            29.84284782409668,
            29.906431198120117,
            29.98633575439453,
            29.89641571044922,
            29.988128662109375,
            29.92473602294922,
            29.84899139404297,
            29.909055709838867,
            29.989120483398438,
            29.89347267150879,
            29.8602237701416,
            29.894943237304688,
            29.868671417236328,
            29.905216217041016,
            29.87606430053711,
            29.909055709838867,
            29.856895446777344,
            29.908479690551758,
            29.876575469970703,
            29.891136169433594,
            30.0513916015625,
            30.021343231201172,
            30.04755210876465,
            29.975135803222656,
            30.026784896850586,
            29.986431121826172,
            30.020191192626953,
            29.899072647094727,
            30.0435848236084,
            29.969440460205078,
            30.04729652404785,
            29.980192184448242,
            30.021408081054688,
            29.899456024169922,
            30.067359924316406,
            30.000511169433594,
            30.045215606689453,
            29.977535247802734,
            30.033920288085938,
            29.97145652770996,
            30.056352615356445,
            30.010496139526367,
            30.03264045715332,
            29.900320053100586,
            30.021984100341797,
            29.90790367126465,
            30.047456741333008,
            30.000064849853516,
            30.052480697631836,
            29.987680435180664,
            30.015071868896484,
            29.914880752563477,
            30.033184051513672,
            29.985984802246094,
            30.047199249267578,
            29.974496841430664,
            30.044095993041992,
            29.979808807373047,
            30.029216766357422,
            29.980224609375,
            30.03923225402832,
            29.99305534362793,
            30.03411293029785,
            29.98259162902832,
            30.040544509887695,
            29.979103088378906,
            30.0295352935791,
            29.976831436157227,
            30.04096031188965,
            29.989728927612305,
            30.027679443359375,
            29.987520217895508,
            30.007648468017578,
            29.906047821044922,
            30.047775268554688,
            29.98646354675293,
            30.045024871826172,
            29.99692726135254,
            30.03670310974121,
            29.978527069091797,
            30.040672302246094,
            29.994239807128906,
            30.042400360107422,
            29.982303619384766,
            30.00614356994629,
            29.920320510864258,
            30.032447814941406,
            30.02137565612793,
            30.063871383666992,
            30.048383712768555,
            30.08140754699707,
            30.03865623474121,
            30.063520431518555
          ],
          "p99": 30.067359924316406
        },
        "host_time": {
          "prompt": {
            "min": 0.08085928857326508,
            "median": 0.09021209552884102,
            "n": 100,
            "samples_ms": [
              0.09699631482362747,
              0.09423494338989258,
              0.09139114990830421,
              0.09679701179265976,
              0.09107822552323341,
              0.09157415479421616,
              0.09009288623929024,
              0.08697761222720146,
              0.08453382179141045,
              0.08980883285403252,
              0.09328499436378479,
              0.08497107774019241,
              0.08287187665700912,
              0.08233124390244484,
              0.08638808503746986,
              0.08232193067669868,
              0.08332263678312302,
              0.08306093513965607,
              0.0820821151137352,
              0.08516013622283936,
              0.08342694491147995,
              0.08512288331985474,
              0.08250167593359947,
              0.08239783346652985,
              0.08283788338303566,
              0.1042243093252182,
              0.17553521320223808,
              0.15281513333320618,
              0.16079284250736237,
              0.14141574501991272,
              0.1394478604197502,
              0.1510055735707283,
              0.15714485198259354,
              0.11047720909118652,
              0.102281104773283,
              0.1345314085483551,
              0.16949372366070747,
              0.16235001385211945,
              0.14280015602707863,
              0.10181497782468796,
              0.10980293154716492,
              0.09778933599591255,
              0.09828619658946991,
              0.08671125397086143,
              0.0892779789865017,
              0.09163888171315193,
              0.08964212611317635,
              0.08834106847643852,
              0.08345907554030418,
              0.08936505764722824,
              0.09081140160560608,
              0.08823489770293236,
              0.09136972948908806,
              0.091583002358675,
              0.08994387462735176,
              0.08329469710588455,
              0.08913176134228706,
              0.09029824286699295,
              0.08380133658647537,
              0.0820942223072052,
              0.08167419582605362,
              0.08193915709853172,
              0.0881231389939785,
              0.08346419781446457,
              0.08214497938752174,
              0.08243275806307793,
              0.08212123066186905,
              0.0819559209048748,
              0.08268095552921295,
              0.08085928857326508,
              0.08118804544210434,
              0.08180784061551094,
              0.08145719766616821,
              0.08214684203267097,
              0.17173215746879578,
              0.18641818314790726,
              0.16212090849876404,
              0.14310702681541443,
              0.14899997040629387,
              0.144879799336195,
              0.15062792226672173,
              0.11752638965845108,
              0.10290881618857384,
              0.119050033390522,
              0.15838909894227982,
              0.17928192391991615,
              0.13626785948872566,
              0.10671466588973999,
              0.10603806003928185,
              0.093074981123209,
              0.08971104398369789,
              0.09059906005859375,
              0.09245704859495163,
              0.08999230340123177,
              0.0905902124941349,
              0.08476804941892624,
              0.09085284546017647,
              0.09012594819068909,
              0.08639786392450333,
              0.08925329893827438
            ],
            "p99": 0.17928192391991615
          }
        },
        "segment_latency": {
          "vision_encoder": {
            "min": 4.072768211364746,
            "median": 4.106624126434326,
            "n": 100,
            "samples_ms": [
              4.091904163360596,
              4.088031768798828,
              4.089503765106201,
              4.087935924530029,
              4.108160018920898,
              4.117440223693848,
              4.124159812927246,
              4.111584186553955,
              4.1090240478515625,
              4.087296009063721,
              4.076735973358154,
              4.07696008682251,
              4.07590389251709,
              4.075712203979492,
              4.075007915496826,
              4.072959899902344,
              4.0768961906433105,
              4.072768211364746,
              4.07692813873291,
              4.074431896209717,
              4.075295925140381,
              4.087103843688965,
              4.087168216705322,
              4.091008186340332,
              4.088352203369141,
              4.087488174438477,
              4.096960067749023,
              4.089248180389404,
              4.0913920402526855,
              4.090847969055176,
              4.088479995727539,
              4.09449577331543,
              4.091263771057129,
              4.091263771057129,
              4.092480182647705,
              4.093344211578369,
              4.098400115966797,
              4.095327854156494,
              4.093760013580322,
              4.093344211578369,
              4.095232009887695,
              4.095424175262451,
              4.097280025482178,
              4.101376056671143,
              4.101024150848389,
              4.120384216308594,
              4.101247787475586,
              4.100575923919678,
              4.101471900939941,
              4.100607872009277,
              4.104767799377441,
              4.108767986297607,
              4.106592178344727,
              4.10211181640625,
              4.101503849029541,
              4.103424072265625,
              4.106624126434326,
              4.106783866882324,
              4.110976219177246,
              4.106624126434326,
              4.117631912231445,
              4.111775875091553,
              4.111040115356445,
              4.111423969268799,
              4.115839958190918,
              4.11359977722168,
              4.112864017486572,
              4.113887786865234,
              4.113759994506836,
              4.11078405380249,
              4.122176170349121,
              4.115200042724609,
              4.114912033081055,
              4.113152027130127,
              4.1150078773498535,
              4.118015766143799,
              4.116960048675537,
              4.117184162139893,
              4.117184162139893,
              4.1190080642700195,
              4.121344089508057,
              4.1190080642700195,
              4.119872093200684,
              4.119103908538818,
              4.122496128082275,
              4.128032207489014,
              4.124159812927246,
              4.123744010925293,
              4.121024131774902,
              4.125279903411865,
              4.123136043548584,
              4.127232074737549,
              4.124159812927246,
              4.123040199279785,
              4.1255998611450195,
              4.123968124389648,
              4.12608003616333,
              4.128416061401367,
              4.1262078285217285,
              4.1254401206970215
            ],
            "p99": 4.128032207489014
          },
          "llm_backbone": {
            "min": 16.599903106689453,
            "median": 16.624911308288574,
            "n": 100,
            "samples_ms": [
              16.627168655395508,
              16.605791091918945,
              16.824735641479492,
              16.601343154907227,
              16.6092472076416,
              16.601856231689453,
              16.599903106689453,
              16.603967666625977,
              16.605087280273438,
              16.639680862426758,
              16.63759994506836,
              16.62335968017578,
              16.612863540649414,
              16.621440887451172,
              16.608736038208008,
              16.61142349243164,
              16.609407424926758,
              16.608095169067383,
              16.616416931152344,
              16.616512298583984,
              16.613632202148438,
              16.635263442993164,
              16.62588882446289,
              16.618240356445312,
              16.611936569213867,
              16.617952346801758,
              16.613759994506836,
              16.637632369995117,
              16.630367279052734,
              16.62214469909668,
              16.62099266052246,
              16.633119583129883,
              16.629823684692383,
              16.636415481567383,
              16.642847061157227,
              16.62713623046875,
              16.635679244995117,
              16.61612892150879,
              16.63100814819336,
              16.63155174255371,
              16.63817596435547,
              16.61942481994629,
              16.621183395385742,
              16.626047134399414,
              16.622400283813477,
              16.639360427856445,
              16.634944915771484,
              16.62895965576172,
              16.641984939575195,
              16.629215240478516,
              16.62665557861328,
              16.62860870361328,
              16.613088607788086,
              16.64579200744629,
              16.62566375732422,
              16.637088775634766,
              16.623008728027344,
              16.61939239501953,
              16.62224006652832,
              16.61612892150879,
              16.627775192260742,
              16.624448776245117,
              16.624095916748047,
              16.62406349182129,
              16.625215530395508,
              16.626176834106445,
              16.628320693969727,
              16.62326431274414,
              16.628448486328125,
              16.619487762451172,
              16.63203239440918,
              16.62656021118164,
              16.628799438476562,
              16.62236785888672,
              16.623680114746094,
              16.62611198425293,
              16.62460708618164,
              16.625696182250977,
              16.626495361328125,
              16.623807907104492,
              16.649152755737305,
              16.627424240112305,
              16.64569664001465,
              16.623519897460938,
              16.619455337524414,
              16.624191284179688,
              16.626399993896484,
              16.617919921875,
              16.62246322631836,
              16.6276798248291,
              16.634719848632812,
              16.634048461914062,
              16.62700843811035,
              16.629119873046875,
              16.623903274536133,
              16.623872756958008,
              16.6265926361084,
              16.629056930541992,
              16.623199462890625,
              16.623231887817383
            ],
            "p99": 16.649152755737305
          },
          "action_expert": {
            "min": 9.439519882202148,
            "median": 9.452415943145752,
            "n": 100,
            "samples_ms": [
              9.455167770385742,
              9.451775550842285,
              9.455103874206543,
              9.453503608703613,
              9.452927589416504,
              9.454367637634277,
              9.452192306518555,
              9.456576347351074,
              9.453791618347168,
              9.447135925292969,
              9.453920364379883,
              9.458784103393555,
              9.448831558227539,
              9.4486083984375,
              9.4486722946167,
              9.452447891235352,
              9.444479942321777,
              9.456640243530273,
              9.448160171508789,
              9.444160461425781,
              9.452159881591797,
              9.448448181152344,
              9.444607734680176,
              9.452832221984863,
              9.456992149353027,
              9.450464248657227,
              9.454560279846191,
              9.453408241271973,
              9.450431823730469,
              9.450240135192871,
              9.456640243530273,
              9.446432113647461,
              9.44489574432373,
              9.452287673950195,
              9.452799797058105,
              9.454655647277832,
              9.456671714782715,
              9.448351860046387,
              9.452383995056152,
              9.439519882202148,
              9.449760437011719,
              9.456543922424316,
              9.453056335449219,
              9.451711654663086,
              9.455552101135254,
              9.453056335449219,
              9.457887649536133,
              9.45081615447998,
              9.455327987670898,
              9.447615623474121,
              9.452863693237305,
              9.447039604187012,
              9.454272270202637,
              9.456768035888672,
              9.44495964050293,
              9.449088096618652,
              9.454367637634277,
              9.45088005065918,
              9.446368217468262,
              9.454208374023438,
              9.45798397064209,
              9.448224067687988,
              9.45695972442627,
              9.452608108520508,
              9.448479652404785,
              9.446528434753418,
              9.454208374023438,
              9.457056045532227,
              9.458656311035156,
              9.446687698364258,
              9.451231956481934,
              9.455039978027344,
              9.456704139709473,
              9.457216262817383,
              9.448575973510742,
              9.454143524169922,
              9.452863693237305,
              9.446751594543457,
              9.448448181152344,
              9.44825553894043,
              9.446784019470215,
              9.455039978027344,
              9.457056045532227,
              9.457504272460938,
              9.446528434753418,
              9.450143814086914,
              9.452832221984863,
              9.450240135192871,
              9.494688034057617,
              9.460864067077637,
              9.448127746582031,
              9.451775550842285,
              9.448863983154297,
              9.455167770385742,
              9.448736190795898,
              9.458111763000488,
              9.447296142578125,
              9.454143524169922,
              9.443840026855469,
              9.44803237915039
            ],
            "p99": 9.460864067077637
          }
        },
        "overhead": {
          "min": -0.42083124071359634,
          "median": -0.2848596852272749,
          "p99": -0.18743883818387985
        }
      },
      "attribution": null,
      "runtime_observation": {
        "before": {
          "clocks.sm": "2827",
          "clocks.mem": "13801",
          "pstate": "P1",
          "temperature.gpu": "52",
          "power.draw": "199.66",
          "clocks_event_reasons.active": "0x0000000000000000"
        },
        "after": {
          "clocks.sm": "2872",
          "clocks.mem": "13801",
          "pstate": "P1",
          "temperature.gpu": "62",
          "power.draw": "493.38",
          "clocks_event_reasons.active": "0x0000000000000000"
        }
      },
      "options": {
        "workload": "robodojo"
      },
      "process_id": 3260206,
      "gpu_uuid": "GPU-7fc626f4-bce7-9a11-81de-0eaedc93e242",
      "implementation_source": null,
      "leg": 0
    }
  ],
  "deltas": null
}
