== leg 0: hardware/nvidia/rtx5090/pi05 plan=shipped
{
  "identity": {
    "schema_version": 3,
    "target": "hardware/nvidia/rtx5090/pi05",
    "hardware": "rtx5090-32gb",
    "model": "pi05",
    "shape_profile": "action_dim32-batch1-chunk10-encoder_dim2048-encoder_ffn_dim16384-expert_dim1024-expert_ffn_dim4096-expert_tokens10-head_dim256-image_channels3-image_height224-image_width224-kv_heads1-layers18-num_views2-prefix_len712-prompt_len200-qkv_width2560-query_heads8-state_dim32-steps10-vision_dim1152-vision_ffn_dim4304-vision_head_dim72-vision_heads16-vision_layers27-visual_tokens512-visual_tokens_per_view256",
    "shape": {
      "batch": 1,
      "num_views": 2,
      "image_height": 224,
      "image_width": 224,
      "image_channels": 3,
      "visual_tokens_per_view": 256,
      "visual_tokens": 512,
      "vision_dim": 1152,
      "vision_ffn_dim": 4304,
      "vision_heads": 16,
      "vision_head_dim": 72,
      "vision_layers": 27,
      "prompt_len": 200,
      "prefix_len": 712,
      "chunk": 10,
      "expert_tokens": 10,
      "state_dim": 32,
      "action_dim": 32,
      "steps": 10,
      "layers": 18,
      "encoder_dim": 2048,
      "encoder_ffn_dim": 16384,
      "query_heads": 8,
      "kv_heads": 1,
      "head_dim": 256,
      "qkv_width": 2560,
      "expert_dim": 1024,
      "expert_ffn_dim": 4096
    },
    "plan": {
      "vision_encoder_patch_embed": "torch",
      "vision_encoder_norm_qkv": "cutlass-vision",
      "vision_encoder_attention": "torch",
      "vision_encoder_out_proj_residual": "cutlass-vision",
      "vision_encoder_norm_ffn_up": "cutlass-vision",
      "vision_encoder_ffn_down_residual": "cutlass-vision",
      "llm_backbone_projector": "torch",
      "llm_backbone_embed_prompt": "torch",
      "llm_backbone_norm_qkv_rope": "fused-prefix-qkv",
      "llm_backbone_attention": "flashinfer-attention",
      "llm_backbone_out_proj_residual": "cutlass-backbone",
      "llm_backbone_norm_gated_ffn": "cutlass-backbone",
      "llm_backbone_ffn_down_residual": "cutlass-backbone",
      "action_expert_action_in_proj": "torch",
      "action_expert_norm_qkv_rope": "triton-qkv-finish",
      "action_expert_attention": "triton-qk-attention",
      "action_expert_out_proj_residual": "cutlass-expert-residual",
      "action_expert_norm_gated_ffn": "dual-ffn",
      "action_expert_ffn_down_residual": "cutlass-expert-residual",
      "action_expert_action_out_proj": "fused-qkv"
    },
    "model_revision": "pi05-r1",
    "engine_revision": null,
    "inference_signature": "sha256:a79c1f62c3f14674ad87e88a89bb5f66ac650e1c497ccf5076e64017b55d9f6f",
    "execution_variant": {
      "quantization": {
        "mode": "bf16"
      },
      "cache": {
        "mode": "none"
      }
    },
    "replay_buckets": [
      64,
      200
    ]
  },
  "protocol": "latency-v2",
  "instrumented": false,
  "measurement_context": {
    "weights": {
      "checkpoint_id": "flash-vla/pi05-random-checkpoint/v2/seed-0",
      "checkpoint_digest": "flash-vla/pi05-random-checkpoint/v2/seed-0"
    },
    "fixture": {
      "id": "flash-vla/pi05-inputs-v2/seed-0",
      "digest": "sha256:186266f9050d21a33ecfa4de7b9d54fe4851c8671f379edb5bc426c775184ce2"
    },
    "environment": {
      "gpu_sku": "NVIDIA GeForce RTX 5090",
      "driver": "580.142",
      "cuda_runtime": "13.0",
      "pytorch": "2.13.0+cu130",
      "tilelang": "0.1.11",
      "clock_policy": {
        "benchmark_control": "inherit",
        "slurm_gpu_freq_request": null,
        "effective_locked_clocks": "unobserved"
      },
      "power_policy": {
        "requested_limit_w": 600.0,
        "enforced_limit_w": 600.0
      },
      "capture_regime": "cuda_graph",
      "clock_observation": {
        "application_graphics_mhz": "[N/A]",
        "application_memory_mhz": "[N/A]"
      }
    },
    "workload": "libero",
    "hostname": "ubun",
    "slurm_job_id": null,
    "timestamp": 1790460924.875304,
    "reference_provenance": {}
  },
  "env": {
    "gpu": "NVIDIA GeForce RTX 5090",
    "python": "3.12.13",
    "torch": "2.13.0+cu130",
    "torch_cuda": "13.0",
    "tilelang": "0.1.11",
    "gpu_uuid": "GPU-7fc626f4-bce7-9a11-81de-0eaedc93e242",
    "runtime_observation": {
      "clocks.sm": "2895",
      "clocks.mem": "13801",
      "pstate": "P1",
      "temperature.gpu": "57",
      "power.draw": "349.43",
      "clocks_event_reasons.active": "0x0000000000000000"
    },
    "node": "ubun",
    "job": null,
    "driver": "580.142",
    "clocks": "unlocked",
    "clock_policy": {
      "benchmark_control": "inherit",
      "slurm_gpu_freq_request": null,
      "effective_locked_clocks": "unobserved"
    },
    "clock_observation": {
      "application_graphics_mhz": "[N/A]",
      "application_memory_mhz": "[N/A]"
    },
    "power_policy": {
      "requested_limit_w": 600.0,
      "enforced_limit_w": 600.0
    }
  },
  "config": {
    "reps": 100,
    "warmup": 5,
    "seed": 0,
    "plans": [
      "shipped"
    ],
    "calibration": false,
    "breakdown": true,
    "primary_statistic": "median",
    "capture_policy": "fresh-process-first-capture-per-leg",
    "statistics": [
      "min",
      "median",
      "p99"
    ],
    "p99_min_reps": 100,
    "soak_s": 0,
    "control_spread_max_ms": null,
    "attribution": false,
    "leg_options": [
      {}
    ]
  },
  "legs": [
    {
      "plan": "shipped",
      "identity": {
        "schema_version": 3,
        "target": "hardware/nvidia/rtx5090/pi05",
        "hardware": "rtx5090-32gb",
        "model": "pi05",
        "shape_profile": "action_dim32-batch1-chunk10-encoder_dim2048-encoder_ffn_dim16384-expert_dim1024-expert_ffn_dim4096-expert_tokens10-head_dim256-image_channels3-image_height224-image_width224-kv_heads1-layers18-num_views2-prefix_len712-prompt_len200-qkv_width2560-query_heads8-state_dim32-steps10-vision_dim1152-vision_ffn_dim4304-vision_head_dim72-vision_heads16-vision_layers27-visual_tokens512-visual_tokens_per_view256",
        "shape": {
          "batch": 1,
          "num_views": 2,
          "image_height": 224,
          "image_width": 224,
          "image_channels": 3,
          "visual_tokens_per_view": 256,
          "visual_tokens": 512,
          "vision_dim": 1152,
          "vision_ffn_dim": 4304,
          "vision_heads": 16,
          "vision_head_dim": 72,
          "vision_layers": 27,
          "prompt_len": 200,
          "prefix_len": 712,
          "chunk": 10,
          "expert_tokens": 10,
          "state_dim": 32,
          "action_dim": 32,
          "steps": 10,
          "layers": 18,
          "encoder_dim": 2048,
          "encoder_ffn_dim": 16384,
          "query_heads": 8,
          "kv_heads": 1,
          "head_dim": 256,
          "qkv_width": 2560,
          "expert_dim": 1024,
          "expert_ffn_dim": 4096
        },
        "plan": {
          "vision_encoder_patch_embed": "torch",
          "vision_encoder_norm_qkv": "cutlass-vision",
          "vision_encoder_attention": "torch",
          "vision_encoder_out_proj_residual": "cutlass-vision",
          "vision_encoder_norm_ffn_up": "cutlass-vision",
          "vision_encoder_ffn_down_residual": "cutlass-vision",
          "llm_backbone_projector": "torch",
          "llm_backbone_embed_prompt": "torch",
          "llm_backbone_norm_qkv_rope": "fused-prefix-qkv",
          "llm_backbone_attention": "flashinfer-attention",
          "llm_backbone_out_proj_residual": "cutlass-backbone",
          "llm_backbone_norm_gated_ffn": "cutlass-backbone",
          "llm_backbone_ffn_down_residual": "cutlass-backbone",
          "action_expert_action_in_proj": "torch",
          "action_expert_norm_qkv_rope": "triton-qkv-finish",
          "action_expert_attention": "triton-qk-attention",
          "action_expert_out_proj_residual": "cutlass-expert-residual",
          "action_expert_norm_gated_ffn": "dual-ffn",
          "action_expert_ffn_down_residual": "cutlass-expert-residual",
          "action_expert_action_out_proj": "fused-qkv"
        },
        "model_revision": "pi05-r1",
        "engine_revision": null,
        "inference_signature": "sha256:a79c1f62c3f14674ad87e88a89bb5f66ac650e1c497ccf5076e64017b55d9f6f",
        "execution_variant": {
          "quantization": {
            "mode": "bf16"
          },
          "cache": {
            "mode": "none"
          }
        },
        "replay_buckets": [
          64,
          200
        ]
      },
      "replay": {
        "extent": 12,
        "bucket": 64
      },
      "measurement_context": {
        "weights": {
          "checkpoint_id": "flash-vla/pi05-random-checkpoint/v2/seed-0",
          "checkpoint_digest": "flash-vla/pi05-random-checkpoint/v2/seed-0"
        },
        "fixture": {
          "id": "flash-vla/pi05-inputs-v2/seed-0",
          "digest": "sha256:186266f9050d21a33ecfa4de7b9d54fe4851c8671f379edb5bc426c775184ce2"
        },
        "environment": {
          "gpu_sku": "NVIDIA GeForce RTX 5090",
          "driver": "580.142",
          "cuda_runtime": "13.0",
          "pytorch": "2.13.0+cu130",
          "tilelang": "0.1.11",
          "clock_policy": {
            "benchmark_control": "inherit",
            "slurm_gpu_freq_request": null,
            "effective_locked_clocks": "unobserved"
          },
          "power_policy": {
            "requested_limit_w": 600.0,
            "enforced_limit_w": 600.0
          },
          "capture_regime": "cuda_graph",
          "clock_observation": {
            "application_graphics_mhz": "[N/A]",
            "application_memory_mhz": "[N/A]"
          }
        },
        "workload": "libero",
        "hostname": "ubun",
        "slurm_job_id": null,
        "timestamp": 1790460924.875304,
        "reference_provenance": {}
      },
      "metrics": {
        "chunk_latency": {
          "min": 23.89761107042432,
          "median": 24.002557154744864,
          "n": 100,
          "samples_ms": [
            23.99256406351924,
            23.93685793504119,
            23.932185024023056,
            24.05679691582918,
            24.076129775494337,
            24.02635384351015,
            24.00985825806856,
            23.9508762024343,
            23.914092220366,
            24.03855975717306,
            24.212987162172794,
            24.2621679790318,
            24.075232911854982,
            24.001799058169127,
            24.082547053694725,
            24.220137856900692,
            24.092023260891438,
            23.972945287823677,
            23.94624100998044,
            24.069057777523994,
            24.196818936616182,
            24.059078190475702,
            23.952484130859375,
            23.95924087613821,
            24.143590591847897,
            24.276540149003267,
            24.152861442416906,
            24.009195622056723,
            23.9579020999372,
            24.062938056886196,
            24.18704004958272,
            24.03182303532958,
            23.924270179122686,
            23.97140394896269,
            24.07436491921544,
            24.16280098259449,
            24.01993004605174,
            23.92942365258932,
            23.94050220027566,
            23.999173194169998,
            23.983508814126253,
            23.992164060473442,
            23.923235945403576,
            23.936808109283447,
            23.988714907318354,
            24.0033152513206,
            23.9933580160141,
            23.91211176291108,
            23.961374070495367,
            24.088062811642885,
            24.15726473554969,
            24.03339697048068,
            23.932887706905603,
            23.957337252795696,
            24.071725085377693,
            24.154264945536852,
            24.032235145568848,
            23.89761107042432,
            23.939391132444143,
            24.075499270111322,
            24.17181897908449,
            24.02970800176263,
            23.910097312182188,
            23.935681208968163,
            24.064750876277685,
            24.167492985725403,
            24.021695367991924,
            23.9229048602283,
            23.921261075884104,
            24.088789708912373,
            24.168234784156084,
            24.02705606073141,
            23.91296485438943,
            23.95005989819765,
            24.08453030511737,
            24.161196313798428,
            24.018967989832163,
            23.936198092997074,
            23.94938701763749,
            23.994887247681618,
            23.995963856577873,
            23.9959261380136,
            23.908304050564766,
            23.955279029905796,
            24.091222789138556,
            24.15139740332961,
            24.02030909433961,
            23.925005923956633,
            23.93522299826145,
            24.007644038647413,
            23.99524115025997,
            23.98319635540247,
            23.918389808386564,
            23.94350105896592,
            24.094315711408854,
            24.152846075594425,
            24.020920041948557,
            23.919380735605955,
            23.936479352414608,
            23.989447858184576
          ],
          "p99": 24.2621679790318
        },
        "device_latency": {
          "min": 23.893760681152344,
          "median": 24.012656211853027,
          "n": 100,
          "samples_ms": [
            24.16499137878418,
            24.028671264648438,
            23.92803192138672,
            23.95132827758789,
            23.99692726135254,
            23.991872787475586,
            23.992895126342773,
            23.9204158782959,
            23.950687408447266,
            24.263328552246094,
            24.147775650024414,
            24.017311096191406,
            23.915456771850586,
            24.00307273864746,
            24.15078353881836,
            24.16988754272461,
            24.00364875793457,
            23.893760681152344,
            24.016576766967773,
            24.154176712036133,
            24.1727352142334,
            24.037599563598633,
            23.91516876220703,
            24.011775970458984,
            24.177120208740234,
            24.17081642150879,
            23.99056053161621,
            23.90719985961914,
            24.06153678894043,
            24.173343658447266,
            24.1595516204834,
            23.99932861328125,
            23.94937515258789,
            24.061567306518555,
            24.170143127441406,
            24.06175994873047,
            24.001184463500977,
            23.9399356842041,
            24.068767547607422,
            24.164447784423828,
            24.150175094604492,
            24.013792037963867,
            23.932031631469727,
            24.06675148010254,
            24.145919799804688,
            24.044416427612305,
            23.99635124206543,
            23.991455078125,
            24.0828800201416,
            24.167232513427734,
            24.048959732055664,
            23.9256649017334,
            23.93948745727539,
            24.06764793395996,
            24.160287857055664,
            24.03718376159668,
            23.91276741027832,
            23.95315170288086,
            24.08176040649414,
            24.1810245513916,
            24.02060890197754,
            23.925792694091797,
            23.92380714416504,
            24.074111938476562,
            24.16009521484375,
            24.023456573486328,
            23.92508888244629,
            23.921920776367188,
            24.077312469482422,
            24.173728942871094,
            24.025728225708008,
            23.93177604675293,
            23.923839569091797,
            24.098495483398438,
            24.168479919433594,
            24.036479949951172,
            23.912063598632812,
            23.923583984375,
            24.094303131103516,
            24.163232803344727,
            24.021215438842773,
            23.922719955444336,
            23.951967239379883,
            24.00160026550293,
            24.00387191772461,
            23.98681640625,
            23.909408569335938,
            23.93164825439453,
            24.07891273498535,
            24.162879943847656,
            24.01353645324707,
            23.903583526611328,
            23.943679809570312,
            24.003263473510742,
            23.993183135986328,
            23.99616050720215,
            23.91119956970215,
            23.952991485595703,
            23.99728012084961,
            23.994752883911133
          ],
          "p99": 24.1810245513916
        },
        "host_time": {
          "prompt": {
            "min": 0.051421113312244415,
            "median": 0.05360785871744156,
            "n": 100,
            "samples_ms": [
              0.057552941143512726,
              0.05391007289290428,
              0.05788588896393776,
              0.05592498928308487,
              0.05218898877501488,
              0.054060015827417374,
              0.053402967751026154,
              0.052755698561668396,
              0.05270075052976608,
              0.05269702523946762,
              0.05295826122164726,
              0.05181971937417984,
              0.05200272426009178,
              0.05256989970803261,
              0.0523529015481472,
              0.06485218182206154,
              0.052969902753829956,
              0.06111292168498039,
              0.05310121923685074,
              0.060298945754766464,
              0.05398597568273544,
              0.06333412602543831,
              0.053167808800935745,
              0.06182584911584854,
              0.05250517278909683,
              0.06126519292593002,
              0.05391193553805351,
              0.058548059314489365,
              0.05380110815167427,
              0.05898810923099518,
              0.05343696102499962,
              0.055626966059207916,
              0.06134994328022003,
              0.05294708535075188,
              0.05924981087446213,
              0.06261887028813362,
              0.0531710684299469,
              0.05173124372959137,
              0.0628340058028698,
              0.05359714850783348,
              0.06020162254571915,
              0.06037671118974686,
              0.059363897889852524,
              0.058881938457489014,
              0.060442835092544556,
              0.06622495129704475,
              0.05286978557705879,
              0.05963398143649101,
              0.05230819806456566,
              0.05954597145318985,
              0.05212007090449333,
              0.06021605804562569,
              0.05238829180598259,
              0.060280319303274155,
              0.052817631512880325,
              0.059139449149370193,
              0.05528982728719711,
              0.05326420068740845,
              0.06006099283695221,
              0.05896901711821556,
              0.053303781896829605,
              0.053705181926488876,
              0.060716643929481506,
              0.05391892045736313,
              0.06279302760958672,
              0.05302904173731804,
              0.059823039919137955,
              0.05786074325442314,
              0.059981830418109894,
              0.051816925406455994,
              0.058853067457675934,
              0.05412101745605469,
              0.06021978333592415,
              0.05648238584399223,
              0.06062304601073265,
              0.05359901115298271,
              0.05983468145132065,
              0.053616706281900406,
              0.053423922508955,
              0.05200086161494255,
              0.05190214142203331,
              0.052980147302150726,
              0.05178293213248253,
              0.051620882004499435,
              0.052391085773706436,
              0.051575712859630585,
              0.052853021770715714,
              0.05324510857462883,
              0.05341600626707077,
              0.05316920578479767,
              0.05349703133106232,
              0.052135903388261795,
              0.05483115091919899,
              0.052832067012786865,
              0.051421113312244415,
              0.052300747483968735,
              0.05205860361456871,
              0.0527198426425457,
              0.05192682147026062,
              0.05288515239953995
            ],
            "p99": 0.06485218182206154
          }
        },
        "segment_latency": {
          "vision_encoder": {
            "min": 3.086560010910034,
            "median": 3.1005280017852783,
            "n": 100,
            "samples_ms": [
              3.088383913040161,
              3.0899200439453125,
              3.089792013168335,
              3.08841609954834,
              3.08953595161438,
              3.086560010910034,
              3.0946240425109863,
              3.093791961669922,
              3.092736005783081,
              3.0995519161224365,
              3.094496011734009,
              3.095871925354004,
              3.090399980545044,
              3.097791910171509,
              3.0945920944213867,
              3.095679998397827,
              3.098047971725464,
              3.0984320640563965,
              3.09769606590271,
              3.0955519676208496,
              3.1046080589294434,
              3.094559907913208,
              3.0980799198150635,
              3.098047971725464,
              3.0976319313049316,
              3.0938239097595215,
              3.0979199409484863,
              3.0979840755462646,
              3.093535900115967,
              3.09987211227417,
              3.1018240451812744,
              3.102047920227051,
              3.0965120792388916,
              3.0986878871917725,
              3.1064000129699707,
              3.0999679565429688,
              3.0955519676208496,
              3.099936008453369,
              3.0987839698791504,
              3.098720073699951,
              3.099936008453369,
              3.099776029586792,
              3.1060800552368164,
              3.0959360599517822,
              3.098912000656128,
              3.0999999046325684,
              3.1020801067352295,
              3.097791910171509,
              3.1003520488739014,
              3.0999999046325684,
              3.108031988143921,
              3.097951889038086,
              3.1018879413604736,
              3.0999679565429688,
              3.101952075958252,
              3.099936008453369,
              3.1018240451812744,
              3.100032091140747,
              3.102976083755493,
              3.1018879413604736,
              3.1006081104278564,
              3.100895881652832,
              3.1004478931427,
              3.1008639335632324,
              3.103872060775757,
              3.1016321182250977,
              3.099936008453369,
              3.1019198894500732,
              3.104127883911133,
              3.1019840240478516,
              3.110304117202759,
              3.1038401126861572,
              3.106048107147217,
              3.101855993270874,
              3.102400064468384,
              3.11027193069458,
              3.104095935821533,
              3.102816104888916,
              3.1039679050445557,
              3.1054399013519287,
              3.102047920227051,
              3.1021759510040283,
              3.106048107147217,
              3.106048107147217,
              3.1069118976593018,
              3.1021440029144287,
              3.104896068572998,
              3.1061758995056152,
              3.1063361167907715,
              3.1067519187927246,
              3.1059839725494385,
              3.1047680377960205,
              3.1061758995056152,
              3.1058878898620605,
              3.114176034927368,
              3.106015920639038,
              3.1100800037384033,
              3.1061439514160156,
              3.105952024459839,
              3.107840061187744
            ],
            "p99": 3.110304117202759
          },
          "llm_backbone": {
            "min": 12.120320320129395,
            "median": 12.249775886535645,
            "n": 100,
            "samples_ms": [
              12.120320320129395,
              12.132224082946777,
              12.174943923950195,
              12.195008277893066,
              12.206208229064941,
              12.22326374053955,
              12.223039627075195,
              12.240063667297363,
              12.217791557312012,
              12.230112075805664,
              12.222463607788086,
              12.219584465026855,
              12.228544235229492,
              12.228768348693848,
              12.242176055908203,
              12.224672317504883,
              12.248127937316895,
              12.242815971374512,
              12.245951652526855,
              12.249152183532715,
              12.254240036010742,
              12.25334358215332,
              12.255231857299805,
              12.250335693359375,
              12.24403190612793,
              12.252351760864258,
              12.246111869812012,
              12.240256309509277,
              12.253215789794922,
              12.24608039855957,
              12.237983703613281,
              12.250368118286133,
              12.253087997436523,
              12.252927780151367,
              12.245152473449707,
              12.24396800994873,
              12.250495910644531,
              12.257375717163086,
              12.253376007080078,
              12.243200302124023,
              12.256447792053223,
              12.258399963378906,
              12.26307201385498,
              12.245247840881348,
              12.262847900390625,
              12.246623992919922,
              12.24835205078125,
              12.252799987792969,
              12.267711639404297,
              12.247296333312988,
              12.242048263549805,
              12.242143630981445,
              12.2542724609375,
              12.249055862426758,
              12.2543363571167,
              12.250495910644531,
              12.250304222106934,
              12.246463775634766,
              12.244159698486328,
              12.252511978149414,
              12.260512351989746,
              12.243231773376465,
              12.245087623596191,
              12.260831832885742,
              12.24630355834961,
              12.253055572509766,
              12.253439903259277,
              12.253215789794922,
              12.257696151733398,
              12.252415657043457,
              12.250335693359375,
              12.253120422363281,
              12.254752159118652,
              12.260640144348145,
              12.250432014465332,
              12.25113582611084,
              12.245023727416992,
              12.252063751220703,
              12.252351760864258,
              12.25267219543457,
              12.246208190917969,
              12.258591651916504,
              12.246368408203125,
              12.256640434265137,
              12.254752159118652,
              12.248512268066406,
              12.25500774383545,
              12.25436782836914,
              12.252287864685059,
              12.248224258422852,
              12.250975608825684,
              12.257280349731445,
              12.24828815460205,
              12.252991676330566,
              12.246399879455566,
              12.252511978149414,
              12.24835205078125,
              12.244383811950684,
              12.254752159118652,
              12.249247550964355
            ],
            "p99": 12.26307201385498
          },
          "action_expert": {
            "min": 8.888928413391113,
            "median": 8.904767990112305,
            "n": 100,
            "samples_ms": [
              8.909248352050781,
              8.893535614013672,
              8.90060806274414,
              8.906815528869629,
              8.910016059875488,
              8.909567832946777,
              8.905728340148926,
              8.900639533996582,
              8.888928413391113,
              8.911616325378418,
              8.89680004119873,
              8.896832466125488,
              8.900832176208496,
              8.912896156311035,
              8.900032043457031,
              8.906784057617188,
              8.915424346923828,
              8.912832260131836,
              8.917535781860352,
              8.923744201660156,
              8.912927627563477,
              8.901344299316406,
              8.927935600280762,
              8.915295600891113,
              8.905728340148926,
              8.902400016784668,
              8.902848243713379,
              8.91327953338623,
              8.929375648498535,
              8.896127700805664,
              8.920512199401855,
              8.896639823913574,
              8.900480270385742,
              8.896736145019531,
              8.905247688293457,
              8.903072357177734,
              8.908320426940918,
              8.903327941894531,
              8.903743743896484,
              8.901056289672852,
              8.895008087158203,
              8.900992393493652,
              8.909215927124023,
              8.90329647064209,
              8.89516830444336,
              8.905728340148926,
              8.903039932250977,
              8.907584190368652,
              8.911935806274414,
              8.911168098449707,
              8.901663780212402,
              8.899935722351074,
              8.910304069519043,
              8.900992393493652,
              8.90601634979248,
              8.896767616271973,
              8.903552055358887,
              8.903264045715332,
              8.900992393493652,
              8.896672248840332,
              8.899456024169922,
              8.905471801757812,
              8.903231620788574,
              8.903167724609375,
              8.897184371948242,
              8.909279823303223,
              8.911840438842773,
              8.90608024597168,
              8.920639991760254,
              8.918368339538574,
              8.913663864135742,
              8.905887603759766,
              8.909472465515137,
              8.930399894714355,
              8.914527893066406,
              8.915264129638672,
              8.912639617919922,
              8.928031921386719,
              8.892864227294922,
              8.900799751281738,
              8.897760391235352,
              8.900128364562988,
              8.89731216430664,
              8.897215843200684,
              8.909631729125977,
              8.897184371948242,
              8.905152320861816,
              8.898271560668945,
              8.90726375579834,
              8.904383659362793,
              8.909055709838867,
              8.901503562927246,
              8.903424263000488,
              8.90550422668457,
              8.901215553283691,
              8.902400016784668,
              8.912480354309082,
              8.903807640075684,
              8.905792236328125,
              8.916735649108887
            ],
            "p99": 8.929375648498535
          }
        },
        "overhead": {
          "min": -0.19819767400622368,
          "median": -0.25251472368836403,
          "p99": -0.04058380052447319
        }
      },
      "attribution": null,
      "runtime_observation": {
        "before": {
          "clocks.sm": "2745",
          "clocks.mem": "13801",
          "pstate": "P1",
          "temperature.gpu": "53",
          "power.draw": "157.89",
          "clocks_event_reasons.active": "0x0000000000000000"
        },
        "after": {
          "clocks.sm": "2895",
          "clocks.mem": "13801",
          "pstate": "P1",
          "temperature.gpu": "57",
          "power.draw": "349.43",
          "clocks_event_reasons.active": "0x0000000000000000"
        }
      },
      "options": {
        "workload": "libero"
      },
      "process_id": 3261503,
      "gpu_uuid": "GPU-7fc626f4-bce7-9a11-81de-0eaedc93e242",
      "implementation_source": null,
      "leg": 0
    }
  ],
  "deltas": null
}
