== leg 0: hardware/nvidia/rtx5090/pi05 plan=shipped
{
  "identity": {
    "schema_version": 3,
    "target": "hardware/nvidia/rtx5090/pi05",
    "hardware": "rtx5090-32gb",
    "model": "pi05",
    "shape_profile": "action_dim32-batch1-chunk50-encoder_dim2048-encoder_ffn_dim16384-expert_dim1024-expert_ffn_dim4096-expert_tokens50-head_dim256-image_channels3-image_height224-image_width224-kv_heads1-layers18-num_views3-prefix_len968-prompt_len200-qkv_width2560-query_heads8-state_dim32-steps10-vision_dim1152-vision_ffn_dim4304-vision_head_dim72-vision_heads16-vision_layers27-visual_tokens768-visual_tokens_per_view256",
    "shape": {
      "batch": 1,
      "num_views": 3,
      "image_height": 224,
      "image_width": 224,
      "image_channels": 3,
      "visual_tokens_per_view": 256,
      "visual_tokens": 768,
      "vision_dim": 1152,
      "vision_ffn_dim": 4304,
      "vision_heads": 16,
      "vision_head_dim": 72,
      "vision_layers": 27,
      "prompt_len": 200,
      "prefix_len": 968,
      "chunk": 50,
      "expert_tokens": 50,
      "state_dim": 32,
      "action_dim": 32,
      "steps": 10,
      "layers": 18,
      "encoder_dim": 2048,
      "encoder_ffn_dim": 16384,
      "query_heads": 8,
      "kv_heads": 1,
      "head_dim": 256,
      "qkv_width": 2560,
      "expert_dim": 1024,
      "expert_ffn_dim": 4096
    },
    "plan": {
      "vision_encoder_patch_embed": "torch",
      "vision_encoder_norm_qkv": "cutlass-vision",
      "vision_encoder_attention": "torch",
      "vision_encoder_out_proj_residual": "cutlass-vision",
      "vision_encoder_norm_ffn_up": "cutlass-vision",
      "vision_encoder_ffn_down_residual": "cutlass-vision",
      "llm_backbone_projector": "torch",
      "llm_backbone_embed_prompt": "torch",
      "llm_backbone_norm_qkv_rope": "fused-prefix-qkv",
      "llm_backbone_attention": "torch",
      "llm_backbone_out_proj_residual": "cutlass-backbone",
      "llm_backbone_norm_gated_ffn": "cutlass-backbone",
      "llm_backbone_ffn_down_residual": "cutlass-backbone",
      "action_expert_action_in_proj": "torch",
      "action_expert_norm_qkv_rope": "triton-qkv-finish",
      "action_expert_attention": "triton-qk-attention",
      "action_expert_out_proj_residual": "cutlass-expert-residual",
      "action_expert_norm_gated_ffn": "dual-ffn",
      "action_expert_ffn_down_residual": "cutlass-expert-residual",
      "action_expert_action_out_proj": "fused-qkv"
    },
    "model_revision": "pi05-r1",
    "engine_revision": "689839036af32700bd24e16283269590eee4a21e",
    "inference_signature": "sha256:a79c1f62c3f14674ad87e88a89bb5f66ac650e1c497ccf5076e64017b55d9f6f",
    "execution_variant": {
      "quantization": {
        "mode": "bf16"
      },
      "cache": {
        "mode": "none"
      }
    },
    "replay_buckets": [
      64,
      128,
      200
    ]
  },
  "protocol": "latency-v2",
  "instrumented": false,
  "measurement_context": {
    "weights": {
      "checkpoint_id": "flash-vla/pi05-random-checkpoint/v2/seed-0",
      "checkpoint_digest": "flash-vla/pi05-random-checkpoint/v2/seed-0"
    },
    "fixture": {
      "id": "flash-vla/pi05-inputs-v2/seed-0",
      "digest": "sha256:80e60b97e0964d3a558b2b622bc0d6848a841bb37543e362bdb5ade41d6c7480"
    },
    "environment": {
      "gpu_sku": "NVIDIA GeForce RTX 5090",
      "driver": "580.142",
      "cuda_runtime": "13.0",
      "pytorch": "2.13.0+cu130",
      "tilelang": "0.1.11",
      "clock_policy": {
        "benchmark_control": "inherit",
        "slurm_gpu_freq_request": null,
        "effective_locked_clocks": "unobserved"
      },
      "power_policy": {
        "requested_limit_w": 600.0,
        "enforced_limit_w": 600.0
      },
      "capture_regime": "cuda_graph",
      "clock_observation": {
        "application_graphics_mhz": "[N/A]",
        "application_memory_mhz": "[N/A]"
      }
    },
    "workload": "robodojo",
    "hostname": "ubun",
    "slurm_job_id": null,
    "timestamp": 1790460885.4602451,
    "reference_provenance": {}
  },
  "env": {
    "gpu": "NVIDIA GeForce RTX 5090",
    "python": "3.12.13",
    "torch": "2.13.0+cu130",
    "torch_cuda": "13.0",
    "tilelang": "0.1.11",
    "gpu_uuid": "GPU-7fc626f4-bce7-9a11-81de-0eaedc93e242",
    "runtime_observation": {
      "clocks.sm": "2872",
      "clocks.mem": "13801",
      "pstate": "P1",
      "temperature.gpu": "63",
      "power.draw": "498.25",
      "clocks_event_reasons.active": "0x0000000000000000"
    },
    "node": "ubun",
    "job": null,
    "driver": "580.142",
    "clocks": "unlocked",
    "clock_policy": {
      "benchmark_control": "inherit",
      "slurm_gpu_freq_request": null,
      "effective_locked_clocks": "unobserved"
    },
    "clock_observation": {
      "application_graphics_mhz": "[N/A]",
      "application_memory_mhz": "[N/A]"
    },
    "power_policy": {
      "requested_limit_w": 600.0,
      "enforced_limit_w": 600.0
    }
  },
  "config": {
    "reps": 100,
    "warmup": 5,
    "seed": 0,
    "plans": [
      "shipped"
    ],
    "calibration": false,
    "breakdown": true,
    "primary_statistic": "median",
    "capture_policy": "fresh-process-first-capture-per-leg",
    "statistics": [
      "min",
      "median",
      "p99"
    ],
    "p99_min_reps": 100,
    "soak_s": 0,
    "control_spread_max_ms": null,
    "attribution": false,
    "leg_options": [
      {}
    ]
  },
  "legs": [
    {
      "plan": "shipped",
      "identity": {
        "schema_version": 3,
        "target": "hardware/nvidia/rtx5090/pi05",
        "hardware": "rtx5090-32gb",
        "model": "pi05",
        "shape_profile": "action_dim32-batch1-chunk50-encoder_dim2048-encoder_ffn_dim16384-expert_dim1024-expert_ffn_dim4096-expert_tokens50-head_dim256-image_channels3-image_height224-image_width224-kv_heads1-layers18-num_views3-prefix_len968-prompt_len200-qkv_width2560-query_heads8-state_dim32-steps10-vision_dim1152-vision_ffn_dim4304-vision_head_dim72-vision_heads16-vision_layers27-visual_tokens768-visual_tokens_per_view256",
        "shape": {
          "batch": 1,
          "num_views": 3,
          "image_height": 224,
          "image_width": 224,
          "image_channels": 3,
          "visual_tokens_per_view": 256,
          "visual_tokens": 768,
          "vision_dim": 1152,
          "vision_ffn_dim": 4304,
          "vision_heads": 16,
          "vision_head_dim": 72,
          "vision_layers": 27,
          "prompt_len": 200,
          "prefix_len": 968,
          "chunk": 50,
          "expert_tokens": 50,
          "state_dim": 32,
          "action_dim": 32,
          "steps": 10,
          "layers": 18,
          "encoder_dim": 2048,
          "encoder_ffn_dim": 16384,
          "query_heads": 8,
          "kv_heads": 1,
          "head_dim": 256,
          "qkv_width": 2560,
          "expert_dim": 1024,
          "expert_ffn_dim": 4096
        },
        "plan": {
          "vision_encoder_patch_embed": "torch",
          "vision_encoder_norm_qkv": "cutlass-vision",
          "vision_encoder_attention": "torch",
          "vision_encoder_out_proj_residual": "cutlass-vision",
          "vision_encoder_norm_ffn_up": "cutlass-vision",
          "vision_encoder_ffn_down_residual": "cutlass-vision",
          "llm_backbone_projector": "torch",
          "llm_backbone_embed_prompt": "torch",
          "llm_backbone_norm_qkv_rope": "fused-prefix-qkv",
          "llm_backbone_attention": "torch",
          "llm_backbone_out_proj_residual": "cutlass-backbone",
          "llm_backbone_norm_gated_ffn": "cutlass-backbone",
          "llm_backbone_ffn_down_residual": "cutlass-backbone",
          "action_expert_action_in_proj": "torch",
          "action_expert_norm_qkv_rope": "triton-qkv-finish",
          "action_expert_attention": "triton-qk-attention",
          "action_expert_out_proj_residual": "cutlass-expert-residual",
          "action_expert_norm_gated_ffn": "dual-ffn",
          "action_expert_ffn_down_residual": "cutlass-expert-residual",
          "action_expert_action_out_proj": "fused-qkv"
        },
        "model_revision": "pi05-r1",
        "engine_revision": "689839036af32700bd24e16283269590eee4a21e",
        "inference_signature": "sha256:a79c1f62c3f14674ad87e88a89bb5f66ac650e1c497ccf5076e64017b55d9f6f",
        "execution_variant": {
          "quantization": {
            "mode": "bf16"
          },
          "cache": {
            "mode": "none"
          }
        },
        "replay_buckets": [
          64,
          128,
          200
        ]
      },
      "replay": {
        "extent": 70,
        "bucket": 128
      },
      "measurement_context": {
        "weights": {
          "checkpoint_id": "flash-vla/pi05-random-checkpoint/v2/seed-0",
          "checkpoint_digest": "flash-vla/pi05-random-checkpoint/v2/seed-0"
        },
        "fixture": {
          "id": "flash-vla/pi05-inputs-v2/seed-0",
          "digest": "sha256:80e60b97e0964d3a558b2b622bc0d6848a841bb37543e362bdb5ade41d6c7480"
        },
        "environment": {
          "gpu_sku": "NVIDIA GeForce RTX 5090",
          "driver": "580.142",
          "cuda_runtime": "13.0",
          "pytorch": "2.13.0+cu130",
          "tilelang": "0.1.11",
          "clock_policy": {
            "benchmark_control": "inherit",
            "slurm_gpu_freq_request": null,
            "effective_locked_clocks": "unobserved"
          },
          "power_policy": {
            "requested_limit_w": 600.0,
            "enforced_limit_w": 600.0
          },
          "capture_regime": "cuda_graph",
          "clock_observation": {
            "application_graphics_mhz": "[N/A]",
            "application_memory_mhz": "[N/A]"
          }
        },
        "workload": "robodojo",
        "hostname": "ubun",
        "slurm_job_id": null,
        "timestamp": 1790460885.4602451,
        "reference_provenance": {}
      },
      "metrics": {
        "chunk_latency": {
          "min": 29.89652194082737,
          "median": 30.073048546910286,
          "n": 100,
          "samples_ms": [
            29.905803967267275,
            29.97379982843995,
            29.89652194082737,
            29.96230125427246,
            29.902766924351454,
            29.964204877614975,
            29.91361264139414,
            29.981077183037996,
            29.939138796180487,
            29.997533187270164,
            29.940807726234198,
            30.006967950612307,
            29.951338656246662,
            30.030949972569942,
            29.96469009667635,
            30.055618844926357,
            29.97295232489705,
            30.048180371522903,
            30.00242216512561,
            30.08202975615859,
            29.996235854923725,
            30.078852083534002,
            29.99255107715726,
            30.068261083215475,
            29.998243786394596,
            30.083331279456615,
            30.012688133865595,
            30.081981793045998,
            30.01655824482441,
            30.09698400273919,
            30.021228827536106,
            30.083537101745605,
            30.021486338227987,
            30.077914707362652,
            30.020701698958874,
            30.079742893576622,
            30.020636040717363,
            30.09404009208083,
            30.03315581008792,
            30.079889111220837,
            30.029950197786093,
            30.083012767136097,
            30.030762311071157,
            30.073896050453186,
            30.03157116472721,
            30.072201043367386,
            30.026098247617483,
            30.088778119534254,
            30.039906036108732,
            30.078910756856203,
            30.044847633689642,
            30.08782397955656,
            30.053924303501844,
            30.083155259490013,
            30.04533564671874,
            30.10274702683091,
            30.110063031315804,
            29.951110016554594,
            30.06269596517086,
            30.119488015770912,
            30.116901267319918,
            30.11059993878007,
            30.10403783991933,
            29.942048247903585,
            30.058892909437418,
            30.122563242912292,
            30.127454083412886,
            30.118721071630716,
            30.1138898357749,
            30.109081882983446,
            30.11743724346161,
            30.11017618700862,
            30.112459789961576,
            30.104792676866055,
            30.118884053081274,
            30.11292079463601,
            30.118604190647602,
            30.09451599791646,
            30.128090642392635,
            30.10011510923505,
            30.127519741654396,
            30.103985220193863,
            30.13315610587597,
            30.10766813531518,
            30.132833868265152,
            30.099654104560614,
            30.127747915685177,
            30.042162165045738,
            30.10835126042366,
            29.919817112386227,
            30.114158056676388,
            29.938483145087957,
            30.118008144199848,
            29.934634920209646,
            30.118797905743122,
            29.938051011413336,
            30.11502418667078,
            30.004925094544888,
            30.146608129143715,
            30.00164870172739
          ],
          "p99": 30.13315610587597
        },
        "device_latency": {
          "min": 29.964128494262695,
          "median": 30.104623794555664,
          "n": 100,
          "samples_ms": [
            30.022016525268555,
            30.153696060180664,
            30.000640869140625,
            30.140575408935547,
            29.987743377685547,
            30.138303756713867,
            30.006847381591797,
            30.140640258789062,
            29.992191314697266,
            30.152000427246094,
            29.99590492248535,
            30.154144287109375,
            30.019296646118164,
            30.14748764038086,
            30.015071868896484,
            30.159008026123047,
            30.017248153686523,
            30.1661434173584,
            30.019039154052734,
            30.15545654296875,
            30.015424728393555,
            30.15350341796875,
            30.006975173950195,
            30.144832611083984,
            30.025184631347656,
            30.15715217590332,
            30.01968002319336,
            30.143903732299805,
            30.032127380371094,
            30.15228843688965,
            30.03219223022461,
            30.14672088623047,
            30.03651237487793,
            30.140832901000977,
            30.024320602416992,
            30.13599967956543,
            30.032543182373047,
            30.163936614990234,
            30.044031143188477,
            30.129152297973633,
            30.036832809448242,
            30.1430721282959,
            30.05731201171875,
            30.136959075927734,
            30.049503326416016,
            30.130847930908203,
            30.065183639526367,
            30.133983612060547,
            30.063264846801758,
            30.120319366455078,
            30.058143615722656,
            30.135135650634766,
            30.070720672607422,
            30.11612892150879,
            30.078624725341797,
            30.112768173217773,
            30.077056884765625,
            30.108640670776367,
            30.1060791015625,
            30.101472854614258,
            30.079103469848633,
            30.12816047668457,
            30.136831283569336,
            30.141536712646484,
            30.12656021118164,
            29.96659278869629,
            30.092960357666016,
            29.970495223999023,
            30.100927352905273,
            29.974655151367188,
            30.103168487548828,
            30.144351959228516,
            30.140544891357422,
            29.972768783569336,
            30.10758399963379,
            29.969087600708008,
            30.0960636138916,
            29.9769287109375,
            30.107328414916992,
            29.971391677856445,
            30.172544479370117,
            30.010976791381836,
            30.138944625854492,
            29.995136260986328,
            30.128000259399414,
            30.002111434936523,
            30.14566421508789,
            29.991680145263672,
            30.143903732299805,
            29.989696502685547,
            30.15862464904785,
            29.964128494262695,
            30.134016036987305,
            30.131296157836914,
            30.166400909423828,
            29.970367431640625,
            30.14672088623047,
            30.017120361328125,
            30.1693115234375,
            30.14240074157715
          ],
          "p99": 30.1693115234375
        },
        "host_time": {
          "prompt": {
            "min": 0.03858515992760658,
            "median": 0.04049879498779774,
            "n": 100,
            "samples_ms": [
              0.0424250029027462,
              0.04817405715584755,
              0.04340382292866707,
              0.04116306081414223,
              0.03992905840277672,
              0.04150206223130226,
              0.04081986844539642,
              0.03945082426071167,
              0.04141777753829956,
              0.042197760194540024,
              0.039901118725538254,
              0.04807300865650177,
              0.04205619916319847,
              0.04517100751399994,
              0.05049072206020355,
              0.049483031034469604,
              0.04274491220712662,
              0.04098191857337952,
              0.041604042053222656,
              0.04122080281376839,
              0.03862008452415466,
              0.040697865188121796,
              0.04024617373943329,
              0.039818231016397476,
              0.03967806696891785,
              0.04050089046359062,
              0.04106387495994568,
              0.04068296402692795,
              0.040418002754449844,
              0.041146762669086456,
              0.04155002534389496,
              0.045274849981069565,
              0.04954775795340538,
              0.04160916432738304,
              0.04184804856777191,
              0.04097726196050644,
              0.04002125933766365,
              0.040567945688962936,
              0.0394526869058609,
              0.04133488982915878,
              0.041082967072725296,
              0.040485989302396774,
              0.03991043195128441,
              0.04068063572049141,
              0.04019588232040405,
              0.039639417082071304,
              0.040158629417419434,
              0.03968412056565285,
              0.03976607695221901,
              0.040182843804359436,
              0.04084315150976181,
              0.03989366814494133,
              0.0403011217713356,
              0.040323007851839066,
              0.04017399623990059,
              0.03858515992760658,
              0.03935396671295166,
              0.03927014768123627,
              0.039155129343271255,
              0.03991229459643364,
              0.0401986762881279,
              0.0387127511203289,
              0.0400240533053875,
              0.039705075323581696,
              0.03941124305129051,
              0.03969389945268631,
              0.03985827788710594,
              0.04619499668478966,
              0.03886362537741661,
              0.040811020880937576,
              0.04081986844539642,
              0.0414201058447361,
              0.0406377948820591,
              0.040912069380283356,
              0.03887200728058815,
              0.041585881263017654,
              0.04042917862534523,
              0.04025408998131752,
              0.03880029544234276,
              0.040838029235601425,
              0.0425633043050766,
              0.04062894731760025,
              0.04019401967525482,
              0.04024384543299675,
              0.03999192267656326,
              0.0392240472137928,
              0.04189182072877884,
              0.040038954466581345,
              0.039204955101013184,
              0.03975909203290939,
              0.039940234273672104,
              0.04009297117590904,
              0.04049669951200485,
              0.0459928996860981,
              0.04150904715061188,
              0.04002498462796211,
              0.04058517515659332,
              0.0406499020755291,
              0.040539540350437164,
              0.0427979975938797
            ],
            "p99": 0.04954775795340538
          }
        },
        "segment_latency": {
          "vision_encoder": {
            "min": 4.092095851898193,
            "median": 4.153615951538086,
            "n": 100,
            "samples_ms": [
              4.096191883087158,
              4.093599796295166,
              4.092959880828857,
              4.093311786651611,
              4.093023777008057,
              4.093855857849121,
              4.093791961669922,
              4.093183994293213,
              4.092095851898193,
              4.093247890472412,
              4.092991828918457,
              4.093120098114014,
              4.093183994293213,
              4.093247890472412,
              4.09219217300415,
              4.093088150024414,
              4.092864036560059,
              4.093088150024414,
              4.093279838562012,
              4.093183994293213,
              4.092864036560059,
              4.105504035949707,
              4.116864204406738,
              4.108863830566406,
              4.122015953063965,
              4.141983985900879,
              4.343999862670898,
              4.142943859100342,
              4.142047882080078,
              4.141439914703369,
              4.142496109008789,
              4.145247936248779,
              4.141503810882568,
              4.142047882080078,
              4.143295764923096,
              4.141600131988525,
              4.145247936248779,
              4.146431922912598,
              4.143360137939453,
              4.142335891723633,
              4.143263816833496,
              4.147007942199707,
              4.146175861358643,
              4.1444478034973145,
              4.146336078643799,
              4.1466240882873535,
              4.146975994110107,
              4.144256114959717,
              4.145984172821045,
              4.146304130554199,
              4.1544318199157715,
              4.154592037200928,
              4.154304027557373,
              4.154143810272217,
              4.154592037200928,
              4.154784202575684,
              4.153567790985107,
              4.1536641120910645,
              4.154176235198975,
              4.154623985290527,
              4.156703948974609,
              4.154719829559326,
              4.153791904449463,
              4.153759956359863,
              4.154592037200928,
              4.154335975646973,
              4.15772819519043,
              4.156767845153809,
              4.155648231506348,
              4.156479835510254,
              4.156864166259766,
              4.1557440757751465,
              4.157599925994873,
              4.177248001098633,
              4.159200191497803,
              4.1594557762146,
              4.165760040283203,
              4.166783809661865,
              4.157792091369629,
              4.1569600105285645,
              4.166783809661865,
              4.166719913482666,
              4.157760143280029,
              4.165887832641602,
              4.165823936462402,
              4.166079998016357,
              4.155712127685547,
              4.158559799194336,
              4.158559799194336,
              4.156288146972656,
              4.155488014221191,
              4.1566081047058105,
              4.155424118041992,
              4.166304111480713,
              4.158592224121094,
              4.166048049926758,
              4.166816234588623,
              4.158720016479492,
              4.166079998016357,
              4.166687965393066
            ],
            "p99": 4.177248001098633
          },
          "llm_backbone": {
            "min": 16.865631103515625,
            "median": 16.879663467407227,
            "n": 100,
            "samples_ms": [
              16.875871658325195,
              16.874496459960938,
              16.876895904541016,
              16.87455940246582,
              16.873376846313477,
              16.86649513244629,
              16.865631103515625,
              16.867712020874023,
              16.876415252685547,
              16.873279571533203,
              16.876319885253906,
              16.87775993347168,
              16.876192092895508,
              16.8734073638916,
              16.879615783691406,
              16.888383865356445,
              16.879423141479492,
              16.874624252319336,
              16.876447677612305,
              16.878751754760742,
              16.88115119934082,
              16.88060760498047,
              16.874208450317383,
              16.876928329467773,
              16.875680923461914,
              16.876319885253906,
              16.877887725830078,
              16.874143600463867,
              16.87558364868164,
              16.877920150756836,
              16.87398338317871,
              16.875839233398438,
              16.875839233398438,
              16.877599716186523,
              16.87596893310547,
              16.87539291381836,
              16.873279571533203,
              16.873504638671875,
              16.878015518188477,
              16.884000778198242,
              16.879743576049805,
              16.879552841186523,
              16.886272430419922,
              16.886592864990234,
              16.87958335876465,
              16.87887954711914,
              16.889184951782227,
              16.888416290283203,
              16.875520706176758,
              16.874591827392578,
              16.879711151123047,
              16.87775993347168,
              16.876672744750977,
              16.88582420349121,
              16.885663986206055,
              16.88742446899414,
              16.877376556396484,
              16.875839233398438,
              16.887807846069336,
              16.877599716186523,
              16.88688087463379,
              16.886112213134766,
              16.88800048828125,
              16.888832092285156,
              16.885984420776367,
              16.888416290283203,
              16.887615203857422,
              16.888032913208008,
              16.88617515563965,
              16.88809585571289,
              16.887615203857422,
              16.88800048828125,
              16.88719940185547,
              16.88809585571289,
              16.87775993347168,
              16.885696411132812,
              16.88812828063965,
              16.875328063964844,
              16.8756160736084,
              16.887264251708984,
              16.887775421142578,
              16.876415252685547,
              16.886079788208008,
              16.88787269592285,
              16.88630485534668,
              16.88604736328125,
              16.88582420349121,
              16.887903213500977,
              16.887968063354492,
              16.888063430786133,
              16.88595199584961,
              16.887807846069336,
              16.88809585571289,
              16.88662338256836,
              16.884960174560547,
              16.887775421142578,
              16.88604736328125,
              16.88800048828125,
              16.88800048828125,
              16.88640022277832
            ],
            "p99": 16.888832092285156
          },
          "action_expert": {
            "min": 9.438400268554688,
            "median": 9.453263759613037,
            "n": 100,
            "samples_ms": [
              9.45695972442627,
              9.453856468200684,
              9.454496383666992,
              9.453503608703613,
              9.453503608703613,
              9.451519966125488,
              9.453215599060059,
              9.450847625732422,
              9.452832221984863,
              9.454815864562988,
              9.454751968383789,
              9.443296432495117,
              9.454879760742188,
              9.453311920166016,
              9.455583572387695,
              9.452927589416504,
              9.451519966125488,
              9.451711654663086,
              9.45148754119873,
              9.45088005065918,
              9.453056335449219,
              9.450912475585938,
              9.450688362121582,
              9.45577621459961,
              9.454879760742188,
              9.453632354736328,
              9.450783729553223,
              9.453824043273926,
              9.452735900878906,
              9.450688362121582,
              9.454751968383789,
              9.453632354736328,
              9.454879760742188,
              9.453408241271973,
              9.463040351867676,
              9.450847625732422,
              9.450719833374023,
              9.451552391052246,
              9.463264465332031,
              9.451775550842285,
              9.455391883850098,
              9.451583862304688,
              9.451583862304688,
              9.454719543457031,
              9.438400268554688,
              9.45088005065918,
              9.452672004699707,
              9.451680183410645,
              9.452832221984863,
              9.454848289489746,
              9.454400062561035,
              9.453503608703613,
              9.454751968383789,
              9.439488410949707,
              9.452799797058105,
              9.45088005065918,
              9.450655937194824,
              9.453760147094727,
              9.452768325805664,
              9.450719833374023,
              9.458911895751953,
              9.453727722167969,
              9.45580768585205,
              9.453791618347168,
              9.453056335449219,
              9.45139217376709,
              9.452383995056152,
              9.451583862304688,
              9.463295936584473,
              9.45263957977295,
              9.452672004699707,
              9.45571231842041,
              9.455072402954102,
              9.452128410339355,
              9.453760147094727,
              9.455424308776855,
              9.451616287231445,
              9.455327987670898,
              9.453439712524414,
              9.455648422241211,
              9.453632354736328,
              9.455904006958008,
              9.452704429626465,
              9.45366382598877,
              9.462976455688477,
              9.45206356048584,
              9.450655937194824,
              9.455519676208496,
              9.455743789672852,
              9.455840110778809,
              9.450943946838379,
              9.450912475585938,
              9.463007926940918,
              9.456095695495605,
              9.455455780029297,
              9.451647758483887,
              9.463071823120117,
              9.452927589416504,
              9.450528144836426,
              9.452159881591797
            ],
            "p99": 9.463264465332031
          }
        },
        "overhead": {
          "min": -0.49960528314113617,
          "median": -0.41349463164806366,
          "p99": -0.3961884528398514
        }
      },
      "attribution": null,
      "runtime_observation": {
        "before": {
          "clocks.sm": "2895",
          "clocks.mem": "13801",
          "pstate": "P1",
          "temperature.gpu": "64",
          "power.draw": "203.30",
          "clocks_event_reasons.active": "0x0000000000000004"
        },
        "after": {
          "clocks.sm": "2872",
          "clocks.mem": "13801",
          "pstate": "P1",
          "temperature.gpu": "63",
          "power.draw": "498.25",
          "clocks_event_reasons.active": "0x0000000000000000"
        }
      },
      "options": {
        "workload": "robodojo"
      },
      "process_id": 3260706,
      "gpu_uuid": "GPU-7fc626f4-bce7-9a11-81de-0eaedc93e242",
      "implementation_source": null,
      "leg": 0
    }
  ],
  "deltas": null
}
