== leg 0: hardware/nvidia/rtx5090/pi05 plan=artifacts/rtx5090-pi05/024-control-plan.json
{
  "identity": {
    "schema_version": 3,
    "target": "hardware/nvidia/rtx5090/pi05",
    "hardware": "rtx5090-32gb",
    "model": "pi05",
    "shape_profile": "action_dim32-batch1-chunk50-encoder_dim2048-encoder_ffn_dim16384-expert_dim1024-expert_ffn_dim4096-expert_tokens50-head_dim256-image_channels3-image_height224-image_width224-kv_heads1-layers18-num_views3-prefix_len968-prompt_len200-qkv_width2560-query_heads8-state_dim32-steps10-vision_dim1152-vision_ffn_dim4304-vision_head_dim72-vision_heads16-vision_layers27-visual_tokens768-visual_tokens_per_view256",
    "shape": {
      "batch": 1,
      "num_views": 3,
      "image_height": 224,
      "image_width": 224,
      "image_channels": 3,
      "visual_tokens_per_view": 256,
      "visual_tokens": 768,
      "vision_dim": 1152,
      "vision_ffn_dim": 4304,
      "vision_heads": 16,
      "vision_head_dim": 72,
      "vision_layers": 27,
      "prompt_len": 200,
      "prefix_len": 968,
      "chunk": 50,
      "expert_tokens": 50,
      "state_dim": 32,
      "action_dim": 32,
      "steps": 10,
      "layers": 18,
      "encoder_dim": 2048,
      "encoder_ffn_dim": 16384,
      "query_heads": 8,
      "kv_heads": 1,
      "head_dim": 256,
      "qkv_width": 2560,
      "expert_dim": 1024,
      "expert_ffn_dim": 4096
    },
    "plan": {
      "vision_encoder_patch_embed": "torch",
      "vision_encoder_norm_qkv": "cutlass-vision",
      "vision_encoder_attention": "torch",
      "vision_encoder_out_proj_residual": "cutlass-vision",
      "vision_encoder_norm_ffn_up": "cutlass-vision",
      "vision_encoder_ffn_down_residual": "cutlass-vision",
      "llm_backbone_projector": "torch",
      "llm_backbone_embed_prompt": "torch",
      "llm_backbone_norm_qkv_rope": "fused-prefix-qkv",
      "llm_backbone_attention": "torch",
      "llm_backbone_out_proj_residual_masked": "torch",
      "llm_backbone_norm_gated_ffn_masked": "bucketed-backbone",
      "llm_backbone_ffn_down_residual_masked": "bucketed-backbone",
      "action_expert_action_in_proj": "torch",
      "action_expert_norm_qkv_rope": "triton-qkv-finish",
      "action_expert_attention": "triton-qk-attention",
      "action_expert_out_proj_residual": "cutlass-expert-residual",
      "action_expert_norm_gated_ffn": "dual-ffn",
      "action_expert_ffn_down_residual": "cutlass-expert-residual",
      "action_expert_action_out_proj": "fused-qkv"
    },
    "model_revision": "pi05-r1",
    "engine_revision": null,
    "inference_signature": "sha256:a79c1f62c3f14674ad87e88a89bb5f66ac650e1c497ccf5076e64017b55d9f6f",
    "execution_variant": {
      "quantization": {
        "mode": "bf16"
      },
      "cache": {
        "mode": "none"
      }
    }
  },
  "protocol": "latency-v2",
  "instrumented": false,
  "measurement_context": {
    "weights": {
      "checkpoint_id": "kai0/pi05-belt-cup/orbax-39999+openpi-convert-pi05_aloha",
      "checkpoint_digest": "kai0/pi05-belt-cup/orbax-39999+openpi-convert-pi05_aloha"
    },
    "fixture": {
      "id": "flash-vla/pi05-inputs-v1/seed-42",
      "digest": "sha256:ad11efb70d510857476fbe1d009ca83446ccd3e8e8657cdc0eb26ad987815cfa"
    },
    "environment": {
      "gpu_sku": "NVIDIA GeForce RTX 5090",
      "driver": "580.142",
      "cuda_runtime": "13.0",
      "pytorch": "2.13.0+cu130",
      "tilelang": "0.1.11",
      "clock_policy": {
        "benchmark_control": "inherit",
        "slurm_gpu_freq_request": null,
        "effective_locked_clocks": "unobserved"
      },
      "power_policy": {
        "requested_limit_w": 600.0,
        "enforced_limit_w": 600.0
      },
      "capture_regime": "cuda_graph",
      "clock_observation": {
        "application_graphics_mhz": "[N/A]",
        "application_memory_mhz": "[N/A]"
      }
    },
    "hostname": "ubun",
    "slurm_job_id": null,
    "timestamp": 1789429660.5804534,
    "reference_provenance": {}
  },
  "env": {
    "gpu": "NVIDIA GeForce RTX 5090",
    "python": "3.12.13",
    "torch": "2.13.0+cu130",
    "torch_cuda": "13.0",
    "tilelang": "0.1.11",
    "gpu_uuid": "GPU-7fc626f4-bce7-9a11-81de-0eaedc93e242",
    "runtime_observation": {
      "clocks.sm": "2857",
      "clocks.mem": "13801",
      "pstate": "P1",
      "temperature.gpu": "60",
      "power.draw": "596.74",
      "clocks_event_reasons.active": "0x0000000000000004"
    },
    "node": "ubun",
    "job": null,
    "driver": "580.142",
    "clocks": "unlocked",
    "clock_policy": {
      "benchmark_control": "inherit",
      "slurm_gpu_freq_request": null,
      "effective_locked_clocks": "unobserved"
    },
    "clock_observation": {
      "application_graphics_mhz": "[N/A]",
      "application_memory_mhz": "[N/A]"
    },
    "power_policy": {
      "requested_limit_w": 600.0,
      "enforced_limit_w": 600.0
    }
  },
  "config": {
    "reps": 100,
    "warmup": 5,
    "seed": 42,
    "plans": [
      "artifacts/rtx5090-pi05/024-control-plan.json"
    ],
    "calibration": false,
    "breakdown": false,
    "primary_statistic": "median",
    "capture_policy": "fresh-process-first-capture-per-leg",
    "statistics": [
      "min",
      "median",
      "p99"
    ],
    "p99_min_reps": 100,
    "soak_s": 0,
    "control_spread_max_ms": null,
    "attribution": false,
    "leg_options": [
      {}
    ]
  },
  "legs": [
    {
      "plan": "artifacts/rtx5090-pi05/024-control-plan.json",
      "identity": {
        "schema_version": 3,
        "target": "hardware/nvidia/rtx5090/pi05",
        "hardware": "rtx5090-32gb",
        "model": "pi05",
        "shape_profile": "action_dim32-batch1-chunk50-encoder_dim2048-encoder_ffn_dim16384-expert_dim1024-expert_ffn_dim4096-expert_tokens50-head_dim256-image_channels3-image_height224-image_width224-kv_heads1-layers18-num_views3-prefix_len968-prompt_len200-qkv_width2560-query_heads8-state_dim32-steps10-vision_dim1152-vision_ffn_dim4304-vision_head_dim72-vision_heads16-vision_layers27-visual_tokens768-visual_tokens_per_view256",
        "shape": {
          "batch": 1,
          "num_views": 3,
          "image_height": 224,
          "image_width": 224,
          "image_channels": 3,
          "visual_tokens_per_view": 256,
          "visual_tokens": 768,
          "vision_dim": 1152,
          "vision_ffn_dim": 4304,
          "vision_heads": 16,
          "vision_head_dim": 72,
          "vision_layers": 27,
          "prompt_len": 200,
          "prefix_len": 968,
          "chunk": 50,
          "expert_tokens": 50,
          "state_dim": 32,
          "action_dim": 32,
          "steps": 10,
          "layers": 18,
          "encoder_dim": 2048,
          "encoder_ffn_dim": 16384,
          "query_heads": 8,
          "kv_heads": 1,
          "head_dim": 256,
          "qkv_width": 2560,
          "expert_dim": 1024,
          "expert_ffn_dim": 4096
        },
        "plan": {
          "vision_encoder_patch_embed": "torch",
          "vision_encoder_norm_qkv": "cutlass-vision",
          "vision_encoder_attention": "torch",
          "vision_encoder_out_proj_residual": "cutlass-vision",
          "vision_encoder_norm_ffn_up": "cutlass-vision",
          "vision_encoder_ffn_down_residual": "cutlass-vision",
          "llm_backbone_projector": "torch",
          "llm_backbone_embed_prompt": "torch",
          "llm_backbone_norm_qkv_rope": "fused-prefix-qkv",
          "llm_backbone_attention": "torch",
          "llm_backbone_out_proj_residual_masked": "torch",
          "llm_backbone_norm_gated_ffn_masked": "bucketed-backbone",
          "llm_backbone_ffn_down_residual_masked": "bucketed-backbone",
          "action_expert_action_in_proj": "torch",
          "action_expert_norm_qkv_rope": "triton-qkv-finish",
          "action_expert_attention": "triton-qk-attention",
          "action_expert_out_proj_residual": "cutlass-expert-residual",
          "action_expert_norm_gated_ffn": "dual-ffn",
          "action_expert_ffn_down_residual": "cutlass-expert-residual",
          "action_expert_action_out_proj": "fused-qkv"
        },
        "model_revision": "pi05-r1",
        "engine_revision": null,
        "inference_signature": "sha256:a79c1f62c3f14674ad87e88a89bb5f66ac650e1c497ccf5076e64017b55d9f6f",
        "execution_variant": {
          "quantization": {
            "mode": "bf16"
          },
          "cache": {
            "mode": "none"
          }
        }
      },
      "measurement_context": {
        "weights": {
          "checkpoint_id": "kai0/pi05-belt-cup/orbax-39999+openpi-convert-pi05_aloha",
          "checkpoint_digest": "kai0/pi05-belt-cup/orbax-39999+openpi-convert-pi05_aloha"
        },
        "fixture": {
          "id": "flash-vla/pi05-inputs-v1/seed-42",
          "digest": "sha256:ad11efb70d510857476fbe1d009ca83446ccd3e8e8657cdc0eb26ad987815cfa"
        },
        "environment": {
          "gpu_sku": "NVIDIA GeForce RTX 5090",
          "driver": "580.142",
          "cuda_runtime": "13.0",
          "pytorch": "2.13.0+cu130",
          "tilelang": "0.1.11",
          "clock_policy": {
            "benchmark_control": "inherit",
            "slurm_gpu_freq_request": null,
            "effective_locked_clocks": "unobserved"
          },
          "power_policy": {
            "requested_limit_w": 600.0,
            "enforced_limit_w": 600.0
          },
          "capture_regime": "cuda_graph",
          "clock_observation": {
            "application_graphics_mhz": "[N/A]",
            "application_memory_mhz": "[N/A]"
          }
        },
        "hostname": "ubun",
        "slurm_job_id": null,
        "timestamp": 1789429660.5804534,
        "reference_provenance": {}
      },
      "metrics": {
        "chunk_latency": {
          "min": 30.15358978882432,
          "median": 30.378585448488593,
          "n": 100,
          "samples_ms": [
            30.358494957908988,
            30.3339590318501,
            30.316514195874333,
            30.328222084790468,
            30.317360069602728,
            30.339357908815145,
            30.174681916832924,
            30.337756033986807,
            30.15638398937881,
            30.338756972923875,
            30.15358978882432,
            30.353246023878455,
            30.174751998856664,
            30.431714141741395,
            30.159960966557264,
            30.353472102433443,
            30.184317845851183,
            30.38504207506776,
            30.342203099280596,
            30.388640938326716,
            30.306465923786163,
            30.38790193386376,
            30.347247142344713,
            30.374406138435006,
            30.326213920488954,
            30.37071111612022,
            30.32562299631536,
            30.3682719822973,
            30.355667928233743,
            30.35285184159875,
            30.350876972079277,
            30.36453598178923,
            30.366286169737577,
            30.353371985256672,
            30.377787072211504,
            30.340492026880383,
            30.377652030438185,
            30.357231851667166,
            30.409066006541252,
            30.21092712879181,
            30.40149202570319,
            30.429997015744448,
            30.448938021436334,
            30.4293108638376,
            30.425206990912557,
            30.210220022127032,
            30.480029992759228,
            30.339054996147752,
            30.442677903920412,
            30.35510890185833,
            30.417826026678085,
            30.371261993423104,
            30.426295939832926,
            30.371183063834906,
            30.407560989260674,
            30.385431833565235,
            30.402223113924265,
            30.405354918912053,
            30.39569896645844,
            30.407862970605493,
            30.37147386930883,
            30.426239827647805,
            30.357773881405592,
            30.403777956962585,
            30.250818002969027,
            30.42125003412366,
            30.259954975917935,
            30.430642189458013,
            30.244671972468495,
            30.44457407668233,
            30.242982087656856,
            30.446565942838788,
            30.255739809945226,
            30.437968904152513,
            30.364222824573517,
            30.448836972936988,
            30.38224787451327,
            30.43893212452531,
            30.38810403086245,
            30.493684113025665,
            30.40680498816073,
            30.42616113089025,
            30.404950957745314,
            30.403154902160168,
            30.425686854869127,
            30.395403038710356,
            30.42929503135383,
            30.397108988836408,
            30.452433042228222,
            30.386149883270264,
            30.445131938904524,
            30.485994881018996,
            30.48652084544301,
            30.46734514646232,
            30.466058058664203,
            30.249342788010836,
            30.454643070697784,
            30.379383824765682,
            30.462288996204734,
            30.377186136320233
          ],
          "p99": 30.48652084544301
        }
      },
      "attribution": null,
      "runtime_observation": {
        "before": {
          "clocks.sm": "2910",
          "clocks.mem": "13801",
          "pstate": "P1",
          "temperature.gpu": "45",
          "power.draw": "142.43",
          "clocks_event_reasons.active": "0x0000000000000000"
        },
        "after": {
          "clocks.sm": "2857",
          "clocks.mem": "13801",
          "pstate": "P1",
          "temperature.gpu": "60",
          "power.draw": "596.74",
          "clocks_event_reasons.active": "0x0000000000000004"
        }
      },
      "options": {
        "converted_checkpoint": "/home/ubuntu/models/pi05_belt_cup_pytorch",
        "checkpoint_id": "kai0/pi05-belt-cup/orbax-39999+openpi-convert-pi05_aloha",
        "checkpoint_digest": "kai0/pi05-belt-cup/orbax-39999+openpi-convert-pi05_aloha"
      },
      "process_id": 1521105,
      "gpu_uuid": "GPU-7fc626f4-bce7-9a11-81de-0eaedc93e242",
      "implementation_source": null,
      "leg": 0
    }
  ],
  "deltas": null
}
