[vision_encoder_norm_qkv M=768] 13 measured
    us=  31.128  {'config': 5}
    us=  31.169  {'config': 0}
    us=  32.509  {'config': 10}
    us=  33.263  {'config': 2}
    us=  33.415  {'config': 1}
    us=  34.203  {'config': 'torch'}
[vision_encoder_out_proj_residual M=768] 13 measured
    us=  14.724  {'config': 10}
    us=  16.119  {'config': 3}
    us=  16.859  {'config': 1}
    us=  16.873  {'config': 2}
    us=  17.335  {'config': 8}
    us=  18.251  {'config': 11}
[vision_encoder_norm_ffn_up M=768] 13 measured
    us=  41.429  {'config': 5}
    us=  41.577  {'config': 10}
    us=  42.798  {'config': 0}
    us=  43.291  {'config': 2}
    us=  43.704  {'config': 1}
    us=  45.240  {'config': 8}
[vision_encoder_ffn_down_residual M=768] 13 measured
    us=  38.399  {'config': 10}
    us=  38.731  {'config': 1}
    us=  38.812  {'config': 2}
    us=  41.451  {'config': 3}
    us=  43.326  {'config': 5}
    us=  44.161  {'config': 0}
[action_expert_out_proj_residual M=50] 13 measured
    us=   6.325  {'config': 'torch'}
    us=   6.956  {'config': 9}
    us=   7.539  {'config': 8}
    us=   8.208  {'config': 11}
    us=   8.419  {'config': 4}
    us=   8.812  {'config': 7}
[action_expert_ffn_down_residual M=50] 13 measured
    us=  10.308  {'config': 9}
    us=  10.978  {'config': 8}
    us=  11.047  {'config': 11}
    us=  11.050  {'config': 'torch'}
    us=  13.036  {'config': 7}
    us=  13.164  {'config': 4}
[action_expert_action_out_proj M=50] 13 measured
    us=   3.984  {'config': 'torch'}
    us=   5.178  {'config': 9}
    us=   5.298  {'config': 8}
    us=   5.384  {'config': 11}
    us=   6.442  {'config': 4}
    us=   6.459  {'config': 7}
[llm_backbone_norm_qkv_rope M=968] 13 measured
    us=  50.545  {'config': 5}
    us=  50.572  {'config': 'torch'}
    us=  50.588  {'config': 0}
    us=  52.122  {'config': 10}
    us=  52.623  {'config': 1}
    us=  53.305  {'config': 2}
[vision_encoder_attention views=3] 3 measured
    us=  16.955  {'backend': 'flash'}
    us=  18.792  {'backend': 'cudnn'}
    us=  35.991  {'backend': 'efficient'}
[vision_encoder_norm_qkv M=512] 13 measured
    us=  24.592  {'config': 10}
    us=  24.673  {'config': 5}
    us=  25.056  {'config': 8}
    us=  25.540  {'config': 2}
    us=  25.679  {'config': 1}
    us=  28.230  {'config': 3}
[vision_encoder_out_proj_residual M=512] 13 measured
    us=  10.036  {'config': 8}
    us=  10.489  {'config': 3}
    us=  10.596  {'config': 'torch'}
    us=  11.471  {'config': 11}
    us=  12.763  {'config': 10}
    us=  12.983  {'config': 2}
[vision_encoder_norm_ffn_up M=512] 13 measured
    us=  29.103  {'config': 10}
    us=  30.132  {'config': 2}
    us=  30.513  {'config': 1}
    us=  30.663  {'config': 5}
    us=  30.965  {'config': 0}
    us=  32.796  {'config': 8}
[vision_encoder_ffn_down_residual M=512] 13 measured
    us=  28.690  {'config': 3}
    us=  28.831  {'config': 8}
    us=  29.294  {'config': 10}
    us=  30.588  {'config': 1}
    us=  30.664  {'config': 2}
    us=  33.285  {'config': 11}
[action_expert_out_proj_residual M=10] 13 measured
    us=   5.503  {'config': 'torch'}
    us=   6.465  {'config': 9}
    us=   6.853  {'config': 11}
    us=   7.190  {'config': 8}
    us=   8.231  {'config': 4}
    us=   8.364  {'config': 7}
[action_expert_ffn_down_residual M=10] 13 measured
    us=   9.848  {'config': 'torch'}
    us=  10.518  {'config': 9}
    us=  10.948  {'config': 11}
    us=  10.968  {'config': 8}
    us=  12.460  {'config': 7}
    us=  13.071  {'config': 4}
[action_expert_action_out_proj M=10] 13 measured
    us=   5.014  {'config': 9}
    us=   5.315  {'config': 11}
    us=   5.400  {'config': 8}
    us=   6.219  {'config': 7}
    us=   6.224  {'config': 4}
    us=   6.624  {'config': 3}
[llm_backbone_norm_qkv_rope M=712] 13 measured
    us=  40.336  {'config': 10}
    us=  40.970  {'config': 5}
    us=  41.079  {'config': 1}
    us=  41.445  {'config': 0}
    us=  41.653  {'config': 2}
    us=  42.387  {'config': 8}
[vision_encoder_attention views=2] 3 measured
    us=  16.875  {'backend': 'flash'}
    us=  17.780  {'backend': 'cudnn'}
    us=  20.513  {'backend': 'efficient'}
