== leg 0: hardware/nvidia/rtx5090/pi05 plan=shipped
{
  "identity": {
    "schema_version": 3,
    "target": "hardware/nvidia/rtx5090/pi05",
    "hardware": "rtx5090-32gb",
    "model": "pi05",
    "shape_profile": "action_dim32-batch1-chunk50-encoder_dim2048-encoder_ffn_dim16384-expert_dim1024-expert_ffn_dim4096-expert_tokens50-head_dim256-image_channels3-image_height224-image_width224-kv_heads1-layers18-num_views3-prefix_len968-prompt_len200-qkv_width2560-query_heads8-state_dim32-steps10-vision_dim1152-vision_ffn_dim4304-vision_head_dim72-vision_heads16-vision_layers27-visual_tokens768-visual_tokens_per_view256",
    "shape": {
      "batch": 1,
      "num_views": 3,
      "image_height": 224,
      "image_width": 224,
      "image_channels": 3,
      "visual_tokens_per_view": 256,
      "visual_tokens": 768,
      "vision_dim": 1152,
      "vision_ffn_dim": 4304,
      "vision_heads": 16,
      "vision_head_dim": 72,
      "vision_layers": 27,
      "prompt_len": 200,
      "prefix_len": 968,
      "chunk": 50,
      "expert_tokens": 50,
      "state_dim": 32,
      "action_dim": 32,
      "steps": 10,
      "layers": 18,
      "encoder_dim": 2048,
      "encoder_ffn_dim": 16384,
      "query_heads": 8,
      "kv_heads": 1,
      "head_dim": 256,
      "qkv_width": 2560,
      "expert_dim": 1024,
      "expert_ffn_dim": 4096
    },
    "plan": {
      "vision_encoder_patch_embed": "torch",
      "vision_encoder_norm_qkv": "cutlass-vision",
      "vision_encoder_attention": "torch",
      "vision_encoder_out_proj_residual": "cutlass-vision",
      "vision_encoder_norm_ffn_up": "cutlass-vision",
      "vision_encoder_ffn_down_residual": "cutlass-vision",
      "llm_backbone_projector": "torch",
      "llm_backbone_embed_prompt": "torch",
      "llm_backbone_norm_qkv_rope": "fused-prefix-qkv",
      "llm_backbone_attention": "torch",
      "llm_backbone_out_proj_residual_masked": "bucketed-backbone",
      "llm_backbone_norm_gated_ffn_masked": "bucketed-backbone",
      "llm_backbone_ffn_down_residual_masked": "bucketed-backbone",
      "action_expert_action_in_proj": "torch",
      "action_expert_norm_qkv_rope": "triton-qkv-finish",
      "action_expert_attention": "triton-qk-attention",
      "action_expert_out_proj_residual": "cutlass-expert-residual",
      "action_expert_norm_gated_ffn": "dual-ffn",
      "action_expert_ffn_down_residual": "cutlass-expert-residual",
      "action_expert_action_out_proj": "fused-qkv"
    },
    "model_revision": "pi05-r1",
    "engine_revision": null,
    "inference_signature": "sha256:a79c1f62c3f14674ad87e88a89bb5f66ac650e1c497ccf5076e64017b55d9f6f",
    "execution_variant": {
      "quantization": {
        "mode": "bf16"
      },
      "cache": {
        "mode": "none"
      }
    }
  },
  "protocol": "latency-v2",
  "instrumented": false,
  "measurement_context": {
    "weights": {
      "checkpoint_id": "flash-vla/pi05-random-checkpoint/v2/seed-0",
      "checkpoint_digest": "flash-vla/pi05-random-checkpoint/v2/seed-0"
    },
    "fixture": {
      "id": "flash-vla/pi05-inputs-v2/seed-0",
      "digest": "sha256:80e60b97e0964d3a558b2b622bc0d6848a841bb37543e362bdb5ade41d6c7480"
    },
    "environment": {
      "gpu_sku": "NVIDIA GeForce RTX 5090",
      "driver": "580.142",
      "cuda_runtime": "13.0",
      "pytorch": "2.13.0+cu130",
      "tilelang": "0.1.11",
      "clock_policy": {
        "benchmark_control": "inherit",
        "slurm_gpu_freq_request": null,
        "effective_locked_clocks": "unobserved"
      },
      "power_policy": {
        "requested_limit_w": 600.0,
        "enforced_limit_w": 600.0
      },
      "capture_regime": "cuda_graph",
      "clock_observation": {
        "application_graphics_mhz": "[N/A]",
        "application_memory_mhz": "[N/A]"
      }
    },
    "workload": "robodojo",
    "hostname": "ubun",
    "slurm_job_id": null,
    "timestamp": 1790437724.3147173,
    "reference_provenance": {}
  },
  "env": {
    "gpu": "NVIDIA GeForce RTX 5090",
    "python": "3.12.13",
    "torch": "2.13.0+cu130",
    "torch_cuda": "13.0",
    "tilelang": "0.1.11",
    "gpu_uuid": "GPU-7fc626f4-bce7-9a11-81de-0eaedc93e242",
    "runtime_observation": {
      "clocks.sm": "2872",
      "clocks.mem": "13801",
      "pstate": "P1",
      "temperature.gpu": "62",
      "power.draw": "506.71",
      "clocks_event_reasons.active": "0x0000000000000000"
    },
    "node": "ubun",
    "job": null,
    "driver": "580.142",
    "clocks": "unlocked",
    "clock_policy": {
      "benchmark_control": "inherit",
      "slurm_gpu_freq_request": null,
      "effective_locked_clocks": "unobserved"
    },
    "clock_observation": {
      "application_graphics_mhz": "[N/A]",
      "application_memory_mhz": "[N/A]"
    },
    "power_policy": {
      "requested_limit_w": 600.0,
      "enforced_limit_w": 600.0
    }
  },
  "config": {
    "reps": 100,
    "warmup": 5,
    "seed": 0,
    "plans": [
      "shipped"
    ],
    "calibration": false,
    "breakdown": true,
    "primary_statistic": "median",
    "capture_policy": "fresh-process-first-capture-per-leg",
    "statistics": [
      "min",
      "median",
      "p99"
    ],
    "p99_min_reps": 100,
    "soak_s": 0,
    "control_spread_max_ms": null,
    "attribution": false,
    "leg_options": [
      {}
    ]
  },
  "legs": [
    {
      "plan": "shipped",
      "identity": {
        "schema_version": 3,
        "target": "hardware/nvidia/rtx5090/pi05",
        "hardware": "rtx5090-32gb",
        "model": "pi05",
        "shape_profile": "action_dim32-batch1-chunk50-encoder_dim2048-encoder_ffn_dim16384-expert_dim1024-expert_ffn_dim4096-expert_tokens50-head_dim256-image_channels3-image_height224-image_width224-kv_heads1-layers18-num_views3-prefix_len968-prompt_len200-qkv_width2560-query_heads8-state_dim32-steps10-vision_dim1152-vision_ffn_dim4304-vision_head_dim72-vision_heads16-vision_layers27-visual_tokens768-visual_tokens_per_view256",
        "shape": {
          "batch": 1,
          "num_views": 3,
          "image_height": 224,
          "image_width": 224,
          "image_channels": 3,
          "visual_tokens_per_view": 256,
          "visual_tokens": 768,
          "vision_dim": 1152,
          "vision_ffn_dim": 4304,
          "vision_heads": 16,
          "vision_head_dim": 72,
          "vision_layers": 27,
          "prompt_len": 200,
          "prefix_len": 968,
          "chunk": 50,
          "expert_tokens": 50,
          "state_dim": 32,
          "action_dim": 32,
          "steps": 10,
          "layers": 18,
          "encoder_dim": 2048,
          "encoder_ffn_dim": 16384,
          "query_heads": 8,
          "kv_heads": 1,
          "head_dim": 256,
          "qkv_width": 2560,
          "expert_dim": 1024,
          "expert_ffn_dim": 4096
        },
        "plan": {
          "vision_encoder_patch_embed": "torch",
          "vision_encoder_norm_qkv": "cutlass-vision",
          "vision_encoder_attention": "torch",
          "vision_encoder_out_proj_residual": "cutlass-vision",
          "vision_encoder_norm_ffn_up": "cutlass-vision",
          "vision_encoder_ffn_down_residual": "cutlass-vision",
          "llm_backbone_projector": "torch",
          "llm_backbone_embed_prompt": "torch",
          "llm_backbone_norm_qkv_rope": "fused-prefix-qkv",
          "llm_backbone_attention": "torch",
          "llm_backbone_out_proj_residual_masked": "bucketed-backbone",
          "llm_backbone_norm_gated_ffn_masked": "bucketed-backbone",
          "llm_backbone_ffn_down_residual_masked": "bucketed-backbone",
          "action_expert_action_in_proj": "torch",
          "action_expert_norm_qkv_rope": "triton-qkv-finish",
          "action_expert_attention": "triton-qk-attention",
          "action_expert_out_proj_residual": "cutlass-expert-residual",
          "action_expert_norm_gated_ffn": "dual-ffn",
          "action_expert_ffn_down_residual": "cutlass-expert-residual",
          "action_expert_action_out_proj": "fused-qkv"
        },
        "model_revision": "pi05-r1",
        "engine_revision": null,
        "inference_signature": "sha256:a79c1f62c3f14674ad87e88a89bb5f66ac650e1c497ccf5076e64017b55d9f6f",
        "execution_variant": {
          "quantization": {
            "mode": "bf16"
          },
          "cache": {
            "mode": "none"
          }
        }
      },
      "measurement_context": {
        "weights": {
          "checkpoint_id": "flash-vla/pi05-random-checkpoint/v2/seed-0",
          "checkpoint_digest": "flash-vla/pi05-random-checkpoint/v2/seed-0"
        },
        "fixture": {
          "id": "flash-vla/pi05-inputs-v2/seed-0",
          "digest": "sha256:80e60b97e0964d3a558b2b622bc0d6848a841bb37543e362bdb5ade41d6c7480"
        },
        "environment": {
          "gpu_sku": "NVIDIA GeForce RTX 5090",
          "driver": "580.142",
          "cuda_runtime": "13.0",
          "pytorch": "2.13.0+cu130",
          "tilelang": "0.1.11",
          "clock_policy": {
            "benchmark_control": "inherit",
            "slurm_gpu_freq_request": null,
            "effective_locked_clocks": "unobserved"
          },
          "power_policy": {
            "requested_limit_w": 600.0,
            "enforced_limit_w": 600.0
          },
          "capture_regime": "cuda_graph",
          "clock_observation": {
            "application_graphics_mhz": "[N/A]",
            "application_memory_mhz": "[N/A]"
          }
        },
        "workload": "robodojo",
        "hostname": "ubun",
        "slurm_job_id": null,
        "timestamp": 1790437724.3147173,
        "reference_provenance": {}
      },
      "metrics": {
        "chunk_latency": {
          "min": 30.049758031964302,
          "median": 30.32176406122744,
          "n": 100,
          "samples_ms": [
            30.314409639686346,
            30.049758031964302,
            30.268915928900242,
            30.209869146347046,
            30.31309787184,
            30.16215469688177,
            30.33089777454734,
            30.236931052058935,
            30.322365928441286,
            30.201104935258627,
            30.31508717685938,
            30.209407676011324,
            30.31018516048789,
            30.22142592817545,
            30.286826193332672,
            30.491537880152464,
            30.336600728332996,
            30.26816714555025,
            30.301828868687153,
            30.354735907167196,
            30.392912682145834,
            30.369998887181282,
            30.285620130598545,
            30.283622909337282,
            30.121456366032362,
            30.307353008538485,
            30.13341687619686,
            30.31160496175289,
            30.14286421239376,
            30.31089110299945,
            30.137682799249887,
            30.321324709802866,
            30.137418769299984,
            30.330598820000887,
            30.147701036185026,
            30.339661985635757,
            30.15304123982787,
            30.40285175666213,
            30.191830825060606,
            30.3444042801857,
            30.257065314799547,
            30.3657460026443,
            30.296991113573313,
            30.365774873644114,
            30.276072677224874,
            30.36675602197647,
            30.281986109912395,
            30.36124212667346,
            30.29944421723485,
            30.338576063513756,
            30.302434228360653,
            30.336590949445963,
            30.30429081991315,
            30.33651178702712,
            30.348540749400854,
            30.334096867591143,
            30.32383555546403,
            30.319512356072664,
            30.345355160534382,
            30.311006121337414,
            30.341317877173424,
            30.29661113396287,
            30.35568166524172,
            30.360181350260973,
            30.38681298494339,
            30.354273039847612,
            30.382289085537195,
            30.169495847076178,
            30.364213045686483,
            30.220755841583014,
            30.391456093639135,
            30.31210321933031,
            30.415885150432587,
            30.313062015920877,
            30.40721593424678,
            30.322203412652016,
            30.417324043810368,
            30.31690279021859,
            30.375299975275993,
            30.32504627481103,
            30.376236885786057,
            30.35140223801136,
            30.3680500946939,
            30.37998965010047,
            30.362030025571585,
            30.368444975465536,
            30.3440666757524,
            30.366322956979275,
            30.22698312997818,
            30.35928774625063,
            30.179318971931934,
            30.353888869285583,
            30.188567005097866,
            30.36121279001236,
            30.178367625921965,
            30.36777814850211,
            30.19530000165105,
            30.371692031621933,
            30.190151184797287,
            30.388119164854288
          ],
          "p99": 30.417324043810368
        },
        "device_latency": {
          "min": 30.17964744567871,
          "median": 30.349376678466797,
          "n": 100,
          "samples_ms": [
            30.381759643554688,
            30.298912048339844,
            30.380128860473633,
            30.312992095947266,
            30.371679306030273,
            30.314144134521484,
            30.359615325927734,
            30.322559356689453,
            30.349088668823242,
            30.345792770385742,
            30.34876823425293,
            30.34169578552246,
            30.34204864501953,
            30.361343383789062,
            30.33513641357422,
            30.360416412353516,
            30.195552825927734,
            30.35487937927246,
            30.192607879638672,
            30.371679306030273,
            30.18169593811035,
            30.372447967529297,
            30.182239532470703,
            30.377952575683594,
            30.17964744567871,
            30.374975204467773,
            30.192768096923828,
            30.38323211669922,
            30.27996826171875,
            30.40108871459961,
            30.289440155029297,
            30.37990379333496,
            30.30227279663086,
            30.369535446166992,
            30.307584762573242,
            30.358943939208984,
            30.32326316833496,
            30.363391876220703,
            30.32953643798828,
            30.34966468811035,
            30.342432022094727,
            30.34320068359375,
            30.351167678833008,
            30.337215423583984,
            30.368480682373047,
            30.329919815063477,
            30.365983963012695,
            30.375776290893555,
            30.39779281616211,
            30.183679580688477,
            30.375648498535156,
            30.189151763916016,
            30.38377571105957,
            30.19068717956543,
            30.385663986206055,
            30.193344116210938,
            30.390560150146484,
            30.27654457092285,
            30.396831512451172,
            30.289024353027344,
            30.377151489257812,
            30.30099105834961,
            30.384864807128906,
            30.313343048095703,
            30.38572883605957,
            30.326688766479492,
            30.35590362548828,
            30.33776092529297,
            30.35036849975586,
            30.332096099853516,
            30.351776123046875,
            30.35327911376953,
            30.340543746948242,
            30.353952407836914,
            30.32624053955078,
            30.365856170654297,
            30.310880661010742,
            30.366975784301758,
            30.392223358154297,
            30.402175903320312,
            30.387168884277344,
            30.413312911987305,
            30.204191207885742,
            30.373119354248047,
            30.280384063720703,
            30.406208038330078,
            30.289567947387695,
            30.39263916015625,
            30.306432723999023,
            30.390655517578125,
            30.317535400390625,
            30.369823455810547,
            30.33247947692871,
            30.37500762939453,
            30.326335906982422,
            30.36579132080078,
            30.340160369873047,
            30.35430335998535,
            30.341920852661133,
            30.338848114013672
          ],
          "p99": 30.406208038330078
        },
        "host_time": {
          "prompt": {
            "min": 0.03758817911148071,
            "median": 0.0397383701056242,
            "n": 100,
            "samples_ms": [
              0.04070717841386795,
              0.04036165773868561,
              0.04171673208475113,
              0.04029087722301483,
              0.03868620842695236,
              0.040493905544281006,
              0.03833277150988579,
              0.039797741919755936,
              0.04023313522338867,
              0.03982102498412132,
              0.04089297726750374,
              0.04022475332021713,
              0.040164683014154434,
              0.03872206434607506,
              0.03921333700418472,
              0.040106941014528275,
              0.03959657624363899,
              0.044129788875579834,
              0.047149136662483215,
              0.04000309854745865,
              0.03953324630856514,
              0.040599144995212555,
              0.03820518031716347,
              0.03971904516220093,
              0.0396091490983963,
              0.03979308530688286,
              0.03919517621397972,
              0.039599835872650146,
              0.03952672705054283,
              0.039523933082818985,
              0.04082312807440758,
              0.04602828994393349,
              0.03984896466135979,
              0.038226135075092316,
              0.039602164179086685,
              0.03929389640688896,
              0.03911089152097702,
              0.041204970329999924,
              0.03758817911148071,
              0.03892416134476662,
              0.039031729102134705,
              0.039033591747283936,
              0.03885617479681969,
              0.03855209797620773,
              0.038191210478544235,
              0.038918107748031616,
              0.0392301008105278,
              0.03947503864765167,
              0.03892788663506508,
              0.03955606371164322,
              0.03945967182517052,
              0.03886595368385315,
              0.04420708864927292,
              0.038354191929101944,
              0.03967387601733208,
              0.03949180245399475,
              0.03979913890361786,
              0.03952300176024437,
              0.03992114216089249,
              0.03975722938776016,
              0.04099216312170029,
              0.040566083043813705,
              0.04326179623603821,
              0.03868108615279198,
              0.04041288048028946,
              0.04078401252627373,
              0.041408929973840714,
              0.04185503348708153,
              0.039729755371809006,
              0.040463171899318695,
              0.03993278369307518,
              0.040316954255104065,
              0.039416830986738205,
              0.03922218456864357,
              0.038975849747657776,
              0.03768084570765495,
              0.03905687481164932,
              0.039993319660425186,
              0.03963988274335861,
              0.04001287743449211,
              0.04038866609334946,
              0.039156991988420486,
              0.03974698483943939,
              0.0378219410777092,
              0.03899307921528816,
              0.03904290497303009,
              0.04111090674996376,
              0.04189740866422653,
              0.04033790901303291,
              0.037969090044498444,
              0.04051532596349716,
              0.04005013033747673,
              0.040247105062007904,
              0.04129810258746147,
              0.03932090476155281,
              0.039936043322086334,
              0.03985688090324402,
              0.03813905641436577,
              0.04016794264316559,
              0.040158163756132126
            ],
            "p99": 0.04602828994393349
          }
        },
        "segment_latency": {
          "vision_encoder": {
            "min": 4.082335948944092,
            "median": 4.1168317794799805,
            "n": 100,
            "samples_ms": [
              4.095456123352051,
              4.093344211578369,
              4.082335948944092,
              4.083040237426758,
              4.0930562019348145,
              4.1072001457214355,
              4.121280193328857,
              4.117599964141846,
              4.118688106536865,
              4.117440223693848,
              4.0932159423828125,
              4.082592010498047,
              4.093088150024414,
              4.09219217300415,
              4.092415809631348,
              4.093311786651611,
              4.092319965362549,
              4.093855857849121,
              4.092991828918457,
              4.0932159423828125,
              4.092576026916504,
              4.093088150024414,
              4.095359802246094,
              4.092351913452148,
              4.096191883087158,
              4.093152046203613,
              4.097055912017822,
              4.1056318283081055,
              4.10537576675415,
              4.0944318771362305,
              4.096384048461914,
              4.105184078216553,
              4.1044158935546875,
              4.106272220611572,
              4.104608058929443,
              4.104640007019043,
              4.1050238609313965,
              4.105504035949707,
              4.106624126434326,
              4.105440139770508,
              4.105216026306152,
              4.105184078216553,
              4.107039928436279,
              4.105535984039307,
              4.107135772705078,
              4.108511924743652,
              4.1176958084106445,
              4.109568119049072,
              4.1064958572387695,
              4.117919921875,
              4.117792129516602,
              4.117599964141846,
              4.109536170959473,
              4.121856212615967,
              4.109663963317871,
              4.116735935211182,
              4.116991996765137,
              4.116864204406738,
              4.117440223693848,
              4.1179518699646,
              4.1168317794799805,
              4.117599964141846,
              4.1168317794799805,
              4.1176958084106445,
              4.116703987121582,
              4.117599964141846,
              4.116447925567627,
              4.1179518699646,
              4.1168317794799805,
              4.118847846984863,
              4.117440223693848,
              4.117631912231445,
              4.119040012359619,
              4.11952018737793,
              4.121471881866455,
              4.140128135681152,
              4.120927810668945,
              4.121952056884766,
              4.129151821136475,
              4.119775772094727,
              4.129568099975586,
              4.129792213439941,
              4.129824161529541,
              4.120895862579346,
              4.132800102233887,
              4.129856109619141,
              4.130047798156738,
              4.12883186340332,
              4.130047798156738,
              4.129983901977539,
              4.128960132598877,
              4.130623817443848,
              4.12988805770874,
              4.129663944244385,
              4.129087924957275,
              4.129216194152832,
              4.129087924957275,
              4.1299519538879395,
              4.12988805770874,
              4.129759788513184
            ],
            "p99": 4.132800102233887
          },
          "llm_backbone": {
            "min": 17.131776809692383,
            "median": 17.14555263519287,
            "n": 100,
            "samples_ms": [
              17.134496688842773,
              17.145151138305664,
              17.13827133178711,
              17.14454460144043,
              17.145727157592773,
              17.136768341064453,
              17.133344650268555,
              17.145984649658203,
              17.134239196777344,
              17.134048461914062,
              17.136287689208984,
              17.146623611450195,
              17.145248413085938,
              17.13747215270996,
              17.146175384521484,
              17.1463680267334,
              17.14678382873535,
              17.13849639892578,
              17.134464263916016,
              17.1507511138916,
              17.13817596435547,
              17.14361572265625,
              17.14646339416504,
              17.13609504699707,
              17.145536422729492,
              17.14454460144043,
              17.13350486755371,
              17.138431549072266,
              17.137056350708008,
              17.14588737487793,
              17.136159896850586,
              17.144800186157227,
              17.1376953125,
              17.143423080444336,
              17.144607543945312,
              17.14566421508789,
              17.14614486694336,
              17.144575119018555,
              17.144287109375,
              17.147199630737305,
              17.14352035522461,
              17.1463680267334,
              17.146272659301758,
              17.148799896240234,
              17.14575958251953,
              17.145376205444336,
              17.146591186523438,
              17.14486312866211,
              17.146623611450195,
              17.147296905517578,
              17.146528244018555,
              17.146175384521484,
              17.3670711517334,
              17.138368606567383,
              17.131776809692383,
              17.13542366027832,
              17.13363265991211,
              17.132192611694336,
              17.134559631347656,
              17.145824432373047,
              17.145023345947266,
              17.1362247467041,
              17.144128799438477,
              17.143455505371094,
              17.148576736450195,
              17.14588737487793,
              17.146047592163086,
              17.14633560180664,
              17.136159896850586,
              17.14476776123047,
              17.1376953125,
              17.1463680267334,
              17.14441680908203,
              17.145984649658203,
              17.14419174194336,
              17.144512176513672,
              17.14579200744629,
              17.14556884765625,
              17.14566421508789,
              17.13520050048828,
              17.147903442382812,
              17.144479751586914,
              17.145856857299805,
              17.137855529785156,
              17.145727157592773,
              17.145919799804688,
              17.14838409423828,
              17.146976470947266,
              17.14771270751953,
              17.1474552154541,
              17.15724754333496,
              17.155807495117188,
              17.157535552978516,
              17.146495819091797,
              17.148639678955078,
              17.147775650024414,
              17.14646339416504,
              17.149887084960938,
              17.146560668945312,
              17.146175384521484
            ],
            "p99": 17.157535552978516
          },
          "action_expert": {
            "min": 9.44275188446045,
            "median": 9.452816009521484,
            "n": 100,
            "samples_ms": [
              9.453184127807617,
              9.455615997314453,
              9.453887939453125,
              9.451583862304688,
              9.45251178741455,
              9.455904006958008,
              9.455391883850098,
              9.454336166381836,
              9.45132827758789,
              9.455936431884766,
              9.4518404006958,
              9.452768325805664,
              9.453280448913574,
              9.463583946228027,
              9.45359992980957,
              9.452863693237305,
              9.451616287231445,
              9.46399974822998,
              9.451071739196777,
              9.45088005065918,
              9.450592041015625,
              9.44275188446045,
              9.453344345092773,
              9.451359748840332,
              9.451583862304688,
              9.452128410339355,
              9.45148754119873,
              9.450719833374023,
              9.462976455688477,
              9.451647758483887,
              9.44377613067627,
              9.455231666564941,
              9.451007843017578,
              9.463456153869629,
              9.452383995056152,
              9.45148754119873,
              9.463839530944824,
              9.4518404006958,
              9.451552391052246,
              9.463744163513184,
              9.463007926940918,
              9.451711654663086,
              9.451807975769043,
              9.451807975769043,
              9.455743789672852,
              9.463456153869629,
              9.453632354736328,
              9.453184127807617,
              9.45132827758789,
              9.452256202697754,
              9.453439712524414,
              9.451359748840332,
              9.454431533813477,
              9.454527854919434,
              9.4518404006958,
              9.45148754119873,
              9.451680183410645,
              9.455424308776855,
              9.451295852661133,
              9.451359748840332,
              9.450655937194824,
              9.453727722167969,
              9.451647758483887,
              9.443167686462402,
              9.454079627990723,
              9.452351570129395,
              9.45257568359375,
              9.451711654663086,
              9.453632354736328,
              9.455455780029297,
              9.453472137451172,
              9.452320098876953,
              9.450688362121582,
              9.45462417602539,
              9.451552391052246,
              9.451359748840332,
              9.454784393310547,
              9.451168060302734,
              9.455679893493652,
              9.45462417602539,
              9.451071739196777,
              9.455615997314453,
              9.45529556274414,
              9.453215599060059,
              9.453056335449219,
              9.450688362121582,
              9.443072319030762,
              9.454655647277832,
              9.453311920166016,
              9.455583572387695,
              9.45148754119873,
              9.451519966125488,
              9.456159591674805,
              9.455167770385742,
              9.453696250915527,
              9.453311920166016,
              9.453344345092773,
              9.45577621459961,
              9.453375816345215,
              9.451871871948242
            ],
            "p99": 9.463839530944824
          }
        },
        "overhead": {
          "min": -0.6071066111326218,
          "median": -0.3934363629668951,
          "p99": -0.336851142346859
        }
      },
      "attribution": null,
      "runtime_observation": {
        "before": {
          "clocks.sm": "2910",
          "clocks.mem": "13801",
          "pstate": "P1",
          "temperature.gpu": "51",
          "power.draw": "180.54",
          "clocks_event_reasons.active": "0x0000000000000000"
        },
        "after": {
          "clocks.sm": "2872",
          "clocks.mem": "13801",
          "pstate": "P1",
          "temperature.gpu": "62",
          "power.draw": "506.71",
          "clocks_event_reasons.active": "0x0000000000000000"
        }
      },
      "options": {
        "workload": "robodojo"
      },
      "process_id": 3134032,
      "gpu_uuid": "GPU-7fc626f4-bce7-9a11-81de-0eaedc93e242",
      "implementation_source": null,
      "leg": 0
    }
  ],
  "deltas": null
}
