== leg 0: hardware/nvidia/rtx5090/pi05 plan=shipped
{
  "identity": {
    "schema_version": 3,
    "target": "hardware/nvidia/rtx5090/pi05",
    "hardware": "rtx5090-32gb",
    "model": "pi05",
    "shape_profile": "action_dim32-batch1-chunk10-encoder_dim2048-encoder_ffn_dim16384-expert_dim1024-expert_ffn_dim4096-expert_tokens10-head_dim256-image_channels3-image_height224-image_width224-kv_heads1-layers18-num_views2-prefix_len712-prompt_len200-qkv_width2560-query_heads8-state_dim32-steps10-vision_dim1152-vision_ffn_dim4304-vision_head_dim72-vision_heads16-vision_layers27-visual_tokens512-visual_tokens_per_view256",
    "shape": {
      "batch": 1,
      "num_views": 2,
      "image_height": 224,
      "image_width": 224,
      "image_channels": 3,
      "visual_tokens_per_view": 256,
      "visual_tokens": 512,
      "vision_dim": 1152,
      "vision_ffn_dim": 4304,
      "vision_heads": 16,
      "vision_head_dim": 72,
      "vision_layers": 27,
      "prompt_len": 200,
      "prefix_len": 712,
      "chunk": 10,
      "expert_tokens": 10,
      "state_dim": 32,
      "action_dim": 32,
      "steps": 10,
      "layers": 18,
      "encoder_dim": 2048,
      "encoder_ffn_dim": 16384,
      "query_heads": 8,
      "kv_heads": 1,
      "head_dim": 256,
      "qkv_width": 2560,
      "expert_dim": 1024,
      "expert_ffn_dim": 4096
    },
    "plan": {
      "vision_encoder_patch_embed": "torch",
      "vision_encoder_norm_qkv": "cutlass-vision",
      "vision_encoder_attention": "torch",
      "vision_encoder_out_proj_residual": "cutlass-vision",
      "vision_encoder_norm_ffn_up": "cutlass-vision",
      "vision_encoder_ffn_down_residual": "cutlass-vision",
      "llm_backbone_projector": "torch",
      "llm_backbone_embed_prompt": "torch",
      "llm_backbone_norm_qkv_rope": "fused-prefix-qkv",
      "llm_backbone_attention": "torch",
      "llm_backbone_out_proj_residual_masked": "cutlass-backbone",
      "llm_backbone_norm_gated_ffn_masked": "cutlass-backbone",
      "llm_backbone_ffn_down_residual_masked": "cutlass-backbone",
      "action_expert_action_in_proj": "torch",
      "action_expert_norm_qkv_rope": "triton-qkv-finish",
      "action_expert_attention": "triton-qk-attention",
      "action_expert_out_proj_residual": "cutlass-expert-residual",
      "action_expert_norm_gated_ffn": "dual-ffn",
      "action_expert_ffn_down_residual": "cutlass-expert-residual",
      "action_expert_action_out_proj": "fused-qkv"
    },
    "model_revision": "pi05-r1",
    "engine_revision": null,
    "inference_signature": "sha256:a79c1f62c3f14674ad87e88a89bb5f66ac650e1c497ccf5076e64017b55d9f6f",
    "execution_variant": {
      "quantization": {
        "mode": "bf16"
      },
      "cache": {
        "mode": "none"
      }
    }
  },
  "protocol": "latency-v2",
  "instrumented": false,
  "measurement_context": {
    "weights": {
      "checkpoint_id": "flash-vla/pi05-random-checkpoint/v2/seed-0",
      "checkpoint_digest": "flash-vla/pi05-random-checkpoint/v2/seed-0"
    },
    "fixture": {
      "id": "flash-vla/pi05-inputs-v2/seed-0",
      "digest": "sha256:186266f9050d21a33ecfa4de7b9d54fe4851c8671f379edb5bc426c775184ce2"
    },
    "environment": {
      "gpu_sku": "NVIDIA GeForce RTX 5090",
      "driver": "580.142",
      "cuda_runtime": "13.0",
      "pytorch": "2.13.0+cu130",
      "tilelang": "0.1.11",
      "clock_policy": {
        "benchmark_control": "inherit",
        "slurm_gpu_freq_request": null,
        "effective_locked_clocks": "unobserved"
      },
      "power_policy": {
        "requested_limit_w": 600.0,
        "enforced_limit_w": 600.0
      },
      "capture_regime": "cuda_graph",
      "clock_observation": {
        "application_graphics_mhz": "[N/A]",
        "application_memory_mhz": "[N/A]"
      }
    },
    "workload": "libero",
    "hostname": "ubun",
    "slurm_job_id": null,
    "timestamp": 1790437684.7220058,
    "reference_provenance": {}
  },
  "env": {
    "gpu": "NVIDIA GeForce RTX 5090",
    "python": "3.12.13",
    "torch": "2.13.0+cu130",
    "torch_cuda": "13.0",
    "tilelang": "0.1.11",
    "gpu_uuid": "GPU-7fc626f4-bce7-9a11-81de-0eaedc93e242",
    "runtime_observation": {
      "clocks.sm": "2895",
      "clocks.mem": "13801",
      "pstate": "P1",
      "temperature.gpu": "55",
      "power.draw": "346.26",
      "clocks_event_reasons.active": "0x0000000000000000"
    },
    "node": "ubun",
    "job": null,
    "driver": "580.142",
    "clocks": "unlocked",
    "clock_policy": {
      "benchmark_control": "inherit",
      "slurm_gpu_freq_request": null,
      "effective_locked_clocks": "unobserved"
    },
    "clock_observation": {
      "application_graphics_mhz": "[N/A]",
      "application_memory_mhz": "[N/A]"
    },
    "power_policy": {
      "requested_limit_w": 600.0,
      "enforced_limit_w": 600.0
    }
  },
  "config": {
    "reps": 100,
    "warmup": 5,
    "seed": 0,
    "plans": [
      "shipped"
    ],
    "calibration": false,
    "breakdown": true,
    "primary_statistic": "median",
    "capture_policy": "fresh-process-first-capture-per-leg",
    "statistics": [
      "min",
      "median",
      "p99"
    ],
    "p99_min_reps": 100,
    "soak_s": 0,
    "control_spread_max_ms": null,
    "attribution": false,
    "leg_options": [
      {}
    ]
  },
  "legs": [
    {
      "plan": "shipped",
      "identity": {
        "schema_version": 3,
        "target": "hardware/nvidia/rtx5090/pi05",
        "hardware": "rtx5090-32gb",
        "model": "pi05",
        "shape_profile": "action_dim32-batch1-chunk10-encoder_dim2048-encoder_ffn_dim16384-expert_dim1024-expert_ffn_dim4096-expert_tokens10-head_dim256-image_channels3-image_height224-image_width224-kv_heads1-layers18-num_views2-prefix_len712-prompt_len200-qkv_width2560-query_heads8-state_dim32-steps10-vision_dim1152-vision_ffn_dim4304-vision_head_dim72-vision_heads16-vision_layers27-visual_tokens512-visual_tokens_per_view256",
        "shape": {
          "batch": 1,
          "num_views": 2,
          "image_height": 224,
          "image_width": 224,
          "image_channels": 3,
          "visual_tokens_per_view": 256,
          "visual_tokens": 512,
          "vision_dim": 1152,
          "vision_ffn_dim": 4304,
          "vision_heads": 16,
          "vision_head_dim": 72,
          "vision_layers": 27,
          "prompt_len": 200,
          "prefix_len": 712,
          "chunk": 10,
          "expert_tokens": 10,
          "state_dim": 32,
          "action_dim": 32,
          "steps": 10,
          "layers": 18,
          "encoder_dim": 2048,
          "encoder_ffn_dim": 16384,
          "query_heads": 8,
          "kv_heads": 1,
          "head_dim": 256,
          "qkv_width": 2560,
          "expert_dim": 1024,
          "expert_ffn_dim": 4096
        },
        "plan": {
          "vision_encoder_patch_embed": "torch",
          "vision_encoder_norm_qkv": "cutlass-vision",
          "vision_encoder_attention": "torch",
          "vision_encoder_out_proj_residual": "cutlass-vision",
          "vision_encoder_norm_ffn_up": "cutlass-vision",
          "vision_encoder_ffn_down_residual": "cutlass-vision",
          "llm_backbone_projector": "torch",
          "llm_backbone_embed_prompt": "torch",
          "llm_backbone_norm_qkv_rope": "fused-prefix-qkv",
          "llm_backbone_attention": "torch",
          "llm_backbone_out_proj_residual_masked": "cutlass-backbone",
          "llm_backbone_norm_gated_ffn_masked": "cutlass-backbone",
          "llm_backbone_ffn_down_residual_masked": "cutlass-backbone",
          "action_expert_action_in_proj": "torch",
          "action_expert_norm_qkv_rope": "triton-qkv-finish",
          "action_expert_attention": "triton-qk-attention",
          "action_expert_out_proj_residual": "cutlass-expert-residual",
          "action_expert_norm_gated_ffn": "dual-ffn",
          "action_expert_ffn_down_residual": "cutlass-expert-residual",
          "action_expert_action_out_proj": "fused-qkv"
        },
        "model_revision": "pi05-r1",
        "engine_revision": null,
        "inference_signature": "sha256:a79c1f62c3f14674ad87e88a89bb5f66ac650e1c497ccf5076e64017b55d9f6f",
        "execution_variant": {
          "quantization": {
            "mode": "bf16"
          },
          "cache": {
            "mode": "none"
          }
        }
      },
      "measurement_context": {
        "weights": {
          "checkpoint_id": "flash-vla/pi05-random-checkpoint/v2/seed-0",
          "checkpoint_digest": "flash-vla/pi05-random-checkpoint/v2/seed-0"
        },
        "fixture": {
          "id": "flash-vla/pi05-inputs-v2/seed-0",
          "digest": "sha256:186266f9050d21a33ecfa4de7b9d54fe4851c8671f379edb5bc426c775184ce2"
        },
        "environment": {
          "gpu_sku": "NVIDIA GeForce RTX 5090",
          "driver": "580.142",
          "cuda_runtime": "13.0",
          "pytorch": "2.13.0+cu130",
          "tilelang": "0.1.11",
          "clock_policy": {
            "benchmark_control": "inherit",
            "slurm_gpu_freq_request": null,
            "effective_locked_clocks": "unobserved"
          },
          "power_policy": {
            "requested_limit_w": 600.0,
            "enforced_limit_w": 600.0
          },
          "capture_regime": "cuda_graph",
          "clock_observation": {
            "application_graphics_mhz": "[N/A]",
            "application_memory_mhz": "[N/A]"
          }
        },
        "workload": "libero",
        "hostname": "ubun",
        "slurm_job_id": null,
        "timestamp": 1790437684.7220058,
        "reference_provenance": {}
      },
      "metrics": {
        "chunk_latency": {
          "min": 25.975785218179226,
          "median": 26.124746073037386,
          "n": 100,
          "samples_ms": [
            26.024743914604187,
            26.00772399455309,
            25.984453968703747,
            25.990531779825687,
            25.988976936787367,
            26.131961029022932,
            26.190150063484907,
            25.99133411422372,
            26.096214074641466,
            26.176900137215853,
            25.99365310743451,
            26.07578318566084,
            26.1974036693573,
            26.184082962572575,
            25.99748643115163,
            26.13499015569687,
            26.177894789725542,
            25.978086981922388,
            26.109992992132902,
            26.189872063696384,
            25.98654804751277,
            26.10277896746993,
            26.17829805240035,
            25.9959208779037,
            25.999225210398436,
            26.146142277866602,
            26.183702051639557,
            26.00048389285803,
            26.11753111705184,
            26.177068706601858,
            25.992170441895723,
            26.117179077118635,
            26.18330204859376,
            25.996760930866003,
            26.076917070895433,
            26.17817698046565,
            26.001079939305782,
            25.998919270932674,
            26.139087043702602,
            26.161111891269684,
            25.989705696702003,
            26.167067233473063,
            26.28341130912304,
            25.97831515595317,
            26.16322413086891,
            26.28019917756319,
            25.98549099639058,
            25.987080298364162,
            25.98737506195903,
            25.98507422953844,
            25.99635487422347,
            26.188991963863373,
            26.281359139829874,
            25.975785218179226,
            26.16361016407609,
            26.275967247784138,
            25.978562887758017,
            26.135731022804976,
            26.265307795256376,
            25.99156741052866,
            25.980419013649225,
            26.197892613708973,
            26.26330405473709,
            25.98312497138977,
            26.176237035542727,
            26.27321518957615,
            25.992635171860456,
            26.16289397701621,
            26.28046879544854,
            25.988700799643993,
            26.14654367789626,
            26.269213296473026,
            25.998688768595457,
            25.98158037289977,
            26.205644942820072,
            26.277096942067146,
            25.987287051975727,
            26.162636000663042,
            26.27982897683978,
            25.99841309711337,
            26.140792295336723,
            26.28426719456911,
            25.99481213837862,
            26.074879802763462,
            26.18004707619548,
            26.171240024268627,
            25.983842089772224,
            26.20517509058118,
            26.27225313335657,
            25.994209107011557,
            26.17597207427025,
            26.282428298145533,
            25.97657684236765,
            26.144491974264383,
            26.272884104400873,
            25.990657042711973,
            26.075132191181183,
            26.24988416209817,
            26.257257908582687,
            25.97879385575652
          ],
          "p99": 26.28341130912304
        },
        "device_latency": {
          "min": 25.96633529663086,
          "median": 26.15764808654785,
          "n": 100,
          "samples_ms": [
            25.996543884277344,
            26.150272369384766,
            26.271743774414062,
            25.992095947265625,
            25.993568420410156,
            26.207935333251953,
            26.25654411315918,
            25.9836483001709,
            26.17737579345703,
            26.270431518554688,
            25.96633529663086,
            26.1693115234375,
            26.275775909423828,
            25.982303619384766,
            26.15247917175293,
            26.267744064331055,
            25.995040893554688,
            25.980192184448242,
            26.198848724365234,
            26.25449562072754,
            25.98691177368164,
            26.186431884765625,
            26.257919311523438,
            25.992191314697266,
            26.15830421447754,
            26.271360397338867,
            25.988832473754883,
            26.130367279052734,
            26.28214454650879,
            26.00262451171875,
            25.984224319458008,
            26.20230484008789,
            26.26425552368164,
            25.982528686523438,
            26.168575286865234,
            26.266559600830078,
            25.970272064208984,
            26.15305519104004,
            26.27894401550293,
            25.990144729614258,
            26.1378231048584,
            26.26924705505371,
            25.985759735107422,
            25.979839324951172,
            26.201087951660156,
            26.25164794921875,
            25.98579216003418,
            26.179712295532227,
            26.297344207763672,
            25.977855682373047,
            26.15715217590332,
            26.2873592376709,
            25.991104125976562,
            26.13484764099121,
            26.27359962463379,
            25.986047744750977,
            25.991455078125,
            26.40470314025879,
            26.25257682800293,
            25.9814395904541,
            26.175552368164062,
            26.26041603088379,
            25.98271942138672,
            26.148000717163086,
            26.274208068847656,
            25.976608276367188,
            26.145727157592773,
            26.27984046936035,
            25.979679107666016,
            26.01759910583496,
            26.235551834106445,
            26.281248092651367,
            25.98441505432129,
            26.176416397094727,
            26.273984909057617,
            25.975296020507812,
            26.158143997192383,
            26.26972770690918,
            25.981952667236328,
            26.135360717773438,
            26.308319091796875,
            26.021791458129883,
            26.021024703979492,
            26.238304138183594,
            26.275264739990234,
            26.00707244873047,
            26.204896926879883,
            26.301311492919922,
            25.975263595581055,
            26.166719436645508,
            26.2825927734375,
            25.983871459960938,
            26.134815216064453,
            26.26803207397461,
            26.121408462524414,
            25.997760772705078,
            26.221664428710938,
            26.27555274963379,
            26.02560043334961,
            26.203487396240234
          ],
          "p99": 26.308319091796875
        },
        "host_time": {
          "prompt": {
            "min": 0.02054823562502861,
            "median": 0.024675624445080757,
            "n": 100,
            "samples_ms": [
              0.027474015951156616,
              0.0232793390750885,
              0.021694228053092957,
              0.02133892849087715,
              0.02149585634469986,
              0.02170586958527565,
              0.021319836378097534,
              0.02101203426718712,
              0.021066050976514816,
              0.022510066628456116,
              0.021094921976327896,
              0.021057669073343277,
              0.02361321821808815,
              0.02054823562502861,
              0.020641367882490158,
              0.020998064428567886,
              0.029297079890966415,
              0.03766082227230072,
              0.04155607894062996,
              0.027923844754695892,
              0.0392058864235878,
              0.03620889037847519,
              0.024961307644844055,
              0.02184789627790451,
              0.036422163248062134,
              0.03466010093688965,
              0.024326611310243607,
              0.0353190116584301,
              0.0364803709089756,
              0.024720095098018646,
              0.022600870579481125,
              0.03340374678373337,
              0.03871088847517967,
              0.026565976440906525,
              0.02283882349729538,
              0.028215814381837845,
              0.03745080903172493,
              0.02819392830133438,
              0.023227185010910034,
              0.021595042198896408,
              0.037262216210365295,
              0.03404216840863228,
              0.023283064365386963,
              0.03520166501402855,
              0.041760969907045364,
              0.030003022402524948,
              0.022866763174533844,
              0.021351967006921768,
              0.03443099558353424,
              0.037631019949913025,
              0.026020687073469162,
              0.03442913293838501,
              0.03783730790019035,
              0.025101006031036377,
              0.022229738533496857,
              0.03228290006518364,
              0.037183985114097595,
              0.026804860681295395,
              0.022789929062128067,
              0.027453061193227768,
              0.03606313839554787,
              0.03151409327983856,
              0.026017893105745316,
              0.036261044442653656,
              0.032079871743917465,
              0.023738015443086624,
              0.021742191165685654,
              0.02214685082435608,
              0.03311317414045334,
              0.03759097307920456,
              0.024561304599046707,
              0.030728057026863098,
              0.03696000203490257,
              0.0270036980509758,
              0.027725007385015488,
              0.03637000918388367,
              0.028461217880249023,
              0.02252776175737381,
              0.021423213183879852,
              0.020789913833141327,
              0.024631153792142868,
              0.021282117813825607,
              0.021369196474552155,
              0.021062791347503662,
              0.02108002081513405,
              0.02102414146065712,
              0.021157320588827133,
              0.02111028879880905,
              0.02117035910487175,
              0.025787856429815292,
              0.021529849618673325,
              0.02173706889152527,
              0.02127327024936676,
              0.02161925658583641,
              0.02162111923098564,
              0.02730218693614006,
              0.02136221155524254,
              0.021558254957199097,
              0.020870007574558258,
              0.026450958102941513
            ],
            "p99": 0.04155607894062996
          }
        },
        "segment_latency": {
          "vision_encoder": {
            "min": 3.089632034301758,
            "median": 3.1033118963241577,
            "n": 100,
            "samples_ms": [
              3.122591972351074,
              3.108448028564453,
              3.089632034301758,
              3.09171199798584,
              3.0992000102996826,
              3.094655990600586,
              3.102911949157715,
              3.0974080562591553,
              3.1002559661865234,
              3.1015679836273193,
              3.1000640392303467,
              3.094912052154541,
              3.1092801094055176,
              3.098400115966797,
              3.098975896835327,
              3.1019198894500732,
              3.096992015838623,
              3.1082239151000977,
              3.1033918857574463,
              3.1007039546966553,
              3.101855993270874,
              3.0980160236358643,
              3.107424020767212,
              3.0986878871917725,
              3.0991039276123047,
              3.1042239665985107,
              3.1004159450531006,
              3.100224018096924,
              3.103487968444824,
              3.1024320125579834,
              3.100831985473633,
              3.0992960929870605,
              3.0992960929870605,
              3.1086719036102295,
              3.1028480529785156,
              3.1000640392303467,
              3.0999679565429688,
              3.108448028564453,
              3.102368116378784,
              3.1036479473114014,
              3.1038401126861572,
              3.0991039276123047,
              3.1096959114074707,
              3.099071979522705,
              3.1106879711151123,
              3.1009280681610107,
              3.108799934387207,
              3.104543924331665,
              3.1049599647521973,
              3.108959913253784,
              3.1055679321289062,
              3.1030399799346924,
              3.101439952850342,
              3.1005759239196777,
              3.1051199436187744,
              3.1052799224853516,
              3.1056320667266846,
              3.1024959087371826,
              3.1101438999176025,
              3.1017279624938965,
              3.1053760051727295,
              3.1058878898620605,
              3.1027519702911377,
              3.1047680377960205,
              3.1022400856018066,
              3.1046080589294434,
              3.104703903198242,
              3.1077120304107666,
              3.1054399013519287,
              3.1003201007843018,
              3.1042239665985107,
              3.1007680892944336,
              3.104383945465088,
              3.112191915512085,
              3.1024320125579834,
              3.10697603225708,
              3.1295039653778076,
              3.1068480014801025,
              3.1067841053009033,
              3.1130878925323486,
              3.1045119762420654,
              3.0999040603637695,
              3.1053121089935303,
              3.1054720878601074,
              3.107072114944458,
              3.102816104888916,
              3.1019840240478516,
              3.103231906890869,
              3.10809588432312,
              3.1034560203552246,
              3.1031360626220703,
              3.1028800010681152,
              3.0997440814971924,
              3.103935956954956,
              3.1113600730895996,
              3.107232093811035,
              3.109760046005249,
              3.106368064880371,
              3.1053760051727295,
              3.10099196434021
            ],
            "p99": 3.122591972351074
          },
          "llm_backbone": {
            "min": 14.213600158691406,
            "median": 14.368319988250732,
            "n": 100,
            "samples_ms": [
              14.213600158691406,
              14.227840423583984,
              14.256287574768066,
              14.268159866333008,
              14.2741117477417,
              14.289759635925293,
              14.295136451721191,
              14.300095558166504,
              14.304896354675293,
              14.317567825317383,
              14.3221435546875,
              14.335295677185059,
              14.337056159973145,
              14.340800285339355,
              14.341471672058105,
              14.340096473693848,
              14.357600212097168,
              14.362624168395996,
              14.357855796813965,
              14.36188793182373,
              14.359999656677246,
              14.367232322692871,
              14.36963176727295,
              14.36400032043457,
              14.362496376037598,
              14.361663818359375,
              14.368255615234375,
              14.36143970489502,
              14.367103576660156,
              14.365856170654297,
              14.372032165527344,
              14.367327690124512,
              14.368895530700684,
              14.365376472473145,
              14.365504264831543,
              14.377984046936035,
              14.382335662841797,
              14.368608474731445,
              14.379263877868652,
              14.362175941467285,
              14.359392166137695,
              14.365344047546387,
              14.362591743469238,
              14.35977554321289,
              14.36355209350586,
              14.375200271606445,
              14.368351936340332,
              14.368288040161133,
              14.364480018615723,
              14.363648414611816,
              14.368127822875977,
              14.370688438415527,
              14.368927955627441,
              14.372672080993652,
              14.37279987335205,
              14.37388801574707,
              14.374496459960938,
              14.376288414001465,
              14.372896194458008,
              14.374591827392578,
              14.37820816040039,
              14.368767738342285,
              14.366527557373047,
              14.367839813232422,
              14.372896194458008,
              14.370623588562012,
              14.378111839294434,
              14.374943733215332,
              14.37615966796875,
              14.37507152557373,
              14.374208450317383,
              14.371999740600586,
              14.372032165527344,
              14.372096061706543,
              14.369888305664062,
              14.371999740600586,
              14.367679595947266,
              14.366239547729492,
              14.371487617492676,
              14.372639656066895,
              14.372320175170898,
              14.370016098022461,
              14.370976448059082,
              14.367936134338379,
              14.365856170654297,
              14.372223854064941,
              14.375904083251953,
              14.36796760559082,
              14.371647834777832,
              14.371040344238281,
              14.366720199584961,
              14.37007999420166,
              14.36905574798584,
              14.376799583435059,
              14.376992225646973,
              14.3821439743042,
              14.370911598205566,
              14.37497615814209,
              14.369695663452148,
              14.37286376953125
            ],
            "p99": 14.3821439743042
          },
          "action_expert": {
            "min": 8.977760314941406,
            "median": 8.988336086273193,
            "n": 100,
            "samples_ms": [
              8.990240097045898,
              8.988224029541016,
              8.988096237182617,
              8.98691177368164,
              8.982720375061035,
              8.977760314941406,
              9.001215934753418,
              8.978591918945312,
              8.997119903564453,
              8.990431785583496,
              8.986751556396484,
              8.987615585327148,
              8.99567985534668,
              8.982975959777832,
              8.986751556396484,
              9.003583908081055,
              8.988544464111328,
              8.99350357055664,
              8.984928131103516,
              8.98748779296875,
              8.993023872375488,
              8.983263969421387,
              8.98476791381836,
              8.99401569366455,
              8.984736442565918,
              8.98748779296875,
              8.986559867858887,
              8.990880012512207,
              8.997183799743652,
              8.988863945007324,
              8.985247611999512,
              8.988991737365723,
              8.98681640625,
              8.985440254211426,
              8.988736152648926,
              8.990943908691406,
              8.988703727722168,
              8.992671966552734,
              8.986687660217285,
              8.986751556396484,
              8.978336334228516,
              8.99084758758545,
              8.984640121459961,
              8.986687660217285,
              8.984576225280762,
              8.982687950134277,
              8.98361587524414,
              8.98259162902832,
              8.98476791381836,
              8.984607696533203,
              8.986783981323242,
              8.982720375061035,
              8.996671676635742,
              8.995807647705078,
              8.986623764038086,
              8.995807647705078,
              8.986623764038086,
              8.988448143005371,
              8.984736442565918,
              8.984352111816406,
              8.988767623901367,
              8.986687660217285,
              8.988639831542969,
              8.982720375061035,
              8.988672256469727,
              8.995967864990234,
              8.984831809997559,
              8.992095947265625,
              8.980607986450195,
              8.995136260986328,
              8.988736152648926,
              8.985664367675781,
              8.994367599487305,
              8.989983558654785,
              8.988608360290527,
              8.984864234924316,
              8.986656188964844,
              8.98089599609375,
              8.986559867858887,
              8.984831809997559,
              9.002528190612793,
              8.988191604614258,
              8.985600471496582,
              8.991071701049805,
              8.994688034057617,
              8.999967575073242,
              8.991328239440918,
              8.997119903564453,
              8.992927551269531,
              9.011072158813477,
              9.01353645324707,
              9.003680229187012,
              9.004863739013672,
              9.010527610778809,
              9.002176284790039,
              8.996992111206055,
              8.990592002868652,
              8.989824295043945,
              8.989567756652832,
              8.987711906433105
            ],
            "p99": 9.011072158813477
          }
        },
        "overhead": {
          "min": -0.3052072897553444,
          "median": -0.33522189781069756,
          "p99": -0.23239679634571075
        }
      },
      "attribution": null,
      "runtime_observation": {
        "before": {
          "clocks.sm": "2910",
          "clocks.mem": "13801",
          "pstate": "P1",
          "temperature.gpu": "49",
          "power.draw": "151.43",
          "clocks_event_reasons.active": "0x0000000000000000"
        },
        "after": {
          "clocks.sm": "2895",
          "clocks.mem": "13801",
          "pstate": "P1",
          "temperature.gpu": "55",
          "power.draw": "346.26",
          "clocks_event_reasons.active": "0x0000000000000000"
        }
      },
      "options": {
        "workload": "libero"
      },
      "process_id": 3133226,
      "gpu_uuid": "GPU-7fc626f4-bce7-9a11-81de-0eaedc93e242",
      "implementation_source": null,
      "leg": 0
    }
  ],
  "deltas": null
}
