== leg 0: hardware/nvidia/rtx5090/pi05 plan=shipped
{
  "identity": {
    "schema_version": 3,
    "target": "hardware/nvidia/rtx5090/pi05",
    "hardware": "rtx5090-32gb",
    "model": "pi05",
    "shape_profile": "action_dim32-batch1-chunk10-encoder_dim2048-encoder_ffn_dim16384-expert_dim1024-expert_ffn_dim4096-expert_tokens10-head_dim256-image_channels3-image_height224-image_width224-kv_heads1-layers18-num_views2-prefix_len712-prompt_len200-qkv_width2560-query_heads8-state_dim32-steps10-vision_dim1152-vision_ffn_dim4304-vision_head_dim72-vision_heads16-vision_layers27-visual_tokens512-visual_tokens_per_view256",
    "shape": {
      "batch": 1,
      "num_views": 2,
      "image_height": 224,
      "image_width": 224,
      "image_channels": 3,
      "visual_tokens_per_view": 256,
      "visual_tokens": 512,
      "vision_dim": 1152,
      "vision_ffn_dim": 4304,
      "vision_heads": 16,
      "vision_head_dim": 72,
      "vision_layers": 27,
      "prompt_len": 200,
      "prefix_len": 712,
      "chunk": 10,
      "expert_tokens": 10,
      "state_dim": 32,
      "action_dim": 32,
      "steps": 10,
      "layers": 18,
      "encoder_dim": 2048,
      "encoder_ffn_dim": 16384,
      "query_heads": 8,
      "kv_heads": 1,
      "head_dim": 256,
      "qkv_width": 2560,
      "expert_dim": 1024,
      "expert_ffn_dim": 4096
    },
    "plan": {
      "vision_encoder_patch_embed": "torch",
      "vision_encoder_norm_qkv": "cutlass-vision",
      "vision_encoder_attention": "torch",
      "vision_encoder_out_proj_residual": "cutlass-vision",
      "vision_encoder_norm_ffn_up": "cutlass-vision",
      "vision_encoder_ffn_down_residual": "cutlass-vision",
      "llm_backbone_projector": "torch",
      "llm_backbone_embed_prompt": "torch",
      "llm_backbone_norm_qkv_rope": "fused-prefix-qkv",
      "llm_backbone_attention": "torch",
      "llm_backbone_out_proj_residual_masked": "cutlass-backbone",
      "llm_backbone_norm_gated_ffn_masked": "cutlass-backbone",
      "llm_backbone_ffn_down_residual_masked": "cutlass-backbone",
      "action_expert_action_in_proj": "torch",
      "action_expert_norm_qkv_rope": "triton-qkv-finish",
      "action_expert_attention": "triton-qk-attention",
      "action_expert_out_proj_residual": "cutlass-expert-residual",
      "action_expert_norm_gated_ffn": "dual-ffn",
      "action_expert_ffn_down_residual": "cutlass-expert-residual",
      "action_expert_action_out_proj": "fused-qkv"
    },
    "model_revision": "pi05-r1",
    "engine_revision": "c8026ea886d961c3c0ba622a5146f6870d911c02",
    "inference_signature": "sha256:a79c1f62c3f14674ad87e88a89bb5f66ac650e1c497ccf5076e64017b55d9f6f",
    "execution_variant": {
      "quantization": {
        "mode": "bf16"
      },
      "cache": {
        "mode": "none"
      }
    }
  },
  "protocol": "latency-v2",
  "instrumented": false,
  "measurement_context": {
    "weights": {
      "checkpoint_id": "flash-vla/pi05-random-checkpoint/v2/seed-0",
      "checkpoint_digest": "flash-vla/pi05-random-checkpoint/v2/seed-0"
    },
    "fixture": {
      "id": "flash-vla/pi05-inputs-v2/seed-0",
      "digest": "sha256:186266f9050d21a33ecfa4de7b9d54fe4851c8671f379edb5bc426c775184ce2"
    },
    "environment": {
      "gpu_sku": "NVIDIA GeForce RTX 5090",
      "driver": "580.142",
      "cuda_runtime": "13.0",
      "pytorch": "2.13.0+cu130",
      "tilelang": "0.1.11",
      "clock_policy": {
        "benchmark_control": "inherit",
        "slurm_gpu_freq_request": null,
        "effective_locked_clocks": "unobserved"
      },
      "power_policy": {
        "requested_limit_w": 600.0,
        "enforced_limit_w": 600.0
      },
      "capture_regime": "cuda_graph",
      "clock_observation": {
        "application_graphics_mhz": "[N/A]",
        "application_memory_mhz": "[N/A]"
      }
    },
    "workload": "libero",
    "hostname": "ubun",
    "slurm_job_id": null,
    "timestamp": 1790437697.3718603,
    "reference_provenance": {}
  },
  "env": {
    "gpu": "NVIDIA GeForce RTX 5090",
    "python": "3.12.13",
    "torch": "2.13.0+cu130",
    "torch_cuda": "13.0",
    "tilelang": "0.1.11",
    "gpu_uuid": "GPU-7fc626f4-bce7-9a11-81de-0eaedc93e242",
    "runtime_observation": {
      "clocks.sm": "2895",
      "clocks.mem": "13801",
      "pstate": "P1",
      "temperature.gpu": "56",
      "power.draw": "337.83",
      "clocks_event_reasons.active": "0x0000000000000000"
    },
    "node": "ubun",
    "job": null,
    "driver": "580.142",
    "clocks": "unlocked",
    "clock_policy": {
      "benchmark_control": "inherit",
      "slurm_gpu_freq_request": null,
      "effective_locked_clocks": "unobserved"
    },
    "clock_observation": {
      "application_graphics_mhz": "[N/A]",
      "application_memory_mhz": "[N/A]"
    },
    "power_policy": {
      "requested_limit_w": 600.0,
      "enforced_limit_w": 600.0
    }
  },
  "config": {
    "reps": 100,
    "warmup": 5,
    "seed": 0,
    "plans": [
      "shipped"
    ],
    "calibration": false,
    "breakdown": true,
    "primary_statistic": "median",
    "capture_policy": "fresh-process-first-capture-per-leg",
    "statistics": [
      "min",
      "median",
      "p99"
    ],
    "p99_min_reps": 100,
    "soak_s": 0,
    "control_spread_max_ms": null,
    "attribution": false,
    "leg_options": [
      {}
    ]
  },
  "legs": [
    {
      "plan": "shipped",
      "identity": {
        "schema_version": 3,
        "target": "hardware/nvidia/rtx5090/pi05",
        "hardware": "rtx5090-32gb",
        "model": "pi05",
        "shape_profile": "action_dim32-batch1-chunk10-encoder_dim2048-encoder_ffn_dim16384-expert_dim1024-expert_ffn_dim4096-expert_tokens10-head_dim256-image_channels3-image_height224-image_width224-kv_heads1-layers18-num_views2-prefix_len712-prompt_len200-qkv_width2560-query_heads8-state_dim32-steps10-vision_dim1152-vision_ffn_dim4304-vision_head_dim72-vision_heads16-vision_layers27-visual_tokens512-visual_tokens_per_view256",
        "shape": {
          "batch": 1,
          "num_views": 2,
          "image_height": 224,
          "image_width": 224,
          "image_channels": 3,
          "visual_tokens_per_view": 256,
          "visual_tokens": 512,
          "vision_dim": 1152,
          "vision_ffn_dim": 4304,
          "vision_heads": 16,
          "vision_head_dim": 72,
          "vision_layers": 27,
          "prompt_len": 200,
          "prefix_len": 712,
          "chunk": 10,
          "expert_tokens": 10,
          "state_dim": 32,
          "action_dim": 32,
          "steps": 10,
          "layers": 18,
          "encoder_dim": 2048,
          "encoder_ffn_dim": 16384,
          "query_heads": 8,
          "kv_heads": 1,
          "head_dim": 256,
          "qkv_width": 2560,
          "expert_dim": 1024,
          "expert_ffn_dim": 4096
        },
        "plan": {
          "vision_encoder_patch_embed": "torch",
          "vision_encoder_norm_qkv": "cutlass-vision",
          "vision_encoder_attention": "torch",
          "vision_encoder_out_proj_residual": "cutlass-vision",
          "vision_encoder_norm_ffn_up": "cutlass-vision",
          "vision_encoder_ffn_down_residual": "cutlass-vision",
          "llm_backbone_projector": "torch",
          "llm_backbone_embed_prompt": "torch",
          "llm_backbone_norm_qkv_rope": "fused-prefix-qkv",
          "llm_backbone_attention": "torch",
          "llm_backbone_out_proj_residual_masked": "cutlass-backbone",
          "llm_backbone_norm_gated_ffn_masked": "cutlass-backbone",
          "llm_backbone_ffn_down_residual_masked": "cutlass-backbone",
          "action_expert_action_in_proj": "torch",
          "action_expert_norm_qkv_rope": "triton-qkv-finish",
          "action_expert_attention": "triton-qk-attention",
          "action_expert_out_proj_residual": "cutlass-expert-residual",
          "action_expert_norm_gated_ffn": "dual-ffn",
          "action_expert_ffn_down_residual": "cutlass-expert-residual",
          "action_expert_action_out_proj": "fused-qkv"
        },
        "model_revision": "pi05-r1",
        "engine_revision": "c8026ea886d961c3c0ba622a5146f6870d911c02",
        "inference_signature": "sha256:a79c1f62c3f14674ad87e88a89bb5f66ac650e1c497ccf5076e64017b55d9f6f",
        "execution_variant": {
          "quantization": {
            "mode": "bf16"
          },
          "cache": {
            "mode": "none"
          }
        }
      },
      "measurement_context": {
        "weights": {
          "checkpoint_id": "flash-vla/pi05-random-checkpoint/v2/seed-0",
          "checkpoint_digest": "flash-vla/pi05-random-checkpoint/v2/seed-0"
        },
        "fixture": {
          "id": "flash-vla/pi05-inputs-v2/seed-0",
          "digest": "sha256:186266f9050d21a33ecfa4de7b9d54fe4851c8671f379edb5bc426c775184ce2"
        },
        "environment": {
          "gpu_sku": "NVIDIA GeForce RTX 5090",
          "driver": "580.142",
          "cuda_runtime": "13.0",
          "pytorch": "2.13.0+cu130",
          "tilelang": "0.1.11",
          "clock_policy": {
            "benchmark_control": "inherit",
            "slurm_gpu_freq_request": null,
            "effective_locked_clocks": "unobserved"
          },
          "power_policy": {
            "requested_limit_w": 600.0,
            "enforced_limit_w": 600.0
          },
          "capture_regime": "cuda_graph",
          "clock_observation": {
            "application_graphics_mhz": "[N/A]",
            "application_memory_mhz": "[N/A]"
          }
        },
        "workload": "libero",
        "hostname": "ubun",
        "slurm_job_id": null,
        "timestamp": 1790437697.3718603,
        "reference_provenance": {}
      },
      "metrics": {
        "chunk_latency": {
          "min": 26.04985935613513,
          "median": 26.218567974865437,
          "n": 100,
          "samples_ms": [
            26.089034974575043,
            26.069988030940294,
            26.0586179792881,
            26.187806855887175,
            26.26162115484476,
            26.07132401317358,
            26.087915059179068,
            26.06594515964389,
            26.059556286782026,
            26.052731089293957,
            26.22114308178425,
            26.256326120346785,
            26.066993828862906,
            26.196580845862627,
            26.28091908991337,
            26.07511915266514,
            26.237084064632654,
            26.370615232735872,
            26.077118702232838,
            26.2122699059546,
            26.366200763732195,
            26.07334405183792,
            26.07889613136649,
            26.284423656761646,
            26.35123487561941,
            26.09570324420929,
            26.27804921939969,
            26.363193057477474,
            26.071853935718536,
            26.2449630536139,
            26.352257933467627,
            26.062082964926958,
            26.23148914426565,
            26.354284025728703,
            26.093218009918928,
            26.17162885144353,
            26.270706206560135,
            26.2366677634418,
            26.069195941090584,
            26.28212608397007,
            26.337399147450924,
            26.059933938086033,
            26.246339082717896,
            26.353013701736927,
            26.05204889550805,
            26.237828191369772,
            26.35491406545043,
            26.066628750413656,
            26.21632069349289,
            26.351885870099068,
            26.068837381899357,
            26.073220185935497,
            26.287384796887636,
            26.34041290730238,
            26.07606817036867,
            26.26489195972681,
            26.334299705922604,
            26.059802621603012,
            26.25717967748642,
            26.348793879151344,
            26.069846004247665,
            26.212948840111494,
            26.362964883446693,
            26.059287134557962,
            26.127447839826345,
            26.157188694924116,
            26.155564934015274,
            26.05721913278103,
            26.276248041540384,
            26.348482351750135,
            26.068965904414654,
            26.259802281856537,
            26.351904030889273,
            26.06295980513096,
            26.230427902191877,
            26.354528032243252,
            26.073981076478958,
            26.209700852632523,
            26.34358499199152,
            26.062082964926958,
            26.05144912377,
            26.336456183344126,
            26.420183945447206,
            26.122926734387875,
            26.277841068804264,
            26.343211997300386,
            26.07014961540699,
            26.257968973368406,
            26.35051403194666,
            26.04985935613513,
            26.220815256237984,
            26.351028122007847,
            26.058374904096127,
            26.195663958787918,
            26.357339695096016,
            26.330647990107536,
            26.05912322178483,
            26.2845391407609,
            26.333875954151154,
            26.059939060360193
          ],
          "p99": 26.370615232735872
        },
        "device_latency": {
          "min": 26.04755210876465,
          "median": 26.236144065856934,
          "n": 100,
          "samples_ms": [
            26.065696716308594,
            26.21824073791504,
            26.35660743713379,
            26.068031311035156,
            26.119104385375977,
            26.149343490600586,
            26.131872177124023,
            26.054784774780273,
            26.27020835876465,
            26.344192504882812,
            26.058591842651367,
            26.24412727355957,
            26.34022331237793,
            26.0600643157959,
            26.23798370361328,
            26.356000900268555,
            26.068031311035156,
            26.205503463745117,
            26.364927291870117,
            26.15622329711914,
            26.058879852294922,
            26.277984619140625,
            26.337343215942383,
            26.056608200073242,
            26.25823974609375,
            26.345792770385742,
            26.067167282104492,
            26.2475528717041,
            26.351839065551758,
            26.065216064453125,
            26.216672897338867,
            26.351232528686523,
            26.06915283203125,
            26.19718360900879,
            26.354944229125977,
            26.31395149230957,
            26.07004737854004,
            26.287424087524414,
            26.345855712890625,
            26.06822395324707,
            26.253568649291992,
            26.348800659179688,
            26.056255340576172,
            26.243776321411133,
            26.356319427490234,
            26.057727813720703,
            26.216672897338867,
            26.351999282836914,
            26.083232879638672,
            26.096895217895508,
            26.160127639770508,
            26.147903442382812,
            26.048992156982422,
            26.26959991455078,
            26.342496871948242,
            26.073087692260742,
            26.243135452270508,
            26.34886360168457,
            26.061119079589844,
            26.237279891967773,
            26.34774398803711,
            26.04755210876465,
            26.204160690307617,
            26.363967895507812,
            26.153215408325195,
            26.054527282714844,
            26.276479721069336,
            26.331167221069336,
            26.065824508666992,
            26.267616271972656,
            26.35366439819336,
            26.0581111907959,
            26.248512268066406,
            26.35091209411621,
            26.056255340576172,
            26.221088409423828,
            26.36288070678711,
            26.07030487060547,
            26.199968338012695,
            26.361215591430664,
            26.31609535217285,
            26.057823181152344,
            26.280160903930664,
            26.341888427734375,
            26.06108856201172,
            26.251712799072266,
            26.362560272216797,
            26.05414390563965,
            26.235008239746094,
            26.353151321411133,
            26.07200050354004,
            26.214527130126953,
            26.34662437438965,
            26.156736373901367,
            26.19411277770996,
            26.366304397583008,
            26.319488525390625,
            26.059328079223633,
            26.278335571289062,
            26.34681510925293
          ],
          "p99": 26.364927291870117
        },
        "host_time": {
          "prompt": {
            "min": 0.020300038158893585,
            "median": 0.020910752937197685,
            "n": 100,
            "samples_ms": [
              0.02164021134376526,
              0.021690968424081802,
              0.021220650523900986,
              0.021344982087612152,
              0.02108607441186905,
              0.021254178136587143,
              0.020912382751703262,
              0.020856037735939026,
              0.021070707589387894,
              0.021384097635746002,
              0.02101389691233635,
              0.021067913621664047,
              0.02104276791214943,
              0.02113915979862213,
              0.020859763026237488,
              0.021210871636867523,
              0.020860228687524796,
              0.021099112927913666,
              0.021091196686029434,
              0.020922161638736725,
              0.020930077880620956,
              0.020731240510940552,
              0.02082204446196556,
              0.020668376237154007,
              0.02056499943137169,
              0.02078898251056671,
              0.02089235931634903,
              0.02072984352707863,
              0.020788051187992096,
              0.020578037947416306,
              0.021236948668956757,
              0.023225322365760803,
              0.021165702491998672,
              0.021067913621664047,
              0.021151266992092133,
              0.020802021026611328,
              0.021158717572689056,
              0.020835082978010178,
              0.020788051187992096,
              0.020626932382583618,
              0.020897947251796722,
              0.023112166672945023,
              0.020300038158893585,
              0.020882580429315567,
              0.02084299921989441,
              0.020727049559354782,
              0.020870938897132874,
              0.02078106626868248,
              0.021136831492185593,
              0.020975712686777115,
              0.02109026536345482,
              0.020800624042749405,
              0.02074195072054863,
              0.021035782992839813,
              0.021049752831459045,
              0.02082809805870056,
              0.021124258637428284,
              0.020897015929222107,
              0.02075405791401863,
              0.02374313771724701,
              0.02089422196149826,
              0.0210469588637352,
              0.020888634026050568,
              0.020774081349372864,
              0.020722392946481705,
              0.02109585329890251,
              0.02110423520207405,
              0.021033920347690582,
              0.020840205252170563,
              0.02078525722026825,
              0.020771287381649017,
              0.02098502591252327,
              0.020909123122692108,
              0.020971987396478653,
              0.020742882043123245,
              0.020596664398908615,
              0.020728912204504013,
              0.02072984352707863,
              0.021123792976140976,
              0.02082204446196556,
              0.02257106825709343,
              0.02074195072054863,
              0.02119317650794983,
              0.02092309296131134,
              0.020907726138830185,
              0.020924024283885956,
              0.021093059331178665,
              0.020863022655248642,
              0.020687934011220932,
              0.02286769449710846,
              0.02091890200972557,
              0.020888634026050568,
              0.020932871848344803,
              0.02076011151075363,
              0.02076476812362671,
              0.02097897231578827,
              0.020699109882116318,
              0.021097250282764435,
              0.020924024283885956,
              0.02060597762465477
            ],
            "p99": 0.023225322365760803
          }
        },
        "segment_latency": {
          "vision_encoder": {
            "min": 3.147007942199707,
            "median": 3.163167953491211,
            "n": 100,
            "samples_ms": [
              3.1503679752349854,
              3.1516799926757812,
              3.1500160694122314,
              3.147007942199707,
              3.1511359214782715,
              3.1601600646972656,
              3.1600639820098877,
              3.1634879112243652,
              3.16048002243042,
              3.1615679264068604,
              3.1619200706481934,
              3.163680076599121,
              3.1623361110687256,
              3.161184072494507,
              3.1600959300994873,
              3.159264087677002,
              3.1632959842681885,
              3.161439895629883,
              3.1631999015808105,
              3.1634879112243652,
              3.1600000858306885,
              3.1612160205841064,
              3.159679889678955,
              3.159359931945801,
              3.1631999015808105,
              3.1591360569000244,
              3.161600112915039,
              3.163424015045166,
              3.163360118865967,
              3.163264036178589,
              3.1655681133270264,
              3.1602559089660645,
              3.1615679264068604,
              3.159264087677002,
              3.1622719764709473,
              3.161151885986328,
              3.162303924560547,
              3.18287992477417,
              3.1765758991241455,
              3.165760040283203,
              3.163167953491211,
              3.1621758937835693,
              3.1629440784454346,
              3.1637439727783203,
              3.1622719764709473,
              3.161151885986328,
              3.1674559116363525,
              3.1644160747528076,
              3.163264036178589,
              3.161855936050415,
              3.164191961288452,
              3.1643519401550293,
              3.164383888244629,
              3.1633920669555664,
              3.16428804397583,
              3.1634879112243652,
              3.160543918609619,
              3.1633920669555664,
              3.1623361110687256,
              3.1715519428253174,
              3.163327932357788,
              3.1612799167633057,
              3.1620800495147705,
              3.1614720821380615,
              3.1654720306396484,
              3.1718080043792725,
              3.1614720821380615,
              3.163360118865967,
              3.1717441082000732,
              3.161247968673706,
              3.1625919342041016,
              3.1716480255126953,
              3.162303924560547,
              3.171488046646118,
              3.172703981399536,
              3.1631360054016113,
              3.1634559631347656,
              3.161855936050415,
              3.1644480228424072,
              3.163424015045166,
              3.163167953491211,
              3.171583890914917,
              3.1613759994506836,
              3.1633920669555664,
              3.1612799167633057,
              3.161407947540283,
              3.163424015045166,
              3.1624960899353027,
              3.171488046646118,
              3.171776056289673,
              3.16483211517334,
              3.164031982421875,
              3.1649279594421387,
              3.1640000343322754,
              3.162208080291748,
              3.1671359539031982,
              3.16211199760437,
              3.1641600131988525,
              3.1725120544433594,
              3.17142391204834
            ],
            "p99": 3.1765758991241455
          },
          "llm_backbone": {
            "min": 14.157759666442871,
            "median": 14.36905574798584,
            "n": 100,
            "samples_ms": [
              14.157759666442871,
              14.180895805358887,
              14.20582389831543,
              14.229632377624512,
              14.25551986694336,
              14.254976272583008,
              14.266495704650879,
              14.279647827148438,
              14.29196834564209,
              14.291744232177734,
              14.518176078796387,
              14.304287910461426,
              14.316448211669922,
              14.327712059020996,
              14.328864097595215,
              14.340224266052246,
              14.341216087341309,
              14.343071937561035,
              14.352448463439941,
              14.35315227508545,
              14.355072021484375,
              14.352800369262695,
              14.365023612976074,
              14.364800453186035,
              14.365632057189941,
              14.365663528442383,
              14.364928245544434,
              14.364895820617676,
              14.364959716796875,
              14.365568161010742,
              14.377120018005371,
              14.368895530700684,
              14.378623962402344,
              14.377152442932129,
              14.365887641906738,
              14.365856170654297,
              14.369119644165039,
              14.367584228515625,
              14.367487907409668,
              14.377056121826172,
              14.377023696899414,
              14.367551803588867,
              14.365632057189941,
              14.372032165527344,
              14.365951538085938,
              14.377152442932129,
              14.377408027648926,
              14.366656303405762,
              14.368831634521484,
              14.368895530700684,
              14.365823745727539,
              14.37820816040039,
              14.377728462219238,
              14.377856254577637,
              14.376959800720215,
              14.36950397491455,
              14.377504348754883,
              14.369695663452148,
              14.377408027648926,
              14.366944313049316,
              14.367008209228516,
              14.37718391418457,
              14.367648124694824,
              14.377087593078613,
              14.378527641296387,
              14.367199897766113,
              14.378080368041992,
              14.370112419128418,
              14.37724781036377,
              14.377375602722168,
              14.37820816040039,
              14.376895904541016,
              14.366911888122559,
              14.369695663452148,
              14.377120018005371,
              14.377280235290527,
              14.377951622009277,
              14.377120018005371,
              14.378016471862793,
              14.368703842163086,
              14.367072105407715,
              14.377375602722168,
              14.377920150756836,
              14.377951622009277,
              14.376832008361816,
              14.369119644165039,
              14.377087593078613,
              14.377632141113281,
              14.376959800720215,
              14.377823829650879,
              14.370016098022461,
              14.377568244934082,
              14.377152442932129,
              14.369536399841309,
              14.377920150756836,
              14.36899185180664,
              14.377856254577637,
              14.377023696899414,
              14.377344131469727,
              14.367679595947266
            ],
            "p99": 14.378623962402344
          },
          "action_expert": {
            "min": 8.995583534240723,
            "median": 9.008223533630371,
            "n": 100,
            "samples_ms": [
              9.000415802001953,
              9.008319854736328,
              9.009599685668945,
              9.008000373840332,
              8.998111724853516,
              9.00921630859375,
              9.000096321105957,
              9.008352279663086,
              8.998047828674316,
              9.008671760559082,
              9.0000638961792,
              9.008319854736328,
              9.008416175842285,
              9.008383750915527,
              9.00819206237793,
              9.008383750915527,
              9.00057601928711,
              9.008416175842285,
              9.009247779846191,
              8.995967864990234,
              9.008288383483887,
              9.008383750915527,
              9.008255958557129,
              8.996095657348633,
              9.009087562561035,
              9.013952255249023,
              9.008352279663086,
              9.008255958557129,
              9.008255958557129,
              9.008031845092773,
              9.008864402770996,
              9.00937557220459,
              9.008959770202637,
              9.011296272277832,
              9.00102424621582,
              9.008831977844238,
              8.998047828674316,
              9.008928298950195,
              8.997983932495117,
              9.000096321105957,
              9.008000373840332,
              8.996735572814941,
              9.008223533630371,
              8.996000289916992,
              9.008064270019531,
              8.999168395996094,
              9.008352279663086,
              9.008223533630371,
              9.000127792358398,
              8.998016357421875,
              9.008864402770996,
              8.998111724853516,
              9.008447647094727,
              9.008480072021484,
              9.010527610778809,
              9.00819206237793,
              8.998175621032715,
              9.008416175842285,
              9.008319854736328,
              9.000224113464355,
              9.009183883666992,
              9.008255958557129,
              8.996095657348633,
              9.008447647094727,
              9.000096321105957,
              8.995583534240723,
              9.008416175842285,
              8.999775886535645,
              9.008480072021484,
              8.998080253601074,
              8.99897575378418,
              8.996959686279297,
              9.008064270019531,
              9.000960350036621,
              8.999839782714844,
              9.011263847351074,
              8.998175621032715,
              9.008959770202637,
              9.008319854736328,
              9.008383750915527,
              9.008768081665039,
              9.008064270019531,
              9.008416175842285,
              8.998016357421875,
              9.000255584716797,
              8.99619197845459,
              9.008223533630371,
              8.998656272888184,
              9.000224113464355,
              8.99897575378418,
              9.008319854736328,
              8.99619197845459,
              8.996095657348633,
              9.009471893310547,
              9.008768081665039,
              9.008447647094727,
              9.010656356811523,
              9.0,
              9.008447647094727,
              9.00819206237793
            ],
            "p99": 9.011296272277832
          }
        },
        "overhead": {
          "min": -0.25049178674817085,
          "median": -0.3218792602419853,
          "p99": -0.19588090106844902
        }
      },
      "attribution": null,
      "runtime_observation": {
        "before": {
          "clocks.sm": "2910",
          "clocks.mem": "13801",
          "pstate": "P1",
          "temperature.gpu": "50",
          "power.draw": "155.47",
          "clocks_event_reasons.active": "0x0000000000000000"
        },
        "after": {
          "clocks.sm": "2895",
          "clocks.mem": "13801",
          "pstate": "P1",
          "temperature.gpu": "56",
          "power.draw": "337.83",
          "clocks_event_reasons.active": "0x0000000000000000"
        }
      },
      "options": {
        "workload": "libero"
      },
      "process_id": 3133485,
      "gpu_uuid": "GPU-7fc626f4-bce7-9a11-81de-0eaedc93e242",
      "implementation_source": null,
      "leg": 0
    }
  ],
  "deltas": null
}
