== leg 0: hardware/nvidia/rtx5090/pi05 plan=shipped
{
  "identity": {
    "schema_version": 3,
    "target": "hardware/nvidia/rtx5090/pi05",
    "hardware": "rtx5090-32gb",
    "model": "pi05",
    "shape_profile": "action_dim32-batch1-chunk10-encoder_dim2048-encoder_ffn_dim16384-expert_dim1024-expert_ffn_dim4096-expert_tokens10-head_dim256-image_channels3-image_height224-image_width224-kv_heads1-layers18-num_views2-prefix_len712-prompt_len200-qkv_width2560-query_heads8-state_dim32-steps10-vision_dim1152-vision_ffn_dim4304-vision_head_dim72-vision_heads16-vision_layers27-visual_tokens512-visual_tokens_per_view256",
    "shape": {
      "batch": 1,
      "num_views": 2,
      "image_height": 224,
      "image_width": 224,
      "image_channels": 3,
      "visual_tokens_per_view": 256,
      "visual_tokens": 512,
      "vision_dim": 1152,
      "vision_ffn_dim": 4304,
      "vision_heads": 16,
      "vision_head_dim": 72,
      "vision_layers": 27,
      "prompt_len": 200,
      "prefix_len": 712,
      "chunk": 10,
      "expert_tokens": 10,
      "state_dim": 32,
      "action_dim": 32,
      "steps": 10,
      "layers": 18,
      "encoder_dim": 2048,
      "encoder_ffn_dim": 16384,
      "query_heads": 8,
      "kv_heads": 1,
      "head_dim": 256,
      "qkv_width": 2560,
      "expert_dim": 1024,
      "expert_ffn_dim": 4096
    },
    "plan": {
      "vision_encoder_patch_embed": "torch",
      "vision_encoder_norm_qkv": "cutlass-vision",
      "vision_encoder_attention": "torch",
      "vision_encoder_out_proj_residual": "cutlass-vision",
      "vision_encoder_norm_ffn_up": "cutlass-vision",
      "vision_encoder_ffn_down_residual": "cutlass-vision",
      "llm_backbone_projector": "torch",
      "llm_backbone_embed_prompt": "torch",
      "llm_backbone_norm_qkv_rope": "fused-prefix-qkv",
      "llm_backbone_attention": "torch",
      "llm_backbone_out_proj_residual": "cutlass-backbone",
      "llm_backbone_norm_gated_ffn": "cutlass-backbone",
      "llm_backbone_ffn_down_residual": "cutlass-backbone",
      "action_expert_action_in_proj": "torch",
      "action_expert_norm_qkv_rope": "triton-qkv-finish",
      "action_expert_attention": "triton-qk-attention",
      "action_expert_out_proj_residual": "cutlass-expert-residual",
      "action_expert_norm_gated_ffn": "dual-ffn",
      "action_expert_ffn_down_residual": "cutlass-expert-residual",
      "action_expert_action_out_proj": "fused-qkv"
    },
    "model_revision": "pi05-r1",
    "engine_revision": "689839036af32700bd24e16283269590eee4a21e",
    "inference_signature": "sha256:a79c1f62c3f14674ad87e88a89bb5f66ac650e1c497ccf5076e64017b55d9f6f",
    "execution_variant": {
      "quantization": {
        "mode": "bf16"
      },
      "cache": {
        "mode": "none"
      }
    },
    "replay_buckets": [
      64,
      200
    ]
  },
  "protocol": "latency-v2",
  "instrumented": false,
  "measurement_context": {
    "weights": {
      "checkpoint_id": "flash-vla/pi05-random-checkpoint/v2/seed-0",
      "checkpoint_digest": "flash-vla/pi05-random-checkpoint/v2/seed-0"
    },
    "fixture": {
      "id": "flash-vla/pi05-inputs-v2/seed-0",
      "digest": "sha256:186266f9050d21a33ecfa4de7b9d54fe4851c8671f379edb5bc426c775184ce2"
    },
    "environment": {
      "gpu_sku": "NVIDIA GeForce RTX 5090",
      "driver": "580.142",
      "cuda_runtime": "13.0",
      "pytorch": "2.13.0+cu130",
      "tilelang": "0.1.11",
      "clock_policy": {
        "benchmark_control": "inherit",
        "slurm_gpu_freq_request": null,
        "effective_locked_clocks": "unobserved"
      },
      "power_policy": {
        "requested_limit_w": 600.0,
        "enforced_limit_w": 600.0
      },
      "capture_regime": "cuda_graph",
      "clock_observation": {
        "application_graphics_mhz": "[N/A]",
        "application_memory_mhz": "[N/A]"
      }
    },
    "workload": "libero",
    "hostname": "ubun",
    "slurm_job_id": null,
    "timestamp": 1790463821.8367696,
    "reference_provenance": {}
  },
  "env": {
    "gpu": "NVIDIA GeForce RTX 5090",
    "python": "3.12.13",
    "torch": "2.13.0+cu130",
    "torch_cuda": "13.0",
    "tilelang": "0.1.11",
    "gpu_uuid": "GPU-7fc626f4-bce7-9a11-81de-0eaedc93e242",
    "runtime_observation": {
      "clocks.sm": "2895",
      "clocks.mem": "13801",
      "pstate": "P1",
      "temperature.gpu": "57",
      "power.draw": "359.90",
      "clocks_event_reasons.active": "0x0000000000000000"
    },
    "node": "ubun",
    "job": null,
    "driver": "580.142",
    "clocks": "unlocked",
    "clock_policy": {
      "benchmark_control": "inherit",
      "slurm_gpu_freq_request": null,
      "effective_locked_clocks": "unobserved"
    },
    "clock_observation": {
      "application_graphics_mhz": "[N/A]",
      "application_memory_mhz": "[N/A]"
    },
    "power_policy": {
      "requested_limit_w": 600.0,
      "enforced_limit_w": 600.0
    }
  },
  "config": {
    "reps": 100,
    "warmup": 5,
    "seed": 0,
    "plans": [
      "shipped"
    ],
    "calibration": false,
    "breakdown": true,
    "primary_statistic": "median",
    "capture_policy": "fresh-process-first-capture-per-leg",
    "statistics": [
      "min",
      "median",
      "p99"
    ],
    "p99_min_reps": 100,
    "soak_s": 0,
    "control_spread_max_ms": null,
    "attribution": false,
    "leg_options": [
      {}
    ]
  },
  "legs": [
    {
      "plan": "shipped",
      "identity": {
        "schema_version": 3,
        "target": "hardware/nvidia/rtx5090/pi05",
        "hardware": "rtx5090-32gb",
        "model": "pi05",
        "shape_profile": "action_dim32-batch1-chunk10-encoder_dim2048-encoder_ffn_dim16384-expert_dim1024-expert_ffn_dim4096-expert_tokens10-head_dim256-image_channels3-image_height224-image_width224-kv_heads1-layers18-num_views2-prefix_len712-prompt_len200-qkv_width2560-query_heads8-state_dim32-steps10-vision_dim1152-vision_ffn_dim4304-vision_head_dim72-vision_heads16-vision_layers27-visual_tokens512-visual_tokens_per_view256",
        "shape": {
          "batch": 1,
          "num_views": 2,
          "image_height": 224,
          "image_width": 224,
          "image_channels": 3,
          "visual_tokens_per_view": 256,
          "visual_tokens": 512,
          "vision_dim": 1152,
          "vision_ffn_dim": 4304,
          "vision_heads": 16,
          "vision_head_dim": 72,
          "vision_layers": 27,
          "prompt_len": 200,
          "prefix_len": 712,
          "chunk": 10,
          "expert_tokens": 10,
          "state_dim": 32,
          "action_dim": 32,
          "steps": 10,
          "layers": 18,
          "encoder_dim": 2048,
          "encoder_ffn_dim": 16384,
          "query_heads": 8,
          "kv_heads": 1,
          "head_dim": 256,
          "qkv_width": 2560,
          "expert_dim": 1024,
          "expert_ffn_dim": 4096
        },
        "plan": {
          "vision_encoder_patch_embed": "torch",
          "vision_encoder_norm_qkv": "cutlass-vision",
          "vision_encoder_attention": "torch",
          "vision_encoder_out_proj_residual": "cutlass-vision",
          "vision_encoder_norm_ffn_up": "cutlass-vision",
          "vision_encoder_ffn_down_residual": "cutlass-vision",
          "llm_backbone_projector": "torch",
          "llm_backbone_embed_prompt": "torch",
          "llm_backbone_norm_qkv_rope": "fused-prefix-qkv",
          "llm_backbone_attention": "torch",
          "llm_backbone_out_proj_residual": "cutlass-backbone",
          "llm_backbone_norm_gated_ffn": "cutlass-backbone",
          "llm_backbone_ffn_down_residual": "cutlass-backbone",
          "action_expert_action_in_proj": "torch",
          "action_expert_norm_qkv_rope": "triton-qkv-finish",
          "action_expert_attention": "triton-qk-attention",
          "action_expert_out_proj_residual": "cutlass-expert-residual",
          "action_expert_norm_gated_ffn": "dual-ffn",
          "action_expert_ffn_down_residual": "cutlass-expert-residual",
          "action_expert_action_out_proj": "fused-qkv"
        },
        "model_revision": "pi05-r1",
        "engine_revision": "689839036af32700bd24e16283269590eee4a21e",
        "inference_signature": "sha256:a79c1f62c3f14674ad87e88a89bb5f66ac650e1c497ccf5076e64017b55d9f6f",
        "execution_variant": {
          "quantization": {
            "mode": "bf16"
          },
          "cache": {
            "mode": "none"
          }
        },
        "replay_buckets": [
          64,
          200
        ]
      },
      "replay": {
        "extent": 12,
        "bucket": 64
      },
      "measurement_context": {
        "weights": {
          "checkpoint_id": "flash-vla/pi05-random-checkpoint/v2/seed-0",
          "checkpoint_digest": "flash-vla/pi05-random-checkpoint/v2/seed-0"
        },
        "fixture": {
          "id": "flash-vla/pi05-inputs-v2/seed-0",
          "digest": "sha256:186266f9050d21a33ecfa4de7b9d54fe4851c8671f379edb5bc426c775184ce2"
        },
        "environment": {
          "gpu_sku": "NVIDIA GeForce RTX 5090",
          "driver": "580.142",
          "cuda_runtime": "13.0",
          "pytorch": "2.13.0+cu130",
          "tilelang": "0.1.11",
          "clock_policy": {
            "benchmark_control": "inherit",
            "slurm_gpu_freq_request": null,
            "effective_locked_clocks": "unobserved"
          },
          "power_policy": {
            "requested_limit_w": 600.0,
            "enforced_limit_w": 600.0
          },
          "capture_regime": "cuda_graph",
          "clock_observation": {
            "application_graphics_mhz": "[N/A]",
            "application_memory_mhz": "[N/A]"
          }
        },
        "workload": "libero",
        "hostname": "ubun",
        "slurm_job_id": null,
        "timestamp": 1790463821.8367696,
        "reference_provenance": {}
      },
      "metrics": {
        "chunk_latency": {
          "min": 23.89425178989768,
          "median": 23.991525173187256,
          "n": 100,
          "samples_ms": [
            23.93062226474285,
            23.917806334793568,
            23.90575362369418,
            23.982640355825424,
            24.002711288630962,
            23.920570965856314,
            23.956137243658304,
            23.917455226182938,
            24.153418838977814,
            24.129558354616165,
            23.962891660630703,
            23.917725775390863,
            24.02564324438572,
            24.14751099422574,
            24.11291701719165,
            23.951871786266565,
            23.9325356669724,
            24.000265169888735,
            24.14512075483799,
            24.11513403058052,
            23.959638085216284,
            23.89425178989768,
            23.972889874130487,
            23.985376115888357,
            24.016233626753092,
            23.9737038500607,
            23.901060223579407,
            24.01946159079671,
            24.144676979631186,
            24.118158034980297,
            23.946226108819246,
            23.906853049993515,
            23.988625034689903,
            24.154509883373976,
            24.120197165757418,
            23.94079603254795,
            23.9050448872149,
            24.137604981660843,
            24.147287011146545,
            24.10925319418311,
            23.95447390154004,
            23.910528980195522,
            24.13955796509981,
            24.16144823655486,
            24.102055002003908,
            23.94112991169095,
            23.904130794107914,
            24.14229279384017,
            24.14923533797264,
            24.110027123242617,
            23.936393670737743,
            23.929558228701353,
            24.154375307261944,
            24.140877183526754,
            24.1216029971838,
            23.95018469542265,
            23.901167791336775,
            24.13608878850937,
            24.143447633832693,
            24.115534964948893,
            23.932334035634995,
            23.915619123727083,
            24.13301356136799,
            24.13822105154395,
            24.11049511283636,
            23.950874339789152,
            23.915439378470182,
            24.155402090400457,
            24.140574038028717,
            24.21648008748889,
            23.951196111738682,
            23.991473019123077,
            24.152413941919804,
            24.11910705268383,
            24.01044685393572,
            23.94799469038844,
            23.987517226487398,
            24.13412183523178,
            24.12386005744338,
            23.949900176376104,
            23.913603276014328,
            23.89814518392086,
            24.1458541713655,
            24.12159088999033,
            23.98551907390356,
            23.986485321074724,
            23.991577327251434,
            24.14045389741659,
            24.124748073518276,
            23.943162988871336,
            23.915524128824472,
            23.92846904695034,
            24.154153652489185,
            24.11516197025776,
            23.966966662555933,
            23.914155084639788,
            23.927786853164434,
            24.14498757570982,
            24.1183340549469,
            23.953775875270367
          ],
          "p99": 24.16144823655486
        },
        "device_latency": {
          "min": 23.88751983642578,
          "median": 23.999343872070312,
          "n": 100,
          "samples_ms": [
            23.920223236083984,
            23.9979190826416,
            24.15395164489746,
            24.130847930908203,
            23.948223114013672,
            23.90438461303711,
            23.982879638671875,
            24.12704086303711,
            24.11676788330078,
            23.946495056152344,
            23.88751983642578,
            23.983680725097656,
            24.150592803955078,
            24.10915184020996,
            23.950592041015625,
            23.895551681518555,
            23.985727310180664,
            24.150239944458008,
            24.12726402282715,
            23.935808181762695,
            23.912511825561523,
            23.972959518432617,
            24.12940788269043,
            24.12704086303711,
            23.946592330932617,
            23.909408569335938,
            23.978527069091797,
            24.140512466430664,
            24.107616424560547,
            23.946975708007812,
            23.910207748413086,
            23.984128952026367,
            24.139904022216797,
            24.11782455444336,
            23.949024200439453,
            23.89148712158203,
            23.993215560913086,
            24.155487060546875,
            24.12006378173828,
            23.963712692260742,
            23.903488159179688,
            23.98569679260254,
            23.983680725097656,
            23.98624038696289,
            23.961408615112305,
            23.90617561340332,
            23.966144561767578,
            24.014144897460938,
            24.017152786254883,
            23.95132827758789,
            23.943456649780273,
            24.02556800842285,
            24.161983489990234,
            24.136287689208984,
            23.951616287231445,
            23.91449546813965,
            24.129375457763672,
            24.149887084960938,
            24.107040405273438,
            23.943296432495117,
            23.916704177856445,
            24.176095962524414,
            24.170080184936523,
            24.128896713256836,
            23.98828887939453,
            23.951616287231445,
            24.173696517944336,
            24.148927688598633,
            23.99295997619629,
            23.967199325561523,
            23.944799423217773,
            24.155935287475586,
            24.155424118041992,
            23.981632232666016,
            23.9597110748291,
            24.013120651245117,
            24.151039123535156,
            24.12713623046875,
            24.01571273803711,
            23.99158477783203,
            24.003456115722656,
            24.164831161499023,
            24.160192489624023,
            24.010656356811523,
            24.000768661499023,
            24.01817512512207,
            24.195520401000977,
            24.201631546020508,
            24.005855560302734,
            23.952415466308594,
            24.01910400390625,
            24.185504913330078,
            24.1694393157959,
            23.98736000061035,
            23.931840896606445,
            24.014175415039062,
            24.153696060180664,
            24.137983322143555,
            23.97318458557129,
            23.90185546875
          ],
          "p99": 24.195520401000977
        },
        "host_time": {
          "prompt": {
            "min": 0.021019019186496735,
            "median": 0.02194242551922798,
            "n": 100,
            "samples_ms": [
              0.031523872166872025,
              0.0245789997279644,
              0.02405792474746704,
              0.023408327251672745,
              0.023117288947105408,
              0.030570197850465775,
              0.02349400892853737,
              0.02188701182603836,
              0.02165883779525757,
              0.02805003896355629,
              0.022342894226312637,
              0.0218111090362072,
              0.021570827811956406,
              0.021862797439098358,
              0.027923844754695892,
              0.021404586732387543,
              0.02156989648938179,
              0.02194475382566452,
              0.02165418118238449,
              0.021639280021190643,
              0.022407155483961105,
              0.021948013454675674,
              0.02785027027130127,
              0.02136826515197754,
              0.03188801929354668,
              0.02162531018257141,
              0.021507032215595245,
              0.021455809473991394,
              0.02163788303732872,
              0.021496787667274475,
              0.028404872864484787,
              0.024224165827035904,
              0.022612977772951126,
              0.021930783987045288,
              0.021851621568202972,
              0.021397601813077927,
              0.028256792575120926,
              0.021599698811769485,
              0.02148374915122986,
              0.021388288587331772,
              0.02140924334526062,
              0.02760905772447586,
              0.025844667106866837,
              0.021588988602161407,
              0.02154335379600525,
              0.021019019186496735,
              0.027010217308998108,
              0.022073742002248764,
              0.024469103664159775,
              0.021430663764476776,
              0.021365936845541,
              0.02924678847193718,
              0.021651852875947952,
              0.02200668677687645,
              0.021443236619234085,
              0.021751970052719116,
              0.028063077479600906,
              0.02309633418917656,
              0.022382009774446487,
              0.022292137145996094,
              0.021755695343017578,
              0.027599278837442398,
              0.021351035684347153,
              0.021919142454862595,
              0.021822750568389893,
              0.02189772203564644,
              0.021419022232294083,
              0.02798391506075859,
              0.021950341761112213,
              0.02165418118238449,
              0.021748710423707962,
              0.0263960100710392,
              0.02806028351187706,
              0.02226792275905609,
              0.022387132048606873,
              0.022279098629951477,
              0.02826005220413208,
              0.022716820240020752,
              0.021893996745347977,
              0.021540094166994095,
              0.021866057068109512,
              0.02157595008611679,
              0.02797180786728859,
              0.021493062376976013,
              0.022489111870527267,
              0.022097956389188766,
              0.021507032215595245,
              0.027715694159269333,
              0.021641142666339874,
              0.021890271455049515,
              0.021940097212791443,
              0.02418411895632744,
              0.028053298592567444,
              0.02209283411502838,
              0.021334737539291382,
              0.02199457958340645,
              0.023031141608953476,
              0.021762680262327194,
              0.027644913643598557,
              0.02158014103770256
            ],
            "p99": 0.031523872166872025
          }
        },
        "segment_latency": {
          "vision_encoder": {
            "min": 3.0906240940093994,
            "median": 3.1019999980926514,
            "n": 100,
            "samples_ms": [
              3.125216007232666,
              3.1290879249572754,
              3.1242239475250244,
              3.1233599185943604,
              3.123296022415161,
              3.1229119300842285,
              3.123199939727783,
              3.1113600730895996,
              3.0999999046325684,
              3.099519968032837,
              3.0979840755462646,
              3.0989439487457275,
              3.098304033279419,
              3.0979840755462646,
              3.0906240940093994,
              3.0988481044769287,
              3.0980799198150635,
              3.099168062210083,
              3.0988800525665283,
              3.100640058517456,
              3.1150400638580322,
              3.123487949371338,
              3.1285440921783447,
              3.1230719089508057,
              3.1233599185943604,
              3.1284799575805664,
              3.122591972351074,
              3.1099839210510254,
              3.099263906478882,
              3.097791910171509,
              3.1005120277404785,
              3.1000959873199463,
              3.0988800525665283,
              3.098752021789551,
              3.104032039642334,
              3.0998079776763916,
              3.098752021789551,
              3.098655939102173,
              3.0974719524383545,
              3.098560094833374,
              3.0986878871917725,
              3.099936008453369,
              3.095776081085205,
              3.099008083343506,
              3.1012160778045654,
              3.0989439487457275,
              3.0984320640563965,
              3.1016640663146973,
              3.0999999046325684,
              3.098752021789551,
              3.101952075958252,
              3.098720073699951,
              3.0998079776763916,
              3.1005759239196777,
              3.0984320640563965,
              3.101151943206787,
              3.1003201007843018,
              3.0985279083251953,
              3.101088047027588,
              3.100800037384033,
              3.1061758995056152,
              3.10099196434021,
              3.10099196434021,
              3.0998079776763916,
              3.1020801067352295,
              3.100640058517456,
              3.11081600189209,
              3.1020801067352295,
              3.1011199951171875,
              3.102047920227051,
              3.1009600162506104,
              3.0987839698791504,
              3.1112639904022217,
              3.1101438999176025,
              3.11027193069458,
              3.1030080318450928,
              3.102911949157715,
              3.110975980758667,
              3.111327886581421,
              3.110879898071289,
              3.1025919914245605,
              3.1101760864257812,
              3.1102399826049805,
              3.1103360652923584,
              3.11625599861145,
              3.10316801071167,
              3.1101760864257812,
              3.110111951828003,
              3.11027193069458,
              3.1069440841674805,
              3.1101760864257812,
              3.11081600189209,
              3.111999988555908,
              3.110624074935913,
              3.1102399826049805,
              3.1103360652923584,
              3.1103360652923584,
              3.110208034515381,
              3.110368013381958,
              3.11625599861145
            ],
            "p99": 3.1285440921783447
          },
          "llm_backbone": {
            "min": 12.120672225952148,
            "median": 12.242000102996826,
            "n": 100,
            "samples_ms": [
              12.120672225952148,
              12.131967544555664,
              12.163167953491211,
              12.182784080505371,
              12.18172836303711,
              12.200896263122559,
              12.199968338012695,
              12.220447540283203,
              12.217599868774414,
              12.217472076416016,
              12.217984199523926,
              12.222528457641602,
              12.21343994140625,
              12.217663764953613,
              12.237119674682617,
              12.221823692321777,
              12.224224090576172,
              12.225631713867188,
              12.232928276062012,
              12.239007949829102,
              12.244319915771484,
              12.235808372497559,
              12.245311737060547,
              12.230112075805664,
              12.244128227233887,
              12.233823776245117,
              12.233728408813477,
              12.2575044631958,
              12.240192413330078,
              12.242015838623047,
              12.244895935058594,
              12.252415657043457,
              12.239295959472656,
              12.249055862426758,
              12.235008239746094,
              12.242048263549805,
              12.244064331054688,
              12.247200012207031,
              12.236895561218262,
              12.231776237487793,
              12.243328094482422,
              12.23788833618164,
              12.241984367370605,
              12.242079734802246,
              12.246175765991211,
              12.233920097351074,
              12.24227237701416,
              12.246720314025879,
              12.233887672424316,
              12.245216369628906,
              12.236127853393555,
              12.249183654785156,
              12.256447792053223,
              12.243328094482422,
              12.23964786529541,
              12.237919807434082,
              12.241056442260742,
              12.246111869812012,
              12.246687889099121,
              12.237983703613281,
              12.241984367370605,
              12.244383811950684,
              12.247167587280273,
              12.247296333312988,
              12.262751579284668,
              12.248191833496094,
              12.244864463806152,
              12.242143630981445,
              12.242112159729004,
              12.23804759979248,
              12.236191749572754,
              12.233663558959961,
              12.236479759216309,
              12.242591857910156,
              12.248127937316895,
              12.241920471191406,
              12.242048263549805,
              12.241632461547852,
              12.255264282226562,
              12.238080024719238,
              12.242112159729004,
              12.239904403686523,
              12.256095886230469,
              12.242015838623047,
              12.254752159118652,
              12.239839553833008,
              12.246335983276367,
              12.243103981018066,
              12.244128227233887,
              12.241727828979492,
              12.237824440002441,
              12.242239952087402,
              12.244064331054688,
              12.247103691101074,
              12.245920181274414,
              12.245984077453613,
              12.265664100646973,
              12.25699234008789,
              12.245471954345703,
              12.242879867553711
            ],
            "p99": 12.262751579284668
          },
          "action_expert": {
            "min": 8.898015975952148,
            "median": 8.911248207092285,
            "n": 100,
            "samples_ms": [
              8.925503730773926,
              8.911359786987305,
              8.913951873779297,
              8.911328315734863,
              8.899295806884766,
              8.910335540771484,
              8.91318416595459,
              8.917535781860352,
              8.911520004272461,
              8.902079582214355,
              8.91318416595459,
              8.912320137023926,
              8.90287971496582,
              8.91318416595459,
              8.900992393493652,
              8.913023948669434,
              8.911456108093262,
              8.91164779663086,
              8.907808303833008,
              8.91004753112793,
              8.911264419555664,
              8.911456108093262,
              8.902175903320312,
              8.911935806274414,
              8.911328315734863,
              8.91055965423584,
              8.911552429199219,
              8.910528182983398,
              8.910719871520996,
              8.90220832824707,
              8.911104202270508,
              8.903136253356934,
              8.911328315734863,
              8.91158390045166,
              8.912832260131836,
              8.90124797821045,
              8.915616035461426,
              8.910816192626953,
              8.921792030334473,
              8.923680305480957,
              8.91487979888916,
              8.913663864135742,
              8.916895866394043,
              8.90675163269043,
              8.909503936767578,
              8.91801643371582,
              8.911520004272461,
              8.929759979248047,
              8.917119979858398,
              8.935680389404297,
              8.917759895324707,
              8.910688400268555,
              8.916864395141602,
              8.917535781860352,
              8.90236759185791,
              8.901663780212402,
              8.911040306091309,
              8.911328315734863,
              8.911168098449707,
              8.900575637817383,
              8.902912139892578,
              8.910271644592285,
              8.91113567352295,
              8.900192260742188,
              8.911871910095215,
              8.912735939025879,
              8.922975540161133,
              8.899807929992676,
              8.920479774475098,
              8.911231994628906,
              8.910240173339844,
              8.91430377960205,
              8.900575637817383,
              8.911775588989258,
              8.902336120605469,
              8.910400390625,
              8.898015975952148,
              8.917792320251465,
              8.907744407653809,
              8.91327953338623,
              8.911520004272461,
              8.900575637817383,
              8.923392295837402,
              8.902463912963867,
              8.910271644592285,
              8.916095733642578,
              8.910911560058594,
              8.903648376464844,
              8.910847663879395,
              8.898880004882812,
              8.91158390045166,
              8.90988826751709,
              8.910016059875488,
              8.901920318603516,
              8.923104286193848,
              8.902303695678711,
              8.904095649719238,
              8.912256240844727,
              8.91049575805664,
              8.910688400268555
            ],
            "p99": 8.929759979248047
          }
        },
        "overhead": {
          "min": -0.215060506016016,
          "median": -0.26372313499450684,
          "p99": -0.1596074141561985
        }
      },
      "attribution": null,
      "runtime_observation": {
        "before": {
          "clocks.sm": "2910",
          "clocks.mem": "13801",
          "pstate": "P1",
          "temperature.gpu": "60",
          "power.draw": "179.56",
          "clocks_event_reasons.active": "0x0000000000000000"
        },
        "after": {
          "clocks.sm": "2895",
          "clocks.mem": "13801",
          "pstate": "P1",
          "temperature.gpu": "57",
          "power.draw": "359.90",
          "clocks_event_reasons.active": "0x0000000000000000"
        }
      },
      "options": {
        "workload": "libero"
      },
      "process_id": 3296491,
      "gpu_uuid": "GPU-7fc626f4-bce7-9a11-81de-0eaedc93e242",
      "implementation_source": null,
      "leg": 0
    }
  ],
  "deltas": null
}
