== leg 0: hardware/nvidia/rtx5090/pi05 plan=shipped
{
  "identity": {
    "schema_version": 3,
    "target": "hardware/nvidia/rtx5090/pi05",
    "hardware": "rtx5090-32gb",
    "model": "pi05",
    "shape_profile": "action_dim32-batch1-chunk50-encoder_dim2048-encoder_ffn_dim16384-expert_dim1024-expert_ffn_dim4096-expert_tokens50-head_dim256-image_channels3-image_height224-image_width224-kv_heads1-layers18-num_views3-prefix_len968-prompt_len200-qkv_width2560-query_heads8-state_dim32-steps10-vision_dim1152-vision_ffn_dim4304-vision_head_dim72-vision_heads16-vision_layers27-visual_tokens768-visual_tokens_per_view256",
    "shape": {
      "batch": 1,
      "num_views": 3,
      "image_height": 224,
      "image_width": 224,
      "image_channels": 3,
      "visual_tokens_per_view": 256,
      "visual_tokens": 768,
      "vision_dim": 1152,
      "vision_ffn_dim": 4304,
      "vision_heads": 16,
      "vision_head_dim": 72,
      "vision_layers": 27,
      "prompt_len": 200,
      "prefix_len": 968,
      "chunk": 50,
      "expert_tokens": 50,
      "state_dim": 32,
      "action_dim": 32,
      "steps": 10,
      "layers": 18,
      "encoder_dim": 2048,
      "encoder_ffn_dim": 16384,
      "query_heads": 8,
      "kv_heads": 1,
      "head_dim": 256,
      "qkv_width": 2560,
      "expert_dim": 1024,
      "expert_ffn_dim": 4096
    },
    "plan": {
      "vision_encoder_patch_embed": "torch",
      "vision_encoder_norm_qkv": "cutlass-vision",
      "vision_encoder_attention": "torch",
      "vision_encoder_out_proj_residual": "cutlass-vision",
      "vision_encoder_norm_ffn_up": "cutlass-vision",
      "vision_encoder_ffn_down_residual": "cutlass-vision",
      "llm_backbone_projector": "torch",
      "llm_backbone_embed_prompt": "torch",
      "llm_backbone_norm_qkv_rope": "fused-prefix-qkv",
      "llm_backbone_attention": "torch",
      "llm_backbone_out_proj_residual": "cutlass-backbone",
      "llm_backbone_norm_gated_ffn": "cutlass-backbone",
      "llm_backbone_ffn_down_residual": "cutlass-backbone",
      "action_expert_action_in_proj": "torch",
      "action_expert_norm_qkv_rope": "triton-qkv-finish",
      "action_expert_attention": "triton-qk-attention",
      "action_expert_out_proj_residual": "cutlass-expert-residual",
      "action_expert_norm_gated_ffn": "dual-ffn",
      "action_expert_ffn_down_residual": "cutlass-expert-residual",
      "action_expert_action_out_proj": "fused-qkv"
    },
    "model_revision": "pi05-r1",
    "engine_revision": "689839036af32700bd24e16283269590eee4a21e",
    "inference_signature": "sha256:a79c1f62c3f14674ad87e88a89bb5f66ac650e1c497ccf5076e64017b55d9f6f",
    "execution_variant": {
      "quantization": {
        "mode": "bf16"
      },
      "cache": {
        "mode": "none"
      }
    },
    "replay_buckets": [
      64,
      128,
      200
    ]
  },
  "protocol": "latency-v2",
  "instrumented": false,
  "measurement_context": {
    "weights": {
      "checkpoint_id": "flash-vla/pi05-random-checkpoint/v2/seed-0",
      "checkpoint_digest": "flash-vla/pi05-random-checkpoint/v2/seed-0"
    },
    "fixture": {
      "id": "flash-vla/pi05-inputs-v2/seed-0",
      "digest": "sha256:80e60b97e0964d3a558b2b622bc0d6848a841bb37543e362bdb5ade41d6c7480"
    },
    "environment": {
      "gpu_sku": "NVIDIA GeForce RTX 5090",
      "driver": "580.142",
      "cuda_runtime": "13.0",
      "pytorch": "2.13.0+cu130",
      "tilelang": "0.1.11",
      "clock_policy": {
        "benchmark_control": "inherit",
        "slurm_gpu_freq_request": null,
        "effective_locked_clocks": "unobserved"
      },
      "power_policy": {
        "requested_limit_w": 600.0,
        "enforced_limit_w": 600.0
      },
      "capture_regime": "cuda_graph",
      "clock_observation": {
        "application_graphics_mhz": "[N/A]",
        "application_memory_mhz": "[N/A]"
      }
    },
    "workload": "robodojo",
    "hostname": "ubun",
    "slurm_job_id": null,
    "timestamp": 1790463765.4613526,
    "reference_provenance": {}
  },
  "env": {
    "gpu": "NVIDIA GeForce RTX 5090",
    "python": "3.12.13",
    "torch": "2.13.0+cu130",
    "torch_cuda": "13.0",
    "tilelang": "0.1.11",
    "gpu_uuid": "GPU-7fc626f4-bce7-9a11-81de-0eaedc93e242",
    "runtime_observation": {
      "clocks.sm": "2887",
      "clocks.mem": "13801",
      "pstate": "P1",
      "temperature.gpu": "61",
      "power.draw": "484.21",
      "clocks_event_reasons.active": "0x0000000000000000"
    },
    "node": "ubun",
    "job": null,
    "driver": "580.142",
    "clocks": "unlocked",
    "clock_policy": {
      "benchmark_control": "inherit",
      "slurm_gpu_freq_request": null,
      "effective_locked_clocks": "unobserved"
    },
    "clock_observation": {
      "application_graphics_mhz": "[N/A]",
      "application_memory_mhz": "[N/A]"
    },
    "power_policy": {
      "requested_limit_w": 600.0,
      "enforced_limit_w": 600.0
    }
  },
  "config": {
    "reps": 100,
    "warmup": 5,
    "seed": 0,
    "plans": [
      "shipped"
    ],
    "calibration": false,
    "breakdown": true,
    "primary_statistic": "median",
    "capture_policy": "fresh-process-first-capture-per-leg",
    "statistics": [
      "min",
      "median",
      "p99"
    ],
    "p99_min_reps": 100,
    "soak_s": 0,
    "control_spread_max_ms": null,
    "attribution": false,
    "leg_options": [
      {}
    ]
  },
  "legs": [
    {
      "plan": "shipped",
      "identity": {
        "schema_version": 3,
        "target": "hardware/nvidia/rtx5090/pi05",
        "hardware": "rtx5090-32gb",
        "model": "pi05",
        "shape_profile": "action_dim32-batch1-chunk50-encoder_dim2048-encoder_ffn_dim16384-expert_dim1024-expert_ffn_dim4096-expert_tokens50-head_dim256-image_channels3-image_height224-image_width224-kv_heads1-layers18-num_views3-prefix_len968-prompt_len200-qkv_width2560-query_heads8-state_dim32-steps10-vision_dim1152-vision_ffn_dim4304-vision_head_dim72-vision_heads16-vision_layers27-visual_tokens768-visual_tokens_per_view256",
        "shape": {
          "batch": 1,
          "num_views": 3,
          "image_height": 224,
          "image_width": 224,
          "image_channels": 3,
          "visual_tokens_per_view": 256,
          "visual_tokens": 768,
          "vision_dim": 1152,
          "vision_ffn_dim": 4304,
          "vision_heads": 16,
          "vision_head_dim": 72,
          "vision_layers": 27,
          "prompt_len": 200,
          "prefix_len": 968,
          "chunk": 50,
          "expert_tokens": 50,
          "state_dim": 32,
          "action_dim": 32,
          "steps": 10,
          "layers": 18,
          "encoder_dim": 2048,
          "encoder_ffn_dim": 16384,
          "query_heads": 8,
          "kv_heads": 1,
          "head_dim": 256,
          "qkv_width": 2560,
          "expert_dim": 1024,
          "expert_ffn_dim": 4096
        },
        "plan": {
          "vision_encoder_patch_embed": "torch",
          "vision_encoder_norm_qkv": "cutlass-vision",
          "vision_encoder_attention": "torch",
          "vision_encoder_out_proj_residual": "cutlass-vision",
          "vision_encoder_norm_ffn_up": "cutlass-vision",
          "vision_encoder_ffn_down_residual": "cutlass-vision",
          "llm_backbone_projector": "torch",
          "llm_backbone_embed_prompt": "torch",
          "llm_backbone_norm_qkv_rope": "fused-prefix-qkv",
          "llm_backbone_attention": "torch",
          "llm_backbone_out_proj_residual": "cutlass-backbone",
          "llm_backbone_norm_gated_ffn": "cutlass-backbone",
          "llm_backbone_ffn_down_residual": "cutlass-backbone",
          "action_expert_action_in_proj": "torch",
          "action_expert_norm_qkv_rope": "triton-qkv-finish",
          "action_expert_attention": "triton-qk-attention",
          "action_expert_out_proj_residual": "cutlass-expert-residual",
          "action_expert_norm_gated_ffn": "dual-ffn",
          "action_expert_ffn_down_residual": "cutlass-expert-residual",
          "action_expert_action_out_proj": "fused-qkv"
        },
        "model_revision": "pi05-r1",
        "engine_revision": "689839036af32700bd24e16283269590eee4a21e",
        "inference_signature": "sha256:a79c1f62c3f14674ad87e88a89bb5f66ac650e1c497ccf5076e64017b55d9f6f",
        "execution_variant": {
          "quantization": {
            "mode": "bf16"
          },
          "cache": {
            "mode": "none"
          }
        },
        "replay_buckets": [
          64,
          128,
          200
        ]
      },
      "replay": {
        "extent": 70,
        "bucket": 128
      },
      "measurement_context": {
        "weights": {
          "checkpoint_id": "flash-vla/pi05-random-checkpoint/v2/seed-0",
          "checkpoint_digest": "flash-vla/pi05-random-checkpoint/v2/seed-0"
        },
        "fixture": {
          "id": "flash-vla/pi05-inputs-v2/seed-0",
          "digest": "sha256:80e60b97e0964d3a558b2b622bc0d6848a841bb37543e362bdb5ade41d6c7480"
        },
        "environment": {
          "gpu_sku": "NVIDIA GeForce RTX 5090",
          "driver": "580.142",
          "cuda_runtime": "13.0",
          "pytorch": "2.13.0+cu130",
          "tilelang": "0.1.11",
          "clock_policy": {
            "benchmark_control": "inherit",
            "slurm_gpu_freq_request": null,
            "effective_locked_clocks": "unobserved"
          },
          "power_policy": {
            "requested_limit_w": 600.0,
            "enforced_limit_w": 600.0
          },
          "capture_regime": "cuda_graph",
          "clock_observation": {
            "application_graphics_mhz": "[N/A]",
            "application_memory_mhz": "[N/A]"
          }
        },
        "workload": "robodojo",
        "hostname": "ubun",
        "slurm_job_id": null,
        "timestamp": 1790463765.4613526,
        "reference_provenance": {}
      },
      "metrics": {
        "chunk_latency": {
          "min": 29.638977721333504,
          "median": 29.86032795161009,
          "n": 100,
          "samples_ms": [
            29.7575737349689,
            29.843146912753582,
            29.739099089056253,
            29.837569687515497,
            29.72607035189867,
            29.834323097020388,
            29.73807603120804,
            29.64031882584095,
            29.638977721333504,
            29.67597311362624,
            29.752549715340137,
            29.67654913663864,
            29.761038720607758,
            29.6737402677536,
            29.770538210868835,
            29.67986697331071,
            29.79131229221821,
            29.675520956516266,
            29.82353139668703,
            29.701973777264357,
            29.825271107256413,
            29.69682589173317,
            30.04755126312375,
            29.67884624376893,
            29.877528082579374,
            29.749426059424877,
            29.878828208893538,
            29.754748102277517,
            29.967223294079304,
            29.80185393244028,
            29.99150985851884,
            29.815111309289932,
            29.986827168613672,
            29.815403278917074,
            29.9862721003592,
            29.816440772265196,
            29.99592013657093,
            29.815152287483215,
            29.986295849084854,
            29.82100984081626,
            29.99118110165,
            29.82570417225361,
            29.99612968415022,
            29.83038779348135,
            29.994668904691935,
            29.83089815825224,
            30.00034624710679,
            29.82107875868678,
            30.009888112545013,
            29.8342970199883,
            30.010351911187172,
            29.826277866959572,
            30.003955122083426,
            29.840591829270124,
            30.009262263774872,
            29.854245018213987,
            30.018760822713375,
            29.8452228307724,
            30.003888998180628,
            29.84012709930539,
            30.01492889598012,
            29.84000975266099,
            30.01408278942108,
            29.858084861189127,
            30.01484600827098,
            29.857803136110306,
            30.029815156012774,
            29.86790891736746,
            30.02861002460122,
            29.853834304958582,
            30.029471963644028,
            29.857723973691463,
            30.019722878932953,
            29.859452974051237,
            30.02306818962097,
            29.857617802917957,
            30.03433719277382,
            29.867718927562237,
            30.043375212699175,
            29.859218280762434,
            30.037623830139637,
            29.859366826713085,
            30.032795388251543,
            29.86120292916894,
            30.03586083650589,
            29.86579993739724,
            30.031224712729454,
            29.870667029172182,
            30.034800060093403,
            29.87102698534727,
            30.030962079763412,
            29.88115418702364,
            30.034927185624838,
            29.875644948333502,
            30.039147939532995,
            29.87271500751376,
            30.03831021487713,
            29.872669838368893,
            30.03358095884323,
            29.886620119214058
          ],
          "p99": 30.043375212699175
        },
        "device_latency": {
          "min": 29.79203224182129,
          "median": 29.933119773864746,
          "n": 100,
          "samples_ms": [
            29.896255493164062,
            30.045503616333008,
            29.88755226135254,
            29.85331153869629,
            29.827072143554688,
            29.88819122314453,
            29.827007293701172,
            29.884672164916992,
            29.854272842407227,
            29.889280319213867,
            29.90006446838379,
            29.79203224182129,
            29.95020866394043,
            29.888864517211914,
            29.949663162231445,
            29.88387107849121,
            29.947071075439453,
            29.899456024169922,
            29.961631774902344,
            29.887903213500977,
            29.94767951965332,
            29.88390350341797,
            29.949663162231445,
            29.898944854736328,
            29.95030403137207,
            29.882463455200195,
            29.961536407470703,
            29.878047943115234,
            29.969087600708008,
            29.894943237304688,
            29.97350311279297,
            29.87673568725586,
            29.97203254699707,
            29.882495880126953,
            29.97091293334961,
            29.872671127319336,
            29.97270393371582,
            29.872608184814453,
            29.96454429626465,
            29.863359451293945,
            30.027584075927734,
            29.845792770385742,
            30.032512664794922,
            29.846784591674805,
            30.03513526916504,
            29.853824615478516,
            30.032255172729492,
            29.847232818603516,
            30.036191940307617,
            29.851072311401367,
            30.0449275970459,
            29.849119186401367,
            30.047199249267578,
            29.854751586914062,
            30.044767379760742,
            29.85251235961914,
            30.048864364624023,
            29.865503311157227,
            30.04787254333496,
            29.864320755004883,
            30.033151626586914,
            29.86079978942871,
            30.043712615966797,
            29.86502456665039,
            30.04364776611328,
            29.8590087890625,
            30.046464920043945,
            29.86262321472168,
            30.05721664428711,
            29.933088302612305,
            30.05606460571289,
            29.917888641357422,
            30.049823760986328,
            29.862783432006836,
            30.062528610229492,
            29.933151245117188,
            30.04800033569336,
            29.926271438598633,
            30.06073570251465,
            29.934560775756836,
            30.05683135986328,
            29.927711486816406,
            30.06438446044922,
            29.93414306640625,
            30.052736282348633,
            29.92633628845215,
            30.05881690979004,
            29.92585563659668,
            30.056800842285156,
            29.92348861694336,
            30.054048538208008,
            29.926464080810547,
            30.056543350219727,
            29.927104949951172,
            30.06390380859375,
            29.933984756469727,
            30.055967330932617,
            29.935775756835938,
            30.072160720825195,
            29.929824829101562
          ],
          "p99": 30.06438446044922
        },
        "host_time": {
          "prompt": {
            "min": 0.038067810237407684,
            "median": 0.04023103974759579,
            "n": 100,
            "samples_ms": [
              0.04608882591128349,
              0.042383093386888504,
              0.04209810867905617,
              0.041332095861434937,
              0.04234490916132927,
              0.04153791815042496,
              0.041182152926921844,
              0.041865743696689606,
              0.03951415419578552,
              0.04068668931722641,
              0.040460843592882156,
              0.03994302824139595,
              0.03877934068441391,
              0.039882026612758636,
              0.03988528624176979,
              0.040629878640174866,
              0.03977678716182709,
              0.039235688745975494,
              0.040395185351371765,
              0.04048878327012062,
              0.04025688394904137,
              0.03907829523086548,
              0.040310900658369064,
              0.039853621274232864,
              0.04022382199764252,
              0.041453633457422256,
              0.04065129905939102,
              0.040526967495679855,
              0.040111131966114044,
              0.038875266909599304,
              0.0402708537876606,
              0.04620477557182312,
              0.04000496119260788,
              0.04137400537729263,
              0.039929989725351334,
              0.039807986468076706,
              0.038067810237407684,
              0.040975864976644516,
              0.048691872507333755,
              0.040265265852212906,
              0.04609208554029465,
              0.039387959986925125,
              0.03948574885725975,
              0.039511825889348984,
              0.03942009061574936,
              0.04023313522338867,
              0.04053907468914986,
              0.03889715299010277,
              0.03962032496929169,
              0.04315422847867012,
              0.03919890150427818,
              0.04049902781844139,
              0.04069274291396141,
              0.03976840525865555,
              0.039629172533750534,
              0.04000123590230942,
              0.03958540037274361,
              0.0400482676923275,
              0.040215905755758286,
              0.04005059599876404,
              0.03981310874223709,
              0.04035700112581253,
              0.04001706838607788,
              0.03987504169344902,
              0.039669219404459,
              0.04047015681862831,
              0.03901822492480278,
              0.04033464938402176,
              0.04098890349268913,
              0.0400301069021225,
              0.04044221714138985,
              0.040644314140081406,
              0.040315091609954834,
              0.040236860513687134,
              0.04295492544770241,
              0.0402289442718029,
              0.04075421020388603,
              0.039915088564157486,
              0.04017585888504982,
              0.03980891779065132,
              0.04106992855668068,
              0.04002358764410019,
              0.039581675082445145,
              0.0470699742436409,
              0.05024205893278122,
              0.05082925781607628,
              0.05092425271868706,
              0.039993785321712494,
              0.04003802314400673,
              0.04041288048028946,
              0.038854312151670456,
              0.03987923264503479,
              0.040694139897823334,
              0.04073884338140488,
              0.04001567140221596,
              0.03983406350016594,
              0.040250830352306366,
              0.04038773477077484,
              0.0395728275179863,
              0.03922823816537857
            ],
            "p99": 0.05082925781607628
          }
        },
        "segment_latency": {
          "vision_encoder": {
            "min": 4.069183826446533,
            "median": 4.109344005584717,
            "n": 100,
            "samples_ms": [
              4.07151985168457,
              4.069183826446533,
              4.092671871185303,
              4.10537576675415,
              4.117760181427002,
              4.119296073913574,
              4.121600151062012,
              4.119711875915527,
              4.118688106536865,
              4.118336200714111,
              4.1179518699646,
              4.117663860321045,
              4.118688106536865,
              4.119359970092773,
              4.11740779876709,
              4.119679927825928,
              4.117792129516602,
              4.094912052154541,
              4.092895984649658,
              4.092031955718994,
              4.092639923095703,
              4.092927932739258,
              4.0920000076293945,
              4.093664169311523,
              4.093120098114014,
              4.094912052154541,
              4.092895984649658,
              4.0950398445129395,
              4.094143867492676,
              4.09497594833374,
              4.1042561531066895,
              4.096127986907959,
              4.104351997375488,
              4.097087860107422,
              4.095967769622803,
              4.10537576675415,
              4.105279922485352,
              4.105440139770508,
              4.104447841644287,
              4.105311870574951,
              4.10643196105957,
              4.107391834259033,
              4.105088233947754,
              4.1051201820373535,
              4.105247974395752,
              4.105279922485352,
              4.104447841644287,
              4.105343818664551,
              4.107135772705078,
              4.105279922485352,
              4.106272220611572,
              4.105663776397705,
              4.1071038246154785,
              4.117504119873047,
              4.116735935211182,
              4.10537576675415,
              4.1050238609313965,
              4.107135772705078,
              4.117599964141846,
              4.117631912231445,
              4.106304168701172,
              4.106912136077881,
              4.10748815536499,
              4.1091837882995605,
              4.107232093811035,
              4.118656158447266,
              4.117440223693848,
              4.116511821746826,
              4.117631912231445,
              4.109280109405518,
              4.117599964141846,
              4.109663963317871,
              4.109151840209961,
              4.1175360679626465,
              4.1169281005859375,
              4.117760181427002,
              4.109407901763916,
              4.117184162139893,
              4.1176958084106445,
              4.117440223693848,
              4.11737585067749,
              4.137375831604004,
              4.11952018737793,
              4.117504119873047,
              4.117599964141846,
              4.118368148803711,
              4.117631912231445,
              4.1176958084106445,
              4.116608142852783,
              4.116543769836426,
              4.116543769836426,
              4.117472171783447,
              4.117119789123535,
              4.116896152496338,
              4.116767883300781,
              4.117599964141846,
              4.117311954498291,
              4.117663860321045,
              4.118720054626465,
              4.118495941162109
            ],
            "p99": 4.121600151062012
          },
          "llm_backbone": {
            "min": 16.828479766845703,
            "median": 16.838720321655273,
            "n": 100,
            "samples_ms": [
              16.839296340942383,
              16.83907127380371,
              16.837343215942383,
              16.83750343322754,
              16.830303192138672,
              16.828927993774414,
              16.836288452148438,
              16.83945655822754,
              16.838623046875,
              16.836416244506836,
              16.838720321655273,
              16.83683204650879,
              16.83875274658203,
              16.836576461791992,
              16.837663650512695,
              16.829439163208008,
              16.838687896728516,
              16.83776092529297,
              16.838464736938477,
              16.838592529296875,
              16.838848114013672,
              16.838464736938477,
              16.828479766845703,
              16.837312698364258,
              16.839231491088867,
              16.838623046875,
              16.83830451965332,
              16.838687896728516,
              16.829471588134766,
              16.829120635986328,
              16.837696075439453,
              16.830400466918945,
              16.83852767944336,
              16.838687896728516,
              16.83839988708496,
              16.838687896728516,
              16.83875274658203,
              16.838560104370117,
              16.838687896728516,
              16.838592529296875,
              16.838720321655273,
              16.839231491088867,
              16.836576461791992,
              16.839807510375977,
              16.83888053894043,
              16.84272003173828,
              16.835712432861328,
              16.840383529663086,
              16.839008331298828,
              16.848896026611328,
              16.83839988708496,
              16.83852767944336,
              16.83907127380371,
              16.83932876586914,
              16.83830451965332,
              16.838720321655273,
              16.8384952545166,
              16.84272003173828,
              16.838560104370117,
              16.838943481445312,
              16.838623046875,
              16.83683204650879,
              16.835712432861328,
              16.83830451965332,
              16.840608596801758,
              16.84048080444336,
              16.83852767944336,
              16.840959548950195,
              16.835712432861328,
              16.85081672668457,
              17.034944534301758,
              16.84048080444336,
              16.842592239379883,
              16.838336944580078,
              16.837663650512695,
              16.838592529296875,
              16.838655471801758,
              16.850431442260742,
              16.851295471191406,
              16.84067153930664,
              16.849088668823242,
              16.851743698120117,
              16.851200103759766,
              16.84115219116211,
              16.842784881591797,
              16.848960876464844,
              16.851520538330078,
              16.841663360595703,
              16.85100746154785,
              16.85113525390625,
              16.849824905395508,
              16.84899139404297,
              16.84048080444336,
              16.851648330688477,
              16.850976943969727,
              16.84876823425293,
              16.849151611328125,
              16.850719451904297,
              16.842815399169922,
              16.842912673950195
            ],
            "p99": 16.851743698120117
          },
          "action_expert": {
            "min": 9.403615951538086,
            "median": 9.415807723999023,
            "n": 100,
            "samples_ms": [
              9.440159797668457,
              9.439616203308105,
              9.451583862304688,
              9.44048023223877,
              9.438655853271484,
              9.416352272033691,
              9.415679931640625,
              9.414015769958496,
              9.4136962890625,
              9.416671752929688,
              9.414400100708008,
              9.417344093322754,
              9.418208122253418,
              9.41919994354248,
              9.414815902709961,
              9.414591789245605,
              9.416447639465332,
              9.416383743286133,
              9.41766357421875,
              9.427040100097656,
              9.426015853881836,
              9.414752006530762,
              9.415936470031738,
              9.414848327636719,
              9.4136323928833,
              9.41427230834961,
              9.427040100097656,
              9.414655685424805,
              9.417984008789062,
              9.41478443145752,
              9.416640281677246,
              9.405792236328125,
              9.415679931640625,
              9.41487979888916,
              9.413567543029785,
              9.416768074035645,
              9.4136323928833,
              9.414560317993164,
              9.414848327636719,
              9.41596794128418,
              9.415807723999023,
              9.416671752929688,
              9.4137601852417,
              9.416128158569336,
              9.419296264648438,
              9.4169282913208,
              9.415295600891113,
              9.415616035461426,
              9.426719665527344,
              9.414752006530762,
              9.41427230834961,
              9.415136337280273,
              9.415648460388184,
              9.414688110351562,
              9.416895866394043,
              9.414848327636719,
              9.41385555267334,
              9.414719581604004,
              9.418848037719727,
              9.415871620178223,
              9.415936470031738,
              9.416799545288086,
              9.416799545288086,
              9.413727760314941,
              9.413824081420898,
              9.414015769958496,
              9.415679931640625,
              9.420063972473145,
              9.416704177856445,
              9.414079666137695,
              9.403615951538086,
              9.414752006530762,
              9.423808097839355,
              9.414912223815918,
              9.416704177856445,
              9.414655685424805,
              9.413951873779297,
              9.416223526000977,
              9.414719581604004,
              9.415616035461426,
              9.414655685424805,
              9.418911933898926,
              9.416576385498047,
              9.415871620178223,
              9.414496421813965,
              9.416895866394043,
              9.417887687683105,
              9.415807723999023,
              9.413599967956543,
              9.417728424072266,
              9.414048194885254,
              9.426112174987793,
              9.416864395141602,
              9.41648006439209,
              9.414624214172363,
              9.417280197143555,
              9.425984382629395,
              9.41478443145752,
              9.426336288452148,
              9.41385555267334
            ],
            "p99": 9.44048023223877
          }
        },
        "overhead": {
          "min": -0.6623018234968185,
          "median": -0.5035440996289253,
          "p99": -0.37044886872172356
        }
      },
      "attribution": null,
      "runtime_observation": {
        "before": {
          "clocks.sm": "2850",
          "clocks.mem": "13801",
          "pstate": "P1",
          "temperature.gpu": "53",
          "power.draw": "213.12",
          "clocks_event_reasons.active": "0x0000000000000000"
        },
        "after": {
          "clocks.sm": "2887",
          "clocks.mem": "13801",
          "pstate": "P1",
          "temperature.gpu": "61",
          "power.draw": "484.21",
          "clocks_event_reasons.active": "0x0000000000000000"
        }
      },
      "options": {
        "workload": "robodojo"
      },
      "process_id": 3295247,
      "gpu_uuid": "GPU-7fc626f4-bce7-9a11-81de-0eaedc93e242",
      "implementation_source": null,
      "leg": 0
    }
  ],
  "deltas": null
}
