== leg 0: hardware/nvidia/rtx5090/pi05 plan=shipped
{
  "identity": {
    "schema_version": 3,
    "target": "hardware/nvidia/rtx5090/pi05",
    "hardware": "rtx5090-32gb",
    "model": "pi05",
    "shape_profile": "action_dim32-batch1-chunk50-encoder_dim2048-encoder_ffn_dim16384-expert_dim1024-expert_ffn_dim4096-expert_tokens50-head_dim256-image_channels3-image_height224-image_width224-kv_heads1-layers18-num_views3-prefix_len968-prompt_len200-qkv_width2560-query_heads8-state_dim32-steps10-vision_dim1152-vision_ffn_dim4304-vision_head_dim72-vision_heads16-vision_layers27-visual_tokens768-visual_tokens_per_view256",
    "shape": {
      "batch": 1,
      "num_views": 3,
      "image_height": 224,
      "image_width": 224,
      "image_channels": 3,
      "visual_tokens_per_view": 256,
      "visual_tokens": 768,
      "vision_dim": 1152,
      "vision_ffn_dim": 4304,
      "vision_heads": 16,
      "vision_head_dim": 72,
      "vision_layers": 27,
      "prompt_len": 200,
      "prefix_len": 968,
      "chunk": 50,
      "expert_tokens": 50,
      "state_dim": 32,
      "action_dim": 32,
      "steps": 10,
      "layers": 18,
      "encoder_dim": 2048,
      "encoder_ffn_dim": 16384,
      "query_heads": 8,
      "kv_heads": 1,
      "head_dim": 256,
      "qkv_width": 2560,
      "expert_dim": 1024,
      "expert_ffn_dim": 4096
    },
    "plan": {
      "vision_encoder_patch_embed": "torch",
      "vision_encoder_norm_qkv": "cutlass-vision",
      "vision_encoder_attention": "triton-vision-attention",
      "vision_encoder_out_proj_residual": "cutlass-vision",
      "vision_encoder_norm_ffn_up": "cutlass-vision",
      "vision_encoder_ffn_down_residual": "cutlass-vision",
      "llm_backbone_projector": "torch",
      "llm_backbone_embed_prompt": "torch",
      "llm_backbone_norm_qkv_rope": "fused-prefix-qkv",
      "llm_backbone_attention": "torch",
      "llm_backbone_out_proj_residual": "cutlass-backbone",
      "llm_backbone_norm_gated_ffn": "cutlass-backbone",
      "llm_backbone_ffn_down_residual": "cutlass-backbone",
      "action_expert_action_in_proj": "torch",
      "action_expert_norm_qkv_rope": "triton-qkv-finish",
      "action_expert_attention": "split-kv-attention",
      "action_expert_out_proj_residual": "cutlass-expert-residual",
      "action_expert_norm_gated_ffn": "dual-ffn",
      "action_expert_ffn_down_residual": "cutlass-expert-residual",
      "action_expert_action_out_proj": "fused-qkv"
    },
    "model_revision": "pi05-r1",
    "engine_revision": null,
    "inference_signature": "sha256:a79c1f62c3f14674ad87e88a89bb5f66ac650e1c497ccf5076e64017b55d9f6f",
    "execution_variant": {
      "quantization": {
        "mode": "bf16"
      },
      "cache": {
        "mode": "none"
      }
    },
    "replay_buckets": [
      64,
      128,
      200
    ]
  },
  "protocol": "latency-v2",
  "instrumented": false,
  "measurement_context": {
    "weights": {
      "checkpoint_id": "flash-vla/pi05-random-checkpoint/v2/seed-0",
      "checkpoint_digest": "flash-vla/pi05-random-checkpoint/v2/seed-0"
    },
    "fixture": {
      "id": "flash-vla/pi05-inputs-v2/seed-0",
      "digest": "sha256:80e60b97e0964d3a558b2b622bc0d6848a841bb37543e362bdb5ade41d6c7480"
    },
    "environment": {
      "gpu_sku": "NVIDIA GeForce RTX 5090",
      "driver": "580.142",
      "cuda_runtime": "13.0",
      "pytorch": "2.13.0+cu130",
      "tilelang": "0.1.11",
      "clock_policy": {
        "benchmark_control": "inherit",
        "slurm_gpu_freq_request": null,
        "effective_locked_clocks": "unobserved"
      },
      "power_policy": {
        "requested_limit_w": 600.0,
        "enforced_limit_w": 600.0
      },
      "capture_regime": "cuda_graph",
      "clock_observation": {
        "application_graphics_mhz": "[N/A]",
        "application_memory_mhz": "[N/A]"
      }
    },
    "workload": "robodojo",
    "hostname": "ubun",
    "slurm_job_id": null,
    "timestamp": 1790463793.5405383,
    "reference_provenance": {}
  },
  "env": {
    "gpu": "NVIDIA GeForce RTX 5090",
    "python": "3.12.13",
    "torch": "2.13.0+cu130",
    "torch_cuda": "13.0",
    "tilelang": "0.1.11",
    "gpu_uuid": "GPU-7fc626f4-bce7-9a11-81de-0eaedc93e242",
    "runtime_observation": {
      "clocks.sm": "2872",
      "clocks.mem": "13801",
      "pstate": "P1",
      "temperature.gpu": "63",
      "power.draw": "507.90",
      "clocks_event_reasons.active": "0x0000000000000000"
    },
    "node": "ubun",
    "job": null,
    "driver": "580.142",
    "clocks": "unlocked",
    "clock_policy": {
      "benchmark_control": "inherit",
      "slurm_gpu_freq_request": null,
      "effective_locked_clocks": "unobserved"
    },
    "clock_observation": {
      "application_graphics_mhz": "[N/A]",
      "application_memory_mhz": "[N/A]"
    },
    "power_policy": {
      "requested_limit_w": 600.0,
      "enforced_limit_w": 600.0
    }
  },
  "config": {
    "reps": 100,
    "warmup": 5,
    "seed": 0,
    "plans": [
      "shipped"
    ],
    "calibration": false,
    "breakdown": true,
    "primary_statistic": "median",
    "capture_policy": "fresh-process-first-capture-per-leg",
    "statistics": [
      "min",
      "median",
      "p99"
    ],
    "p99_min_reps": 100,
    "soak_s": 0,
    "control_spread_max_ms": null,
    "attribution": false,
    "leg_options": [
      {}
    ]
  },
  "legs": [
    {
      "plan": "shipped",
      "identity": {
        "schema_version": 3,
        "target": "hardware/nvidia/rtx5090/pi05",
        "hardware": "rtx5090-32gb",
        "model": "pi05",
        "shape_profile": "action_dim32-batch1-chunk50-encoder_dim2048-encoder_ffn_dim16384-expert_dim1024-expert_ffn_dim4096-expert_tokens50-head_dim256-image_channels3-image_height224-image_width224-kv_heads1-layers18-num_views3-prefix_len968-prompt_len200-qkv_width2560-query_heads8-state_dim32-steps10-vision_dim1152-vision_ffn_dim4304-vision_head_dim72-vision_heads16-vision_layers27-visual_tokens768-visual_tokens_per_view256",
        "shape": {
          "batch": 1,
          "num_views": 3,
          "image_height": 224,
          "image_width": 224,
          "image_channels": 3,
          "visual_tokens_per_view": 256,
          "visual_tokens": 768,
          "vision_dim": 1152,
          "vision_ffn_dim": 4304,
          "vision_heads": 16,
          "vision_head_dim": 72,
          "vision_layers": 27,
          "prompt_len": 200,
          "prefix_len": 968,
          "chunk": 50,
          "expert_tokens": 50,
          "state_dim": 32,
          "action_dim": 32,
          "steps": 10,
          "layers": 18,
          "encoder_dim": 2048,
          "encoder_ffn_dim": 16384,
          "query_heads": 8,
          "kv_heads": 1,
          "head_dim": 256,
          "qkv_width": 2560,
          "expert_dim": 1024,
          "expert_ffn_dim": 4096
        },
        "plan": {
          "vision_encoder_patch_embed": "torch",
          "vision_encoder_norm_qkv": "cutlass-vision",
          "vision_encoder_attention": "triton-vision-attention",
          "vision_encoder_out_proj_residual": "cutlass-vision",
          "vision_encoder_norm_ffn_up": "cutlass-vision",
          "vision_encoder_ffn_down_residual": "cutlass-vision",
          "llm_backbone_projector": "torch",
          "llm_backbone_embed_prompt": "torch",
          "llm_backbone_norm_qkv_rope": "fused-prefix-qkv",
          "llm_backbone_attention": "torch",
          "llm_backbone_out_proj_residual": "cutlass-backbone",
          "llm_backbone_norm_gated_ffn": "cutlass-backbone",
          "llm_backbone_ffn_down_residual": "cutlass-backbone",
          "action_expert_action_in_proj": "torch",
          "action_expert_norm_qkv_rope": "triton-qkv-finish",
          "action_expert_attention": "split-kv-attention",
          "action_expert_out_proj_residual": "cutlass-expert-residual",
          "action_expert_norm_gated_ffn": "dual-ffn",
          "action_expert_ffn_down_residual": "cutlass-expert-residual",
          "action_expert_action_out_proj": "fused-qkv"
        },
        "model_revision": "pi05-r1",
        "engine_revision": null,
        "inference_signature": "sha256:a79c1f62c3f14674ad87e88a89bb5f66ac650e1c497ccf5076e64017b55d9f6f",
        "execution_variant": {
          "quantization": {
            "mode": "bf16"
          },
          "cache": {
            "mode": "none"
          }
        },
        "replay_buckets": [
          64,
          128,
          200
        ]
      },
      "replay": {
        "extent": 70,
        "bucket": 128
      },
      "measurement_context": {
        "weights": {
          "checkpoint_id": "flash-vla/pi05-random-checkpoint/v2/seed-0",
          "checkpoint_digest": "flash-vla/pi05-random-checkpoint/v2/seed-0"
        },
        "fixture": {
          "id": "flash-vla/pi05-inputs-v2/seed-0",
          "digest": "sha256:80e60b97e0964d3a558b2b622bc0d6848a841bb37543e362bdb5ade41d6c7480"
        },
        "environment": {
          "gpu_sku": "NVIDIA GeForce RTX 5090",
          "driver": "580.142",
          "cuda_runtime": "13.0",
          "pytorch": "2.13.0+cu130",
          "tilelang": "0.1.11",
          "clock_policy": {
            "benchmark_control": "inherit",
            "slurm_gpu_freq_request": null,
            "effective_locked_clocks": "unobserved"
          },
          "power_policy": {
            "requested_limit_w": 600.0,
            "enforced_limit_w": 600.0
          },
          "capture_regime": "cuda_graph",
          "clock_observation": {
            "application_graphics_mhz": "[N/A]",
            "application_memory_mhz": "[N/A]"
          }
        },
        "workload": "robodojo",
        "hostname": "ubun",
        "slurm_job_id": null,
        "timestamp": 1790463793.5405383,
        "reference_provenance": {}
      },
      "metrics": {
        "chunk_latency": {
          "min": 29.31499993428588,
          "median": 29.566112905740738,
          "n": 100,
          "samples_ms": [
            29.441636987030506,
            29.31499993428588,
            29.44418229162693,
            29.347639065235853,
            29.54620821401477,
            29.42556608468294,
            29.567047022283077,
            29.442457016557455,
            29.59665236994624,
            29.47124419733882,
            29.632336925715208,
            29.4746239669621,
            29.644662979990244,
            29.480254277586937,
            29.667920898646116,
            29.502355959266424,
            29.66990927234292,
            29.65302811935544,
            29.701326973736286,
            29.675836209207773,
            29.535036999732256,
            29.550659004598856,
            29.504557140171528,
            29.6526444144547,
            29.544800985604525,
            29.671046882867813,
            29.54487781971693,
            29.68293707817793,
            29.577807057648897,
            29.697665944695473,
            29.548684135079384,
            29.69639003276825,
            29.527602717280388,
            29.685895889997482,
            29.530026018619537,
            29.703466687351465,
            29.53242091462016,
            29.70430301502347,
            29.52479710802436,
            29.700371902436018,
            29.538963921368122,
            29.708705842494965,
            29.745114035904408,
            29.543173033744097,
            29.559205286204815,
            29.524604324251413,
            29.5651787891984,
            29.536778572946787,
            29.596948996186256,
            29.534965753555298,
            29.691360890865326,
            29.551676008850336,
            29.692132957279682,
            29.553481843322515,
            29.70179822295904,
            29.540136456489563,
            29.701536986976862,
            29.53441208228469,
            29.698222875595093,
            29.53279810026288,
            29.703129082918167,
            29.53630080446601,
            29.702112078666687,
            29.54390784725547,
            29.709947295486927,
            29.53040972352028,
            29.721757862716913,
            29.550291132181883,
            29.56114523112774,
            29.553513042628765,
            29.549782164394855,
            29.57198116928339,
            29.54207407310605,
            29.590746853500605,
            29.538413044065237,
            29.70814425498247,
            29.579679016023874,
            29.709658585488796,
            29.5716212131083,
            29.706784058362246,
            29.56160670146346,
            29.696686193346977,
            29.57313507795334,
            29.692273121327162,
            29.541891999542713,
            29.70671420916915,
            29.541930183768272,
            29.7005376778543,
            29.528446961194277,
            29.714066069573164,
            29.542159754782915,
            29.721817933022976,
            29.54738913103938,
            29.72142631188035,
            29.678571969270706,
            29.742426704615355,
            29.687763657420874,
            29.559670016169548,
            29.575806111097336,
            29.560168739408255
          ],
          "p99": 29.742426704615355
        },
        "device_latency": {
          "min": 29.491199493408203,
          "median": 29.59766387939453,
          "n": 100,
          "samples_ms": [
            29.59712028503418,
            29.705055236816406,
            29.555776596069336,
            29.69388771057129,
            29.557024002075195,
            29.717792510986328,
            29.544736862182617,
            29.714271545410156,
            29.54911994934082,
            29.714527130126953,
            29.545087814331055,
            29.72118377685547,
            29.542400360107422,
            29.721311569213867,
            29.54243278503418,
            29.711360931396484,
            29.56595230102539,
            29.566816329956055,
            29.685983657836914,
            29.726720809936523,
            29.673376083374023,
            29.726720809936523,
            29.686527252197266,
            29.719135284423828,
            29.689695358276367,
            29.72127914428711,
            29.698528289794922,
            29.559871673583984,
            29.699968338012695,
            29.551103591918945,
            29.701919555664062,
            29.57161521911621,
            29.70140838623047,
            29.558879852294922,
            29.715103149414062,
            29.547391891479492,
            29.726720809936523,
            29.558080673217773,
            29.73161506652832,
            29.550752639770508,
            29.726207733154297,
            29.549152374267578,
            29.721376419067383,
            29.553312301635742,
            29.73200035095215,
            29.572128295898438,
            29.529727935791016,
            29.493024826049805,
            29.54960060119629,
            29.491199493408203,
            29.563936233520508,
            29.60883140563965,
            29.55513572692871,
            29.701631546020508,
            29.572927474975586,
            29.711711883544922,
            29.577472686767578,
            29.7127685546875,
            29.576032638549805,
            29.705503463745117,
            29.562335968017578,
            29.71683120727539,
            29.55353546142578,
            29.72969627380371,
            29.5532169342041,
            29.735103607177734,
            29.552383422851562,
            29.72991943359375,
            29.578367233276367,
            29.74518394470215,
            29.56515121459961,
            29.737632751464844,
            29.576448440551758,
            29.592863082885742,
            29.582944869995117,
            29.573823928833008,
            29.59868812561035,
            29.5664005279541,
            29.607328414916992,
            29.55619239807129,
            29.61996841430664,
            29.551679611206055,
            29.723264694213867,
            29.584447860717773,
            29.73196792602539,
            29.573503494262695,
            29.734752655029297,
            29.576032638549805,
            29.729503631591797,
            29.575584411621094,
            29.73961639404297,
            29.575519561767578,
            29.739904403686523,
            29.56857681274414,
            29.735904693603516,
            29.56380844116211,
            29.744159698486328,
            29.598207473754883,
            29.776607513427734,
            29.584735870361328
          ],
          "p99": 29.74518394470215
        },
        "host_time": {
          "prompt": {
            "min": 0.045182183384895325,
            "median": 0.04750490188598633,
            "n": 100,
            "samples_ms": [
              0.051656272262334824,
              0.05029700696468353,
              0.048422254621982574,
              0.05325302481651306,
              0.047999899834394455,
              0.047519803047180176,
              0.04813075065612793,
              0.046764034777879715,
              0.048187095671892166,
              0.048294197767972946,
              0.04648836329579353,
              0.04760688170790672,
              0.04796590656042099,
              0.046150293201208115,
              0.047971028834581375,
              0.05478784441947937,
              0.057726167142391205,
              0.0583217479288578,
              0.04715286195278168,
              0.04577171057462692,
              0.04811398684978485,
              0.04847534000873566,
              0.04703691229224205,
              0.05042972043156624,
              0.05321064963936806,
              0.04731118679046631,
              0.04861084744334221,
              0.04763389006257057,
              0.046109315007925034,
              0.04751281812787056,
              0.04816008731722832,
              0.05168979987502098,
              0.04840828478336334,
              0.04775170236825943,
              0.04660291597247124,
              0.0474969856441021,
              0.04760362207889557,
              0.04655122756958008,
              0.04652002826333046,
              0.046819914132356644,
              0.05119806155562401,
              0.04626298323273659,
              0.04766695201396942,
              0.04744622856378555,
              0.05030306056141853,
              0.059835147112607956,
              0.05202367901802063,
              0.04692422226071358,
              0.048096757382154465,
              0.04654703661799431,
              0.04847906529903412,
              0.047626905143260956,
              0.04614563658833504,
              0.04850374534726143,
              0.04599615931510925,
              0.047767069190740585,
              0.04620430991053581,
              0.0466126948595047,
              0.04584994167089462,
              0.04654610529541969,
              0.04721572622656822,
              0.04532095044851303,
              0.051795970648527145,
              0.04818802699446678,
              0.04828488454222679,
              0.049007125198841095,
              0.04793889820575714,
              0.047114212065935135,
              0.04570698365569115,
              0.04692422226071358,
              0.046815257519483566,
              0.046522822231054306,
              0.04579685628414154,
              0.04687998443841934,
              0.04776380956172943,
              0.04843110218644142,
              0.04670117050409317,
              0.047466717660427094,
              0.04775822162628174,
              0.04689861088991165,
              0.04660990089178085,
              0.04753377288579941,
              0.04733586683869362,
              0.04690932109951973,
              0.04645390436053276,
              0.04755798727273941,
              0.0494588166475296,
              0.04855310544371605,
              0.04632677882909775,
              0.04727859050035477,
              0.047652050852775574,
              0.046257395297288895,
              0.045182183384895325,
              0.04665320739150047,
              0.046877190470695496,
              0.04719896242022514,
              0.046076253056526184,
              0.04703085869550705,
              0.04620011895895004,
              0.04635518416762352
            ],
            "p99": 0.0583217479288578
          }
        },
        "segment_latency": {
          "vision_encoder": {
            "min": 3.97379207611084,
            "median": 4.0349280834198,
            "n": 100,
            "samples_ms": [
              3.974400043487549,
              3.9747838973999023,
              3.97379207611084,
              3.979487895965576,
              3.996000051498413,
              4.007167816162109,
              4.009247779846191,
              4.005887985229492,
              4.005119800567627,
              3.983743906021118,
              3.977760076522827,
              3.982815980911255,
              3.985568046569824,
              3.985663890838623,
              3.9816319942474365,
              3.981663942337036,
              3.9859519004821777,
              3.9835519790649414,
              3.983776092529297,
              3.9859840869903564,
              3.9832959175109863,
              4.0009918212890625,
              4.024543762207031,
              4.0274882316589355,
              4.026303768157959,
              4.02672004699707,
              4.030879974365234,
              4.036992073059082,
              4.033120155334473,
              4.031904220581055,
              4.032927989959717,
              4.036928176879883,
              4.038784027099609,
              4.036575794219971,
              4.036992073059082,
              4.037248134613037,
              4.038784027099609,
              4.036928176879883,
              4.0390400886535645,
              4.036863803863525,
              4.036767959594727,
              4.037055969238281,
              4.034848213195801,
              4.032832145690918,
              4.0349440574646,
              4.034912109375,
              4.028960227966309,
              4.026879787445068,
              4.029056072235107,
              4.0267839431762695,
              4.025824069976807,
              4.028543949127197,
              4.030816078186035,
              4.028768062591553,
              4.033088207244873,
              4.028927803039551,
              4.0327677726745605,
              4.0286078453063965,
              4.030752182006836,
              4.033152103424072,
              4.032671928405762,
              4.034848213195801,
              4.032991886138916,
              4.037087917327881,
              4.0349440574646,
              4.035520076751709,
              4.036799907684326,
              4.03715181350708,
              4.038815975189209,
              4.036992073059082,
              4.0391998291015625,
              4.0390400886535645,
              4.041152000427246,
              4.04307222366333,
              4.039008140563965,
              4.041152000427246,
              4.041056156158447,
              4.040639877319336,
              4.039103984832764,
              4.035007953643799,
              4.039103984832764,
              4.043231964111328,
              4.03872013092041,
              4.0392961502075195,
              4.035999774932861,
              4.04310417175293,
              4.040832042694092,
              4.036928176879883,
              4.038976192474365,
              4.039231777191162,
              4.039167881011963,
              4.0412797927856445,
              4.0390400886535645,
              4.041888236999512,
              4.041215896606445,
              4.0390400886535645,
              4.038976192474365,
              4.038976192474365,
              4.046432018280029,
              4.0386881828308105
            ],
            "p99": 4.043231964111328
          },
          "llm_backbone": {
            "min": 16.73302459716797,
            "median": 16.872431755065918,
            "n": 100,
            "samples_ms": [
              16.735200881958008,
              16.74188804626465,
              16.737600326538086,
              16.734912872314453,
              16.735679626464844,
              16.73753547668457,
              16.733375549316406,
              16.737472534179688,
              16.736032485961914,
              16.74198341369629,
              16.739744186401367,
              16.74064064025879,
              16.737503051757812,
              16.739456176757812,
              16.743776321411133,
              16.744159698486328,
              16.73302459716797,
              16.733728408813477,
              16.734560012817383,
              16.73561668395996,
              16.73961639404297,
              16.733983993530273,
              16.73971176147461,
              16.74220848083496,
              16.74390411376953,
              16.799936294555664,
              16.867904663085938,
              16.877920150756836,
              16.880672454833984,
              16.873727798461914,
              16.874176025390625,
              16.87273597717285,
              16.86944007873535,
              16.869600296020508,
              16.869535446166992,
              16.873727798461914,
              16.871807098388672,
              16.8721923828125,
              16.86966323852539,
              16.867551803588867,
              16.86579132080078,
              16.86966323852539,
              16.86591911315918,
              16.876096725463867,
              16.87379264831543,
              16.867551803588867,
              16.86969566345215,
              16.872480392456055,
              16.873727798461914,
              16.871679306030273,
              16.875904083251953,
              16.875776290893555,
              16.876127243041992,
              16.87241554260254,
              16.87603187561035,
              16.879743576049805,
              16.878080368041992,
              16.904191970825195,
              16.880096435546875,
              16.88159942626953,
              16.868511199951172,
              16.868000030517578,
              16.872447967529297,
              16.87164878845215,
              16.870080947875977,
              16.87446403503418,
              16.877952575683594,
              16.878368377685547,
              16.87593650817871,
              16.873952865600586,
              16.874048233032227,
              16.873823165893555,
              16.872255325317383,
              16.87174415588379,
              16.878719329833984,
              16.869855880737305,
              16.869375228881836,
              16.878591537475586,
              16.875680923461914,
              16.881792068481445,
              16.871871948242188,
              16.8799991607666,
              16.88412857055664,
              16.88243293762207,
              16.87993621826172,
              16.875999450683594,
              16.879552841186523,
              16.886783599853516,
              16.886240005493164,
              16.880544662475586,
              16.87295913696289,
              16.875904083251953,
              16.875743865966797,
              16.876352310180664,
              16.880096435546875,
              16.876447677612305,
              16.879871368408203,
              16.873823165893555,
              16.87366485595703,
              16.88003158569336
            ],
            "p99": 16.886783599853516
          },
          "action_expert": {
            "min": 9.052607536315918,
            "median": 9.06332778930664,
            "n": 100,
            "samples_ms": [
              9.063424110412598,
              9.060256004333496,
              9.062687873840332,
              9.062527656555176,
              9.060832023620605,
              9.063232421875,
              9.06332778930664,
              9.058783531188965,
              9.06380844116211,
              9.060480117797852,
              9.064895629882812,
              9.058591842651367,
              9.26028823852539,
              9.069696426391602,
              9.058815956115723,
              9.065919876098633,
              9.059776306152344,
              9.061471939086914,
              9.067744255065918,
              9.077119827270508,
              9.062432289123535,
              9.056351661682129,
              9.060799598693848,
              9.059807777404785,
              9.060704231262207,
              9.060352325439453,
              9.06380844116211,
              9.058431625366211,
              9.064831733703613,
              9.063743591308594,
              9.070015907287598,
              9.061856269836426,
              9.060735702514648,
              9.058431625366211,
              9.062015533447266,
              9.060640335083008,
              9.06611156463623,
              9.070079803466797,
              9.062496185302734,
              9.062944412231445,
              9.061599731445312,
              9.062496185302734,
              9.05788803100586,
              9.057920455932617,
              9.064800262451172,
              9.052607536315918,
              9.058591842651367,
              9.064000129699707,
              9.06332778930664,
              9.065919876098633,
              9.059871673583984,
              9.060447692871094,
              9.064864158630371,
              9.060288429260254,
              9.056639671325684,
              9.063488006591797,
              9.064831733703613,
              9.063776016235352,
              9.066911697387695,
              9.06777572631836,
              9.067584037780762,
              9.064864158630371,
              9.061887741088867,
              9.070528030395508,
              9.067647933959961,
              9.063872337341309,
              9.064831733703613,
              9.070015907287598,
              9.056415557861328,
              9.065343856811523,
              9.070303916931152,
              9.06067180633545,
              9.0664644241333,
              9.063263893127441,
              9.062687873840332,
              9.064255714416504,
              9.06163215637207,
              9.063712120056152,
              9.064288139343262,
              9.062784194946289,
              9.066752433776855,
              9.06169605255127,
              9.070112228393555,
              9.069375991821289,
              9.095392227172852,
              9.08572769165039,
              9.062911987304688,
              9.062944412231445,
              9.078847885131836,
              9.087519645690918,
              9.06390380859375,
              9.079615592956543,
              9.067168235778809,
              9.066207885742188,
              9.05958366394043,
              9.058815956115723,
              9.063360214233398,
              9.06265640258789,
              9.065407752990723,
              9.059295654296875
            ],
            "p99": 9.095392227172852
          }
        },
        "overhead": {
          "min": -0.4444242753088474,
          "median": -0.4045747220516205,
          "p99": -0.2829810865223408
        }
      },
      "attribution": null,
      "runtime_observation": {
        "before": {
          "clocks.sm": "2550",
          "clocks.mem": "13801",
          "pstate": "P1",
          "temperature.gpu": "51",
          "power.draw": "202.23",
          "clocks_event_reasons.active": "0x0000000000000000"
        },
        "after": {
          "clocks.sm": "2872",
          "clocks.mem": "13801",
          "pstate": "P1",
          "temperature.gpu": "63",
          "power.draw": "507.90",
          "clocks_event_reasons.active": "0x0000000000000000"
        }
      },
      "options": {
        "workload": "robodojo"
      },
      "process_id": 3295857,
      "gpu_uuid": "GPU-7fc626f4-bce7-9a11-81de-0eaedc93e242",
      "implementation_source": null,
      "leg": 0
    }
  ],
  "deltas": null
}
