== leg 0: hardware/nvidia/rtx5090/pi05 plan=shipped
{
  "identity": {
    "schema_version": 3,
    "target": "hardware/nvidia/rtx5090/pi05",
    "hardware": "rtx5090-32gb",
    "model": "pi05",
    "shape_profile": "action_dim32-batch1-chunk10-encoder_dim2048-encoder_ffn_dim16384-expert_dim1024-expert_ffn_dim4096-expert_tokens10-head_dim256-image_channels3-image_height224-image_width224-kv_heads1-layers18-num_views2-prefix_len712-prompt_len200-qkv_width2560-query_heads8-state_dim32-steps10-vision_dim1152-vision_ffn_dim4304-vision_head_dim72-vision_heads16-vision_layers27-visual_tokens512-visual_tokens_per_view256",
    "shape": {
      "batch": 1,
      "num_views": 2,
      "image_height": 224,
      "image_width": 224,
      "image_channels": 3,
      "visual_tokens_per_view": 256,
      "visual_tokens": 512,
      "vision_dim": 1152,
      "vision_ffn_dim": 4304,
      "vision_heads": 16,
      "vision_head_dim": 72,
      "vision_layers": 27,
      "prompt_len": 200,
      "prefix_len": 712,
      "chunk": 10,
      "expert_tokens": 10,
      "state_dim": 32,
      "action_dim": 32,
      "steps": 10,
      "layers": 18,
      "encoder_dim": 2048,
      "encoder_ffn_dim": 16384,
      "query_heads": 8,
      "kv_heads": 1,
      "head_dim": 256,
      "qkv_width": 2560,
      "expert_dim": 1024,
      "expert_ffn_dim": 4096
    },
    "plan": {
      "vision_encoder_patch_embed": "torch",
      "vision_encoder_norm_qkv": "cutlass-vision",
      "vision_encoder_attention": "torch",
      "vision_encoder_out_proj_residual": "cutlass-vision",
      "vision_encoder_norm_ffn_up": "cutlass-vision",
      "vision_encoder_ffn_down_residual": "cutlass-vision",
      "llm_backbone_projector": "torch",
      "llm_backbone_embed_prompt": "torch",
      "llm_backbone_norm_qkv_rope": "fused-prefix-qkv",
      "llm_backbone_attention": "torch",
      "llm_backbone_out_proj_residual": "cutlass-backbone",
      "llm_backbone_norm_gated_ffn": "cutlass-backbone",
      "llm_backbone_ffn_down_residual": "cutlass-backbone",
      "action_expert_action_in_proj": "torch",
      "action_expert_norm_qkv_rope": "triton-qkv-finish",
      "action_expert_attention": "triton-qk-attention",
      "action_expert_out_proj_residual": "cutlass-expert-residual",
      "action_expert_norm_gated_ffn": "dual-ffn",
      "action_expert_ffn_down_residual": "cutlass-expert-residual",
      "action_expert_action_out_proj": "fused-qkv"
    },
    "model_revision": "pi05-r1",
    "engine_revision": "689839036af32700bd24e16283269590eee4a21e",
    "inference_signature": "sha256:a79c1f62c3f14674ad87e88a89bb5f66ac650e1c497ccf5076e64017b55d9f6f",
    "execution_variant": {
      "quantization": {
        "mode": "bf16"
      },
      "cache": {
        "mode": "none"
      }
    },
    "replay_buckets": [
      64,
      200
    ]
  },
  "protocol": "latency-v2",
  "instrumented": false,
  "measurement_context": {
    "weights": {
      "checkpoint_id": "flash-vla/pi05-random-checkpoint/v2/seed-0",
      "checkpoint_digest": "flash-vla/pi05-random-checkpoint/v2/seed-0"
    },
    "fixture": {
      "id": "flash-vla/pi05-inputs-v2/seed-0",
      "digest": "sha256:186266f9050d21a33ecfa4de7b9d54fe4851c8671f379edb5bc426c775184ce2"
    },
    "environment": {
      "gpu_sku": "NVIDIA GeForce RTX 5090",
      "driver": "580.142",
      "cuda_runtime": "13.0",
      "pytorch": "2.13.0+cu130",
      "tilelang": "0.1.11",
      "clock_policy": {
        "benchmark_control": "inherit",
        "slurm_gpu_freq_request": null,
        "effective_locked_clocks": "unobserved"
      },
      "power_policy": {
        "requested_limit_w": 600.0,
        "enforced_limit_w": 600.0
      },
      "capture_regime": "cuda_graph",
      "clock_observation": {
        "application_graphics_mhz": "[N/A]",
        "application_memory_mhz": "[N/A]"
      }
    },
    "workload": "libero",
    "hostname": "ubun",
    "slurm_job_id": null,
    "timestamp": 1790463857.5324347,
    "reference_provenance": {}
  },
  "env": {
    "gpu": "NVIDIA GeForce RTX 5090",
    "python": "3.12.13",
    "torch": "2.13.0+cu130",
    "torch_cuda": "13.0",
    "tilelang": "0.1.11",
    "gpu_uuid": "GPU-7fc626f4-bce7-9a11-81de-0eaedc93e242",
    "runtime_observation": {
      "clocks.sm": "2895",
      "clocks.mem": "13801",
      "pstate": "P1",
      "temperature.gpu": "58",
      "power.draw": "357.45",
      "clocks_event_reasons.active": "0x0000000000000000"
    },
    "node": "ubun",
    "job": null,
    "driver": "580.142",
    "clocks": "unlocked",
    "clock_policy": {
      "benchmark_control": "inherit",
      "slurm_gpu_freq_request": null,
      "effective_locked_clocks": "unobserved"
    },
    "clock_observation": {
      "application_graphics_mhz": "[N/A]",
      "application_memory_mhz": "[N/A]"
    },
    "power_policy": {
      "requested_limit_w": 600.0,
      "enforced_limit_w": 600.0
    }
  },
  "config": {
    "reps": 100,
    "warmup": 5,
    "seed": 0,
    "plans": [
      "shipped"
    ],
    "calibration": false,
    "breakdown": true,
    "primary_statistic": "median",
    "capture_policy": "fresh-process-first-capture-per-leg",
    "statistics": [
      "min",
      "median",
      "p99"
    ],
    "p99_min_reps": 100,
    "soak_s": 0,
    "control_spread_max_ms": null,
    "attribution": false,
    "leg_options": [
      {}
    ]
  },
  "legs": [
    {
      "plan": "shipped",
      "identity": {
        "schema_version": 3,
        "target": "hardware/nvidia/rtx5090/pi05",
        "hardware": "rtx5090-32gb",
        "model": "pi05",
        "shape_profile": "action_dim32-batch1-chunk10-encoder_dim2048-encoder_ffn_dim16384-expert_dim1024-expert_ffn_dim4096-expert_tokens10-head_dim256-image_channels3-image_height224-image_width224-kv_heads1-layers18-num_views2-prefix_len712-prompt_len200-qkv_width2560-query_heads8-state_dim32-steps10-vision_dim1152-vision_ffn_dim4304-vision_head_dim72-vision_heads16-vision_layers27-visual_tokens512-visual_tokens_per_view256",
        "shape": {
          "batch": 1,
          "num_views": 2,
          "image_height": 224,
          "image_width": 224,
          "image_channels": 3,
          "visual_tokens_per_view": 256,
          "visual_tokens": 512,
          "vision_dim": 1152,
          "vision_ffn_dim": 4304,
          "vision_heads": 16,
          "vision_head_dim": 72,
          "vision_layers": 27,
          "prompt_len": 200,
          "prefix_len": 712,
          "chunk": 10,
          "expert_tokens": 10,
          "state_dim": 32,
          "action_dim": 32,
          "steps": 10,
          "layers": 18,
          "encoder_dim": 2048,
          "encoder_ffn_dim": 16384,
          "query_heads": 8,
          "kv_heads": 1,
          "head_dim": 256,
          "qkv_width": 2560,
          "expert_dim": 1024,
          "expert_ffn_dim": 4096
        },
        "plan": {
          "vision_encoder_patch_embed": "torch",
          "vision_encoder_norm_qkv": "cutlass-vision",
          "vision_encoder_attention": "torch",
          "vision_encoder_out_proj_residual": "cutlass-vision",
          "vision_encoder_norm_ffn_up": "cutlass-vision",
          "vision_encoder_ffn_down_residual": "cutlass-vision",
          "llm_backbone_projector": "torch",
          "llm_backbone_embed_prompt": "torch",
          "llm_backbone_norm_qkv_rope": "fused-prefix-qkv",
          "llm_backbone_attention": "torch",
          "llm_backbone_out_proj_residual": "cutlass-backbone",
          "llm_backbone_norm_gated_ffn": "cutlass-backbone",
          "llm_backbone_ffn_down_residual": "cutlass-backbone",
          "action_expert_action_in_proj": "torch",
          "action_expert_norm_qkv_rope": "triton-qkv-finish",
          "action_expert_attention": "triton-qk-attention",
          "action_expert_out_proj_residual": "cutlass-expert-residual",
          "action_expert_norm_gated_ffn": "dual-ffn",
          "action_expert_ffn_down_residual": "cutlass-expert-residual",
          "action_expert_action_out_proj": "fused-qkv"
        },
        "model_revision": "pi05-r1",
        "engine_revision": "689839036af32700bd24e16283269590eee4a21e",
        "inference_signature": "sha256:a79c1f62c3f14674ad87e88a89bb5f66ac650e1c497ccf5076e64017b55d9f6f",
        "execution_variant": {
          "quantization": {
            "mode": "bf16"
          },
          "cache": {
            "mode": "none"
          }
        },
        "replay_buckets": [
          64,
          200
        ]
      },
      "replay": {
        "extent": 12,
        "bucket": 64
      },
      "measurement_context": {
        "weights": {
          "checkpoint_id": "flash-vla/pi05-random-checkpoint/v2/seed-0",
          "checkpoint_digest": "flash-vla/pi05-random-checkpoint/v2/seed-0"
        },
        "fixture": {
          "id": "flash-vla/pi05-inputs-v2/seed-0",
          "digest": "sha256:186266f9050d21a33ecfa4de7b9d54fe4851c8671f379edb5bc426c775184ce2"
        },
        "environment": {
          "gpu_sku": "NVIDIA GeForce RTX 5090",
          "driver": "580.142",
          "cuda_runtime": "13.0",
          "pytorch": "2.13.0+cu130",
          "tilelang": "0.1.11",
          "clock_policy": {
            "benchmark_control": "inherit",
            "slurm_gpu_freq_request": null,
            "effective_locked_clocks": "unobserved"
          },
          "power_policy": {
            "requested_limit_w": 600.0,
            "enforced_limit_w": 600.0
          },
          "capture_regime": "cuda_graph",
          "clock_observation": {
            "application_graphics_mhz": "[N/A]",
            "application_memory_mhz": "[N/A]"
          }
        },
        "workload": "libero",
        "hostname": "ubun",
        "slurm_job_id": null,
        "timestamp": 1790463857.5324347,
        "reference_provenance": {}
      },
      "metrics": {
        "chunk_latency": {
          "min": 23.897609673440456,
          "median": 23.991230642423034,
          "n": 100,
          "samples_ms": [
            24.137525353580713,
            23.983204271644354,
            23.919914849102497,
            23.928104899823666,
            24.169716984033585,
            24.128750897943974,
            23.91990600153804,
            23.905650712549686,
            23.91159813851118,
            23.97620491683483,
            23.990399204194546,
            23.95480638369918,
            23.920999374240637,
            23.929022252559662,
            24.006709922105074,
            23.992449045181274,
            23.941926192492247,
            23.911936208605766,
            23.939430247992277,
            24.142291862517595,
            24.121192283928394,
            23.954960983246565,
            23.91953207552433,
            23.908157367259264,
            24.140548426657915,
            24.11487279459834,
            23.984508123248816,
            23.932527750730515,
            23.910162039101124,
            24.152744095772505,
            24.116273038089275,
            23.95537169650197,
            23.90913525596261,
            23.92973890528083,
            24.136291351169348,
            24.119393900036812,
            23.959355894476175,
            23.91623891890049,
            23.94039835780859,
            24.151254910975695,
            24.12067912518978,
            23.96028582006693,
            23.902033921331167,
            23.99206208065152,
            24.15245631709695,
            24.117499124258757,
            23.929197806864977,
            23.897609673440456,
            23.985418025404215,
            24.14652518928051,
            24.135067593306303,
            23.96225230768323,
            23.933034855872393,
            24.002233985811472,
            24.13850137963891,
            24.130813777446747,
            23.955476004630327,
            23.912955075502396,
            24.006960913538933,
            24.144457187503576,
            24.106519296765327,
            23.96083204075694,
            23.928691633045673,
            24.003684986382723,
            24.136222898960114,
            24.111570324748755,
            23.950308095663786,
            23.925479035824537,
            24.013664107769728,
            24.141776841133833,
            24.1367369890213,
            23.964299354702234,
            23.90479017049074,
            24.13645200431347,
            24.144324008375406,
            24.34599120169878,
            24.061724077910185,
            23.910631891340017,
            24.13824526593089,
            24.139299988746643,
            24.10454163327813,
            23.93402485176921,
            23.91261514276266,
            24.160053115338087,
            24.159695953130722,
            24.112971033900976,
            23.93930498510599,
            23.915651254355907,
            24.16326804086566,
            24.146466050297022,
            24.10985203459859,
            23.947606328874826,
            23.926266003400087,
            24.147959426045418,
            24.132820777595043,
            24.014569353312254,
            23.94841006025672,
            23.927860893309116,
            24.147132877260447,
            24.152115918695927
          ],
          "p99": 24.169716984033585
        },
        "device_latency": {
          "min": 23.891775131225586,
          "median": 23.987071990966797,
          "n": 100,
          "samples_ms": [
            23.993120193481445,
            23.943679809570312,
            23.980928421020508,
            24.163103103637695,
            24.116960525512695,
            24.010175704956055,
            23.941856384277344,
            23.9748477935791,
            24.15318489074707,
            24.13248062133789,
            23.991199493408203,
            23.989599227905273,
            24.00320053100586,
            24.157312393188477,
            24.13910484313965,
            23.95199966430664,
            23.892351150512695,
            23.923551559448242,
            24.14803123474121,
            24.136640548706055,
            23.941120147705078,
            23.91859245300293,
            23.979616165161133,
            24.147872924804688,
            24.121471405029297,
            23.9487361907959,
            23.91334342956543,
            23.98031997680664,
            24.148160934448242,
            24.123231887817383,
            23.96544075012207,
            23.914335250854492,
            23.988767623901367,
            24.14691162109375,
            24.123552322387695,
            23.949440002441406,
            23.91222381591797,
            23.990304946899414,
            24.154239654541016,
            24.124544143676758,
            23.95827293395996,
            23.922592163085938,
            23.993152618408203,
            24.160831451416016,
            24.12620735168457,
            23.960735321044922,
            23.918880462646484,
            24.01203155517578,
            24.150527954101562,
            24.122112274169922,
            23.944543838500977,
            23.91744041442871,
            23.988767623901367,
            24.173248291015625,
            24.100095748901367,
            23.964799880981445,
            23.891775131225586,
            23.99398422241211,
            23.96668815612793,
            23.977344512939453,
            23.944351196289062,
            23.9039363861084,
            23.992992401123047,
            23.986976623535156,
            23.987552642822266,
            23.948543548583984,
            23.924352645874023,
            24.010528564453125,
            24.1429443359375,
            24.1243839263916,
            23.955455780029297,
            23.918336868286133,
            23.98700714111328,
            23.994335174560547,
            23.99033546447754,
            23.953407287597656,
            23.906143188476562,
            23.967552185058594,
            24.006816864013672,
            23.968544006347656,
            23.971647262573242,
            23.895967483520508,
            23.989824295043945,
            24.140703201293945,
            24.118751525878906,
            23.945119857788086,
            23.917312622070312,
            24.00067138671875,
            23.979999542236328,
            23.987136840820312,
            23.951488494873047,
            23.925823211669922,
            23.99033546447754,
            24.14668846130371,
            24.120512008666992,
            23.952224731445312,
            23.927040100097656,
            23.96784019470215,
            23.983327865600586,
            23.992351531982422
          ],
          "p99": 24.163103103637695
        },
        "host_time": {
          "prompt": {
            "min": 0.021900981664657593,
            "median": 0.022424617782235146,
            "n": 100,
            "samples_ms": [
              0.02465769648551941,
              0.024167820811271667,
              0.023427419364452362,
              0.02312520518898964,
              0.022456981241703033,
              0.022728927433490753,
              0.022297725081443787,
              0.022138003259897232,
              0.022265128791332245,
              0.02219574525952339,
              0.02197595313191414,
              0.022402964532375336,
              0.02244114875793457,
              0.02253800630569458,
              0.022489111870527267,
              0.02242298796772957,
              0.02242438495159149,
              0.02274010330438614,
              0.022625084966421127,
              0.02242298796772957,
              0.022915657609701157,
              0.0224248506128788,
              0.022347085177898407,
              0.025358982384204865,
              0.022341962903738022,
              0.022136140614748,
              0.022751744836568832,
              0.022467225790023804,
              0.022493768483400345,
              0.02238992601633072,
              0.022477004677057266,
              0.026240944862365723,
              0.0234358012676239,
              0.022768042981624603,
              0.022347085177898407,
              0.022794585675001144,
              0.022538937628269196,
              0.022450927644968033,
              0.022392254322767258,
              0.02192612737417221,
              0.022364314645528793,
              0.021900981664657593,
              0.022275839000940323,
              0.022188294678926468,
              0.02247793599963188,
              0.022240914404392242,
              0.022724736481904984,
              0.021977350115776062,
              0.022224150598049164,
              0.02198014408349991,
              0.02229493111371994,
              0.022375956177711487,
              0.022922642529010773,
              0.023663043975830078,
              0.023227650672197342,
              0.022647902369499207,
              0.022427178919315338,
              0.0224369578063488,
              0.02241460606455803,
              0.022339634597301483,
              0.022421125322580338,
              0.022279098629951477,
              0.022373627871274948,
              0.022567808628082275,
              0.022234860807657242,
              0.02202717587351799,
              0.022444874048233032,
              0.02440204843878746,
              0.022176187485456467,
              0.02246396616101265,
              0.022506341338157654,
              0.02219993621110916,
              0.02271309494972229,
              0.02253986895084381,
              0.022707972675561905,
              0.022695399820804596,
              0.022919848561286926,
              0.022619962692260742,
              0.022277235984802246,
              0.02263486385345459,
              0.022328924387693405,
              0.02226792275905609,
              0.023493077605962753,
              0.022333115339279175,
              0.02234615385532379,
              0.022375956177711487,
              0.02208864316344261,
              0.022115185856819153,
              0.022063031792640686,
              0.022127293050289154,
              0.02261204645037651,
              0.02233590930700302,
              0.022415071725845337,
              0.022629741579294205,
              0.022452324628829956,
              0.022360123693943024,
              0.022213906049728394,
              0.022670254111289978,
              0.022782012820243835,
              0.021964777261018753
            ],
            "p99": 0.025358982384204865
          }
        },
        "segment_latency": {
          "vision_encoder": {
            "min": 3.0867199897766113,
            "median": 3.102671980857849,
            "n": 100,
            "samples_ms": [
              3.088479995727539,
              3.0867199897766113,
              3.089344024658203,
              3.1107840538024902,
              3.1244161128997803,
              3.1238720417022705,
              3.12390398979187,
              3.1249918937683105,
              3.124095916748047,
              3.1231040954589844,
              3.1109440326690674,
              3.0985920429229736,
              3.09881591796875,
              3.0985279083251953,
              3.099008083343506,
              3.098752021789551,
              3.0988800525665283,
              3.0986239910125732,
              3.0988800525665283,
              3.102816104888916,
              3.0992960929870605,
              3.098655939102173,
              3.0987839698791504,
              3.101248025894165,
              3.098720073699951,
              3.098560094833374,
              3.0995841026306152,
              3.0985920429229736,
              3.098464012145996,
              3.0985279083251953,
              3.098752021789551,
              3.0996479988098145,
              3.100800037384033,
              3.100383996963501,
              3.099616050720215,
              3.1007039546966553,
              3.099008083343506,
              3.100831985473633,
              3.0998079776763916,
              3.100640058517456,
              3.1029438972473145,
              3.100735902786255,
              3.098912000656128,
              3.1021759510040283,
              3.0986878871917725,
              3.102720022201538,
              3.1046719551086426,
              3.0984959602355957,
              3.100831985473633,
              3.1017279624938965,
              3.1027519702911377,
              3.1009600162506104,
              3.1007680892944336,
              3.1006720066070557,
              3.1008639335632324,
              3.1006720066070557,
              3.100895881652832,
              3.102911949157715,
              3.1027519702911377,
              3.1026880741119385,
              3.1009280681610107,
              3.098560094833374,
              3.1026558876037598,
              3.100831985473633,
              3.1008639335632324,
              3.1109120845794678,
              3.1111040115356445,
              3.1005759239196777,
              3.111072063446045,
              3.102720022201538,
              3.1110079288482666,
              3.111072063446045,
              3.102816104888916,
              3.110879898071289,
              3.102976083755493,
              3.102720022201538,
              3.110975980758667,
              3.1026880741119385,
              3.1111679077148438,
              3.111072063446045,
              3.111072063446045,
              3.1109120845794678,
              3.111072063446045,
              3.110208034515381,
              3.1109440326690674,
              3.110975980758667,
              3.1119680404663086,
              3.1110079288482666,
              3.1106879711151123,
              3.1111679077148438,
              3.1100800037384033,
              3.110975980758667,
              3.111936092376709,
              3.1109120845794678,
              3.1111679077148438,
              3.112191915512085,
              3.1112639904022217,
              3.111135959625244,
              3.110879898071289,
              3.1109440326690674
            ],
            "p99": 3.1244161128997803
          },
          "llm_backbone": {
            "min": 12.104576110839844,
            "median": 12.237872123718262,
            "n": 100,
            "samples_ms": [
              12.104576110839844,
              12.13424015045166,
              12.13548755645752,
              12.163040161132812,
              12.193792343139648,
              12.189599990844727,
              12.206175804138184,
              12.19753646850586,
              12.214048385620117,
              12.213983535766602,
              12.225536346435547,
              12.218303680419922,
              12.22646427154541,
              12.219584465026855,
              12.209919929504395,
              12.222111701965332,
              12.218496322631836,
              12.230527877807617,
              12.22655963897705,
              12.234527587890625,
              12.232768058776855,
              12.230719566345215,
              12.23964786529541,
              12.240287780761719,
              12.236000061035156,
              12.231167793273926,
              12.23465633392334,
              12.230208396911621,
              12.231712341308594,
              12.242048263549805,
              12.23475170135498,
              12.23475170135498,
              12.23475170135498,
              12.236319541931152,
              12.238719940185547,
              12.248096466064453,
              12.22985553741455,
              12.23583984375,
              12.239935874938965,
              12.2489595413208,
              12.243200302124023,
              12.234848022460938,
              12.248191833496094,
              12.254400253295898,
              12.248031616210938,
              12.246175765991211,
              12.242079734802246,
              12.239007949829102,
              12.250944137573242,
              12.237695693969727,
              12.234560012817383,
              12.236800193786621,
              12.233728408813477,
              12.237919807434082,
              12.236224174499512,
              12.254176139831543,
              12.239999771118164,
              12.242176055908203,
              12.229791641235352,
              12.241888046264648,
              12.243647575378418,
              12.24403190612793,
              12.248127937316895,
              12.242112159729004,
              12.238880157470703,
              12.242591857910156,
              12.245951652526855,
              12.237855911254883,
              12.247872352600098,
              12.254207611083984,
              12.247072219848633,
              12.233471870422363,
              12.23686408996582,
              12.23465633392334,
              12.242207527160645,
              12.25113582611084,
              12.23788833618164,
              12.238431930541992,
              12.250335693359375,
              12.238016128540039,
              12.231840133666992,
              12.23481559753418,
              12.254464149475098,
              12.243712425231934,
              12.242176055908203,
              12.242048263549805,
              12.236607551574707,
              12.23363208770752,
              12.237919807434082,
              12.243136405944824,
              12.243647575378418,
              12.239392280578613,
              12.238880157470703,
              12.241632461547852,
              12.236607551574707,
              12.246272087097168,
              12.246591567993164,
              12.247103691101074,
              12.237728118896484,
              12.244000434875488
            ],
            "p99": 12.254400253295898
          },
          "action_expert": {
            "min": 8.900256156921387,
            "median": 8.912271976470947,
            "n": 100,
            "samples_ms": [
              8.915264129638672,
              8.914239883422852,
              8.923040390014648,
              8.91478443145752,
              8.911359786987305,
              8.91478443145752,
              8.91097640991211,
              8.910943984985352,
              8.911040306091309,
              8.912639617919922,
              8.912735939025879,
              8.914527893066406,
              8.913087844848633,
              8.910816192626953,
              8.91097640991211,
              8.900256156921387,
              8.910847663879395,
              8.90220832824707,
              8.904447555541992,
              8.91055965423584,
              8.91267204284668,
              8.91267204284668,
              8.924127578735352,
              8.91327953338623,
              8.911104202270508,
              8.924448013305664,
              8.911520004272461,
              8.912735939025879,
              8.911680221557617,
              8.922368049621582,
              8.924351692199707,
              8.916576385498047,
              8.915103912353516,
              8.912735939025879,
              8.903424263000488,
              8.910335540771484,
              8.92796802520752,
              8.914143562316895,
              8.91379165649414,
              8.923744201660156,
              8.924063682556152,
              8.910783767700195,
              8.913472175598145,
              8.923680305480957,
              8.91097640991211,
              8.90278434753418,
              8.910880088806152,
              8.910623550415039,
              8.910943984985352,
              8.922176361083984,
              8.914976119995117,
              8.923199653625488,
              8.91100788116455,
              8.910431861877441,
              8.911359786987305,
              8.914719581604004,
              8.910719871520996,
              8.913599967956543,
              8.91107177734375,
              8.91312026977539,
              8.911168098449707,
              8.911392211914062,
              8.915040016174316,
              8.922176361083984,
              8.910816192626953,
              8.902496337890625,
              8.910847663879395,
              8.910335540771484,
              8.9136962890625,
              8.91097640991211,
              8.915136337280273,
              8.911904335021973,
              8.91097640991211,
              8.905856132507324,
              8.91097640991211,
              8.91478443145752,
              8.922176361083984,
              8.91049575805664,
              8.910880088806152,
              8.914143562316895,
              8.915040016174316,
              8.91100788116455,
              8.912832260131836,
              8.923104286193848,
              8.91107177734375,
              8.910943984985352,
              8.91100788116455,
              8.910207748413086,
              8.9170560836792,
              8.910911560058594,
              8.911456108093262,
              8.913023948669434,
              8.912799835205078,
              8.912735939025879,
              8.910847663879395,
              8.914719581604004,
              8.911168098449707,
              8.902048110961914,
              8.914815902709961,
              8.914976119995117
            ],
            "p99": 8.924448013305664
          }
        },
        "overhead": {
          "min": -0.1939425840973854,
          "median": -0.2615854386240244,
          "p99": -0.13354739546775818
        }
      },
      "attribution": null,
      "runtime_observation": {
        "before": {
          "clocks.sm": "2550",
          "clocks.mem": "13801",
          "pstate": "P1",
          "temperature.gpu": "51",
          "power.draw": "162.33",
          "clocks_event_reasons.active": "0x0000000000000000"
        },
        "after": {
          "clocks.sm": "2895",
          "clocks.mem": "13801",
          "pstate": "P1",
          "temperature.gpu": "58",
          "power.draw": "357.45",
          "clocks_event_reasons.active": "0x0000000000000000"
        }
      },
      "options": {
        "workload": "libero"
      },
      "process_id": 3297695,
      "gpu_uuid": "GPU-7fc626f4-bce7-9a11-81de-0eaedc93e242",
      "implementation_source": null,
      "leg": 0
    }
  ],
  "deltas": null
}
