== leg 0: hardware/nvidia/rtx5090/pi05 plan=shipped
{
  "identity": {
    "schema_version": 3,
    "target": "hardware/nvidia/rtx5090/pi05",
    "hardware": "rtx5090-32gb",
    "model": "pi05",
    "shape_profile": "action_dim32-batch1-chunk10-encoder_dim2048-encoder_ffn_dim16384-expert_dim1024-expert_ffn_dim4096-expert_tokens10-head_dim256-image_channels3-image_height224-image_width224-kv_heads1-layers18-num_views2-prefix_len712-prompt_len200-qkv_width2560-query_heads8-state_dim32-steps10-vision_dim1152-vision_ffn_dim4304-vision_head_dim72-vision_heads16-vision_layers27-visual_tokens512-visual_tokens_per_view256",
    "shape": {
      "batch": 1,
      "num_views": 2,
      "image_height": 224,
      "image_width": 224,
      "image_channels": 3,
      "visual_tokens_per_view": 256,
      "visual_tokens": 512,
      "vision_dim": 1152,
      "vision_ffn_dim": 4304,
      "vision_heads": 16,
      "vision_head_dim": 72,
      "vision_layers": 27,
      "prompt_len": 200,
      "prefix_len": 712,
      "chunk": 10,
      "expert_tokens": 10,
      "state_dim": 32,
      "action_dim": 32,
      "steps": 10,
      "layers": 18,
      "encoder_dim": 2048,
      "encoder_ffn_dim": 16384,
      "query_heads": 8,
      "kv_heads": 1,
      "head_dim": 256,
      "qkv_width": 2560,
      "expert_dim": 1024,
      "expert_ffn_dim": 4096
    },
    "plan": {
      "vision_encoder_patch_embed": "torch",
      "vision_encoder_norm_qkv": "cutlass-vision",
      "vision_encoder_attention": "torch",
      "vision_encoder_out_proj_residual": "cutlass-vision",
      "vision_encoder_norm_ffn_up": "cutlass-vision",
      "vision_encoder_ffn_down_residual": "cutlass-vision",
      "llm_backbone_projector": "torch",
      "llm_backbone_embed_prompt": "torch",
      "llm_backbone_norm_qkv_rope": "fused-prefix-qkv",
      "llm_backbone_attention": "torch",
      "llm_backbone_out_proj_residual_masked": "cutlass-backbone",
      "llm_backbone_norm_gated_ffn_masked": "cutlass-backbone",
      "llm_backbone_ffn_down_residual_masked": "cutlass-backbone",
      "action_expert_action_in_proj": "torch",
      "action_expert_norm_qkv_rope": "triton-qkv-finish",
      "action_expert_attention": "triton-qk-attention",
      "action_expert_out_proj_residual": "cutlass-expert-residual",
      "action_expert_norm_gated_ffn": "dual-ffn",
      "action_expert_ffn_down_residual": "cutlass-expert-residual",
      "action_expert_action_out_proj": "fused-qkv"
    },
    "model_revision": "pi05-r1",
    "engine_revision": "c8026ea886d961c3c0ba622a5146f6870d911c02",
    "inference_signature": "sha256:a79c1f62c3f14674ad87e88a89bb5f66ac650e1c497ccf5076e64017b55d9f6f",
    "execution_variant": {
      "quantization": {
        "mode": "bf16"
      },
      "cache": {
        "mode": "none"
      }
    }
  },
  "protocol": "latency-v2",
  "instrumented": false,
  "measurement_context": {
    "weights": {
      "checkpoint_id": "flash-vla/pi05-random-checkpoint/v2/seed-0",
      "checkpoint_digest": "flash-vla/pi05-random-checkpoint/v2/seed-0"
    },
    "fixture": {
      "id": "flash-vla/pi05-inputs-v2/seed-0",
      "digest": "sha256:186266f9050d21a33ecfa4de7b9d54fe4851c8671f379edb5bc426c775184ce2"
    },
    "environment": {
      "gpu_sku": "NVIDIA GeForce RTX 5090",
      "driver": "580.142",
      "cuda_runtime": "13.0",
      "pytorch": "2.13.0+cu130",
      "tilelang": "0.1.11",
      "clock_policy": {
        "benchmark_control": "inherit",
        "slurm_gpu_freq_request": null,
        "effective_locked_clocks": "unobserved"
      },
      "power_policy": {
        "requested_limit_w": 600.0,
        "enforced_limit_w": 600.0
      },
      "capture_regime": "cuda_graph",
      "clock_observation": {
        "application_graphics_mhz": "[N/A]",
        "application_memory_mhz": "[N/A]"
      }
    },
    "workload": "libero",
    "hostname": "ubun",
    "slurm_job_id": null,
    "timestamp": 1790438355.3137128,
    "reference_provenance": {}
  },
  "env": {
    "gpu": "NVIDIA GeForce RTX 5090",
    "python": "3.12.13",
    "torch": "2.13.0+cu130",
    "torch_cuda": "13.0",
    "tilelang": "0.1.11",
    "gpu_uuid": "GPU-7fc626f4-bce7-9a11-81de-0eaedc93e242",
    "runtime_observation": {
      "clocks.sm": "2910",
      "clocks.mem": "13801",
      "pstate": "P1",
      "temperature.gpu": "52",
      "power.draw": "341.38",
      "clocks_event_reasons.active": "0x0000000000000000"
    },
    "node": "ubun",
    "job": null,
    "driver": "580.142",
    "clocks": "unlocked",
    "clock_policy": {
      "benchmark_control": "inherit",
      "slurm_gpu_freq_request": null,
      "effective_locked_clocks": "unobserved"
    },
    "clock_observation": {
      "application_graphics_mhz": "[N/A]",
      "application_memory_mhz": "[N/A]"
    },
    "power_policy": {
      "requested_limit_w": 600.0,
      "enforced_limit_w": 600.0
    }
  },
  "config": {
    "reps": 100,
    "warmup": 5,
    "seed": 0,
    "plans": [
      "shipped"
    ],
    "calibration": false,
    "breakdown": true,
    "primary_statistic": "median",
    "capture_policy": "fresh-process-first-capture-per-leg",
    "statistics": [
      "min",
      "median",
      "p99"
    ],
    "p99_min_reps": 100,
    "soak_s": 0,
    "control_spread_max_ms": null,
    "attribution": false,
    "leg_options": [
      {}
    ]
  },
  "legs": [
    {
      "plan": "shipped",
      "identity": {
        "schema_version": 3,
        "target": "hardware/nvidia/rtx5090/pi05",
        "hardware": "rtx5090-32gb",
        "model": "pi05",
        "shape_profile": "action_dim32-batch1-chunk10-encoder_dim2048-encoder_ffn_dim16384-expert_dim1024-expert_ffn_dim4096-expert_tokens10-head_dim256-image_channels3-image_height224-image_width224-kv_heads1-layers18-num_views2-prefix_len712-prompt_len200-qkv_width2560-query_heads8-state_dim32-steps10-vision_dim1152-vision_ffn_dim4304-vision_head_dim72-vision_heads16-vision_layers27-visual_tokens512-visual_tokens_per_view256",
        "shape": {
          "batch": 1,
          "num_views": 2,
          "image_height": 224,
          "image_width": 224,
          "image_channels": 3,
          "visual_tokens_per_view": 256,
          "visual_tokens": 512,
          "vision_dim": 1152,
          "vision_ffn_dim": 4304,
          "vision_heads": 16,
          "vision_head_dim": 72,
          "vision_layers": 27,
          "prompt_len": 200,
          "prefix_len": 712,
          "chunk": 10,
          "expert_tokens": 10,
          "state_dim": 32,
          "action_dim": 32,
          "steps": 10,
          "layers": 18,
          "encoder_dim": 2048,
          "encoder_ffn_dim": 16384,
          "query_heads": 8,
          "kv_heads": 1,
          "head_dim": 256,
          "qkv_width": 2560,
          "expert_dim": 1024,
          "expert_ffn_dim": 4096
        },
        "plan": {
          "vision_encoder_patch_embed": "torch",
          "vision_encoder_norm_qkv": "cutlass-vision",
          "vision_encoder_attention": "torch",
          "vision_encoder_out_proj_residual": "cutlass-vision",
          "vision_encoder_norm_ffn_up": "cutlass-vision",
          "vision_encoder_ffn_down_residual": "cutlass-vision",
          "llm_backbone_projector": "torch",
          "llm_backbone_embed_prompt": "torch",
          "llm_backbone_norm_qkv_rope": "fused-prefix-qkv",
          "llm_backbone_attention": "torch",
          "llm_backbone_out_proj_residual_masked": "cutlass-backbone",
          "llm_backbone_norm_gated_ffn_masked": "cutlass-backbone",
          "llm_backbone_ffn_down_residual_masked": "cutlass-backbone",
          "action_expert_action_in_proj": "torch",
          "action_expert_norm_qkv_rope": "triton-qkv-finish",
          "action_expert_attention": "triton-qk-attention",
          "action_expert_out_proj_residual": "cutlass-expert-residual",
          "action_expert_norm_gated_ffn": "dual-ffn",
          "action_expert_ffn_down_residual": "cutlass-expert-residual",
          "action_expert_action_out_proj": "fused-qkv"
        },
        "model_revision": "pi05-r1",
        "engine_revision": "c8026ea886d961c3c0ba622a5146f6870d911c02",
        "inference_signature": "sha256:a79c1f62c3f14674ad87e88a89bb5f66ac650e1c497ccf5076e64017b55d9f6f",
        "execution_variant": {
          "quantization": {
            "mode": "bf16"
          },
          "cache": {
            "mode": "none"
          }
        }
      },
      "measurement_context": {
        "weights": {
          "checkpoint_id": "flash-vla/pi05-random-checkpoint/v2/seed-0",
          "checkpoint_digest": "flash-vla/pi05-random-checkpoint/v2/seed-0"
        },
        "fixture": {
          "id": "flash-vla/pi05-inputs-v2/seed-0",
          "digest": "sha256:186266f9050d21a33ecfa4de7b9d54fe4851c8671f379edb5bc426c775184ce2"
        },
        "environment": {
          "gpu_sku": "NVIDIA GeForce RTX 5090",
          "driver": "580.142",
          "cuda_runtime": "13.0",
          "pytorch": "2.13.0+cu130",
          "tilelang": "0.1.11",
          "clock_policy": {
            "benchmark_control": "inherit",
            "slurm_gpu_freq_request": null,
            "effective_locked_clocks": "unobserved"
          },
          "power_policy": {
            "requested_limit_w": 600.0,
            "enforced_limit_w": 600.0
          },
          "capture_regime": "cuda_graph",
          "clock_observation": {
            "application_graphics_mhz": "[N/A]",
            "application_memory_mhz": "[N/A]"
          }
        },
        "workload": "libero",
        "hostname": "ubun",
        "slurm_job_id": null,
        "timestamp": 1790438355.3137128,
        "reference_provenance": {}
      },
      "metrics": {
        "chunk_latency": {
          "min": 26.036005932837725,
          "median": 26.092195417732,
          "n": 100,
          "samples_ms": [
            26.086900383234024,
            26.070485822856426,
            26.075344998389482,
            26.036005932837725,
            26.060554198920727,
            26.08133712783456,
            26.092933025211096,
            26.0717929340899,
            26.258652098476887,
            26.246531400829554,
            26.26691898331046,
            26.083079166710377,
            26.071521919220686,
            26.104646269232035,
            26.08687011525035,
            26.08864102512598,
            26.074077002704144,
            26.087572798132896,
            26.07374405488372,
            26.08342096209526,
            26.067876257002354,
            26.260496582835913,
            26.243952102959156,
            26.07743488624692,
            26.066880207508802,
            26.110618840903044,
            26.079311966896057,
            26.091457810252905,
            26.273340918123722,
            26.209639851003885,
            26.072334963828325,
            26.260520797222853,
            26.236569974571466,
            26.06332628056407,
            26.262817904353142,
            26.239234022796154,
            26.067597791552544,
            26.247686706483364,
            26.27178793773055,
            26.214818935841322,
            26.076029986143112,
            26.2684291228652,
            26.191751938313246,
            26.071518193930387,
            26.262726169079542,
            26.23103279620409,
            26.06967929750681,
            26.25887095928192,
            26.23749990016222,
            26.06749115511775,
            26.244501117616892,
            26.255109813064337,
            26.06398705393076,
            26.07827028259635,
            26.26230474561453,
            26.207292918115854,
            26.074844878166914,
            26.27048408612609,
            26.210031006485224,
            26.07152797281742,
            26.265230029821396,
            26.229273062199354,
            26.073039043694735,
            26.24398237094283,
            26.238732039928436,
            26.064950041472912,
            26.076429057866335,
            26.069703046232462,
            26.07289468869567,
            26.072784326970577,
            26.266545988619328,
            26.22332703322172,
            26.07928914949298,
            26.273566763848066,
            26.233170181512833,
            26.053347624838352,
            26.252404786646366,
            26.2439651414752,
            26.060601230710745,
            26.07074286788702,
            26.253431104123592,
            26.209573727101088,
            26.063357945531607,
            26.263236068189144,
            26.224646717309952,
            26.07101295143366,
            26.264726649969816,
            26.225635781884193,
            26.070543099194765,
            26.24114416539669,
            26.23744308948517,
            26.07047138735652,
            26.07561694458127,
            26.086749974638224,
            26.06884902343154,
            26.087339967489243,
            26.25963371247053,
            26.218076702207327,
            26.07177384197712,
            26.263969019055367
          ],
          "p99": 26.273340918123722
        },
        "device_latency": {
          "min": 26.050399780273438,
          "median": 26.210208892822266,
          "n": 100,
          "samples_ms": [
            26.088031768798828,
            26.264352798461914,
            26.20140838623047,
            26.06070327758789,
            26.26633644104004,
            26.211423873901367,
            26.090303421020508,
            26.255104064941406,
            26.239456176757812,
            26.089664459228516,
            26.240127563476562,
            26.233312606811523,
            26.06118392944336,
            26.238143920898438,
            26.269216537475586,
            26.195295333862305,
            26.076416015625,
            26.2706241607666,
            26.209056854248047,
            26.085887908935547,
            26.260576248168945,
            26.216096878051758,
            26.0797119140625,
            26.2609920501709,
            26.224863052368164,
            26.065471649169922,
            26.24038314819336,
            26.251487731933594,
            26.07561683654785,
            26.08585548400879,
            26.062015533447266,
            26.071008682250977,
            26.072704315185547,
            26.264768600463867,
            26.211360931396484,
            26.06831932067871,
            26.261056900024414,
            26.22492790222168,
            26.062719345092773,
            26.24822425842285,
            26.245023727416992,
            26.072128295898438,
            26.076704025268555,
            26.27395248413086,
            26.2040958404541,
            26.070463180541992,
            26.274368286132812,
            26.20345687866211,
            26.065631866455078,
            26.250688552856445,
            26.225536346435547,
            26.075359344482422,
            26.228160858154297,
            26.236032485961914,
            26.050399780273438,
            26.06185531616211,
            26.063072204589844,
            26.06070327758789,
            26.072864532470703,
            26.26188850402832,
            26.22652816772461,
            26.071264266967773,
            26.25212860107422,
            26.231008529663086,
            26.073152542114258,
            26.26416015625,
            26.23958396911621,
            26.07321548461914,
            26.062175750732422,
            26.063199996948242,
            26.06777572631836,
            26.078943252563477,
            26.262144088745117,
            26.202688217163086,
            26.0599365234375,
            26.24687957763672,
            26.229951858520508,
            26.07391929626465,
            26.2455997467041,
            26.23289680480957,
            26.0567684173584,
            26.236736297607422,
            26.24857521057129,
            26.1909122467041,
            26.065216064453125,
            26.287519454956055,
            26.218080520629883,
            26.072032928466797,
            26.258560180664062,
            26.213472366333008,
            26.07756805419922,
            26.241439819335938,
            26.238304138183594,
            26.063392639160156,
            26.240447998046875,
            26.250688552856445,
            26.06278419494629,
            26.081056594848633,
            26.262720108032227,
            26.20636749267578
          ],
          "p99": 26.274368286132812
        },
        "host_time": {
          "prompt": {
            "min": 0.02102600410580635,
            "median": 0.02152589149773121,
            "n": 100,
            "samples_ms": [
              0.029550865292549133,
              0.022975727915763855,
              0.02193264663219452,
              0.022304244339466095,
              0.02190377563238144,
              0.02181529998779297,
              0.027737580239772797,
              0.0217328779399395,
              0.021887943148612976,
              0.0224187970161438,
              0.02218782901763916,
              0.021995045244693756,
              0.021203886717557907,
              0.021517276763916016,
              0.0217510387301445,
              0.02254825085401535,
              0.02183998003602028,
              0.024477019906044006,
              0.021774787455797195,
              0.021634623408317566,
              0.02153683453798294,
              0.021934974938631058,
              0.021480023860931396,
              0.021502375602722168,
              0.021283049136400223,
              0.021527055650949478,
              0.02133706584572792,
              0.021600164473056793,
              0.021356623619794846,
              0.021865125745534897,
              0.02170167863368988,
              0.02352474257349968,
              0.021538231521844864,
              0.021393876522779465,
              0.021603889763355255,
              0.021527986973524094,
              0.02190377563238144,
              0.021327286958694458,
              0.021560117602348328,
              0.021819956600666046,
              0.02138223499059677,
              0.02129189670085907,
              0.021443236619234085,
              0.02152472734451294,
              0.021290965378284454,
              0.021445099264383316,
              0.021887943148612976,
              0.021650921553373337,
              0.021459069103002548,
              0.021059997379779816,
              0.02153078094124794,
              0.021377112716436386,
              0.021413899958133698,
              0.021460000425577164,
              0.021257903426885605,
              0.021214131265878677,
              0.02138875424861908,
              0.021688174456357956,
              0.021678395569324493,
              0.021270010620355606,
              0.021266285330057144,
              0.021824147552251816,
              0.02102600410580635,
              0.0235079787671566,
              0.021109823137521744,
              0.021440908312797546,
              0.021455809473991394,
              0.021461863070726395,
              0.021274201571941376,
              0.02137618139386177,
              0.02132263034582138,
              0.021717045456171036,
              0.021410174667835236,
              0.02537015825510025,
              0.02119690179824829,
              0.021395739167928696,
              0.0214441679418087,
              0.021921005100011826,
              0.021721236407756805,
              0.021327286958694458,
              0.023384112864732742,
              0.021538231521844864,
              0.02173706889152527,
              0.021662097424268723,
              0.021404121071100235,
              0.021428801119327545,
              0.021171756088733673,
              0.021589919924736023,
              0.021288171410560608,
              0.021162908524274826,
              0.021156854927539825,
              0.02130633220076561,
              0.021573156118392944,
              0.021237879991531372,
              0.021922867745161057,
              0.021578744053840637,
              0.021114014089107513,
              0.021466054022312164,
              0.02150796353816986,
              0.02133892849087715
            ],
            "p99": 0.027737580239772797
          }
        },
        "segment_latency": {
          "vision_encoder": {
            "min": 3.1467199325561523,
            "median": 3.14792001247406,
            "n": 100,
            "samples_ms": [
              3.151360034942627,
              3.1504640579223633,
              3.151776075363159,
              3.1477439403533936,
              3.149440050125122,
              3.1509759426116943,
              3.1501119136810303,
              3.1494719982147217,
              3.1531200408935547,
              3.1499838829040527,
              3.1553919315338135,
              3.149087905883789,
              3.148224115371704,
              3.153343915939331,
              3.1476480960845947,
              3.1476480960845947,
              3.1491200923919678,
              3.1481919288635254,
              3.1473920345306396,
              3.1480960845947266,
              3.1495680809020996,
              3.1552319526672363,
              3.147200107574463,
              3.147615909576416,
              3.1551361083984375,
              3.150496006011963,
              3.148063898086548,
              3.1470720767974854,
              3.148063898086548,
              3.1496639251708984,
              3.1471359729766846,
              3.147104024887085,
              3.147615909576416,
              3.147871971130371,
              3.1468799114227295,
              3.1490559577941895,
              3.1475839614868164,
              3.1480000019073486,
              3.147200107574463,
              3.14847993850708,
              3.1514880657196045,
              3.1479039192199707,
              3.1501760482788086,
              3.1478400230407715,
              3.1480000019073486,
              3.1484479904174805,
              3.1468799114227295,
              3.1476480960845947,
              3.1476800441741943,
              3.1480000019073486,
              3.1488640308380127,
              3.147007942199707,
              3.1475839614868164,
              3.1470720767974854,
              3.1531519889831543,
              3.1476480960845947,
              3.1479361057281494,
              3.1467199325561523,
              3.147615909576416,
              3.1530559062957764,
              3.147871971130371,
              3.1476480960845947,
              3.153280019760132,
              3.1470398902893066,
              3.1487998962402344,
              3.14684796333313,
              3.1478400230407715,
              3.147808074951172,
              3.1468799114227295,
              3.1482560634613037,
              3.1469759941101074,
              3.149535894393921,
              3.1471359729766846,
              3.1469759941101074,
              3.147615909576416,
              3.147775888442993,
              3.1479039192199707,
              3.1482560634613037,
              3.153183937072754,
              3.147007942199707,
              3.149696111679077,
              3.153343915939331,
              3.1470720767974854,
              3.1475839614868164,
              3.1470398902893066,
              3.148159980773926,
              3.1472959518432617,
              3.147520065307617,
              3.149247884750366,
              3.1472959518432617,
              3.147552013397217,
              3.1473920345306396,
              3.1480960845947266,
              3.1485118865966797,
              3.1487679481506348,
              3.147200107574463,
              3.148576021194458,
              3.146912097930908,
              3.148128032684326,
              3.1476480960845947
            ],
            "p99": 3.1552319526672363
          },
          "llm_backbone": {
            "min": 14.09062385559082,
            "median": 14.332704067230225,
            "n": 100,
            "samples_ms": [
              14.09062385559082,
              14.121024131774902,
              14.144063949584961,
              14.157376289367676,
              14.171072006225586,
              14.198111534118652,
              14.20627212524414,
              14.218591690063477,
              14.23043155670166,
              14.230815887451172,
              14.242464065551758,
              14.246623992919922,
              14.244607925415039,
              14.254912376403809,
              14.256832122802734,
              14.267775535583496,
              14.279007911682129,
              14.285504341125488,
              14.284031867980957,
              14.291935920715332,
              14.298591613769531,
              14.303775787353516,
              14.316255569458008,
              14.316224098205566,
              14.308832168579102,
              14.317024230957031,
              14.322367668151855,
              14.32156753540039,
              14.316255569458008,
              14.316032409667969,
              14.3187837600708,
              14.320992469787598,
              14.321951866149902,
              14.330143928527832,
              14.331071853637695,
              14.329504013061523,
              14.328512191772461,
              14.32975959777832,
              14.329471588134766,
              14.33356761932373,
              14.328767776489258,
              14.337087631225586,
              14.329055786132812,
              14.33244800567627,
              14.333760261535645,
              14.330080032348633,
              14.333056449890137,
              14.33465576171875,
              14.332768440246582,
              14.333503723144531,
              14.328960418701172,
              14.331263542175293,
              14.34175968170166,
              14.3406400680542,
              14.33414363861084,
              14.340576171875,
              14.332672119140625,
              14.34067153930664,
              14.34182357788086,
              14.33465576171875,
              14.340991973876953,
              14.332863807678223,
              14.332768440246582,
              14.341055870056152,
              14.340800285339355,
              14.340800285339355,
              14.340991973876953,
              14.340736389160156,
              14.340831756591797,
              14.332736015319824,
              14.328864097595215,
              14.331487655639648,
              14.34607982635498,
              14.34233570098877,
              14.340895652770996,
              14.340767860412598,
              14.332608222961426,
              14.3406400680542,
              14.348992347717285,
              14.3406400680542,
              14.341279983520508,
              14.346176147460938,
              14.340607643127441,
              14.341888427734375,
              14.341055870056152,
              14.341856002807617,
              14.338591575622559,
              14.341055870056152,
              14.34115219116211,
              14.340831756591797,
              14.332832336425781,
              14.341279983520508,
              14.328800201416016,
              14.342559814453125,
              14.341856002807617,
              14.341695785522461,
              14.33456039428711,
              14.340895652770996,
              14.340864181518555,
              14.341024398803711
            ],
            "p99": 14.346176147460938
          },
          "action_expert": {
            "min": 8.972000122070312,
            "median": 8.99619197845459,
            "n": 100,
            "samples_ms": [
              9.011167526245117,
              9.010016441345215,
              9.009696006774902,
              9.020544052124023,
              9.01097583770752,
              9.009984016418457,
              9.000960350036621,
              9.000767707824707,
              9.01523208618164,
              8.999520301818848,
              9.008768081665039,
              8.996800422668457,
              9.006719589233398,
              8.99824047088623,
              9.008607864379883,
              9.000543594360352,
              9.00057601928711,
              9.020064353942871,
              9.000991821289062,
              9.00870418548584,
              9.000639915466309,
              9.167840003967285,
              9.007712364196777,
              9.009183883666992,
              8.998815536499023,
              9.008831977844238,
              9.00812816619873,
              9.008959770202637,
              9.008000373840332,
              9.009056091308594,
              9.008671760559082,
              8.998751640319824,
              9.021023750305176,
              8.996095657348633,
              9.021023750305176,
              8.997504234313965,
              9.009471893310547,
              8.999551773071289,
              9.003711700439453,
              8.988415718078613,
              8.996671676635742,
              8.986368179321289,
              8.984928131103516,
              8.996831893920898,
              8.984383583068848,
              8.98476791381836,
              8.986559867858887,
              8.984640121459961,
              8.984479904174805,
              8.984064102172852,
              8.98425579071045,
              8.996735572814941,
              8.987808227539062,
              8.985983848571777,
              8.996671676635742,
              8.98419189453125,
              8.984352111816406,
              8.984383583068848,
              8.984319686889648,
              8.984288215637207,
              8.984095573425293,
              8.996064186096191,
              8.996735572814941,
              8.984031677246094,
              8.986111640930176,
              8.985568046569824,
              8.986368179321289,
              8.984576225280762,
              8.972000122070312,
              8.996479988098145,
              8.987360000610352,
              8.996000289916992,
              8.975808143615723,
              9.002816200256348,
              8.985312461853027,
              8.984448432922363,
              8.984383583068848,
              8.996895790100098,
              8.990464210510254,
              8.996288299560547,
              8.9835844039917,
              8.988384246826172,
              8.984448432922363,
              8.992447853088379,
              8.986335754394531,
              8.9835844039917,
              8.996479988098145,
              8.98528003692627,
              8.9967041015625,
              8.984512329101562,
              8.984000205993652,
              8.984512329101562,
              8.995871543884277,
              8.984352111816406,
              8.996447563171387,
              8.984576225280762,
              8.985664367675781,
              8.986432075500488,
              8.98419189453125,
              8.987936019897461
            ],
            "p99": 9.021023750305176
          }
        },
        "overhead": {
          "min": -0.17333797737956047,
          "median": -0.38462064042687416,
          "p99": -0.24909093230962753
        }
      },
      "attribution": null,
      "runtime_observation": {
        "before": {
          "clocks.sm": "2910",
          "clocks.mem": "13801",
          "pstate": "P1",
          "temperature.gpu": "44",
          "power.draw": "156.46",
          "clocks_event_reasons.active": "0x0000000000000000"
        },
        "after": {
          "clocks.sm": "2910",
          "clocks.mem": "13801",
          "pstate": "P1",
          "temperature.gpu": "52",
          "power.draw": "341.38",
          "clocks_event_reasons.active": "0x0000000000000000"
        }
      },
      "options": {
        "workload": "libero"
      },
      "process_id": 3140896,
      "gpu_uuid": "GPU-7fc626f4-bce7-9a11-81de-0eaedc93e242",
      "implementation_source": null,
      "leg": 0
    }
  ],
  "deltas": null
}
