== leg 0: hardware/nvidia/rtx5090/pi05 plan=shipped
{
  "identity": {
    "schema_version": 3,
    "target": "hardware/nvidia/rtx5090/pi05",
    "hardware": "rtx5090-32gb",
    "model": "pi05",
    "shape_profile": "action_dim32-batch1-chunk10-encoder_dim2048-encoder_ffn_dim16384-expert_dim1024-expert_ffn_dim4096-expert_tokens10-head_dim256-image_channels3-image_height224-image_width224-kv_heads1-layers18-num_views2-prefix_len712-prompt_len200-qkv_width2560-query_heads8-state_dim32-steps10-vision_dim1152-vision_ffn_dim4304-vision_head_dim72-vision_heads16-vision_layers27-visual_tokens512-visual_tokens_per_view256",
    "shape": {
      "batch": 1,
      "num_views": 2,
      "image_height": 224,
      "image_width": 224,
      "image_channels": 3,
      "visual_tokens_per_view": 256,
      "visual_tokens": 512,
      "vision_dim": 1152,
      "vision_ffn_dim": 4304,
      "vision_heads": 16,
      "vision_head_dim": 72,
      "vision_layers": 27,
      "prompt_len": 200,
      "prefix_len": 712,
      "chunk": 10,
      "expert_tokens": 10,
      "state_dim": 32,
      "action_dim": 32,
      "steps": 10,
      "layers": 18,
      "encoder_dim": 2048,
      "encoder_ffn_dim": 16384,
      "query_heads": 8,
      "kv_heads": 1,
      "head_dim": 256,
      "qkv_width": 2560,
      "expert_dim": 1024,
      "expert_ffn_dim": 4096
    },
    "plan": {
      "vision_encoder_patch_embed": "torch",
      "vision_encoder_norm_qkv": "cutlass-vision",
      "vision_encoder_attention": "torch",
      "vision_encoder_out_proj_residual": "cutlass-vision",
      "vision_encoder_norm_ffn_up": "cutlass-vision",
      "vision_encoder_ffn_down_residual": "cutlass-vision",
      "llm_backbone_projector": "torch",
      "llm_backbone_embed_prompt": "torch",
      "llm_backbone_norm_qkv_rope": "fused-prefix-qkv",
      "llm_backbone_attention": "torch",
      "llm_backbone_out_proj_residual_masked": "bucketed-backbone",
      "llm_backbone_norm_gated_ffn_masked": "bucketed-backbone",
      "llm_backbone_ffn_down_residual_masked": "bucketed-backbone",
      "action_expert_action_in_proj": "torch",
      "action_expert_norm_qkv_rope": "triton-qkv-finish",
      "action_expert_attention": "triton-qk-attention",
      "action_expert_out_proj_residual": "cutlass-expert-residual",
      "action_expert_norm_gated_ffn": "dual-ffn",
      "action_expert_ffn_down_residual": "cutlass-expert-residual",
      "action_expert_action_out_proj": "fused-qkv"
    },
    "model_revision": "pi05-r1",
    "engine_revision": null,
    "inference_signature": "sha256:a79c1f62c3f14674ad87e88a89bb5f66ac650e1c497ccf5076e64017b55d9f6f",
    "execution_variant": {
      "quantization": {
        "mode": "bf16"
      },
      "cache": {
        "mode": "none"
      }
    }
  },
  "protocol": "latency-v2",
  "instrumented": false,
  "measurement_context": {
    "weights": {
      "checkpoint_id": "flash-vla/pi05-random-checkpoint/v2/seed-0",
      "checkpoint_digest": "flash-vla/pi05-random-checkpoint/v2/seed-0"
    },
    "fixture": {
      "id": "flash-vla/pi05-inputs-v2/seed-0",
      "digest": "sha256:186266f9050d21a33ecfa4de7b9d54fe4851c8671f379edb5bc426c775184ce2"
    },
    "environment": {
      "gpu_sku": "NVIDIA GeForce RTX 5090",
      "driver": "580.142",
      "cuda_runtime": "13.0",
      "pytorch": "2.13.0+cu130",
      "tilelang": "0.1.11",
      "clock_policy": {
        "benchmark_control": "inherit",
        "slurm_gpu_freq_request": null,
        "effective_locked_clocks": "unobserved"
      },
      "power_policy": {
        "requested_limit_w": 600.0,
        "enforced_limit_w": 600.0
      },
      "capture_regime": "cuda_graph",
      "clock_observation": {
        "application_graphics_mhz": "[N/A]",
        "application_memory_mhz": "[N/A]"
      }
    },
    "workload": "libero",
    "hostname": "ubun",
    "slurm_job_id": null,
    "timestamp": 1790438367.995247,
    "reference_provenance": {}
  },
  "env": {
    "gpu": "NVIDIA GeForce RTX 5090",
    "python": "3.12.13",
    "torch": "2.13.0+cu130",
    "torch_cuda": "13.0",
    "tilelang": "0.1.11",
    "gpu_uuid": "GPU-7fc626f4-bce7-9a11-81de-0eaedc93e242",
    "runtime_observation": {
      "clocks.sm": "2895",
      "clocks.mem": "13801",
      "pstate": "P1",
      "temperature.gpu": "55",
      "power.draw": "338.49",
      "clocks_event_reasons.active": "0x0000000000000000"
    },
    "node": "ubun",
    "job": null,
    "driver": "580.142",
    "clocks": "unlocked",
    "clock_policy": {
      "benchmark_control": "inherit",
      "slurm_gpu_freq_request": null,
      "effective_locked_clocks": "unobserved"
    },
    "clock_observation": {
      "application_graphics_mhz": "[N/A]",
      "application_memory_mhz": "[N/A]"
    },
    "power_policy": {
      "requested_limit_w": 600.0,
      "enforced_limit_w": 600.0
    }
  },
  "config": {
    "reps": 100,
    "warmup": 5,
    "seed": 0,
    "plans": [
      "shipped"
    ],
    "calibration": false,
    "breakdown": true,
    "primary_statistic": "median",
    "capture_policy": "fresh-process-first-capture-per-leg",
    "statistics": [
      "min",
      "median",
      "p99"
    ],
    "p99_min_reps": 100,
    "soak_s": 0,
    "control_spread_max_ms": null,
    "attribution": false,
    "leg_options": [
      {}
    ]
  },
  "legs": [
    {
      "plan": "shipped",
      "identity": {
        "schema_version": 3,
        "target": "hardware/nvidia/rtx5090/pi05",
        "hardware": "rtx5090-32gb",
        "model": "pi05",
        "shape_profile": "action_dim32-batch1-chunk10-encoder_dim2048-encoder_ffn_dim16384-expert_dim1024-expert_ffn_dim4096-expert_tokens10-head_dim256-image_channels3-image_height224-image_width224-kv_heads1-layers18-num_views2-prefix_len712-prompt_len200-qkv_width2560-query_heads8-state_dim32-steps10-vision_dim1152-vision_ffn_dim4304-vision_head_dim72-vision_heads16-vision_layers27-visual_tokens512-visual_tokens_per_view256",
        "shape": {
          "batch": 1,
          "num_views": 2,
          "image_height": 224,
          "image_width": 224,
          "image_channels": 3,
          "visual_tokens_per_view": 256,
          "visual_tokens": 512,
          "vision_dim": 1152,
          "vision_ffn_dim": 4304,
          "vision_heads": 16,
          "vision_head_dim": 72,
          "vision_layers": 27,
          "prompt_len": 200,
          "prefix_len": 712,
          "chunk": 10,
          "expert_tokens": 10,
          "state_dim": 32,
          "action_dim": 32,
          "steps": 10,
          "layers": 18,
          "encoder_dim": 2048,
          "encoder_ffn_dim": 16384,
          "query_heads": 8,
          "kv_heads": 1,
          "head_dim": 256,
          "qkv_width": 2560,
          "expert_dim": 1024,
          "expert_ffn_dim": 4096
        },
        "plan": {
          "vision_encoder_patch_embed": "torch",
          "vision_encoder_norm_qkv": "cutlass-vision",
          "vision_encoder_attention": "torch",
          "vision_encoder_out_proj_residual": "cutlass-vision",
          "vision_encoder_norm_ffn_up": "cutlass-vision",
          "vision_encoder_ffn_down_residual": "cutlass-vision",
          "llm_backbone_projector": "torch",
          "llm_backbone_embed_prompt": "torch",
          "llm_backbone_norm_qkv_rope": "fused-prefix-qkv",
          "llm_backbone_attention": "torch",
          "llm_backbone_out_proj_residual_masked": "bucketed-backbone",
          "llm_backbone_norm_gated_ffn_masked": "bucketed-backbone",
          "llm_backbone_ffn_down_residual_masked": "bucketed-backbone",
          "action_expert_action_in_proj": "torch",
          "action_expert_norm_qkv_rope": "triton-qkv-finish",
          "action_expert_attention": "triton-qk-attention",
          "action_expert_out_proj_residual": "cutlass-expert-residual",
          "action_expert_norm_gated_ffn": "dual-ffn",
          "action_expert_ffn_down_residual": "cutlass-expert-residual",
          "action_expert_action_out_proj": "fused-qkv"
        },
        "model_revision": "pi05-r1",
        "engine_revision": null,
        "inference_signature": "sha256:a79c1f62c3f14674ad87e88a89bb5f66ac650e1c497ccf5076e64017b55d9f6f",
        "execution_variant": {
          "quantization": {
            "mode": "bf16"
          },
          "cache": {
            "mode": "none"
          }
        }
      },
      "measurement_context": {
        "weights": {
          "checkpoint_id": "flash-vla/pi05-random-checkpoint/v2/seed-0",
          "checkpoint_digest": "flash-vla/pi05-random-checkpoint/v2/seed-0"
        },
        "fixture": {
          "id": "flash-vla/pi05-inputs-v2/seed-0",
          "digest": "sha256:186266f9050d21a33ecfa4de7b9d54fe4851c8671f379edb5bc426c775184ce2"
        },
        "environment": {
          "gpu_sku": "NVIDIA GeForce RTX 5090",
          "driver": "580.142",
          "cuda_runtime": "13.0",
          "pytorch": "2.13.0+cu130",
          "tilelang": "0.1.11",
          "clock_policy": {
            "benchmark_control": "inherit",
            "slurm_gpu_freq_request": null,
            "effective_locked_clocks": "unobserved"
          },
          "power_policy": {
            "requested_limit_w": 600.0,
            "enforced_limit_w": 600.0
          },
          "capture_regime": "cuda_graph",
          "clock_observation": {
            "application_graphics_mhz": "[N/A]",
            "application_memory_mhz": "[N/A]"
          }
        },
        "workload": "libero",
        "hostname": "ubun",
        "slurm_job_id": null,
        "timestamp": 1790438367.995247,
        "reference_provenance": {}
      },
      "metrics": {
        "chunk_latency": {
          "min": 24.53246619552374,
          "median": 24.554786505177617,
          "n": 100,
          "samples_ms": [
            24.56466993317008,
            24.558418430387974,
            24.55892786383629,
            24.549940135329962,
            24.543501902371645,
            24.543954990804195,
            24.54607980325818,
            24.545899126678705,
            24.56953702494502,
            24.552132934331894,
            24.54698085784912,
            24.550309404730797,
            24.587624706327915,
            24.557023774832487,
            24.544503074139357,
            24.557169061154127,
            24.56918591633439,
            24.728009942919016,
            24.707552045583725,
            24.547427892684937,
            24.554898962378502,
            24.714841973036528,
            24.728070944547653,
            24.56801012158394,
            24.54015566036105,
            24.70649778842926,
            24.72502365708351,
            24.70081765204668,
            24.549766909331083,
            24.560668971389532,
            24.553253781050444,
            24.554251227527857,
            24.554674047976732,
            24.54758994281292,
            24.54092912375927,
            24.543832056224346,
            24.54070234671235,
            24.546224623918533,
            24.55132920295,
            24.5379451662302,
            24.552523158490658,
            24.54004529863596,
            24.54490214586258,
            24.542108178138733,
            24.56076070666313,
            24.543789215385914,
            24.545812979340553,
            24.70060298219323,
            24.723100010305643,
            24.536780081689358,
            24.548165034502745,
            24.549458641558886,
            24.730120785534382,
            24.68386385589838,
            24.559384677559137,
            24.547724053263664,
            24.719351902604103,
            24.72342597320676,
            24.549186695367098,
            24.559662211686373,
            24.706551805138588,
            24.71352694556117,
            24.543127045035362,
            24.56261683255434,
            24.554995819926262,
            24.726160801947117,
            24.698791559785604,
            24.56060703843832,
            24.540098849684,
            24.72254168242216,
            24.71650205552578,
            24.540747981518507,
            24.56298004835844,
            24.70085211098194,
            24.71846528351307,
            24.552027229219675,
            24.54453008249402,
            24.554348085075617,
            24.85740790143609,
            24.69147276133299,
            24.544711224734783,
            24.5574158616364,
            24.72646301612258,
            24.701887276023626,
            24.54294404014945,
            24.549494963139296,
            24.709136690944433,
            24.704244919121265,
            24.542545899748802,
            24.550033267587423,
            24.544917047023773,
            24.545716121792793,
            24.547643028199673,
            24.535677395761013,
            24.55843612551689,
            24.714295752346516,
            24.701885879039764,
            24.53246619552374,
            24.549875874072313,
            24.70029005780816
          ],
          "p99": 24.730120785534382
        },
        "device_latency": {
          "min": 24.53545570373535,
          "median": 24.555968284606934,
          "n": 100,
          "samples_ms": [
            24.693279266357422,
            24.55344009399414,
            24.541183471679688,
            24.71571159362793,
            24.708831787109375,
            24.53766441345215,
            24.54857635498047,
            24.695104598999023,
            24.719263076782227,
            24.550559997558594,
            24.548704147338867,
            24.557151794433594,
            24.728256225585938,
            24.698240280151367,
            24.56038475036621,
            24.550783157348633,
            24.54547119140625,
            24.548063278198242,
            24.558271408081055,
            24.545440673828125,
            24.707904815673828,
            24.7063045501709,
            24.5482234954834,
            24.553279876708984,
            24.548160552978516,
            24.546655654907227,
            24.5402889251709,
            24.544544219970703,
            24.541536331176758,
            24.708831787109375,
            24.692960739135742,
            24.54547119140625,
            24.549184799194336,
            24.69481658935547,
            24.7127685546875,
            24.55299186706543,
            24.559999465942383,
            24.53545570373535,
            24.722816467285156,
            24.68079948425293,
            24.54560089111328,
            24.54431915283203,
            24.72377586364746,
            24.695999145507812,
            24.555936813354492,
            24.547935485839844,
            24.71446418762207,
            24.69683265686035,
            24.548799514770508,
            24.550304412841797,
            24.562240600585938,
            24.717472076416016,
            24.68841552734375,
            24.55423927307129,
            24.54934310913086,
            24.71683120727539,
            24.70377540588379,
            24.537887573242188,
            24.55059242248535,
            24.706111907958984,
            24.71174430847168,
            24.5578556060791,
            24.564895629882812,
            24.547136306762695,
            24.555423736572266,
            24.546207427978516,
            24.555999755859375,
            24.54310417175293,
            24.718175888061523,
            24.717727661132812,
            24.542943954467773,
            24.556800842285156,
            24.692960739135742,
            24.721343994140625,
            24.545568466186523,
            24.544479370117188,
            24.54911994934082,
            24.556095123291016,
            24.561920166015625,
            24.54537582397461,
            24.550207138061523,
            24.729440689086914,
            24.696800231933594,
            24.54159927368164,
            24.550048828125,
            24.71718406677246,
            24.70319938659668,
            24.558752059936523,
            24.5611515045166,
            24.540096282958984,
            24.536991119384766,
            24.549760818481445,
            24.54355239868164,
            24.550527572631836,
            24.721216201782227,
            24.705951690673828,
            24.554624557495117,
            24.53785514831543,
            24.718048095703125,
            24.708255767822266
          ],
          "p99": 24.728256225585938
        },
        "host_time": {
          "prompt": {
            "min": 0.02039177343249321,
            "median": 0.021046027541160583,
            "n": 100,
            "samples_ms": [
              0.021499115973711014,
              0.021656975150108337,
              0.021405983716249466,
              0.021243002265691757,
              0.021117739379405975,
              0.021494925022125244,
              0.021222978830337524,
              0.021176878362894058,
              0.021066050976514816,
              0.02183578908443451,
              0.021305866539478302,
              0.02095801755785942,
              0.021403655409812927,
              0.02110004425048828,
              0.021321699023246765,
              0.02170586958527565,
              0.021016225218772888,
              0.026238150894641876,
              0.02155359834432602,
              0.021439045667648315,
              0.02101389691233635,
              0.021111220121383667,
              0.020856037735939026,
              0.020961742848157883,
              0.02100784331560135,
              0.02109212800860405,
              0.02097897231578827,
              0.021005049347877502,
              0.020734965801239014,
              0.02091098576784134,
              0.021389219909906387,
              0.022563152015209198,
              0.021818093955516815,
              0.021283049136400223,
              0.020998995751142502,
              0.021204352378845215,
              0.020961277186870575,
              0.021265819668769836,
              0.020809005945920944,
              0.021204352378845215,
              0.02218596637248993,
              0.02088816836476326,
              0.021193642169237137,
              0.021151266992092133,
              0.020557083189487457,
              0.021317973732948303,
              0.021235086023807526,
              0.020682811737060547,
              0.020769890397787094,
              0.02084905281662941,
              0.020734034478664398,
              0.02153916284441948,
              0.020736828446388245,
              0.020842067897319794,
              0.021002721041440964,
              0.02085696905851364,
              0.0211251899600029,
              0.021031126379966736,
              0.020822975784540176,
              0.020863953977823257,
              0.02092914655804634,
              0.02129795029759407,
              0.02200482413172722,
              0.021363142877817154,
              0.023777130991220474,
              0.021283049136400223,
              0.021066050976514816,
              0.021094921976327896,
              0.021266750991344452,
              0.020836014300584793,
              0.02091890200972557,
              0.021344982087612152,
              0.020684674382209778,
              0.020762905478477478,
              0.02106092870235443,
              0.020844396203756332,
              0.021171290427446365,
              0.02106092870235443,
              0.021225307136774063,
              0.02088630571961403,
              0.023045111447572708,
              0.02084299921989441,
              0.02039177343249321,
              0.020641833543777466,
              0.0209929421544075,
              0.02090027555823326,
              0.02092914655804634,
              0.02086581662297249,
              0.02078898251056671,
              0.020932871848344803,
              0.020909123122692108,
              0.02077920362353325,
              0.020544975996017456,
              0.020635779947042465,
              0.020868144929409027,
              0.021125655621290207,
              0.020907726138830185,
              0.021216925233602524,
              0.021006911993026733,
              0.020802021026611328
            ],
            "p99": 0.023777130991220474
          }
        },
        "segment_latency": {
          "vision_encoder": {
            "min": 3.0855040550231934,
            "median": 3.0985279083251953,
            "n": 100,
            "samples_ms": [
              3.0900800228118896,
              3.087167978286743,
              3.0890560150146484,
              3.087552070617676,
              3.088320016860962,
              3.088128089904785,
              3.0888640880584717,
              3.0895040035247803,
              3.0883519649505615,
              3.087775945663452,
              3.090656042098999,
              3.0855040550231934,
              3.0902719497680664,
              3.0884480476379395,
              3.0887680053710938,
              3.08787202835083,
              3.0876479148864746,
              3.0861759185791016,
              3.090303897857666,
              3.0980799198150635,
              3.098655939102173,
              3.098560094833374,
              3.0989439487457275,
              3.098912000656128,
              3.098720073699951,
              3.0990400314331055,
              3.098655939102173,
              3.09881591796875,
              3.0987839698791504,
              3.098560094833374,
              3.0997440814971924,
              3.098560094833374,
              3.0985920429229736,
              3.0984320640563965,
              3.097759962081909,
              3.097759962081909,
              3.098655939102173,
              3.097759962081909,
              3.0985279083251953,
              3.0985279083251953,
              3.0988800525665283,
              3.0975680351257324,
              3.0987839698791504,
              3.098304033279419,
              3.098655939102173,
              3.0979840755462646,
              3.098975896835327,
              3.0974719524383545,
              3.098720073699951,
              3.0986239910125732,
              3.0994880199432373,
              3.09769606590271,
              3.0978240966796875,
              3.1006081104278564,
              3.0986878871917725,
              3.098655939102173,
              3.097856044769287,
              3.098720073699951,
              3.0985920429229736,
              3.098304033279419,
              3.098752021789551,
              3.098752021789551,
              3.098655939102173,
              3.0977280139923096,
              3.0985279083251953,
              3.099616050720215,
              3.098367929458618,
              3.0976319313049316,
              3.0979199409484863,
              3.0978240966796875,
              3.097759962081909,
              3.0988800525665283,
              3.098655939102173,
              3.098304033279419,
              3.097759962081909,
              3.0985279083251953,
              3.0997118949890137,
              3.0980799198150635,
              3.0986878871917725,
              3.0998079776763916,
              3.0986878871917725,
              3.098655939102173,
              3.098655939102173,
              3.0985920429229736,
              3.0978240966796875,
              3.097951889038086,
              3.0988481044769287,
              3.099839925765991,
              3.098720073699951,
              3.097791910171509,
              3.0996479988098145,
              3.09769606590271,
              3.098912000656128,
              3.0985920429229736,
              3.098720073699951,
              3.098400115966797,
              3.097791910171509,
              3.098560094833374,
              3.0979199409484863,
              3.098720073699951
            ],
            "p99": 3.099839925765991
          },
          "llm_backbone": {
            "min": 12.66380786895752,
            "median": 12.755040168762207,
            "n": 100,
            "samples_ms": [
              12.66380786895752,
              12.671615600585938,
              12.673824310302734,
              12.68182373046875,
              12.684191703796387,
              12.684703826904297,
              12.694304466247559,
              12.705727577209473,
              12.694560050964355,
              12.705632209777832,
              12.706591606140137,
              12.705792427062988,
              12.719072341918945,
              12.718208312988281,
              12.719136238098145,
              12.718976020812988,
              12.719167709350586,
              12.723999977111816,
              12.723008155822754,
              12.730143547058105,
              12.731264114379883,
              12.73043155670166,
              12.731616020202637,
              12.735360145568848,
              12.731295585632324,
              12.732735633850098,
              12.743647575378418,
              12.743359565734863,
              12.735712051391602,
              12.734560012817383,
              12.743935585021973,
              12.731583595275879,
              12.7424955368042,
              12.743616104125977,
              12.743840217590332,
              12.742879867553711,
              12.745759963989258,
              12.747103691101074,
              12.736031532287598,
              12.744447708129883,
              12.747520446777344,
              12.755647659301758,
              12.755840301513672,
              12.755807876586914,
              12.747679710388184,
              12.754783630371094,
              12.75500774383545,
              12.747232437133789,
              12.756223678588867,
              12.756159782409668,
              12.756095886230469,
              12.747743606567383,
              12.755840301513672,
              12.75545597076416,
              12.755743980407715,
              12.754688262939453,
              12.75603199005127,
              12.755935668945312,
              12.75705623626709,
              12.75772762298584,
              12.755807876586914,
              12.75596809387207,
              12.755743980407715,
              12.755040168762207,
              12.755999565124512,
              12.755807876586914,
              12.757823944091797,
              12.755328178405762,
              12.755840301513672,
              12.75487995147705,
              12.757792472839355,
              12.755616188049316,
              12.75603199005127,
              12.767807960510254,
              12.754912376403809,
              12.755040168762207,
              12.755807876586914,
              12.757311820983887,
              12.76028823852539,
              12.767007827758789,
              12.77023983001709,
              12.755264282226562,
              12.755999565124512,
              12.755423545837402,
              12.756128311157227,
              12.75603199005127,
              12.755807876586914,
              12.771391868591309,
              12.760895729064941,
              12.759200096130371,
              12.757887840270996,
              12.760031700134277,
              12.768447875976562,
              12.761216163635254,
              12.767871856689453,
              12.757760047912598,
              12.767295837402344,
              12.759903907775879,
              12.76863956451416,
              12.768192291259766
            ],
            "p99": 12.77023983001709
          },
          "action_expert": {
            "min": 8.973343849182129,
            "median": 8.985664367675781,
            "n": 100,
            "samples_ms": [
              8.999135971069336,
              8.996671676635742,
              8.997952461242676,
              8.996383666992188,
              8.996735572814941,
              8.986687660217285,
              8.986944198608398,
              8.983776092529297,
              9.008095741271973,
              8.9967679977417,
              8.995967864990234,
              8.985695838928223,
              8.998047828674316,
              8.996479988098145,
              8.995871543884277,
              8.996735572814941,
              8.98579216003418,
              8.9967679977417,
              8.986080169677734,
              8.996512413024902,
              8.987456321716309,
              8.995807647705078,
              8.995967864990234,
              8.996031761169434,
              8.98476791381836,
              8.995776176452637,
              8.983391761779785,
              8.984543800354004,
              8.985664367675781,
              8.983519554138184,
              8.99612808227539,
              8.984479904174805,
              8.9967679977417,
              8.98748779296875,
              8.984352111816406,
              8.996319770812988,
              8.984319686889648,
              8.987648010253906,
              8.988703727722168,
              8.986271858215332,
              8.9966402053833,
              8.996416091918945,
              8.984479904174805,
              8.983712196350098,
              8.985695838928223,
              8.98367977142334,
              8.984607696533203,
              8.984479904174805,
              8.973343849182129,
              8.984416007995605,
              8.995871543884277,
              8.995583534240723,
              8.98588752746582,
              8.983519554138184,
              8.995840072631836,
              8.984319686889648,
              8.985664367675781,
              8.983839988708496,
              8.98367977142334,
              8.988639831542969,
              8.984383583068848,
              8.983648300170898,
              8.98579216003418,
              8.985568046569824,
              8.984448432922363,
              8.996800422668457,
              8.984576225280762,
              8.985343933105469,
              8.975456237792969,
              8.983936309814453,
              8.984095573425293,
              8.984576225280762,
              8.984319686889648,
              8.984064102172852,
              8.9835844039917,
              8.986047744750977,
              8.984512329101562,
              8.983839988708496,
              8.98470401763916,
              8.984512329101562,
              8.985535621643066,
              8.986783981323242,
              8.98470401763916,
              8.9835844039917,
              8.988351821899414,
              8.98851203918457,
              8.984607696533203,
              8.983712196350098,
              8.985664367675781,
              8.983776092529297,
              8.996800422668457,
              8.984416007995605,
              8.98310375213623,
              8.989376068115234,
              8.985504150390625,
              8.985504150390625,
              8.984640121459961,
              8.986656188964844,
              8.97539234161377,
              8.997056007385254
            ],
            "p99": 8.999135971069336
          }
        },
        "overhead": {
          "min": -0.19018957763910294,
          "median": -0.2844459395855665,
          "p99": -0.13909494131803513
        }
      },
      "attribution": null,
      "runtime_observation": {
        "before": {
          "clocks.sm": "2602",
          "clocks.mem": "13801",
          "pstate": "P1",
          "temperature.gpu": "48",
          "power.draw": "144.93",
          "clocks_event_reasons.active": "0x0000000000000000"
        },
        "after": {
          "clocks.sm": "2895",
          "clocks.mem": "13801",
          "pstate": "P1",
          "temperature.gpu": "55",
          "power.draw": "338.49",
          "clocks_event_reasons.active": "0x0000000000000000"
        }
      },
      "options": {
        "workload": "libero"
      },
      "process_id": 3141157,
      "gpu_uuid": "GPU-7fc626f4-bce7-9a11-81de-0eaedc93e242",
      "implementation_source": null,
      "leg": 0
    }
  ],
  "deltas": null
}
