== leg 0: hardware/nvidia/rtx5090/pi05 plan=shipped
{
  "identity": {
    "schema_version": 3,
    "target": "hardware/nvidia/rtx5090/pi05",
    "hardware": "rtx5090-32gb",
    "model": "pi05",
    "shape_profile": "action_dim32-batch1-chunk10-encoder_dim2048-encoder_ffn_dim16384-expert_dim1024-expert_ffn_dim4096-expert_tokens10-head_dim256-image_channels3-image_height224-image_width224-kv_heads1-layers18-num_views2-prefix_len712-prompt_len200-qkv_width2560-query_heads8-state_dim32-steps10-vision_dim1152-vision_ffn_dim4304-vision_head_dim72-vision_heads16-vision_layers27-visual_tokens512-visual_tokens_per_view256",
    "shape": {
      "batch": 1,
      "num_views": 2,
      "image_height": 224,
      "image_width": 224,
      "image_channels": 3,
      "visual_tokens_per_view": 256,
      "visual_tokens": 512,
      "vision_dim": 1152,
      "vision_ffn_dim": 4304,
      "vision_heads": 16,
      "vision_head_dim": 72,
      "vision_layers": 27,
      "prompt_len": 200,
      "prefix_len": 712,
      "chunk": 10,
      "expert_tokens": 10,
      "state_dim": 32,
      "action_dim": 32,
      "steps": 10,
      "layers": 18,
      "encoder_dim": 2048,
      "encoder_ffn_dim": 16384,
      "query_heads": 8,
      "kv_heads": 1,
      "head_dim": 256,
      "qkv_width": 2560,
      "expert_dim": 1024,
      "expert_ffn_dim": 4096
    },
    "plan": {
      "vision_encoder_patch_embed": "torch",
      "vision_encoder_norm_qkv": "cutlass-vision",
      "vision_encoder_attention": "torch",
      "vision_encoder_out_proj_residual": "cutlass-vision",
      "vision_encoder_norm_ffn_up": "cutlass-vision",
      "vision_encoder_ffn_down_residual": "cutlass-vision",
      "llm_backbone_projector": "torch",
      "llm_backbone_embed_prompt": "torch",
      "llm_backbone_norm_qkv_rope": "fused-prefix-qkv",
      "llm_backbone_attention": "torch",
      "llm_backbone_out_proj_residual_masked": "bucketed-backbone",
      "llm_backbone_norm_gated_ffn_masked": "bucketed-backbone",
      "llm_backbone_ffn_down_residual_masked": "bucketed-backbone",
      "action_expert_action_in_proj": "torch",
      "action_expert_norm_qkv_rope": "triton-qkv-finish",
      "action_expert_attention": "triton-qk-attention",
      "action_expert_out_proj_residual": "cutlass-expert-residual",
      "action_expert_norm_gated_ffn": "dual-ffn",
      "action_expert_ffn_down_residual": "cutlass-expert-residual",
      "action_expert_action_out_proj": "fused-qkv"
    },
    "model_revision": "pi05-r1",
    "engine_revision": null,
    "inference_signature": "sha256:a79c1f62c3f14674ad87e88a89bb5f66ac650e1c497ccf5076e64017b55d9f6f",
    "execution_variant": {
      "quantization": {
        "mode": "bf16"
      },
      "cache": {
        "mode": "none"
      }
    }
  },
  "protocol": "latency-v2",
  "instrumented": false,
  "measurement_context": {
    "weights": {
      "checkpoint_id": "flash-vla/pi05-random-checkpoint/v2/seed-0",
      "checkpoint_digest": "flash-vla/pi05-random-checkpoint/v2/seed-0"
    },
    "fixture": {
      "id": "flash-vla/pi05-inputs-v2/seed-0",
      "digest": "sha256:186266f9050d21a33ecfa4de7b9d54fe4851c8671f379edb5bc426c775184ce2"
    },
    "environment": {
      "gpu_sku": "NVIDIA GeForce RTX 5090",
      "driver": "580.142",
      "cuda_runtime": "13.0",
      "pytorch": "2.13.0+cu130",
      "tilelang": "0.1.11",
      "clock_policy": {
        "benchmark_control": "inherit",
        "slurm_gpu_freq_request": null,
        "effective_locked_clocks": "unobserved"
      },
      "power_policy": {
        "requested_limit_w": 600.0,
        "enforced_limit_w": 600.0
      },
      "capture_regime": "cuda_graph",
      "clock_observation": {
        "application_graphics_mhz": "[N/A]",
        "application_memory_mhz": "[N/A]"
      }
    },
    "workload": "libero",
    "hostname": "ubun",
    "slurm_job_id": null,
    "timestamp": 1790438380.2449098,
    "reference_provenance": {}
  },
  "env": {
    "gpu": "NVIDIA GeForce RTX 5090",
    "python": "3.12.13",
    "torch": "2.13.0+cu130",
    "torch_cuda": "13.0",
    "tilelang": "0.1.11",
    "gpu_uuid": "GPU-7fc626f4-bce7-9a11-81de-0eaedc93e242",
    "runtime_observation": {
      "clocks.sm": "2895",
      "clocks.mem": "13801",
      "pstate": "P1",
      "temperature.gpu": "55",
      "power.draw": "326.80",
      "clocks_event_reasons.active": "0x0000000000000000"
    },
    "node": "ubun",
    "job": null,
    "driver": "580.142",
    "clocks": "unlocked",
    "clock_policy": {
      "benchmark_control": "inherit",
      "slurm_gpu_freq_request": null,
      "effective_locked_clocks": "unobserved"
    },
    "clock_observation": {
      "application_graphics_mhz": "[N/A]",
      "application_memory_mhz": "[N/A]"
    },
    "power_policy": {
      "requested_limit_w": 600.0,
      "enforced_limit_w": 600.0
    }
  },
  "config": {
    "reps": 100,
    "warmup": 5,
    "seed": 0,
    "plans": [
      "shipped"
    ],
    "calibration": false,
    "breakdown": true,
    "primary_statistic": "median",
    "capture_policy": "fresh-process-first-capture-per-leg",
    "statistics": [
      "min",
      "median",
      "p99"
    ],
    "p99_min_reps": 100,
    "soak_s": 0,
    "control_spread_max_ms": null,
    "attribution": false,
    "leg_options": [
      {}
    ]
  },
  "legs": [
    {
      "plan": "shipped",
      "identity": {
        "schema_version": 3,
        "target": "hardware/nvidia/rtx5090/pi05",
        "hardware": "rtx5090-32gb",
        "model": "pi05",
        "shape_profile": "action_dim32-batch1-chunk10-encoder_dim2048-encoder_ffn_dim16384-expert_dim1024-expert_ffn_dim4096-expert_tokens10-head_dim256-image_channels3-image_height224-image_width224-kv_heads1-layers18-num_views2-prefix_len712-prompt_len200-qkv_width2560-query_heads8-state_dim32-steps10-vision_dim1152-vision_ffn_dim4304-vision_head_dim72-vision_heads16-vision_layers27-visual_tokens512-visual_tokens_per_view256",
        "shape": {
          "batch": 1,
          "num_views": 2,
          "image_height": 224,
          "image_width": 224,
          "image_channels": 3,
          "visual_tokens_per_view": 256,
          "visual_tokens": 512,
          "vision_dim": 1152,
          "vision_ffn_dim": 4304,
          "vision_heads": 16,
          "vision_head_dim": 72,
          "vision_layers": 27,
          "prompt_len": 200,
          "prefix_len": 712,
          "chunk": 10,
          "expert_tokens": 10,
          "state_dim": 32,
          "action_dim": 32,
          "steps": 10,
          "layers": 18,
          "encoder_dim": 2048,
          "encoder_ffn_dim": 16384,
          "query_heads": 8,
          "kv_heads": 1,
          "head_dim": 256,
          "qkv_width": 2560,
          "expert_dim": 1024,
          "expert_ffn_dim": 4096
        },
        "plan": {
          "vision_encoder_patch_embed": "torch",
          "vision_encoder_norm_qkv": "cutlass-vision",
          "vision_encoder_attention": "torch",
          "vision_encoder_out_proj_residual": "cutlass-vision",
          "vision_encoder_norm_ffn_up": "cutlass-vision",
          "vision_encoder_ffn_down_residual": "cutlass-vision",
          "llm_backbone_projector": "torch",
          "llm_backbone_embed_prompt": "torch",
          "llm_backbone_norm_qkv_rope": "fused-prefix-qkv",
          "llm_backbone_attention": "torch",
          "llm_backbone_out_proj_residual_masked": "bucketed-backbone",
          "llm_backbone_norm_gated_ffn_masked": "bucketed-backbone",
          "llm_backbone_ffn_down_residual_masked": "bucketed-backbone",
          "action_expert_action_in_proj": "torch",
          "action_expert_norm_qkv_rope": "triton-qkv-finish",
          "action_expert_attention": "triton-qk-attention",
          "action_expert_out_proj_residual": "cutlass-expert-residual",
          "action_expert_norm_gated_ffn": "dual-ffn",
          "action_expert_ffn_down_residual": "cutlass-expert-residual",
          "action_expert_action_out_proj": "fused-qkv"
        },
        "model_revision": "pi05-r1",
        "engine_revision": null,
        "inference_signature": "sha256:a79c1f62c3f14674ad87e88a89bb5f66ac650e1c497ccf5076e64017b55d9f6f",
        "execution_variant": {
          "quantization": {
            "mode": "bf16"
          },
          "cache": {
            "mode": "none"
          }
        }
      },
      "measurement_context": {
        "weights": {
          "checkpoint_id": "flash-vla/pi05-random-checkpoint/v2/seed-0",
          "checkpoint_digest": "flash-vla/pi05-random-checkpoint/v2/seed-0"
        },
        "fixture": {
          "id": "flash-vla/pi05-inputs-v2/seed-0",
          "digest": "sha256:186266f9050d21a33ecfa4de7b9d54fe4851c8671f379edb5bc426c775184ce2"
        },
        "environment": {
          "gpu_sku": "NVIDIA GeForce RTX 5090",
          "driver": "580.142",
          "cuda_runtime": "13.0",
          "pytorch": "2.13.0+cu130",
          "tilelang": "0.1.11",
          "clock_policy": {
            "benchmark_control": "inherit",
            "slurm_gpu_freq_request": null,
            "effective_locked_clocks": "unobserved"
          },
          "power_policy": {
            "requested_limit_w": 600.0,
            "enforced_limit_w": 600.0
          },
          "capture_regime": "cuda_graph",
          "clock_observation": {
            "application_graphics_mhz": "[N/A]",
            "application_memory_mhz": "[N/A]"
          }
        },
        "workload": "libero",
        "hostname": "ubun",
        "slurm_job_id": null,
        "timestamp": 1790438380.2449098,
        "reference_provenance": {}
      },
      "metrics": {
        "chunk_latency": {
          "min": 24.543869774788618,
          "median": 24.580386700108647,
          "n": 100,
          "samples_ms": [
            24.608185049146414,
            24.556235875934362,
            24.57374380901456,
            24.551395792514086,
            24.55990668386221,
            24.562945123761892,
            24.773461744189262,
            24.70842283219099,
            24.567635729908943,
            24.548246059566736,
            24.72893986850977,
            24.730451870709658,
            24.68854282051325,
            24.564501829445362,
            24.576534051448107,
            24.554872885346413,
            24.555568117648363,
            24.555482901632786,
            24.559995625168085,
            24.554759729653597,
            24.554483126848936,
            24.556819815188646,
            24.560198187828064,
            24.717383086681366,
            24.715336970984936,
            24.588430300354958,
            24.57438362762332,
            24.567564949393272,
            24.74048174917698,
            24.73778696730733,
            24.597831070423126,
            24.584509897977114,
            24.767260067164898,
            24.745361879467964,
            24.577603675425053,
            24.596013128757477,
            24.725372903048992,
            24.70927545800805,
            24.563767947256565,
            24.55809898674488,
            24.56163987517357,
            24.549331981688738,
            24.55094875767827,
            24.561141151934862,
            24.56016605719924,
            24.72541108727455,
            24.714252911508083,
            24.55269079655409,
            24.554645642638206,
            24.700157344341278,
            24.7842688113451,
            24.585460778325796,
            24.586078245192766,
            24.5827860198915,
            24.57661461085081,
            24.57957062870264,
            24.563205894082785,
            24.55357601866126,
            24.728686083108187,
            24.707605596631765,
            24.569740053266287,
            24.581202771514654,
            24.76331777870655,
            24.729469791054726,
            24.57408094778657,
            24.573930073529482,
            24.717452004551888,
            24.73206026479602,
            24.698583874851465,
            24.557005148380995,
            24.559510871767998,
            24.77359678596258,
            24.73412500694394,
            24.562619626522064,
            24.55193316563964,
            24.729334749281406,
            24.706441909074783,
            24.567921180278063,
            24.572359398007393,
            24.73741816356778,
            24.739528074860573,
            24.713811930269003,
            24.550885427743196,
            24.574611335992813,
            24.731840938329697,
            24.6971407905221,
            24.55079508945346,
            24.543869774788618,
            24.822219740599394,
            24.78770725429058,
            24.59732023999095,
            24.57542112097144,
            24.829656817018986,
            24.83375184237957,
            24.722807109355927,
            24.57247907295823,
            24.5834831148386,
            24.584181141108274,
            24.573595728725195,
            24.579105898737907
          ],
          "p99": 24.829656817018986
        },
        "device_latency": {
          "min": 24.545759201049805,
          "median": 24.64174461364746,
          "n": 100,
          "samples_ms": [
            24.821535110473633,
            24.796096801757812,
            24.554208755493164,
            24.56105613708496,
            24.77769660949707,
            24.81100845336914,
            24.77008056640625,
            24.555200576782227,
            24.560192108154297,
            24.824159622192383,
            24.791231155395508,
            24.549503326416016,
            24.56528091430664,
            24.802623748779297,
            24.79327964782715,
            24.55936050415039,
            24.554208755493164,
            24.79737663269043,
            24.802047729492188,
            24.547231674194336,
            24.551647186279297,
            24.62179183959961,
            24.660320281982422,
            24.6231689453125,
            24.56764793395996,
            24.559871673583984,
            24.813823699951172,
            24.770463943481445,
            24.546207427978516,
            24.555360794067383,
            24.82499122619629,
            24.788223266601562,
            24.54960060119629,
            24.557247161865234,
            24.794815063476562,
            24.79897689819336,
            24.580928802490234,
            24.563199996948242,
            24.562400817871094,
            24.811840057373047,
            24.77065658569336,
            24.5532169342041,
            24.554624557495117,
            24.82316780090332,
            24.779008865356445,
            24.556928634643555,
            24.559776306152344,
            24.791263580322266,
            24.79542350769043,
            24.563968658447266,
            24.554719924926758,
            24.777280807495117,
            24.810592651367188,
            24.771392822265625,
            24.549856185913086,
            24.552095413208008,
            24.819007873535156,
            24.777536392211914,
            24.773439407348633,
            24.553855895996094,
            24.813343048095703,
            24.79100799560547,
            24.56051254272461,
            24.550880432128906,
            24.804704666137695,
            24.845855712890625,
            24.599424362182617,
            24.58028793334961,
            24.806720733642578,
            24.826528549194336,
            24.57097625732422,
            24.57846450805664,
            24.589344024658203,
            24.84592056274414,
            24.80291175842285,
            24.59516716003418,
            24.578367233276367,
            24.837312698364258,
            24.8055362701416,
            24.587583541870117,
            24.586944580078125,
            24.814655303955078,
            24.819456100463867,
            24.54630470275879,
            24.562816619873047,
            24.7992000579834,
            24.808704376220703,
            24.55721664428711,
            24.55174446105957,
            24.545759201049805,
            24.811487197875977,
            24.782400131225586,
            24.556480407714844,
            24.558015823364258,
            24.81808090209961,
            24.782976150512695,
            24.54924774169922,
            24.553375244140625,
            24.807424545288086,
            24.810623168945312
          ],
          "p99": 24.845855712890625
        },
        "host_time": {
          "prompt": {
            "min": 0.020789913833141327,
            "median": 0.021362444385886192,
            "n": 100,
            "samples_ms": [
              0.02256268635392189,
              0.022415071725845337,
              0.021622050553560257,
              0.02168118953704834,
              0.02580089494585991,
              0.02194708213210106,
              0.021446961909532547,
              0.021418090909719467,
              0.02094404771924019,
              0.022217165678739548,
              0.021792016923427582,
              0.02132495865225792,
              0.0212998129427433,
              0.02135569229722023,
              0.021766871213912964,
              0.023595057427883148,
              0.021434854716062546,
              0.021781306713819504,
              0.02160295844078064,
              0.02120109274983406,
              0.021440908312797546,
              0.02146512269973755,
              0.02235500141978264,
              0.02579018473625183,
              0.021426938474178314,
              0.02108607441186905,
              0.02127094194293022,
              0.02133706584572792,
              0.02122996374964714,
              0.021419953554868698,
              0.021597836166620255,
              0.023214146494865417,
              0.02203509211540222,
              0.021407846361398697,
              0.021390151232481003,
              0.021513085812330246,
              0.021441839635372162,
              0.021577347069978714,
              0.021245796233415604,
              0.020984094589948654,
              0.021363142877817154,
              0.021004118025302887,
              0.021276064217090607,
              0.021443236619234085,
              0.02136174589395523,
              0.02128584310412407,
              0.021350104361772537,
              0.02126116305589676,
              0.021164771169424057,
              0.021276995539665222,
              0.021147076040506363,
              0.02143997699022293,
              0.021289102733135223,
              0.021089334040880203,
              0.021175947040319443,
              0.021247193217277527,
              0.021432992070913315,
              0.021931249648332596,
              0.021913088858127594,
              0.02167932689189911,
              0.021101906895637512,
              0.021191779524087906,
              0.025533605366945267,
              0.021546147763729095,
              0.020999927073717117,
              0.021305866539478302,
              0.02168724313378334,
              0.02164393663406372,
              0.02152286469936371,
              0.02129608765244484,
              0.02121785655617714,
              0.021067913621664047,
              0.021182000637054443,
              0.021721702069044113,
              0.021249055862426758,
              0.02105068415403366,
              0.021175015717744827,
              0.02164812758564949,
              0.021412037312984467,
              0.021141953766345978,
              0.023331958800554276,
              0.0214981846511364,
              0.021358951926231384,
              0.021356157958507538,
              0.021151266992092133,
              0.02125510945916176,
              0.021103303879499435,
              0.021420884877443314,
              0.021584797650575638,
              0.020789913833141327,
              0.02125697210431099,
              0.02101995050907135,
              0.021087005734443665,
              0.021245796233415604,
              0.021390151232481003,
              0.02095615491271019,
              0.02123415470123291,
              0.021127983927726746,
              0.02140318974852562,
              0.02112705260515213
            ],
            "p99": 0.02579018473625183
          }
        },
        "segment_latency": {
          "vision_encoder": {
            "min": 3.086143970489502,
            "median": 3.099839925765991,
            "n": 100,
            "samples_ms": [
              3.0894720554351807,
              3.086143970489502,
              3.089247941970825,
              3.0885119438171387,
              3.1039040088653564,
              3.123807907104492,
              3.1242880821228027,
              3.1254079341888428,
              3.1233279705047607,
              3.1230080127716064,
              3.1231679916381836,
              3.1109440326690674,
              3.0999040603637695,
              3.098112106323242,
              3.09881591796875,
              3.098304033279419,
              3.097759962081909,
              3.098720073699951,
              3.097951889038086,
              3.0979840755462646,
              3.0985920429229736,
              3.099423885345459,
              3.097791910171509,
              3.0979199409484863,
              3.098912000656128,
              3.098752021789551,
              3.0986878871917725,
              3.097791910171509,
              3.0997440814971924,
              3.0977280139923096,
              3.097791910171509,
              3.098655939102173,
              3.097759962081909,
              3.0986878871917725,
              3.098367929458618,
              3.0987839698791504,
              3.098144054412842,
              3.0989439487457275,
              3.098047971725464,
              3.098975896835327,
              3.099839925765991,
              3.100895881652832,
              3.100480079650879,
              3.1012160778045654,
              3.0977280139923096,
              3.097951889038086,
              3.100831985473633,
              3.0999040603637695,
              3.1018879413604736,
              3.098047971725464,
              3.097951889038086,
              3.099008083343506,
              3.099839925765991,
              3.100831985473633,
              3.0985920429229736,
              3.1000959873199463,
              3.1003520488739014,
              3.098655939102173,
              3.100640058517456,
              3.100895881652832,
              3.0978879928588867,
              3.1022720336914062,
              3.100287914276123,
              3.099776029586792,
              3.0997440814971924,
              3.099776029586792,
              3.0997118949890137,
              3.110208034515381,
              3.0999040603637695,
              3.0997440814971924,
              3.0978240966796875,
              3.1003520488739014,
              3.100800037384033,
              3.098655939102173,
              3.1000959873199463,
              3.09987211227417,
              3.1018240451812744,
              3.1013119220733643,
              3.1026880741119385,
              3.1010560989379883,
              3.110016107559204,
              3.1000640392303467,
              3.099936008453369,
              3.097951889038086,
              3.0986239910125732,
              3.1100800037384033,
              3.100800037384033,
              3.100032091140747,
              3.09987211227417,
              3.100127935409546,
              3.0999679565429688,
              3.1022720336914062,
              3.099936008453369,
              3.0980799198150635,
              3.1004478931427,
              3.1021440029144287,
              3.1023359298706055,
              3.1020801067352295,
              3.1009600162506104,
              3.109760046005249
            ],
            "p99": 3.1242880821228027
          },
          "llm_backbone": {
            "min": 12.673248291015625,
            "median": 12.757999897003174,
            "n": 100,
            "samples_ms": [
              12.673248291015625,
              12.684224128723145,
              12.685983657836914,
              12.693599700927734,
              12.697088241577148,
              12.697600364685059,
              12.706751823425293,
              12.705951690673828,
              12.706591606140137,
              12.707232475280762,
              12.710047721862793,
              12.718303680419922,
              12.718879699707031,
              12.720959663391113,
              12.73100757598877,
              12.73196792602539,
              12.730719566345215,
              12.735424041748047,
              12.731424331665039,
              12.743904113769531,
              12.735103607177734,
              12.744159698486328,
              12.733440399169922,
              12.742688179016113,
              12.743840217590332,
              12.74345588684082,
              12.744928359985352,
              12.742815971374512,
              12.745696067810059,
              12.745471954345703,
              12.75648021697998,
              12.755711555480957,
              12.745535850524902,
              12.754976272583008,
              12.756064414978027,
              12.747679710388184,
              12.757280349731445,
              12.755392074584961,
              12.758079528808594,
              12.759712219238281,
              12.755071640014648,
              12.7575044631958,
              12.757408142089844,
              12.757823944091797,
              12.757023811340332,
              12.760064125061035,
              12.758111953735352,
              12.75596809387207,
              12.757920265197754,
              12.756064414978027,
              12.757439613342285,
              12.75715160369873,
              12.757856369018555,
              12.767807960510254,
              12.768416404724121,
              12.768959999084473,
              12.768128395080566,
              12.760416030883789,
              12.769184112548828,
              12.768192291259766,
              12.76848030090332,
              12.767423629760742,
              12.757023811340332,
              12.759200096130371,
              12.76806354522705,
              12.768287658691406,
              12.768256187438965,
              12.767071723937988,
              12.768128395080566,
              12.76803207397461,
              12.768192291259766,
              12.76803207397461,
              12.76803207397461,
              12.768095970153809,
              12.768383979797363,
              12.768608093261719,
              12.768575668334961,
              12.768159866333008,
              12.76806354522705,
              12.768256187438965,
              12.768256187438965,
              12.771391868591309,
              12.768128395080566,
              12.767328262329102,
              12.767487525939941,
              12.76848030090332,
              12.773183822631836,
              12.770367622375488,
              12.768159866333008,
              12.7674560546875,
              12.780415534973145,
              12.7673921585083,
              12.768287658691406,
              12.770015716552734,
              12.780511856079102,
              12.769856452941895,
              12.767904281616211,
              12.76028823852539,
              12.769599914550781,
              12.7674560546875
            ],
            "p99": 12.780415534973145
          },
          "action_expert": {
            "min": 8.9835844039917,
            "median": 8.99671983718872,
            "n": 100,
            "samples_ms": [
              8.998847961425781,
              9.001567840576172,
              8.997056007385254,
              8.996352195739746,
              8.995807647705078,
              9.012224197387695,
              8.998751640319824,
              9.008768081665039,
              8.9966402053833,
              8.9967041015625,
              8.996064186096191,
              9.000991821289062,
              9.008319854736328,
              9.001248359680176,
              8.997952461242676,
              8.997056007385254,
              8.996383666992188,
              8.996607780456543,
              8.998016357421875,
              8.996095657348633,
              8.995903968811035,
              8.997056007385254,
              8.996064186096191,
              9.000224113464355,
              8.994879722595215,
              8.996576309204102,
              8.987936019897461,
              9.008288383483887,
              8.985664367675781,
              8.99788761138916,
              8.996447563171387,
              9.000415802001953,
              8.996159553527832,
              9.008416175842285,
              9.010175704956055,
              9.008383750915527,
              8.998080253601074,
              8.999072074890137,
              8.996895790100098,
              8.986175537109375,
              9.008255958557129,
              8.996576309204102,
              9.008447647094727,
              8.983648300170898,
              8.996000289916992,
              8.996479988098145,
              8.999872207641602,
              8.998815536499023,
              9.000320434570312,
              8.998559951782227,
              8.985823631286621,
              8.998368263244629,
              8.996319770812988,
              8.988736152648926,
              8.983967781066895,
              8.996031761169434,
              8.996159553527832,
              9.00819206237793,
              8.99619197845459,
              8.995840072631836,
              9.008511543273926,
              8.996031761169434,
              8.996159553527832,
              8.99612808227539,
              8.985823631286621,
              8.996671676635742,
              8.996864318847656,
              8.998175621032715,
              8.99619197845459,
              8.997088432312012,
              8.998208045959473,
              8.985952377319336,
              8.996671676635742,
              8.995807647705078,
              8.996064186096191,
              8.99824047088623,
              9.009504318237305,
              8.996735572814941,
              8.997152328491211,
              8.996000289916992,
              8.996416091918945,
              8.996319770812988,
              8.9835844039917,
              9.008255958557129,
              8.996447563171387,
              8.99612808227539,
              8.997983932495117,
              8.996800422668457,
              8.9999361038208,
              9.009407997131348,
              9.008288383483887,
              8.996992111206055,
              8.996031761169434,
              8.995967864990234,
              8.996352195739746,
              8.996864318847656,
              8.995840072631836,
              9.008288383483887,
              8.997119903564453,
              8.99619197845459
            ],
            "p99": 9.010175704956055
          }
        },
        "overhead": {
          "min": -0.19910689070820808,
          "median": -0.2741729598492384,
          "p99": -0.0852225050330162
        }
      },
      "attribution": null,
      "runtime_observation": {
        "before": {
          "clocks.sm": "2550",
          "clocks.mem": "13801",
          "pstate": "P1",
          "temperature.gpu": "49",
          "power.draw": "146.46",
          "clocks_event_reasons.active": "0x0000000000000000"
        },
        "after": {
          "clocks.sm": "2895",
          "clocks.mem": "13801",
          "pstate": "P1",
          "temperature.gpu": "55",
          "power.draw": "326.80",
          "clocks_event_reasons.active": "0x0000000000000000"
        }
      },
      "options": {
        "workload": "libero"
      },
      "process_id": 3141414,
      "gpu_uuid": "GPU-7fc626f4-bce7-9a11-81de-0eaedc93e242",
      "implementation_source": null,
      "leg": 0
    }
  ],
  "deltas": null
}
