== leg 0: hardware/nvidia/rtx5090/pi05 plan=shipped
{
  "identity": {
    "schema_version": 3,
    "target": "hardware/nvidia/rtx5090/pi05",
    "hardware": "rtx5090-32gb",
    "model": "pi05",
    "shape_profile": "action_dim32-batch1-chunk50-encoder_dim2048-encoder_ffn_dim16384-expert_dim1024-expert_ffn_dim4096-expert_tokens50-head_dim256-image_channels3-image_height224-image_width224-kv_heads1-layers18-num_views3-prefix_len968-prompt_len200-qkv_width2560-query_heads8-state_dim32-steps10-vision_dim1152-vision_ffn_dim4304-vision_head_dim72-vision_heads16-vision_layers27-visual_tokens768-visual_tokens_per_view256",
    "shape": {
      "batch": 1,
      "num_views": 3,
      "image_height": 224,
      "image_width": 224,
      "image_channels": 3,
      "visual_tokens_per_view": 256,
      "visual_tokens": 768,
      "vision_dim": 1152,
      "vision_ffn_dim": 4304,
      "vision_heads": 16,
      "vision_head_dim": 72,
      "vision_layers": 27,
      "prompt_len": 200,
      "prefix_len": 968,
      "chunk": 50,
      "expert_tokens": 50,
      "state_dim": 32,
      "action_dim": 32,
      "steps": 10,
      "layers": 18,
      "encoder_dim": 2048,
      "encoder_ffn_dim": 16384,
      "query_heads": 8,
      "kv_heads": 1,
      "head_dim": 256,
      "qkv_width": 2560,
      "expert_dim": 1024,
      "expert_ffn_dim": 4096
    },
    "plan": {
      "vision_encoder_patch_embed": "torch",
      "vision_encoder_norm_qkv": "cutlass-vision",
      "vision_encoder_attention": "torch",
      "vision_encoder_out_proj_residual": "cutlass-vision",
      "vision_encoder_norm_ffn_up": "cutlass-vision",
      "vision_encoder_ffn_down_residual": "cutlass-vision",
      "llm_backbone_projector": "torch",
      "llm_backbone_embed_prompt": "torch",
      "llm_backbone_norm_qkv_rope": "fused-prefix-qkv",
      "llm_backbone_attention": "torch",
      "llm_backbone_out_proj_residual_masked": "bucketed-backbone",
      "llm_backbone_norm_gated_ffn_masked": "bucketed-backbone",
      "llm_backbone_ffn_down_residual_masked": "bucketed-backbone",
      "action_expert_action_in_proj": "torch",
      "action_expert_norm_qkv_rope": "triton-qkv-finish",
      "action_expert_attention": "triton-qk-attention",
      "action_expert_out_proj_residual": "cutlass-expert-residual",
      "action_expert_norm_gated_ffn": "dual-ffn",
      "action_expert_ffn_down_residual": "cutlass-expert-residual",
      "action_expert_action_out_proj": "fused-qkv"
    },
    "model_revision": "pi05-r1",
    "engine_revision": "c8026ea886d961c3c0ba622a5146f6870d911c02",
    "inference_signature": "sha256:a79c1f62c3f14674ad87e88a89bb5f66ac650e1c497ccf5076e64017b55d9f6f",
    "execution_variant": {
      "quantization": {
        "mode": "bf16"
      },
      "cache": {
        "mode": "none"
      }
    }
  },
  "protocol": "latency-v2",
  "instrumented": false,
  "measurement_context": {
    "weights": {
      "checkpoint_id": "flash-vla/pi05-random-checkpoint/v2/seed-0",
      "checkpoint_digest": "flash-vla/pi05-random-checkpoint/v2/seed-0"
    },
    "fixture": {
      "id": "flash-vla/pi05-inputs-v2/seed-0",
      "digest": "sha256:80e60b97e0964d3a558b2b622bc0d6848a841bb37543e362bdb5ade41d6c7480"
    },
    "environment": {
      "gpu_sku": "NVIDIA GeForce RTX 5090",
      "driver": "580.142",
      "cuda_runtime": "13.0",
      "pytorch": "2.13.0+cu130",
      "tilelang": "0.1.11",
      "clock_policy": {
        "benchmark_control": "inherit",
        "slurm_gpu_freq_request": null,
        "effective_locked_clocks": "unobserved"
      },
      "power_policy": {
        "requested_limit_w": 600.0,
        "enforced_limit_w": 600.0
      },
      "capture_regime": "cuda_graph",
      "clock_observation": {
        "application_graphics_mhz": "[N/A]",
        "application_memory_mhz": "[N/A]"
      }
    },
    "workload": "robodojo",
    "hostname": "ubun",
    "slurm_job_id": null,
    "timestamp": 1790438447.3308742,
    "reference_provenance": {}
  },
  "env": {
    "gpu": "NVIDIA GeForce RTX 5090",
    "python": "3.12.13",
    "torch": "2.13.0+cu130",
    "torch_cuda": "13.0",
    "tilelang": "0.1.11",
    "gpu_uuid": "GPU-7fc626f4-bce7-9a11-81de-0eaedc93e242",
    "runtime_observation": {
      "clocks.sm": "2872",
      "clocks.mem": "13801",
      "pstate": "P1",
      "temperature.gpu": "63",
      "power.draw": "488.88",
      "clocks_event_reasons.active": "0x0000000000000000"
    },
    "node": "ubun",
    "job": null,
    "driver": "580.142",
    "clocks": "unlocked",
    "clock_policy": {
      "benchmark_control": "inherit",
      "slurm_gpu_freq_request": null,
      "effective_locked_clocks": "unobserved"
    },
    "clock_observation": {
      "application_graphics_mhz": "[N/A]",
      "application_memory_mhz": "[N/A]"
    },
    "power_policy": {
      "requested_limit_w": 600.0,
      "enforced_limit_w": 600.0
    }
  },
  "config": {
    "reps": 100,
    "warmup": 5,
    "seed": 0,
    "plans": [
      "shipped"
    ],
    "calibration": false,
    "breakdown": true,
    "primary_statistic": "median",
    "capture_policy": "fresh-process-first-capture-per-leg",
    "statistics": [
      "min",
      "median",
      "p99"
    ],
    "p99_min_reps": 100,
    "soak_s": 0,
    "control_spread_max_ms": null,
    "attribution": false,
    "leg_options": [
      {}
    ]
  },
  "legs": [
    {
      "plan": "shipped",
      "identity": {
        "schema_version": 3,
        "target": "hardware/nvidia/rtx5090/pi05",
        "hardware": "rtx5090-32gb",
        "model": "pi05",
        "shape_profile": "action_dim32-batch1-chunk50-encoder_dim2048-encoder_ffn_dim16384-expert_dim1024-expert_ffn_dim4096-expert_tokens50-head_dim256-image_channels3-image_height224-image_width224-kv_heads1-layers18-num_views3-prefix_len968-prompt_len200-qkv_width2560-query_heads8-state_dim32-steps10-vision_dim1152-vision_ffn_dim4304-vision_head_dim72-vision_heads16-vision_layers27-visual_tokens768-visual_tokens_per_view256",
        "shape": {
          "batch": 1,
          "num_views": 3,
          "image_height": 224,
          "image_width": 224,
          "image_channels": 3,
          "visual_tokens_per_view": 256,
          "visual_tokens": 768,
          "vision_dim": 1152,
          "vision_ffn_dim": 4304,
          "vision_heads": 16,
          "vision_head_dim": 72,
          "vision_layers": 27,
          "prompt_len": 200,
          "prefix_len": 968,
          "chunk": 50,
          "expert_tokens": 50,
          "state_dim": 32,
          "action_dim": 32,
          "steps": 10,
          "layers": 18,
          "encoder_dim": 2048,
          "encoder_ffn_dim": 16384,
          "query_heads": 8,
          "kv_heads": 1,
          "head_dim": 256,
          "qkv_width": 2560,
          "expert_dim": 1024,
          "expert_ffn_dim": 4096
        },
        "plan": {
          "vision_encoder_patch_embed": "torch",
          "vision_encoder_norm_qkv": "cutlass-vision",
          "vision_encoder_attention": "torch",
          "vision_encoder_out_proj_residual": "cutlass-vision",
          "vision_encoder_norm_ffn_up": "cutlass-vision",
          "vision_encoder_ffn_down_residual": "cutlass-vision",
          "llm_backbone_projector": "torch",
          "llm_backbone_embed_prompt": "torch",
          "llm_backbone_norm_qkv_rope": "fused-prefix-qkv",
          "llm_backbone_attention": "torch",
          "llm_backbone_out_proj_residual_masked": "bucketed-backbone",
          "llm_backbone_norm_gated_ffn_masked": "bucketed-backbone",
          "llm_backbone_ffn_down_residual_masked": "bucketed-backbone",
          "action_expert_action_in_proj": "torch",
          "action_expert_norm_qkv_rope": "triton-qkv-finish",
          "action_expert_attention": "triton-qk-attention",
          "action_expert_out_proj_residual": "cutlass-expert-residual",
          "action_expert_norm_gated_ffn": "dual-ffn",
          "action_expert_ffn_down_residual": "cutlass-expert-residual",
          "action_expert_action_out_proj": "fused-qkv"
        },
        "model_revision": "pi05-r1",
        "engine_revision": "c8026ea886d961c3c0ba622a5146f6870d911c02",
        "inference_signature": "sha256:a79c1f62c3f14674ad87e88a89bb5f66ac650e1c497ccf5076e64017b55d9f6f",
        "execution_variant": {
          "quantization": {
            "mode": "bf16"
          },
          "cache": {
            "mode": "none"
          }
        }
      },
      "measurement_context": {
        "weights": {
          "checkpoint_id": "flash-vla/pi05-random-checkpoint/v2/seed-0",
          "checkpoint_digest": "flash-vla/pi05-random-checkpoint/v2/seed-0"
        },
        "fixture": {
          "id": "flash-vla/pi05-inputs-v2/seed-0",
          "digest": "sha256:80e60b97e0964d3a558b2b622bc0d6848a841bb37543e362bdb5ade41d6c7480"
        },
        "environment": {
          "gpu_sku": "NVIDIA GeForce RTX 5090",
          "driver": "580.142",
          "cuda_runtime": "13.0",
          "pytorch": "2.13.0+cu130",
          "tilelang": "0.1.11",
          "clock_policy": {
            "benchmark_control": "inherit",
            "slurm_gpu_freq_request": null,
            "effective_locked_clocks": "unobserved"
          },
          "power_policy": {
            "requested_limit_w": 600.0,
            "enforced_limit_w": 600.0
          },
          "capture_regime": "cuda_graph",
          "clock_observation": {
            "application_graphics_mhz": "[N/A]",
            "application_memory_mhz": "[N/A]"
          }
        },
        "workload": "robodojo",
        "hostname": "ubun",
        "slurm_job_id": null,
        "timestamp": 1790438447.3308742,
        "reference_provenance": {}
      },
      "metrics": {
        "chunk_latency": {
          "min": 30.143016017973423,
          "median": 30.29928309842944,
          "n": 100,
          "samples_ms": [
            30.188431032001972,
            30.286535155028105,
            30.194127932190895,
            30.306256841868162,
            30.227511189877987,
            30.30164632946253,
            30.20487492904067,
            30.316282995045185,
            30.20720323547721,
            30.326354783028364,
            30.201410874724388,
            30.351280234754086,
            30.20729497075081,
            30.287358909845352,
            30.14588914811611,
            30.289665795862675,
            30.143016017973423,
            30.301725026220083,
            30.152329243719578,
            30.29353218153119,
            30.187112744897604,
            30.31461499631405,
            30.17759509384632,
            30.302369967103004,
            30.18507920205593,
            30.286842957139015,
            30.19524784758687,
            30.277087353169918,
            30.369702726602554,
            30.28354188427329,
            30.37429880350828,
            30.287254136055708,
            30.370081309229136,
            30.282548628747463,
            30.393007677048445,
            30.278627295047045,
            30.388592276722193,
            30.263786669820547,
            30.3734983317554,
            30.27448756620288,
            30.40196606889367,
            30.264169443398714,
            30.40759777650237,
            30.277587939053774,
            30.39749013260007,
            30.2784307859838,
            30.597526114434004,
            30.277414713054895,
            30.4064410738647,
            30.260393861681223,
            30.405994039028883,
            30.406633391976357,
            30.32475896179676,
            30.22865206003189,
            30.306408647447824,
            30.236994847655296,
            30.314727686345577,
            30.223450157791376,
            30.306589789688587,
            30.379473231732845,
            30.301071237772703,
            30.38903698325157,
            30.300783924758434,
            30.40289506316185,
            30.29706422239542,
            30.405583791434765,
            30.285498593002558,
            30.415063723921776,
            30.284046195447445,
            30.401830095797777,
            30.28280893340707,
            30.416652094572783,
            30.278863850980997,
            30.40711209177971,
            30.26996459811926,
            30.411450192332268,
            30.28352279216051,
            30.360985081642866,
            30.21031618118286,
            30.353824142366648,
            30.236143618822098,
            30.34421894699335,
            30.223894864320755,
            30.33845592290163,
            30.228739138692617,
            30.334568582475185,
            30.24743776768446,
            30.3294132463634,
            30.2411918528378,
            30.315864365547895,
            30.403355602174997,
            30.30595974996686,
            30.407721176743507,
            30.29778227210045,
            30.401788651943207,
            30.30166495591402,
            30.411597806960344,
            30.28839873149991,
            30.42090078815818,
            30.288024805486202
          ],
          "p99": 30.42090078815818
        },
        "device_latency": {
          "min": 30.2205753326416,
          "median": 30.329744338989258,
          "n": 100,
          "samples_ms": [
            30.285503387451172,
            30.423072814941406,
            30.27155113220215,
            30.352447509765625,
            30.2205753326416,
            30.35798454284668,
            30.223072052001953,
            30.350048065185547,
            30.242656707763672,
            30.334304809570312,
            30.242496490478516,
            30.328128814697266,
            30.24515151977539,
            30.325023651123047,
            30.248064041137695,
            30.31702423095703,
            30.41436767578125,
            30.302623748779297,
            30.412479400634766,
            30.30441665649414,
            30.43471908569336,
            30.300384521484375,
            30.41516876220703,
            30.29145622253418,
            30.41823959350586,
            30.291168212890625,
            30.426111221313477,
            30.295135498046875,
            30.419231414794922,
            30.294496536254883,
            30.425472259521484,
            30.280351638793945,
            30.43168067932129,
            30.288959503173828,
            30.363679885864258,
            30.242368698120117,
            30.354400634765625,
            30.238527297973633,
            30.353696823120117,
            30.24457550048828,
            30.341535568237305,
            30.244287490844727,
            30.339584350585938,
            30.26495933532715,
            30.335391998291016,
            30.411968231201172,
            30.320159912109375,
            30.434879302978516,
            30.314495086669922,
            30.43404769897461,
            30.306848526000977,
            30.436864852905273,
            30.307584762573242,
            30.441728591918945,
            30.317312240600586,
            30.445280075073242,
            30.30384063720703,
            30.437440872192383,
            30.29248046875,
            30.447263717651367,
            30.282943725585938,
            30.418367385864258,
            30.279136657714844,
            30.42732810974121,
            30.43574333190918,
            30.356800079345703,
            30.252639770507812,
            30.32681655883789,
            30.261951446533203,
            30.330976486206055,
            30.26313591003418,
            30.32851219177246,
            30.42108726501465,
            30.317216873168945,
            30.435871124267578,
            30.306943893432617,
            30.424671173095703,
            30.30179214477539,
            30.427743911743164,
            30.301279067993164,
            30.43507194519043,
            30.301631927490234,
            30.45097541809082,
            30.30352020263672,
            30.44611167907715,
            30.302688598632812,
            30.44291114807129,
            30.30182456970215,
            30.428991317749023,
            30.297536849975586,
            30.431039810180664,
            30.43984031677246,
            30.43731117248535,
            30.438335418701172,
            30.353504180908203,
            30.2673282623291,
            30.331872940063477,
            30.42412757873535,
            30.326719284057617,
            30.428512573242188
          ],
          "p99": 30.447263717651367
        },
        "host_time": {
          "prompt": {
            "min": 0.03794534131884575,
            "median": 0.03994046710431576,
            "n": 100,
            "samples_ms": [
              0.04773912951350212,
              0.04233699291944504,
              0.0400063581764698,
              0.040899962186813354,
              0.0412939116358757,
              0.04036771133542061,
              0.047048088163137436,
              0.03993511199951172,
              0.04168739542365074,
              0.04289019852876663,
              0.0401386059820652,
              0.04139682278037071,
              0.04111696034669876,
              0.04068715497851372,
              0.038582831621170044,
              0.03980891779065132,
              0.04035886377096176,
              0.042309053242206573,
              0.04036678001284599,
              0.039066653698682785,
              0.04389416426420212,
              0.04450604319572449,
              0.04070578143000603,
              0.04081008955836296,
              0.04489719867706299,
              0.05067838355898857,
              0.050356145948171616,
              0.04837382584810257,
              0.043618958443403244,
              0.040265731513500214,
              0.03955839201807976,
              0.04523666575551033,
              0.040679704397916794,
              0.03919703885912895,
              0.04060287028551102,
              0.04009110853075981,
              0.04001706838607788,
              0.04015490412712097,
              0.03961799666285515,
              0.03954395651817322,
              0.03794534131884575,
              0.03988808020949364,
              0.040248967707157135,
              0.0419197604060173,
              0.040032900869846344,
              0.03880402073264122,
              0.0394769012928009,
              0.03967666998505592,
              0.04000728949904442,
              0.039744190871715546,
              0.03946991637349129,
              0.03942800685763359,
              0.040010083466768265,
              0.0386042520403862,
              0.03939727321267128,
              0.03920914605259895,
              0.03920821473002434,
              0.03894884139299393,
              0.039176084101200104,
              0.039489008486270905,
              0.03913789987564087,
              0.039394013583660126,
              0.038804952055215836,
              0.03895023837685585,
              0.039223115891218185,
              0.03803381696343422,
              0.03982614725828171,
              0.04413072019815445,
              0.040703918784856796,
              0.043771229684352875,
              0.04014885053038597,
              0.03966083750128746,
              0.03954116255044937,
              0.039597973227500916,
              0.03799190744757652,
              0.04007294774055481,
              0.039462000131607056,
              0.04564924165606499,
              0.0395909883081913,
              0.038899946957826614,
              0.03961985930800438,
              0.03829877823591232,
              0.039387959986925125,
              0.03988109529018402,
              0.04017213359475136,
              0.03977026790380478,
              0.03923475742340088,
              0.03922684118151665,
              0.043563079088926315,
              0.039705075323581696,
              0.038430094718933105,
              0.0399458222091198,
              0.04100240767002106,
              0.04485808312892914,
              0.04023080691695213,
              0.039651058614254,
              0.03952439874410629,
              0.04004407674074173,
              0.03948807716369629,
              0.03993511199951172
            ],
            "p99": 0.050356145948171616
          }
        },
        "segment_latency": {
          "vision_encoder": {
            "min": 4.0920000076293945,
            "median": 4.143376111984253,
            "n": 100,
            "samples_ms": [
              4.095168113708496,
              4.105760097503662,
              4.10972785949707,
              4.121664047241211,
              4.121952056884766,
              4.130496025085449,
              4.106112003326416,
              4.092895984649658,
              4.093152046203613,
              4.093088150024414,
              4.092864036560059,
              4.093088150024414,
              4.0932159423828125,
              4.092895984649658,
              4.0920000076293945,
              4.092063903808594,
              4.092127799987793,
              4.092864036560059,
              4.092095851898193,
              4.0920000076293945,
              4.092480182647705,
              4.118847846984863,
              4.128799915313721,
              4.129983901977539,
              4.133088111877441,
              4.131231784820557,
              4.132256031036377,
              4.129055976867676,
              4.14137601852417,
              4.141568183898926,
              4.1332478523254395,
              4.130911827087402,
              4.14137601852417,
              4.142176151275635,
              4.141312122344971,
              4.142303943634033,
              4.14137601852417,
              4.1418561935424805,
              4.141503810882568,
              4.14188814163208,
              4.142111778259277,
              4.143040180206299,
              4.1418561935424805,
              4.142240047454834,
              4.141312122344971,
              4.143360137939453,
              4.144192218780518,
              4.142367839813232,
              4.1420159339904785,
              4.143487930297852,
              4.142144203186035,
              4.144224166870117,
              4.143392086029053,
              4.154304027557373,
              4.144383907318115,
              4.148608207702637,
              4.145984172821045,
              4.154560089111328,
              4.154304027557373,
              4.1545281410217285,
              4.143295764923096,
              4.154496192932129,
              4.153279781341553,
              4.153535842895508,
              4.145440101623535,
              4.154079914093018,
              4.153535842895508,
              4.153791904449463,
              4.153535842895508,
              4.154560089111328,
              4.153600215911865,
              4.153696060180664,
              4.1539201736450195,
              4.156256198883057,
              4.153471946716309,
              4.154304027557373,
              4.153439998626709,
              4.153600215911865,
              4.154463768005371,
              4.154399871826172,
              4.153696060180664,
              4.154687881469727,
              4.155551910400391,
              4.157887935638428,
              4.155551910400391,
              4.15772819519043,
              4.157504081726074,
              4.156767845153809,
              4.158495903015137,
              4.155648231506348,
              4.157567977905273,
              4.157536029815674,
              4.156320095062256,
              4.157663822174072,
              4.157631874084473,
              4.157887935638428,
              4.155776023864746,
              4.166783809661865,
              4.157792091369629,
              4.155712127685547
            ],
            "p99": 4.158495903015137
          },
          "llm_backbone": {
            "min": 17.144351959228516,
            "median": 17.157215118408203,
            "n": 100,
            "samples_ms": [
              17.14566421508789,
              17.15020751953125,
              17.146623611450195,
              17.144351959228516,
              17.147775650024414,
              17.14646339416504,
              17.144672393798828,
              17.146047592163086,
              17.14569664001465,
              17.144895553588867,
              17.14793586730957,
              17.14454460144043,
              17.145824432373047,
              17.146623611450195,
              17.148832321166992,
              17.146656036376953,
              17.155712127685547,
              17.15001678466797,
              17.148895263671875,
              17.145919799804688,
              17.147743225097656,
              17.148639678955078,
              17.158655166625977,
              17.15670394897461,
              17.158239364624023,
              17.157920837402344,
              17.150495529174805,
              17.158143997192383,
              17.145952224731445,
              17.158016204833984,
              17.158239364624023,
              17.1582088470459,
              17.148256301879883,
              17.158720016479492,
              17.158111572265625,
              17.145856857299805,
              17.145824432373047,
              17.15827178955078,
              17.148672103881836,
              17.15817642211914,
              17.158432006835938,
              17.158784866333008,
              17.15737533569336,
              17.158048629760742,
              17.160127639770508,
              17.150720596313477,
              17.14703941345215,
              17.157215118408203,
              17.157888412475586,
              17.149824142456055,
              17.15692710876465,
              17.157920837402344,
              17.147520065307617,
              17.148639678955078,
              17.147903442382812,
              17.1582088470459,
              17.15795135498047,
              17.15558433532715,
              17.156959533691406,
              17.156320571899414,
              17.160064697265625,
              17.155231475830078,
              17.158336639404297,
              17.15830421447754,
              17.156095504760742,
              17.170015335083008,
              17.15532875061035,
              17.145952224731445,
              17.158079147338867,
              17.162303924560547,
              17.158016204833984,
              17.157760620117188,
              17.156288146972656,
              17.1582088470459,
              17.158079147338867,
              17.156768798828125,
              17.15817642211914,
              17.158079147338867,
              17.156959533691406,
              17.150047302246094,
              17.149824142456055,
              17.158111572265625,
              17.157215118408203,
              17.158367156982422,
              17.158336639404297,
              17.15830421447754,
              17.1562557220459,
              17.158336639404297,
              17.15827178955078,
              17.160287857055664,
              17.15830421447754,
              17.168224334716797,
              17.157920837402344,
              17.15897560119629,
              17.1592960357666,
              17.158111572265625,
              17.158336639404297,
              17.158367156982422,
              17.1582088470459,
              17.158336639404297
            ],
            "p99": 17.168224334716797
          },
          "action_expert": {
            "min": 9.451295852661133,
            "median": 9.455552101135254,
            "n": 100,
            "samples_ms": [
              9.454655647277832,
              9.453280448913574,
              9.45571231842041,
              9.464832305908203,
              9.463711738586426,
              9.455231666564941,
              9.4552640914917,
              9.463647842407227,
              9.622559547424316,
              9.453408241271973,
              9.455488204956055,
              9.463647842407227,
              9.462911605834961,
              9.453632354736328,
              9.455424308776855,
              9.453503608703613,
              9.45315170288086,
              9.455615997314453,
              9.463520050048828,
              9.463808059692383,
              9.462976455688477,
              9.463839530944824,
              9.456159591674805,
              9.455391883850098,
              9.453408241271973,
              9.45468807220459,
              9.454719543457031,
              9.453887939453125,
              9.453568458557129,
              9.453375816345215,
              9.455455780029297,
              9.45366382598877,
              9.455648422241211,
              9.463839530944824,
              9.463552474975586,
              9.463040351867676,
              9.46288013458252,
              9.453632354736328,
              9.454591751098633,
              9.453727722167969,
              9.454527854919434,
              9.45299243927002,
              9.454591751098633,
              9.453184127807617,
              9.454527854919434,
              9.453887939453125,
              9.455488204956055,
              9.454719543457031,
              9.463744163513184,
              9.463871955871582,
              9.463456153869629,
              9.463040351867676,
              9.453632354736328,
              9.453696250915527,
              9.45366382598877,
              9.46406364440918,
              9.455039978027344,
              9.453568458557129,
              9.453503608703613,
              9.454496383666992,
              9.453727722167969,
              9.454848289489746,
              9.453536033630371,
              9.451295852661133,
              9.463935852050781,
              9.463711738586426,
              9.46288013458252,
              9.455615997314453,
              9.46390438079834,
              9.455679893493652,
              9.45529556274414,
              9.456640243530273,
              9.454463958740234,
              9.46448040008545,
              9.46399974822998,
              9.455648422241211,
              9.454848289489746,
              9.453951835632324,
              9.454751968383789,
              9.45359992980957,
              9.464032173156738,
              9.453696250915527,
              9.4552640914917,
              9.464223861694336,
              9.46288013458252,
              9.463680267333984,
              9.455743789672852,
              9.463071823120117,
              9.462495803833008,
              9.46406364440918,
              9.463359832763672,
              9.455615997314453,
              9.464896202087402,
              9.464192390441895,
              9.463007926940918,
              9.453439712524414,
              9.463775634765625,
              9.464096069335938,
              9.463647842407227,
              9.463616371154785
            ],
            "p99": 9.464896202087402
          }
        },
        "overhead": {
          "min": -0.54463180154562,
          "median": -0.4568602330982685,
          "p99": -0.3707156516611576
        }
      },
      "attribution": null,
      "runtime_observation": {
        "before": {
          "clocks.sm": "2910",
          "clocks.mem": "13801",
          "pstate": "P1",
          "temperature.gpu": "52",
          "power.draw": "181.20",
          "clocks_event_reasons.active": "0x0000000000000000"
        },
        "after": {
          "clocks.sm": "2872",
          "clocks.mem": "13801",
          "pstate": "P1",
          "temperature.gpu": "63",
          "power.draw": "488.88",
          "clocks_event_reasons.active": "0x0000000000000000"
        }
      },
      "options": {
        "workload": "robodojo"
      },
      "process_id": 3142789,
      "gpu_uuid": "GPU-7fc626f4-bce7-9a11-81de-0eaedc93e242",
      "implementation_source": null,
      "leg": 0
    }
  ],
  "deltas": null
}
