== leg 0: hardware/nvidia/rtx5090/pi05 plan=shipped
{
  "identity": {
    "schema_version": 3,
    "target": "hardware/nvidia/rtx5090/pi05",
    "hardware": "rtx5090-32gb",
    "model": "pi05",
    "shape_profile": "action_dim32-batch1-chunk10-encoder_dim2048-encoder_ffn_dim16384-expert_dim1024-expert_ffn_dim4096-expert_tokens10-head_dim256-image_channels3-image_height224-image_width224-kv_heads1-layers18-num_views2-prefix_len712-prompt_len200-qkv_width2560-query_heads8-state_dim32-steps10-vision_dim1152-vision_ffn_dim4304-vision_head_dim72-vision_heads16-vision_layers27-visual_tokens512-visual_tokens_per_view256",
    "shape": {
      "batch": 1,
      "num_views": 2,
      "image_height": 224,
      "image_width": 224,
      "image_channels": 3,
      "visual_tokens_per_view": 256,
      "visual_tokens": 512,
      "vision_dim": 1152,
      "vision_ffn_dim": 4304,
      "vision_heads": 16,
      "vision_head_dim": 72,
      "vision_layers": 27,
      "prompt_len": 200,
      "prefix_len": 712,
      "chunk": 10,
      "expert_tokens": 10,
      "state_dim": 32,
      "action_dim": 32,
      "steps": 10,
      "layers": 18,
      "encoder_dim": 2048,
      "encoder_ffn_dim": 16384,
      "query_heads": 8,
      "kv_heads": 1,
      "head_dim": 256,
      "qkv_width": 2560,
      "expert_dim": 1024,
      "expert_ffn_dim": 4096
    },
    "plan": {
      "vision_encoder_patch_embed": "torch",
      "vision_encoder_norm_qkv": "cutlass-vision",
      "vision_encoder_attention": "torch",
      "vision_encoder_out_proj_residual": "cutlass-vision",
      "vision_encoder_norm_ffn_up": "cutlass-vision",
      "vision_encoder_ffn_down_residual": "cutlass-vision",
      "llm_backbone_projector": "torch",
      "llm_backbone_embed_prompt": "torch",
      "llm_backbone_norm_qkv_rope": "fused-prefix-qkv",
      "llm_backbone_attention": "torch",
      "llm_backbone_out_proj_residual": "cutlass-backbone",
      "llm_backbone_norm_gated_ffn": "cutlass-backbone",
      "llm_backbone_ffn_down_residual": "cutlass-backbone",
      "action_expert_action_in_proj": "torch",
      "action_expert_norm_qkv_rope": "triton-qkv-finish",
      "action_expert_attention": "triton-qk-attention",
      "action_expert_out_proj_residual": "cutlass-expert-residual",
      "action_expert_norm_gated_ffn": "dual-ffn",
      "action_expert_ffn_down_residual": "cutlass-expert-residual",
      "action_expert_action_out_proj": "fused-qkv"
    },
    "model_revision": "pi05-r1",
    "engine_revision": "689839036af32700bd24e16283269590eee4a21e",
    "inference_signature": "sha256:a79c1f62c3f14674ad87e88a89bb5f66ac650e1c497ccf5076e64017b55d9f6f",
    "execution_variant": {
      "quantization": {
        "mode": "bf16"
      },
      "cache": {
        "mode": "none"
      }
    },
    "replay_buckets": [
      64,
      200
    ]
  },
  "protocol": "latency-v2",
  "instrumented": false,
  "measurement_context": {
    "weights": {
      "checkpoint_id": "flash-vla/pi05-random-checkpoint/v2/seed-0",
      "checkpoint_digest": "flash-vla/pi05-random-checkpoint/v2/seed-0"
    },
    "fixture": {
      "id": "flash-vla/pi05-inputs-v2/seed-0",
      "digest": "sha256:186266f9050d21a33ecfa4de7b9d54fe4851c8671f379edb5bc426c775184ce2"
    },
    "environment": {
      "gpu_sku": "NVIDIA GeForce RTX 5090",
      "driver": "580.142",
      "cuda_runtime": "13.0",
      "pytorch": "2.13.0+cu130",
      "tilelang": "0.1.11",
      "clock_policy": {
        "benchmark_control": "inherit",
        "slurm_gpu_freq_request": null,
        "effective_locked_clocks": "unobserved"
      },
      "power_policy": {
        "requested_limit_w": 600.0,
        "enforced_limit_w": 600.0
      },
      "capture_regime": "cuda_graph",
      "clock_observation": {
        "application_graphics_mhz": "[N/A]",
        "application_memory_mhz": "[N/A]"
      }
    },
    "workload": "libero",
    "hostname": "ubun",
    "slurm_job_id": null,
    "timestamp": 1790462904.7172406,
    "reference_provenance": {}
  },
  "env": {
    "gpu": "NVIDIA GeForce RTX 5090",
    "python": "3.12.13",
    "torch": "2.13.0+cu130",
    "torch_cuda": "13.0",
    "tilelang": "0.1.11",
    "gpu_uuid": "GPU-7fc626f4-bce7-9a11-81de-0eaedc93e242",
    "runtime_observation": {
      "clocks.sm": "2895",
      "clocks.mem": "13801",
      "pstate": "P1",
      "temperature.gpu": "58",
      "power.draw": "333.74",
      "clocks_event_reasons.active": "0x0000000000000000"
    },
    "node": "ubun",
    "job": null,
    "driver": "580.142",
    "clocks": "unlocked",
    "clock_policy": {
      "benchmark_control": "inherit",
      "slurm_gpu_freq_request": null,
      "effective_locked_clocks": "unobserved"
    },
    "clock_observation": {
      "application_graphics_mhz": "[N/A]",
      "application_memory_mhz": "[N/A]"
    },
    "power_policy": {
      "requested_limit_w": 600.0,
      "enforced_limit_w": 600.0
    }
  },
  "config": {
    "reps": 100,
    "warmup": 5,
    "seed": 0,
    "plans": [
      "shipped"
    ],
    "calibration": false,
    "breakdown": true,
    "primary_statistic": "median",
    "capture_policy": "fresh-process-first-capture-per-leg",
    "statistics": [
      "min",
      "median",
      "p99"
    ],
    "p99_min_reps": 100,
    "soak_s": 0,
    "control_spread_max_ms": null,
    "attribution": false,
    "leg_options": [
      {}
    ]
  },
  "legs": [
    {
      "plan": "shipped",
      "identity": {
        "schema_version": 3,
        "target": "hardware/nvidia/rtx5090/pi05",
        "hardware": "rtx5090-32gb",
        "model": "pi05",
        "shape_profile": "action_dim32-batch1-chunk10-encoder_dim2048-encoder_ffn_dim16384-expert_dim1024-expert_ffn_dim4096-expert_tokens10-head_dim256-image_channels3-image_height224-image_width224-kv_heads1-layers18-num_views2-prefix_len712-prompt_len200-qkv_width2560-query_heads8-state_dim32-steps10-vision_dim1152-vision_ffn_dim4304-vision_head_dim72-vision_heads16-vision_layers27-visual_tokens512-visual_tokens_per_view256",
        "shape": {
          "batch": 1,
          "num_views": 2,
          "image_height": 224,
          "image_width": 224,
          "image_channels": 3,
          "visual_tokens_per_view": 256,
          "visual_tokens": 512,
          "vision_dim": 1152,
          "vision_ffn_dim": 4304,
          "vision_heads": 16,
          "vision_head_dim": 72,
          "vision_layers": 27,
          "prompt_len": 200,
          "prefix_len": 712,
          "chunk": 10,
          "expert_tokens": 10,
          "state_dim": 32,
          "action_dim": 32,
          "steps": 10,
          "layers": 18,
          "encoder_dim": 2048,
          "encoder_ffn_dim": 16384,
          "query_heads": 8,
          "kv_heads": 1,
          "head_dim": 256,
          "qkv_width": 2560,
          "expert_dim": 1024,
          "expert_ffn_dim": 4096
        },
        "plan": {
          "vision_encoder_patch_embed": "torch",
          "vision_encoder_norm_qkv": "cutlass-vision",
          "vision_encoder_attention": "torch",
          "vision_encoder_out_proj_residual": "cutlass-vision",
          "vision_encoder_norm_ffn_up": "cutlass-vision",
          "vision_encoder_ffn_down_residual": "cutlass-vision",
          "llm_backbone_projector": "torch",
          "llm_backbone_embed_prompt": "torch",
          "llm_backbone_norm_qkv_rope": "fused-prefix-qkv",
          "llm_backbone_attention": "torch",
          "llm_backbone_out_proj_residual": "cutlass-backbone",
          "llm_backbone_norm_gated_ffn": "cutlass-backbone",
          "llm_backbone_ffn_down_residual": "cutlass-backbone",
          "action_expert_action_in_proj": "torch",
          "action_expert_norm_qkv_rope": "triton-qkv-finish",
          "action_expert_attention": "triton-qk-attention",
          "action_expert_out_proj_residual": "cutlass-expert-residual",
          "action_expert_norm_gated_ffn": "dual-ffn",
          "action_expert_ffn_down_residual": "cutlass-expert-residual",
          "action_expert_action_out_proj": "fused-qkv"
        },
        "model_revision": "pi05-r1",
        "engine_revision": "689839036af32700bd24e16283269590eee4a21e",
        "inference_signature": "sha256:a79c1f62c3f14674ad87e88a89bb5f66ac650e1c497ccf5076e64017b55d9f6f",
        "execution_variant": {
          "quantization": {
            "mode": "bf16"
          },
          "cache": {
            "mode": "none"
          }
        },
        "replay_buckets": [
          64,
          200
        ]
      },
      "replay": {
        "extent": 12,
        "bucket": 64
      },
      "measurement_context": {
        "weights": {
          "checkpoint_id": "flash-vla/pi05-random-checkpoint/v2/seed-0",
          "checkpoint_digest": "flash-vla/pi05-random-checkpoint/v2/seed-0"
        },
        "fixture": {
          "id": "flash-vla/pi05-inputs-v2/seed-0",
          "digest": "sha256:186266f9050d21a33ecfa4de7b9d54fe4851c8671f379edb5bc426c775184ce2"
        },
        "environment": {
          "gpu_sku": "NVIDIA GeForce RTX 5090",
          "driver": "580.142",
          "cuda_runtime": "13.0",
          "pytorch": "2.13.0+cu130",
          "tilelang": "0.1.11",
          "clock_policy": {
            "benchmark_control": "inherit",
            "slurm_gpu_freq_request": null,
            "effective_locked_clocks": "unobserved"
          },
          "power_policy": {
            "requested_limit_w": 600.0,
            "enforced_limit_w": 600.0
          },
          "capture_regime": "cuda_graph",
          "clock_observation": {
            "application_graphics_mhz": "[N/A]",
            "application_memory_mhz": "[N/A]"
          }
        },
        "workload": "libero",
        "hostname": "ubun",
        "slurm_job_id": null,
        "timestamp": 1790462904.7172406,
        "reference_provenance": {}
      },
      "metrics": {
        "chunk_latency": {
          "min": 23.895035032182932,
          "median": 23.99414894171059,
          "n": 100,
          "samples_ms": [
            24.008891079574823,
            23.921608924865723,
            23.897364269942045,
            23.949281312525272,
            23.99271074682474,
            23.989106994122267,
            23.97880982607603,
            23.92318705096841,
            24.03942309319973,
            24.17218405753374,
            24.164451751857996,
            23.98708462715149,
            23.931826930493116,
            24.06669594347477,
            24.15813785046339,
            24.158933199942112,
            24.009258020669222,
            23.951401934027672,
            24.058931972831488,
            24.14933918043971,
            24.14558408781886,
            23.988439235836267,
            23.97050615400076,
            24.08728701993823,
            24.15315108373761,
            23.988747037947178,
            23.982261773198843,
            23.9774938672781,
            24.106681812554598,
            24.180009961128235,
            24.008186999708414,
            23.972420021891594,
            23.998807184398174,
            23.984139785170555,
            23.990620858967304,
            23.993561044335365,
            24.011522997170687,
            24.009963031858206,
            24.088826030492783,
            24.162658024579287,
            24.006660096347332,
            23.987682070583105,
            23.992454167455435,
            24.076279252767563,
            24.14820482954383,
            24.000184144824743,
            23.968142922967672,
            23.972996044903994,
            24.086987134069204,
            24.154748767614365,
            23.995702154934406,
            23.90593383461237,
            23.932490963488817,
            24.294261820614338,
            24.151936173439026,
            23.99791218340397,
            23.900575935840607,
            23.939642123878002,
            24.099215399473906,
            24.137623142451048,
            24.01680964976549,
            23.91850808635354,
            23.954952601343393,
            24.092279840260744,
            24.140527937561274,
            23.99241179227829,
            23.924000095576048,
            23.92276283353567,
            24.08100012689829,
            24.15180904790759,
            23.998092859983444,
            23.895035032182932,
            23.944975808262825,
            23.99260876700282,
            23.99108139798045,
            24.00514204055071,
            23.991019930690527,
            23.992831353098154,
            24.097132962197065,
            24.167277850210667,
            24.000972043722868,
            23.990097921341658,
            23.99693103507161,
            24.011568166315556,
            23.979798890650272,
            23.98891793563962,
            23.973048198968172,
            23.984065745025873,
            23.983350954949856,
            24.00586334988475,
            23.994736839085817,
            23.97971600294113,
            24.00984615087509,
            23.99127697572112,
            24.00511270388961,
            24.00041790679097,
            23.97955395281315,
            23.991460911929607,
            23.99217104539275,
            23.98521127179265
          ],
          "p99": 24.180009961128235
        },
        "device_latency": {
          "min": 23.96828842163086,
          "median": 24.0295991897583,
          "n": 100,
          "samples_ms": [
            24.003231048583984,
            23.997983932495117,
            23.981504440307617,
            24.110944747924805,
            24.145408630371094,
            24.0086727142334,
            24.00009536743164,
            24.063615798950195,
            24.15830421447754,
            24.14841651916504,
            23.98963165283203,
            23.978496551513672,
            24.063552856445312,
            24.148672103881836,
            24.152799606323242,
            24.014911651611328,
            23.984703063964844,
            24.05423927307129,
            24.150432586669922,
            24.144895553588867,
            23.99260711669922,
            23.988767623901367,
            24.07708740234375,
            24.161792755126953,
            24.174272537231445,
            23.99126434326172,
            23.993087768554688,
            24.071552276611328,
            24.1494083404541,
            24.0263671875,
            23.986080169677734,
            23.990816116333008,
            24.084287643432617,
            24.162784576416016,
            24.003103256225586,
            23.97702407836914,
            23.96828842163086,
            24.08710479736328,
            24.149696350097656,
            24.013439178466797,
            23.9835205078125,
            23.99286460876465,
            24.074304580688477,
            24.146240234375,
            24.017087936401367,
            23.985567092895508,
            23.98041534423828,
            24.095775604248047,
            24.155168533325195,
            24.021696090698242,
            24.004383087158203,
            23.979999542236328,
            24.0743350982666,
            24.162368774414062,
            24.00943946838379,
            23.983903884887695,
            23.981952667236328,
            24.10198402404785,
            24.148128509521484,
            24.007423400878906,
            23.988128662109375,
            23.99955177307129,
            24.096960067749023,
            24.151264190673828,
            23.997119903564453,
            23.99907112121582,
            24.07369613647461,
            24.136159896850586,
            24.14543914794922,
            23.980127334594727,
            23.978912353515625,
            24.06483268737793,
            24.141504287719727,
            24.13827133178711,
            24.008544921875,
            23.98297691345215,
            24.04969596862793,
            24.159040451049805,
            24.151103973388672,
            24.001184463500977,
            23.999040603637695,
            24.07596778869629,
            24.140575408935547,
            24.160127639770508,
            23.979999542236328,
            23.979360580444336,
            24.081279754638672,
            24.150976181030273,
            24.147008895874023,
            23.979936599731445,
            23.990943908691406,
            24.0644474029541,
            24.147872924804688,
            23.99692726135254,
            23.97747230529785,
            24.009248733520508,
            24.07606315612793,
            24.142335891723633,
            24.0328311920166,
            23.98534393310547
          ],
          "p99": 24.162784576416016
        },
        "host_time": {
          "prompt": {
            "min": 0.020772218704223633,
            "median": 0.02163299359381199,
            "n": 100,
            "samples_ms": [
              0.02326304093003273,
              0.023369211703538895,
              0.022466294467449188,
              0.023107044398784637,
              0.022392254322767258,
              0.02146279439330101,
              0.021850690245628357,
              0.02189306542277336,
              0.02210168167948723,
              0.02144230529665947,
              0.02159085124731064,
              0.02161506563425064,
              0.021644867956638336,
              0.02182135358452797,
              0.021457206457853317,
              0.021792016923427582,
              0.0214260071516037,
              0.02154707908630371,
              0.02153078094124794,
              0.021937303245067596,
              0.021898653358221054,
              0.02140318974852562,
              0.02205604687333107,
              0.021494925022125244,
              0.022025778889656067,
              0.02164207398891449,
              0.021304935216903687,
              0.021921005100011826,
              0.021705403923988342,
              0.021443236619234085,
              0.02215709537267685,
              0.024165958166122437,
              0.02267584204673767,
              0.02171238884329796,
              0.02161506563425064,
              0.022145919501781464,
              0.022005755454301834,
              0.021567102521657944,
              0.021257903426885605,
              0.02155173569917679,
              0.02268189564347267,
              0.022445805370807648,
              0.022143125534057617,
              0.022037886083126068,
              0.023012980818748474,
              0.020772218704223633,
              0.021848827600479126,
              0.021984800696372986,
              0.021297018975019455,
              0.02111494541168213,
              0.021548941731452942,
              0.021175015717744827,
              0.02152426168322563,
              0.021670013666152954,
              0.021668151021003723,
              0.021614134311676025,
              0.02163974568247795,
              0.021424144506454468,
              0.0214441679418087,
              0.021439045667648315,
              0.021680258214473724,
              0.02157827839255333,
              0.02130214124917984,
              0.02123182639479637,
              0.0216788612306118,
              0.021535903215408325,
              0.021290965378284454,
              0.021490734070539474,
              0.021379906684160233,
              0.02170400694012642,
              0.02148933708667755,
              0.021877232939004898,
              0.02210773527622223,
              0.022018328309059143,
              0.021826010197401047,
              0.02208305522799492,
              0.022058840841054916,
              0.02151401713490486,
              0.02225767821073532,
              0.0219675712287426,
              0.023398082703351974,
              0.021608080714941025,
              0.021641142666339874,
              0.0214502215385437,
              0.0211191363632679,
              0.021430663764476776,
              0.021605752408504486,
              0.021423213183879852,
              0.021573156118392944,
              0.021591316908597946,
              0.023755710572004318,
              0.021759886294603348,
              0.021626241505146027,
              0.02105068415403366,
              0.02132682129740715,
              0.021209940314292908,
              0.021554064005613327,
              0.02134311944246292,
              0.02146279439330101,
              0.021765008568763733
            ],
            "p99": 0.023755710572004318
          }
        },
        "segment_latency": {
          "vision_encoder": {
            "min": 3.097791910171509,
            "median": 3.110527992248535,
            "n": 100,
            "samples_ms": [
              3.102463960647583,
              3.09881591796875,
              3.0986878871917725,
              3.098464012145996,
              3.0988481044769287,
              3.0988481044769287,
              3.1025919914245605,
              3.097951889038086,
              3.0989439487457275,
              3.098752021789551,
              3.101952075958252,
              3.097791910171509,
              3.0991361141204834,
              3.1000640392303467,
              3.0986239910125732,
              3.1009600162506104,
              3.097791910171509,
              3.1025280952453613,
              3.1015679836273193,
              3.097951889038086,
              3.1007039546966553,
              3.0999679565429688,
              3.0988800525665283,
              3.097856044769287,
              3.098975896835327,
              3.0985279083251953,
              3.1009280681610107,
              3.1015360355377197,
              3.101855993270874,
              3.102976083755493,
              3.1019840240478516,
              3.0988481044769287,
              3.0978879928588867,
              3.1006720066070557,
              3.1104319095611572,
              3.1019840240478516,
              3.110016107559204,
              3.122528076171875,
              3.135711908340454,
              3.129823923110962,
              3.128063917160034,
              3.125119924545288,
              3.1273279190063477,
              3.1180479526519775,
              3.110208034515381,
              3.1107840538024902,
              3.1034560203552246,
              3.1110079288482666,
              3.1036159992218018,
              3.1107521057128906,
              3.1109440326690674,
              3.1107840538024902,
              3.111072063446045,
              3.1028800010681152,
              3.1029438972473145,
              3.110975980758667,
              3.102911949157715,
              3.1026880741119385,
              3.110527992248535,
              3.1112959384918213,
              3.1112000942230225,
              3.111072063446045,
              3.1108479499816895,
              3.110879898071289,
              3.1102399826049805,
              3.1024959087371826,
              3.102112054824829,
              3.111327886581421,
              3.111423969268799,
              3.111072063446045,
              3.1109120845794678,
              3.1109440326690674,
              3.110975980758667,
              3.1109440326690674,
              3.1108479499816895,
              3.1109440326690674,
              3.1107521057128906,
              3.1101438999176025,
              3.111680030822754,
              3.110975980758667,
              3.1111679077148438,
              3.1108479499816895,
              3.1109440326690674,
              3.110975980758667,
              3.1106560230255127,
              3.11081600189209,
              3.1111040115356445,
              3.1108479499816895,
              3.1109440326690674,
              3.1107521057128906,
              3.110624074935913,
              3.1107840538024902,
              3.1129279136657715,
              3.111327886581421,
              3.110527992248535,
              3.1107840538024902,
              3.11081600189209,
              3.1110079288482666,
              3.1100800037384033,
              3.1111679077148438
            ],
            "p99": 3.129823923110962
          },
          "llm_backbone": {
            "min": 12.126144409179688,
            "median": 12.251488208770752,
            "n": 100,
            "samples_ms": [
              12.126144409179688,
              12.163328170776367,
              12.175647735595703,
              12.201760292053223,
              12.217632293701172,
              12.218879699707031,
              12.218688011169434,
              12.2225923538208,
              12.224512100219727,
              12.210111618041992,
              12.226367950439453,
              12.222463607788086,
              12.226112365722656,
              12.222016334533691,
              12.2324800491333,
              12.225919723510742,
              12.221311569213867,
              12.242624282836914,
              12.242591857910156,
              12.243071556091309,
              12.236288070678711,
              12.244832038879395,
              12.25164794921875,
              12.248895645141602,
              12.24294376373291,
              12.24556827545166,
              12.244799613952637,
              12.244704246520996,
              12.25596809387207,
              12.249279975891113,
              12.247136116027832,
              12.2542724609375,
              12.257823944091797,
              12.242591857910156,
              12.25596809387207,
              12.244704246520996,
              12.254816055297852,
              12.25158405303955,
              12.251392364501953,
              12.255071640014648,
              12.250880241394043,
              12.25391960144043,
              12.249759674072266,
              12.242591857910156,
              12.254688262939453,
              12.256095886230469,
              12.246623992919922,
              12.265472412109375,
              12.256575584411621,
              12.243935585021973,
              12.254079818725586,
              12.246912002563477,
              12.254495620727539,
              12.247743606567383,
              12.24403190612793,
              12.253984451293945,
              12.255264282226562,
              12.25654411315918,
              12.25654411315918,
              12.254560470581055,
              12.254912376403809,
              12.258432388305664,
              12.2542724609375,
              12.259296417236328,
              12.257408142089844,
              12.244671821594238,
              12.248191833496094,
              12.245152473449707,
              12.250335693359375,
              12.252767562866211,
              12.269439697265625,
              12.255167961120605,
              12.248064041137695,
              12.238592147827148,
              12.255040168762207,
              12.260319709777832,
              12.255392074584961,
              12.254495620727539,
              12.26636791229248,
              12.24454402923584,
              12.255167961120605,
              12.258367538452148,
              12.254400253295898,
              12.260543823242188,
              12.25596809387207,
              12.256383895874023,
              12.253952026367188,
              12.263327598571777,
              12.25055980682373,
              12.255616188049316,
              12.248831748962402,
              12.247167587280273,
              12.256192207336426,
              12.255040168762207,
              12.255167961120605,
              12.266655921936035,
              12.26137638092041,
              12.25699234008789,
              12.258527755737305,
              12.257184028625488
            ],
            "p99": 12.266655921936035
          },
          "action_expert": {
            "min": 8.899711608886719,
            "median": 8.910863876342773,
            "n": 100,
            "samples_ms": [
              8.93779182434082,
              8.924639701843262,
              8.923135757446289,
              8.910816192626953,
              8.911904335021973,
              8.910943984985352,
              8.922464370727539,
              8.910911560058594,
              8.91100788116455,
              8.915136337280273,
              8.909952163696289,
              8.923168182373047,
              8.910016059875488,
              8.91107177734375,
              8.910112380981445,
              8.914079666137695,
              8.915136337280273,
              8.92131233215332,
              8.914560317993164,
              8.912544250488281,
              8.912960052490234,
              8.922368049621582,
              8.910016059875488,
              8.900032043457031,
              8.910240173339844,
              8.901375770568848,
              8.909855842590332,
              8.922207832336426,
              8.900704383850098,
              8.910079956054688,
              8.911520004272461,
              8.90988826751709,
              8.910783767700195,
              8.90982437133789,
              8.912927627563477,
              8.922016143798828,
              8.899935722351074,
              8.91055965423584,
              8.910207748413086,
              8.914112091064453,
              8.910847663879395,
              8.910752296447754,
              8.910016059875488,
              8.922335624694824,
              8.911392211914062,
              8.912192344665527,
              8.923392295837402,
              8.91004753112793,
              8.910880088806152,
              8.910079956054688,
              8.910143852233887,
              8.91107177734375,
              8.902463912963867,
              8.910880088806152,
              8.912832260131836,
              8.91004753112793,
              8.91385555267334,
              8.910240173339844,
              8.909919738769531,
              8.911168098449707,
              8.913056373596191,
              8.910271644592285,
              8.91004753112793,
              8.923328399658203,
              8.909855842590332,
              8.90998363494873,
              8.910176277160645,
              8.9017915725708,
              8.902591705322266,
              8.915040016174316,
              8.909791946411133,
              8.909919738769531,
              8.911775588989258,
              8.912351608276367,
              8.910207748413086,
              8.911040306091309,
              8.909855842590332,
              8.900032043457031,
              8.912927627563477,
              8.909855842590332,
              8.910688400268555,
              8.910847663879395,
              8.91107177734375,
              8.899711608886719,
              8.91100788116455,
              8.91097640991211,
              8.910240173339844,
              8.899999618530273,
              8.910207748413086,
              8.914175987243652,
              8.90998363494873,
              8.91430377960205,
              8.911968231201172,
              8.911871910095215,
              8.91100788116455,
              8.911104202270508,
              8.901856422424316,
              8.909631729125977,
              8.915007591247559,
              8.910079956054688
            ],
            "p99": 8.924639701843262
          }
        },
        "overhead": {
          "min": -0.22861289605498314,
          "median": -0.27873113565146923,
          "p99": -0.14110958576202393
        }
      },
      "attribution": null,
      "runtime_observation": {
        "before": {
          "clocks.sm": "2542",
          "clocks.mem": "13801",
          "pstate": "P1",
          "temperature.gpu": "53",
          "power.draw": "156.15",
          "clocks_event_reasons.active": "0x0000000000000000"
        },
        "after": {
          "clocks.sm": "2895",
          "clocks.mem": "13801",
          "pstate": "P1",
          "temperature.gpu": "58",
          "power.draw": "333.74",
          "clocks_event_reasons.active": "0x0000000000000000"
        }
      },
      "options": {
        "workload": "libero"
      },
      "process_id": 3284908,
      "gpu_uuid": "GPU-7fc626f4-bce7-9a11-81de-0eaedc93e242",
      "implementation_source": null,
      "leg": 0
    }
  ],
  "deltas": null
}
