== leg 0: hardware/nvidia/rtx5090/pi05 plan=shipped
{
  "identity": {
    "schema_version": 3,
    "target": "hardware/nvidia/rtx5090/pi05",
    "hardware": "rtx5090-32gb",
    "model": "pi05",
    "shape_profile": "action_dim32-batch1-chunk50-encoder_dim2048-encoder_ffn_dim16384-expert_dim1024-expert_ffn_dim4096-expert_tokens50-head_dim256-image_channels3-image_height224-image_width224-kv_heads1-layers18-num_views3-prefix_len968-prompt_len200-qkv_width2560-query_heads8-state_dim32-steps10-vision_dim1152-vision_ffn_dim4304-vision_head_dim72-vision_heads16-vision_layers27-visual_tokens768-visual_tokens_per_view256",
    "shape": {
      "batch": 1,
      "num_views": 3,
      "image_height": 224,
      "image_width": 224,
      "image_channels": 3,
      "visual_tokens_per_view": 256,
      "visual_tokens": 768,
      "vision_dim": 1152,
      "vision_ffn_dim": 4304,
      "vision_heads": 16,
      "vision_head_dim": 72,
      "vision_layers": 27,
      "prompt_len": 200,
      "prefix_len": 968,
      "chunk": 50,
      "expert_tokens": 50,
      "state_dim": 32,
      "action_dim": 32,
      "steps": 10,
      "layers": 18,
      "encoder_dim": 2048,
      "encoder_ffn_dim": 16384,
      "query_heads": 8,
      "kv_heads": 1,
      "head_dim": 256,
      "qkv_width": 2560,
      "expert_dim": 1024,
      "expert_ffn_dim": 4096
    },
    "plan": {
      "vision_encoder_patch_embed": "torch",
      "vision_encoder_norm_qkv": "cutlass-vision",
      "vision_encoder_attention": "torch",
      "vision_encoder_out_proj_residual": "cutlass-vision",
      "vision_encoder_norm_ffn_up": "cutlass-vision",
      "vision_encoder_ffn_down_residual": "cutlass-vision",
      "llm_backbone_projector": "torch",
      "llm_backbone_embed_prompt": "torch",
      "llm_backbone_norm_qkv_rope": "fused-prefix-qkv",
      "llm_backbone_attention": "torch",
      "llm_backbone_out_proj_residual": "cutlass-backbone",
      "llm_backbone_norm_gated_ffn": "cutlass-backbone",
      "llm_backbone_ffn_down_residual": "cutlass-backbone",
      "action_expert_action_in_proj": "torch",
      "action_expert_norm_qkv_rope": "triton-qkv-finish",
      "action_expert_attention": "triton-qk-attention",
      "action_expert_out_proj_residual": "cutlass-expert-residual",
      "action_expert_norm_gated_ffn": "dual-ffn",
      "action_expert_ffn_down_residual": "cutlass-expert-residual",
      "action_expert_action_out_proj": "fused-qkv"
    },
    "model_revision": "pi05-r1",
    "engine_revision": "689839036af32700bd24e16283269590eee4a21e",
    "inference_signature": "sha256:a79c1f62c3f14674ad87e88a89bb5f66ac650e1c497ccf5076e64017b55d9f6f",
    "execution_variant": {
      "quantization": {
        "mode": "bf16"
      },
      "cache": {
        "mode": "none"
      }
    },
    "replay_buckets": [
      64,
      128,
      200
    ]
  },
  "protocol": "latency-v2",
  "instrumented": false,
  "measurement_context": {
    "weights": {
      "checkpoint_id": "flash-vla/pi05-random-checkpoint/v2/seed-0",
      "checkpoint_digest": "flash-vla/pi05-random-checkpoint/v2/seed-0"
    },
    "fixture": {
      "id": "flash-vla/pi05-inputs-v2/seed-0",
      "digest": "sha256:80e60b97e0964d3a558b2b622bc0d6848a841bb37543e362bdb5ade41d6c7480"
    },
    "environment": {
      "gpu_sku": "NVIDIA GeForce RTX 5090",
      "driver": "580.142",
      "cuda_runtime": "13.0",
      "pytorch": "2.13.0+cu130",
      "tilelang": "0.1.11",
      "clock_policy": {
        "benchmark_control": "inherit",
        "slurm_gpu_freq_request": null,
        "effective_locked_clocks": "unobserved"
      },
      "power_policy": {
        "requested_limit_w": 600.0,
        "enforced_limit_w": 600.0
      },
      "capture_regime": "cuda_graph",
      "clock_observation": {
        "application_graphics_mhz": "[N/A]",
        "application_memory_mhz": "[N/A]"
      }
    },
    "workload": "robodojo",
    "hostname": "ubun",
    "slurm_job_id": null,
    "timestamp": 1790462817.7339933,
    "reference_provenance": {}
  },
  "env": {
    "gpu": "NVIDIA GeForce RTX 5090",
    "python": "3.12.13",
    "torch": "2.13.0+cu130",
    "torch_cuda": "13.0",
    "tilelang": "0.1.11",
    "gpu_uuid": "GPU-7fc626f4-bce7-9a11-81de-0eaedc93e242",
    "runtime_observation": {
      "clocks.sm": "2872",
      "clocks.mem": "13801",
      "pstate": "P1",
      "temperature.gpu": "63",
      "power.draw": "497.05",
      "clocks_event_reasons.active": "0x0000000000000000"
    },
    "node": "ubun",
    "job": null,
    "driver": "580.142",
    "clocks": "unlocked",
    "clock_policy": {
      "benchmark_control": "inherit",
      "slurm_gpu_freq_request": null,
      "effective_locked_clocks": "unobserved"
    },
    "clock_observation": {
      "application_graphics_mhz": "[N/A]",
      "application_memory_mhz": "[N/A]"
    },
    "power_policy": {
      "requested_limit_w": 600.0,
      "enforced_limit_w": 600.0
    }
  },
  "config": {
    "reps": 100,
    "warmup": 5,
    "seed": 0,
    "plans": [
      "shipped"
    ],
    "calibration": false,
    "breakdown": true,
    "primary_statistic": "median",
    "capture_policy": "fresh-process-first-capture-per-leg",
    "statistics": [
      "min",
      "median",
      "p99"
    ],
    "p99_min_reps": 100,
    "soak_s": 0,
    "control_spread_max_ms": null,
    "attribution": false,
    "leg_options": [
      {}
    ]
  },
  "legs": [
    {
      "plan": "shipped",
      "identity": {
        "schema_version": 3,
        "target": "hardware/nvidia/rtx5090/pi05",
        "hardware": "rtx5090-32gb",
        "model": "pi05",
        "shape_profile": "action_dim32-batch1-chunk50-encoder_dim2048-encoder_ffn_dim16384-expert_dim1024-expert_ffn_dim4096-expert_tokens50-head_dim256-image_channels3-image_height224-image_width224-kv_heads1-layers18-num_views3-prefix_len968-prompt_len200-qkv_width2560-query_heads8-state_dim32-steps10-vision_dim1152-vision_ffn_dim4304-vision_head_dim72-vision_heads16-vision_layers27-visual_tokens768-visual_tokens_per_view256",
        "shape": {
          "batch": 1,
          "num_views": 3,
          "image_height": 224,
          "image_width": 224,
          "image_channels": 3,
          "visual_tokens_per_view": 256,
          "visual_tokens": 768,
          "vision_dim": 1152,
          "vision_ffn_dim": 4304,
          "vision_heads": 16,
          "vision_head_dim": 72,
          "vision_layers": 27,
          "prompt_len": 200,
          "prefix_len": 968,
          "chunk": 50,
          "expert_tokens": 50,
          "state_dim": 32,
          "action_dim": 32,
          "steps": 10,
          "layers": 18,
          "encoder_dim": 2048,
          "encoder_ffn_dim": 16384,
          "query_heads": 8,
          "kv_heads": 1,
          "head_dim": 256,
          "qkv_width": 2560,
          "expert_dim": 1024,
          "expert_ffn_dim": 4096
        },
        "plan": {
          "vision_encoder_patch_embed": "torch",
          "vision_encoder_norm_qkv": "cutlass-vision",
          "vision_encoder_attention": "torch",
          "vision_encoder_out_proj_residual": "cutlass-vision",
          "vision_encoder_norm_ffn_up": "cutlass-vision",
          "vision_encoder_ffn_down_residual": "cutlass-vision",
          "llm_backbone_projector": "torch",
          "llm_backbone_embed_prompt": "torch",
          "llm_backbone_norm_qkv_rope": "fused-prefix-qkv",
          "llm_backbone_attention": "torch",
          "llm_backbone_out_proj_residual": "cutlass-backbone",
          "llm_backbone_norm_gated_ffn": "cutlass-backbone",
          "llm_backbone_ffn_down_residual": "cutlass-backbone",
          "action_expert_action_in_proj": "torch",
          "action_expert_norm_qkv_rope": "triton-qkv-finish",
          "action_expert_attention": "triton-qk-attention",
          "action_expert_out_proj_residual": "cutlass-expert-residual",
          "action_expert_norm_gated_ffn": "dual-ffn",
          "action_expert_ffn_down_residual": "cutlass-expert-residual",
          "action_expert_action_out_proj": "fused-qkv"
        },
        "model_revision": "pi05-r1",
        "engine_revision": "689839036af32700bd24e16283269590eee4a21e",
        "inference_signature": "sha256:a79c1f62c3f14674ad87e88a89bb5f66ac650e1c497ccf5076e64017b55d9f6f",
        "execution_variant": {
          "quantization": {
            "mode": "bf16"
          },
          "cache": {
            "mode": "none"
          }
        },
        "replay_buckets": [
          64,
          128,
          200
        ]
      },
      "replay": {
        "extent": 70,
        "bucket": 128
      },
      "measurement_context": {
        "weights": {
          "checkpoint_id": "flash-vla/pi05-random-checkpoint/v2/seed-0",
          "checkpoint_digest": "flash-vla/pi05-random-checkpoint/v2/seed-0"
        },
        "fixture": {
          "id": "flash-vla/pi05-inputs-v2/seed-0",
          "digest": "sha256:80e60b97e0964d3a558b2b622bc0d6848a841bb37543e362bdb5ade41d6c7480"
        },
        "environment": {
          "gpu_sku": "NVIDIA GeForce RTX 5090",
          "driver": "580.142",
          "cuda_runtime": "13.0",
          "pytorch": "2.13.0+cu130",
          "tilelang": "0.1.11",
          "clock_policy": {
            "benchmark_control": "inherit",
            "slurm_gpu_freq_request": null,
            "effective_locked_clocks": "unobserved"
          },
          "power_policy": {
            "requested_limit_w": 600.0,
            "enforced_limit_w": 600.0
          },
          "capture_regime": "cuda_graph",
          "clock_observation": {
            "application_graphics_mhz": "[N/A]",
            "application_memory_mhz": "[N/A]"
          }
        },
        "workload": "robodojo",
        "hostname": "ubun",
        "slurm_job_id": null,
        "timestamp": 1790462817.7339933,
        "reference_provenance": {}
      },
      "metrics": {
        "chunk_latency": {
          "min": 29.817076865583658,
          "median": 29.952188953757286,
          "n": 100,
          "samples_ms": [
            29.885799158364534,
            29.92655010893941,
            29.83094984665513,
            29.931067023426294,
            29.833681881427765,
            29.961376916617155,
            29.84430082142353,
            29.945543967187405,
            29.817076865583658,
            29.94320308789611,
            29.822813346982002,
            29.953218065202236,
            29.829147271811962,
            29.951159842312336,
            29.83919670805335,
            30.006142798811197,
            29.862279072403908,
            29.976540245115757,
            29.841722920536995,
            29.966825619339943,
            29.835429973900318,
            29.984216205775738,
            29.82837799936533,
            29.987793881446123,
            29.832500964403152,
            30.018486082553864,
            29.891576152294874,
            30.02283303067088,
            29.89274775609374,
            30.01823090016842,
            29.898271895945072,
            30.02715716138482,
            29.839500319212675,
            29.845139011740685,
            29.83955293893814,
            29.865377582609653,
            29.8334788531065,
            30.030854046344757,
            29.841162264347076,
            30.00994585454464,
            29.843909665942192,
            30.022991355508566,
            29.84185004606843,
            30.033307150006294,
            29.843932949006557,
            30.043565202504396,
            29.853875283151865,
            30.019856058061123,
            29.851797968149185,
            30.029108747839928,
            29.861929826438427,
            30.041113030165434,
            29.867188073694706,
            30.030434019863605,
            29.86543672159314,
            30.035926960408688,
            29.871589969843626,
            30.028315261006355,
            29.863267671316862,
            30.032077804207802,
            29.860634822398424,
            30.039263889193535,
            30.04795592278242,
            30.071279034018517,
            30.04263387992978,
            30.070546083152294,
            30.052252113819122,
            30.062668956816196,
            30.052286107093096,
            30.257328879088163,
            30.04561737179756,
            30.071458779275417,
            29.96553899720311,
            30.03281494602561,
            30.043040867894888,
            30.035972129553556,
            29.865737073123455,
            30.033803079277277,
            29.863455332815647,
            30.047129839658737,
            29.85838707536459,
            30.03402194008231,
            29.867360834032297,
            30.05203139036894,
            29.868468176573515,
            30.06200585514307,
            29.85444199293852,
            30.04651702940464,
            29.868022073060274,
            30.044327024370432,
            29.876444954425097,
            30.053285881876945,
            29.87494273111224,
            30.053274240344763,
            29.876144137233496,
            30.054525937885046,
            29.883852694183588,
            30.04190418869257,
            29.875965788960457,
            30.044849030673504
          ],
          "p99": 30.071458779275417
        },
        "device_latency": {
          "min": 29.867935180664062,
          "median": 30.060063362121582,
          "n": 100,
          "samples_ms": [
            30.062271118164062,
            29.905216217041016,
            30.04889678955078,
            29.902015686035156,
            30.053983688354492,
            29.896703720092773,
            30.046592712402344,
            29.879552841186523,
            30.063167572021484,
            29.88243293762207,
            30.05014419555664,
            29.894655227661133,
            30.05353546142578,
            29.884031295776367,
            30.05446434020996,
            30.06867218017578,
            30.087968826293945,
            30.072608947753906,
            30.087135314941406,
            30.073631286621094,
            30.080320358276367,
            30.05881690979004,
            30.08687973022461,
            29.867935180664062,
            30.06390380859375,
            30.065824508666992,
            30.10006332397461,
            30.067264556884766,
            30.085119247436523,
            30.060991287231445,
            30.093887329101562,
            30.066591262817383,
            30.092191696166992,
            29.988800048828125,
            30.05913543701172,
            29.874847412109375,
            30.06505584716797,
            29.883935928344727,
            30.078815460205078,
            29.889663696289062,
            30.079423904418945,
            29.888351440429688,
            30.085311889648438,
            29.903072357177734,
            30.080608367919922,
            29.882783889770508,
            30.081567764282227,
            29.90399932861328,
            30.078943252563477,
            29.89468765258789,
            30.100095748901367,
            29.91360092163086,
            30.091167449951172,
            29.910783767700195,
            30.096128463745117,
            29.90889549255371,
            30.08572769165039,
            29.913312911987305,
            30.09177589416504,
            29.907808303833008,
            30.091232299804688,
            29.907007217407227,
            30.086048126220703,
            29.91200065612793,
            30.08064079284668,
            29.91289520263672,
            30.093151092529297,
            29.90662384033203,
            30.093151092529297,
            29.918560028076172,
            30.089567184448242,
            29.905344009399414,
            30.099071502685547,
            29.909215927124023,
            30.09187126159668,
            29.905792236328125,
            30.089759826660156,
            29.902463912963867,
            30.104352951049805,
            29.89449691772461,
            30.100479125976562,
            29.906944274902344,
            30.099552154541016,
            29.91654396057129,
            30.104448318481445,
            29.916927337646484,
            30.103071212768555,
            29.915456771850586,
            30.10428810119629,
            29.922271728515625,
            30.092416763305664,
            29.89459228515625,
            30.095935821533203,
            29.908063888549805,
            30.11257553100586,
            29.909984588623047,
            30.099008560180664,
            29.90412712097168,
            30.124000549316406,
            29.925600051879883
          ],
          "p99": 30.11257553100586
        },
        "host_time": {
          "prompt": {
            "min": 0.039482954889535904,
            "median": 0.042187515646219254,
            "n": 100,
            "samples_ms": [
              0.04516914486885071,
              0.04358217120170593,
              0.04301592707633972,
              0.042498111724853516,
              0.04300940781831741,
              0.04298891872167587,
              0.043665990233421326,
              0.0420999713242054,
              0.04238216206431389,
              0.04408275708556175,
              0.04133488982915878,
              0.0421721488237381,
              0.045289285480976105,
              0.04174374043941498,
              0.041511375457048416,
              0.040520913898944855,
              0.04206318408250809,
              0.042389146983623505,
              0.04177214577794075,
              0.04076631739735603,
              0.04170695319771767,
              0.04291115328669548,
              0.04168599843978882,
              0.04197191447019577,
              0.05340809002518654,
              0.04355562850832939,
              0.04919199272990227,
              0.04080357030034065,
              0.04999618977308273,
              0.0499160960316658,
              0.04972517490386963,
              0.05647307261824608,
              0.042424071580171585,
              0.042180996388196945,
              0.05731917917728424,
              0.04219403490424156,
              0.048819929361343384,
              0.04758918657898903,
              0.041239429265260696,
              0.04952540621161461,
              0.04233838990330696,
              0.04246179014444351,
              0.04962971433997154,
              0.04161102697253227,
              0.04609115421772003,
              0.04972657188773155,
              0.04077143967151642,
              0.05485210567712784,
              0.041041988879442215,
              0.041244085878133774,
              0.0492539256811142,
              0.042022671550512314,
              0.05057314410805702,
              0.04177587106823921,
              0.042140018194913864,
              0.05108397454023361,
              0.04327995702624321,
              0.04160776734352112,
              0.05085766315460205,
              0.04197470843791962,
              0.055382028222084045,
              0.0421120785176754,
              0.04208087921142578,
              0.04990817978978157,
              0.04313979297876358,
              0.04716077819466591,
              0.048866961151361465,
              0.0485982745885849,
              0.04181591793894768,
              0.04234258085489273,
              0.04384387284517288,
              0.042570289224386215,
              0.042533036321401596,
              0.04026899114251137,
              0.0419197604060173,
              0.042106956243515015,
              0.0456920824944973,
              0.04170602187514305,
              0.04819594323635101,
              0.04267413169145584,
              0.04181172698736191,
              0.04008086398243904,
              0.04405388608574867,
              0.04131905734539032,
              0.04106201231479645,
              0.04068808630108833,
              0.041676219552755356,
              0.040967948734760284,
              0.04002125933766365,
              0.04123291000723839,
              0.0403854064643383,
              0.04006735980510712,
              0.04092929884791374,
              0.041109975427389145,
              0.04171021282672882,
              0.04144059494137764,
              0.04137400537729263,
              0.0406377948820591,
              0.039482954889535904,
              0.04101591184735298
            ],
            "p99": 0.05647307261824608
          }
        },
        "segment_latency": {
          "vision_encoder": {
            "min": 4.083871841430664,
            "median": 4.142528057098389,
            "n": 100,
            "samples_ms": [
              4.096896171569824,
              4.094336032867432,
              4.093567848205566,
              4.083871841430664,
              4.106400012969971,
              4.120768070220947,
              4.120128154754639,
              4.119455814361572,
              4.125728130340576,
              4.098624229431152,
              4.092800140380859,
              4.09276819229126,
              4.092576026916504,
              4.094719886779785,
              4.098112106323242,
              4.092095851898193,
              4.092991828918457,
              4.092735767364502,
              4.096640110015869,
              4.108511924743652,
              4.127359867095947,
              4.130112171173096,
              4.131616115570068,
              4.130015850067139,
              4.131936073303223,
              4.131807804107666,
              4.141952037811279,
              4.135007858276367,
              4.130911827087402,
              4.131711959838867,
              4.141823768615723,
              4.137760162353516,
              4.1328959465026855,
              4.1420159339904785,
              4.1411519050598145,
              4.142528057098389,
              4.141280174255371,
              4.141759872436523,
              4.142144203186035,
              4.148255825042725,
              4.142144203186035,
              4.141983985900879,
              4.145440101623535,
              4.143392086029053,
              4.1420159339904785,
              4.142911911010742,
              4.142047882080078,
              4.142528057098389,
              4.141952037811279,
              4.14188814163208,
              4.143680095672607,
              4.142047882080078,
              4.143424034118652,
              4.1447038650512695,
              4.142271995544434,
              4.152991771697998,
              4.144608020782471,
              4.1426239013671875,
              4.142655849456787,
              4.142367839813232,
              4.144032001495361,
              4.141791820526123,
              4.142752170562744,
              4.1439361572265625,
              4.145984172821045,
              4.1438398361206055,
              4.151904106140137,
              4.143136024475098,
              4.14412784576416,
              4.144735813140869,
              4.144192218780518,
              4.142079830169678,
              4.145247936248779,
              4.154911994934082,
              4.145823955535889,
              4.145247936248779,
              4.146175861358643,
              4.143392086029053,
              4.147520065307617,
              4.154143810272217,
              4.153471946716309,
              4.154208183288574,
              4.153696060180664,
              4.146207809448242,
              4.153439998626709,
              4.154335975646973,
              4.154304027557373,
              4.156256198883057,
              4.154240131378174,
              4.154208183288574,
              4.154399871826172,
              4.155231952667236,
              4.15334415435791,
              4.154079914093018,
              4.154208183288574,
              4.154399871826172,
              4.155680179595947,
              4.154176235198975,
              4.1538238525390625,
              4.15337610244751
            ],
            "p99": 4.155680179595947
          },
          "llm_backbone": {
            "min": 16.849184036254883,
            "median": 16.862079620361328,
            "n": 100,
            "samples_ms": [
              16.85321617126465,
              16.855039596557617,
              16.855680465698242,
              16.849855422973633,
              16.85055923461914,
              16.849567413330078,
              16.851903915405273,
              16.85385513305664,
              16.849824905395508,
              16.861791610717773,
              16.863679885864258,
              16.852703094482422,
              16.8636474609375,
              16.855743408203125,
              16.849536895751953,
              16.849184036254883,
              16.853727340698242,
              16.84943962097168,
              16.862943649291992,
              16.86195182800293,
              16.86400032043457,
              16.870080947875977,
              16.86319923400879,
              16.863264083862305,
              16.853919982910156,
              16.86342430114746,
              16.867263793945312,
              16.86297607421875,
              16.852800369262695,
              16.861600875854492,
              16.852447509765625,
              16.849632263183594,
              16.85536003112793,
              16.8536319732666,
              16.856672286987305,
              16.8505916595459,
              16.863807678222656,
              16.849536895751953,
              16.863967895507812,
              16.849504470825195,
              16.86240005493164,
              16.8636474609375,
              16.86284828186035,
              16.863231658935547,
              16.862079620361328,
              16.867040634155273,
              16.865087509155273,
              16.852672576904297,
              16.85558319091797,
              16.861759185791016,
              16.86092758178711,
              16.863840103149414,
              16.863136291503906,
              16.86310386657715,
              16.86172866821289,
              16.853471755981445,
              16.862079620361328,
              16.860767364501953,
              16.851680755615234,
              16.86310386657715,
              16.862783432006836,
              16.8536319732666,
              16.85487937927246,
              16.863935470581055,
              16.860864639282227,
              16.862207412719727,
              16.86297607421875,
              16.861759185791016,
              16.86307144165039,
              16.869279861450195,
              16.853120803833008,
              16.861600875854492,
              16.86128044128418,
              16.863840103149414,
              16.862720489501953,
              16.863040924072266,
              16.8635196685791,
              16.8635196685791,
              16.86275291442871,
              16.862783432006836,
              16.864704132080078,
              16.86412811279297,
              16.863616943359375,
              16.864320755004883,
              16.861631393432617,
              16.862464904785156,
              16.866239547729492,
              16.86262321472168,
              16.87001609802246,
              16.867231369018555,
              16.863584518432617,
              16.863487243652344,
              16.862272262573242,
              16.861696243286133,
              16.863872528076172,
              16.86079978942871,
              16.864416122436523,
              16.861568450927734,
              16.861984252929688,
              16.851743698120117
            ],
            "p99": 16.87001609802246
          },
          "action_expert": {
            "min": 9.426976203918457,
            "median": 9.44380807876587,
            "n": 100,
            "samples_ms": [
              9.453311920166016,
              9.43779182434082,
              9.451519966125488,
              9.441535949707031,
              9.44326400756836,
              9.4518404006958,
              9.440128326416016,
              9.451135635375977,
              9.43830394744873,
              9.453632354736328,
              9.451359748840332,
              9.443327903747559,
              9.451616287231445,
              9.438655853271484,
              9.45248031616211,
              9.438240051269531,
              9.451423645019531,
              9.453120231628418,
              9.443072319030762,
              9.439423561096191,
              9.446432113647461,
              9.453311920166016,
              9.441023826599121,
              9.439007759094238,
              9.45132827758789,
              9.443231582641602,
              9.441280364990234,
              9.451231956481934,
              9.451552391052246,
              9.441344261169434,
              9.450847625732422,
              9.438207626342773,
              9.451168060302734,
              9.439040184020996,
              9.439264297485352,
              9.439871788024902,
              9.452256202697754,
              9.452095985412598,
              9.450624465942383,
              9.457823753356934,
              9.441311836242676,
              9.429920196533203,
              9.451423645019531,
              9.443231582641602,
              9.44326400756836,
              9.45132827758789,
              9.442463874816895,
              9.443296432495117,
              9.44752025604248,
              9.450655937194824,
              9.451199531555176,
              9.443424224853516,
              9.440544128417969,
              9.441568374633789,
              9.45148754119873,
              9.451552391052246,
              9.450464248657227,
              9.440959930419922,
              9.451680183410645,
              9.451456069946289,
              9.45139217376709,
              9.44326400756836,
              9.439167976379395,
              9.450912475585938,
              9.441727638244629,
              9.451104164123535,
              9.451871871948242,
              9.438752174377441,
              9.451168060302734,
              9.450431823730469,
              9.441727638244629,
              9.440863609313965,
              9.451199531555176,
              9.451616287231445,
              9.438943862915039,
              9.443391799926758,
              9.439264297485352,
              9.44268798828125,
              9.426976203918457,
              9.450592041015625,
              9.439135551452637,
              9.442912101745605,
              9.453760147094727,
              9.451519966125488,
              9.463839530944824,
              9.443103790283203,
              9.44048023223877,
              9.451423645019531,
              9.441247940063477,
              9.451264381408691,
              9.451423645019531,
              9.439776420593262,
              9.444191932678223,
              9.446592330932617,
              9.438688278198242,
              9.443136215209961,
              9.45132827758789,
              9.439040184020996,
              9.45148754119873,
              9.43932819366455
            ],
            "p99": 9.457823753356934
          }
        },
        "overhead": {
          "min": -0.5429552160203457,
          "median": -0.49622680246829987,
          "p99": -0.41206125169992447
        }
      },
      "attribution": null,
      "runtime_observation": {
        "before": {
          "clocks.sm": "2910",
          "clocks.mem": "13801",
          "pstate": "P1",
          "temperature.gpu": "50",
          "power.draw": "200.04",
          "clocks_event_reasons.active": "0x0000000000000000"
        },
        "after": {
          "clocks.sm": "2872",
          "clocks.mem": "13801",
          "pstate": "P1",
          "temperature.gpu": "63",
          "power.draw": "497.05",
          "clocks_event_reasons.active": "0x0000000000000000"
        }
      },
      "options": {
        "workload": "robodojo"
      },
      "process_id": 3283475,
      "gpu_uuid": "GPU-7fc626f4-bce7-9a11-81de-0eaedc93e242",
      "implementation_source": null,
      "leg": 0
    }
  ],
  "deltas": null
}
