== leg 0: hardware/nvidia/rtx5090/pi05 plan=shipped
{
  "identity": {
    "schema_version": 3,
    "target": "hardware/nvidia/rtx5090/pi05",
    "hardware": "rtx5090-32gb",
    "model": "pi05",
    "shape_profile": "action_dim32-batch1-chunk10-encoder_dim2048-encoder_ffn_dim16384-expert_dim1024-expert_ffn_dim4096-expert_tokens10-head_dim256-image_channels3-image_height224-image_width224-kv_heads1-layers18-num_views2-prefix_len712-prompt_len200-qkv_width2560-query_heads8-state_dim32-steps10-vision_dim1152-vision_ffn_dim4304-vision_head_dim72-vision_heads16-vision_layers27-visual_tokens512-visual_tokens_per_view256",
    "shape": {
      "batch": 1,
      "num_views": 2,
      "image_height": 224,
      "image_width": 224,
      "image_channels": 3,
      "visual_tokens_per_view": 256,
      "visual_tokens": 512,
      "vision_dim": 1152,
      "vision_ffn_dim": 4304,
      "vision_heads": 16,
      "vision_head_dim": 72,
      "vision_layers": 27,
      "prompt_len": 200,
      "prefix_len": 712,
      "chunk": 10,
      "expert_tokens": 10,
      "state_dim": 32,
      "action_dim": 32,
      "steps": 10,
      "layers": 18,
      "encoder_dim": 2048,
      "encoder_ffn_dim": 16384,
      "query_heads": 8,
      "kv_heads": 1,
      "head_dim": 256,
      "qkv_width": 2560,
      "expert_dim": 1024,
      "expert_ffn_dim": 4096
    },
    "plan": {
      "vision_encoder_patch_embed": "torch",
      "vision_encoder_norm_qkv": "cutlass-vision",
      "vision_encoder_attention": "triton-vision-attention",
      "vision_encoder_out_proj_residual": "cutlass-vision",
      "vision_encoder_norm_ffn_up": "cutlass-vision",
      "vision_encoder_ffn_down_residual": "cutlass-vision",
      "llm_backbone_projector": "torch",
      "llm_backbone_embed_prompt": "torch",
      "llm_backbone_norm_qkv_rope": "fused-prefix-qkv",
      "llm_backbone_attention": "flashinfer-attention",
      "llm_backbone_out_proj_residual": "cutlass-backbone",
      "llm_backbone_norm_gated_ffn": "cutlass-backbone",
      "llm_backbone_ffn_down_residual": "cutlass-backbone",
      "action_expert_action_in_proj": "torch",
      "action_expert_norm_qkv_rope": "triton-qkv-finish",
      "action_expert_attention": "split-kv-attention",
      "action_expert_out_proj_residual": "cutlass-expert-residual",
      "action_expert_norm_gated_ffn": "dual-ffn",
      "action_expert_ffn_down_residual": "cutlass-expert-residual",
      "action_expert_action_out_proj": "fused-qkv"
    },
    "model_revision": "pi05-r1",
    "engine_revision": null,
    "inference_signature": "sha256:a79c1f62c3f14674ad87e88a89bb5f66ac650e1c497ccf5076e64017b55d9f6f",
    "execution_variant": {
      "quantization": {
        "mode": "bf16"
      },
      "cache": {
        "mode": "none"
      }
    },
    "replay_buckets": [
      64,
      200
    ]
  },
  "protocol": "latency-v2",
  "instrumented": false,
  "measurement_context": {
    "weights": {
      "checkpoint_id": "flash-vla/pi05-random-checkpoint/v2/seed-0",
      "checkpoint_digest": "flash-vla/pi05-random-checkpoint/v2/seed-0"
    },
    "fixture": {
      "id": "flash-vla/pi05-inputs-v2/seed-0",
      "digest": "sha256:186266f9050d21a33ecfa4de7b9d54fe4851c8671f379edb5bc426c775184ce2"
    },
    "environment": {
      "gpu_sku": "NVIDIA GeForce RTX 5090",
      "driver": "580.142",
      "cuda_runtime": "13.0",
      "pytorch": "2.13.0+cu130",
      "tilelang": "0.1.11",
      "clock_policy": {
        "benchmark_control": "inherit",
        "slurm_gpu_freq_request": null,
        "effective_locked_clocks": "unobserved"
      },
      "power_policy": {
        "requested_limit_w": 600.0,
        "enforced_limit_w": 600.0
      },
      "capture_regime": "cuda_graph",
      "clock_observation": {
        "application_graphics_mhz": "[N/A]",
        "application_memory_mhz": "[N/A]"
      }
    },
    "workload": "libero",
    "hostname": "ubun",
    "slurm_job_id": null,
    "timestamp": 1790462917.0529099,
    "reference_provenance": {}
  },
  "env": {
    "gpu": "NVIDIA GeForce RTX 5090",
    "python": "3.12.13",
    "torch": "2.13.0+cu130",
    "torch_cuda": "13.0",
    "tilelang": "0.1.11",
    "gpu_uuid": "GPU-7fc626f4-bce7-9a11-81de-0eaedc93e242",
    "runtime_observation": {
      "clocks.sm": "2895",
      "clocks.mem": "13801",
      "pstate": "P1",
      "temperature.gpu": "58",
      "power.draw": "394.07",
      "clocks_event_reasons.active": "0x0000000000000000"
    },
    "node": "ubun",
    "job": null,
    "driver": "580.142",
    "clocks": "unlocked",
    "clock_policy": {
      "benchmark_control": "inherit",
      "slurm_gpu_freq_request": null,
      "effective_locked_clocks": "unobserved"
    },
    "clock_observation": {
      "application_graphics_mhz": "[N/A]",
      "application_memory_mhz": "[N/A]"
    },
    "power_policy": {
      "requested_limit_w": 600.0,
      "enforced_limit_w": 600.0
    }
  },
  "config": {
    "reps": 100,
    "warmup": 5,
    "seed": 0,
    "plans": [
      "shipped"
    ],
    "calibration": false,
    "breakdown": true,
    "primary_statistic": "median",
    "capture_policy": "fresh-process-first-capture-per-leg",
    "statistics": [
      "min",
      "median",
      "p99"
    ],
    "p99_min_reps": 100,
    "soak_s": 0,
    "control_spread_max_ms": null,
    "attribution": false,
    "leg_options": [
      {}
    ]
  },
  "legs": [
    {
      "plan": "shipped",
      "identity": {
        "schema_version": 3,
        "target": "hardware/nvidia/rtx5090/pi05",
        "hardware": "rtx5090-32gb",
        "model": "pi05",
        "shape_profile": "action_dim32-batch1-chunk10-encoder_dim2048-encoder_ffn_dim16384-expert_dim1024-expert_ffn_dim4096-expert_tokens10-head_dim256-image_channels3-image_height224-image_width224-kv_heads1-layers18-num_views2-prefix_len712-prompt_len200-qkv_width2560-query_heads8-state_dim32-steps10-vision_dim1152-vision_ffn_dim4304-vision_head_dim72-vision_heads16-vision_layers27-visual_tokens512-visual_tokens_per_view256",
        "shape": {
          "batch": 1,
          "num_views": 2,
          "image_height": 224,
          "image_width": 224,
          "image_channels": 3,
          "visual_tokens_per_view": 256,
          "visual_tokens": 512,
          "vision_dim": 1152,
          "vision_ffn_dim": 4304,
          "vision_heads": 16,
          "vision_head_dim": 72,
          "vision_layers": 27,
          "prompt_len": 200,
          "prefix_len": 712,
          "chunk": 10,
          "expert_tokens": 10,
          "state_dim": 32,
          "action_dim": 32,
          "steps": 10,
          "layers": 18,
          "encoder_dim": 2048,
          "encoder_ffn_dim": 16384,
          "query_heads": 8,
          "kv_heads": 1,
          "head_dim": 256,
          "qkv_width": 2560,
          "expert_dim": 1024,
          "expert_ffn_dim": 4096
        },
        "plan": {
          "vision_encoder_patch_embed": "torch",
          "vision_encoder_norm_qkv": "cutlass-vision",
          "vision_encoder_attention": "triton-vision-attention",
          "vision_encoder_out_proj_residual": "cutlass-vision",
          "vision_encoder_norm_ffn_up": "cutlass-vision",
          "vision_encoder_ffn_down_residual": "cutlass-vision",
          "llm_backbone_projector": "torch",
          "llm_backbone_embed_prompt": "torch",
          "llm_backbone_norm_qkv_rope": "fused-prefix-qkv",
          "llm_backbone_attention": "flashinfer-attention",
          "llm_backbone_out_proj_residual": "cutlass-backbone",
          "llm_backbone_norm_gated_ffn": "cutlass-backbone",
          "llm_backbone_ffn_down_residual": "cutlass-backbone",
          "action_expert_action_in_proj": "torch",
          "action_expert_norm_qkv_rope": "triton-qkv-finish",
          "action_expert_attention": "split-kv-attention",
          "action_expert_out_proj_residual": "cutlass-expert-residual",
          "action_expert_norm_gated_ffn": "dual-ffn",
          "action_expert_ffn_down_residual": "cutlass-expert-residual",
          "action_expert_action_out_proj": "fused-qkv"
        },
        "model_revision": "pi05-r1",
        "engine_revision": null,
        "inference_signature": "sha256:a79c1f62c3f14674ad87e88a89bb5f66ac650e1c497ccf5076e64017b55d9f6f",
        "execution_variant": {
          "quantization": {
            "mode": "bf16"
          },
          "cache": {
            "mode": "none"
          }
        },
        "replay_buckets": [
          64,
          200
        ]
      },
      "replay": {
        "extent": 12,
        "bucket": 64
      },
      "measurement_context": {
        "weights": {
          "checkpoint_id": "flash-vla/pi05-random-checkpoint/v2/seed-0",
          "checkpoint_digest": "flash-vla/pi05-random-checkpoint/v2/seed-0"
        },
        "fixture": {
          "id": "flash-vla/pi05-inputs-v2/seed-0",
          "digest": "sha256:186266f9050d21a33ecfa4de7b9d54fe4851c8671f379edb5bc426c775184ce2"
        },
        "environment": {
          "gpu_sku": "NVIDIA GeForce RTX 5090",
          "driver": "580.142",
          "cuda_runtime": "13.0",
          "pytorch": "2.13.0+cu130",
          "tilelang": "0.1.11",
          "clock_policy": {
            "benchmark_control": "inherit",
            "slurm_gpu_freq_request": null,
            "effective_locked_clocks": "unobserved"
          },
          "power_policy": {
            "requested_limit_w": 600.0,
            "enforced_limit_w": 600.0
          },
          "capture_regime": "cuda_graph",
          "clock_observation": {
            "application_graphics_mhz": "[N/A]",
            "application_memory_mhz": "[N/A]"
          }
        },
        "workload": "libero",
        "hostname": "ubun",
        "slurm_job_id": null,
        "timestamp": 1790462917.0529099,
        "reference_provenance": {}
      },
      "metrics": {
        "chunk_latency": {
          "min": 22.745897062122822,
          "median": 22.875833557918668,
          "n": 100,
          "samples_ms": [
            22.76773238554597,
            22.879235912114382,
            22.958298213779926,
            22.87385007366538,
            22.861754056066275,
            22.770096082240343,
            22.745897062122822,
            22.800759878009558,
            22.937248926609755,
            23.015801794826984,
            23.024363908916712,
            22.877817042171955,
            22.828150074929,
            22.78593322262168,
            22.79848186299205,
            22.92126789689064,
            23.03517423570156,
            23.01631309092045,
            22.888670675456524,
            22.904204670339823,
            22.80502486974001,
            22.815873380750418,
            22.944605443626642,
            23.013347294181585,
            23.0180942453444,
            22.86104718223214,
            22.863182239234447,
            22.77704095467925,
            22.797989193350077,
            22.948353085666895,
            23.017223924398422,
            23.017895873636007,
            22.873655427247286,
            22.88426598533988,
            22.90000207722187,
            22.88259193301201,
            22.858960088342428,
            22.848856635391712,
            22.85546436905861,
            22.86159200593829,
            22.86537690088153,
            22.86325814202428,
            22.866112180054188,
            22.862927988171577,
            22.851933259516954,
            22.862242069095373,
            22.867757827043533,
            22.858982905745506,
            22.85111602395773,
            22.922758013010025,
            23.007634095847607,
            22.99783891066909,
            23.02226424217224,
            22.88360893726349,
            22.759259212762117,
            22.796220146119595,
            22.920845076441765,
            23.016883991658688,
            23.01361272111535,
            23.026986978948116,
            22.86917343735695,
            22.76752283796668,
            22.801917046308517,
            22.898179944604635,
            23.021291941404343,
            23.010256700217724,
            22.88028597831726,
            22.86190213635564,
            22.76154700666666,
            22.798598743975163,
            22.91931491345167,
            23.021959699690342,
            23.01416825503111,
            22.897162940353155,
            22.861076053231955,
            22.763878107070923,
            22.797755897045135,
            22.950552869588137,
            23.013263009488583,
            23.028453812003136,
            22.915434557944536,
            22.852502763271332,
            22.777214646339417,
            22.790484130382538,
            22.909974213689566,
            23.023571819067,
            23.01385998725891,
            22.884077858179808,
            22.854768205434084,
            22.847302723675966,
            22.872439119964838,
            22.938773036003113,
            23.051550146192312,
            23.011807817965746,
            22.861601784825325,
            22.854074835777283,
            22.857603151351213,
            22.85493491217494,
            22.93830504640937,
            22.912623826414347
          ],
          "p99": 23.03517423570156
        },
        "device_latency": {
          "min": 22.820255279541016,
          "median": 22.907567977905273,
          "n": 100,
          "samples_ms": [
            23.042015075683594,
            23.005504608154297,
            23.022592544555664,
            23.01888084411621,
            22.846399307250977,
            22.87104034423828,
            22.924448013305664,
            23.01958465576172,
            23.014175415039062,
            23.015104293823242,
            22.867040634155273,
            22.847232818603516,
            22.844640731811523,
            22.91289520263672,
            23.011455535888672,
            23.030431747436523,
            22.888927459716797,
            22.85264015197754,
            22.83955192565918,
            22.849536895751953,
            22.925823211669922,
            23.01875114440918,
            23.031871795654297,
            22.87593650817871,
            22.840927124023438,
            22.862688064575195,
            22.850431442260742,
            22.941823959350586,
            23.00819206237793,
            23.013280868530273,
            22.868127822875977,
            22.84569549560547,
            22.84668731689453,
            22.906272888183594,
            23.02137565612793,
            23.00592041015625,
            23.026784896850586,
            22.875328063964844,
            23.026687622070312,
            22.848896026611328,
            22.908063888549805,
            23.02227210998535,
            23.024383544921875,
            23.010879516601562,
            22.858112335205078,
            22.820255279541016,
            22.848960876464844,
            22.924543380737305,
            23.006656646728516,
            23.002399444580078,
            23.019775390625,
            22.85526466369629,
            22.839872360229492,
            22.84998321533203,
            22.928543090820312,
            22.988767623901367,
            23.010175704956055,
            23.0133113861084,
            22.864704132080078,
            22.840543746948242,
            22.913312911987305,
            23.00409507751465,
            23.02889633178711,
            23.014623641967773,
            22.84444808959961,
            22.84329605102539,
            22.855871200561523,
            22.84681510925293,
            22.845151901245117,
            22.855327606201172,
            22.848928451538086,
            22.849632263183594,
            22.851327896118164,
            22.869535446166992,
            22.907072067260742,
            22.995519638061523,
            23.007776260375977,
            23.017120361328125,
            22.864608764648438,
            22.834272384643555,
            22.844928741455078,
            22.921951293945312,
            22.99295997619629,
            23.023616790771484,
            23.02409553527832,
            22.85456085205078,
            22.843679428100586,
            22.841760635375977,
            22.913375854492188,
            23.02284812927246,
            23.021696090698242,
            22.878719329833984,
            22.863391876220703,
            22.859743118286133,
            22.850175857543945,
            22.924991607666016,
            22.995967864990234,
            23.00752067565918,
            22.88809585571289,
            22.84988784790039
          ],
          "p99": 23.031871795654297
        },
        "host_time": {
          "prompt": {
            "min": 0.055930111557245255,
            "median": 0.059647951275110245,
            "n": 100,
            "samples_ms": [
              0.07147016003727913,
              0.07048016414046288,
              0.07873121649026871,
              0.06453506648540497,
              0.07549813017249107,
              0.06810110062360764,
              0.06886105984449387,
              0.07105804979801178,
              0.0621662475168705,
              0.07392792031168938,
              0.06773509085178375,
              0.061709899455308914,
              0.060200225561857224,
              0.06600702181458473,
              0.060273800045251846,
              0.05902210250496864,
              0.05922000855207443,
              0.061433762311935425,
              0.05871988832950592,
              0.05723908543586731,
              0.058067962527275085,
              0.06010802462697029,
              0.05761208012700081,
              0.06096716970205307,
              0.05949428305029869,
              0.058867037296295166,
              0.059579964727163315,
              0.05831988528370857,
              0.05754223093390465,
              0.060718972235918045,
              0.05910731852054596,
              0.06022630259394646,
              0.05764327943325043,
              0.05791429430246353,
              0.06385473534464836,
              0.05971314385533333,
              0.06348220631480217,
              0.05737505853176117,
              0.05698390305042267,
              0.057470984756946564,
              0.05695130676031113,
              0.05716504529118538,
              0.056226737797260284,
              0.05848100408911705,
              0.058117322623729706,
              0.056904274970293045,
              0.056803226470947266,
              0.0567091628909111,
              0.05722418427467346,
              0.05738483741879463,
              0.056448858231306076,
              0.06068125367164612,
              0.057930126786231995,
              0.05865888670086861,
              0.05820021033287048,
              0.05693826824426651,
              0.05915015935897827,
              0.05805492401123047,
              0.05750684067606926,
              0.05791895091533661,
              0.05732523277401924,
              0.057336874306201935,
              0.07995078340172768,
              0.06517395377159119,
              0.05925493314862251,
              0.07231300696730614,
              0.06648991256952286,
              0.07810397073626518,
              0.07357308641076088,
              0.06707897409796715,
              0.06624031811952591,
              0.06558001041412354,
              0.06624637171626091,
              0.0655176118016243,
              0.06610620766878128,
              0.0716429203748703,
              0.05958275869488716,
              0.07094210013747215,
              0.05872780457139015,
              0.07199309766292572,
              0.05839020013809204,
              0.07106270641088486,
              0.06139511242508888,
              0.07302593439817429,
              0.06492575630545616,
              0.06483681499958038,
              0.06524613127112389,
              0.0639893114566803,
              0.07192511111497879,
              0.0661732628941536,
              0.05786493420600891,
              0.05771126598119736,
              0.05823979154229164,
              0.05717109888792038,
              0.055930111557245255,
              0.05749799311161041,
              0.05673663690686226,
              0.060447026044130325,
              0.061209313571453094,
              0.05829520523548126
            ],
            "p99": 0.07873121649026871
          }
        },
        "segment_latency": {
          "vision_encoder": {
            "min": 2.8710720539093018,
            "median": 2.9103360176086426,
            "n": 100,
            "samples_ms": [
              2.876800060272217,
              2.874687910079956,
              2.8777918815612793,
              2.877376079559326,
              2.873215913772583,
              2.8752639293670654,
              2.8751039505004883,
              2.875391960144043,
              2.8735039234161377,
              2.8793280124664307,
              2.88044810295105,
              2.8833279609680176,
              2.897887945175171,
              2.895711898803711,
              2.9000320434570312,
              2.907007932662964,
              2.90230393409729,
              2.8995840549468994,
              2.89465594291687,
              2.8832640647888184,
              2.875135898590088,
              2.877408027648926,
              2.875391960144043,
              2.87337589263916,
              2.8754560947418213,
              2.8710720539093018,
              2.8753280639648438,
              2.877471923828125,
              2.873152017593384,
              2.8783040046691895,
              2.881376028060913,
              2.8846399784088135,
              2.893887996673584,
              2.8980159759521484,
              2.911360025405884,
              2.9050559997558594,
              2.9052159786224365,
              2.9061119556427,
              2.9065918922424316,
              2.9083518981933594,
              2.9040958881378174,
              2.9069440364837646,
              2.906048059463501,
              2.9063360691070557,
              2.9102399349212646,
              2.910304069519043,
              2.9182400703430176,
              2.9061439037323,
              2.910367965698242,
              2.910207986831665,
              2.9121599197387695,
              2.91212797164917,
              2.910304069519043,
              2.9131839275360107,
              2.9099199771881104,
              2.910111904144287,
              2.9122560024261475,
              2.914016008377075,
              2.9160959720611572,
              2.9162559509277344,
              2.9166080951690674,
              2.916287899017334,
              2.915424108505249,
              2.922463893890381,
              2.9205760955810547,
              2.919424057006836,
              2.921344041824341,
              2.9214720726013184,
              2.922624111175537,
              2.920383930206299,
              2.9220800399780273,
              2.926367998123169,
              2.9265921115875244,
              2.9247360229492188,
              2.9224319458007812,
              2.921663999557495,
              2.9224960803985596,
              2.926624059677124,
              2.928704023361206,
              2.932096004486084,
              2.9276480674743652,
              2.926464080810547,
              2.9260480403900146,
              2.93286395072937,
              2.930624008178711,
              2.930783987045288,
              2.933919906616211,
              2.9319040775299072,
              2.929824113845825,
              2.9324159622192383,
              2.9305601119995117,
              2.9346559047698975,
              2.932703971862793,
              2.9323201179504395,
              2.932159900665283,
              2.93068790435791,
              2.934720039367676,
              2.932607889175415,
              2.933919906616211,
              2.93286395072937
            ],
            "p99": 2.9346559047698975
          },
          "llm_backbone": {
            "min": 12.221504211425781,
            "median": 12.256783962249756,
            "n": 100,
            "samples_ms": [
              12.221504211425781,
              12.234880447387695,
              12.230463981628418,
              12.242719650268555,
              12.25487995147705,
              12.23862361907959,
              12.240544319152832,
              12.24886417388916,
              12.24294376373291,
              12.243231773376465,
              12.242815971374512,
              12.249792098999023,
              12.242688179016113,
              12.250687599182129,
              12.244959831237793,
              12.246912002563477,
              12.259231567382812,
              12.261024475097656,
              12.25715160369873,
              12.26159954071045,
              12.25500774383545,
              12.251168251037598,
              12.259103775024414,
              12.258975982666016,
              12.257216453552246,
              12.255135536193848,
              12.263263702392578,
              12.255167961120605,
              12.259136199951172,
              12.255200386047363,
              12.255167961120605,
              12.261216163635254,
              12.255776405334473,
              12.2673921585083,
              12.259039878845215,
              12.259936332702637,
              12.257247924804688,
              12.259488105773926,
              12.274335861206055,
              12.26473617553711,
              12.275520324707031,
              12.282527923583984,
              12.25772762298584,
              12.263327598571777,
              12.251232147216797,
              12.254464149475098,
              12.247167587280273,
              12.253120422363281,
              12.249855995178223,
              12.251199722290039,
              12.251968383789062,
              12.257280349731445,
              12.257535934448242,
              12.257439613342285,
              12.25107192993164,
              12.257696151733398,
              12.258624076843262,
              12.24953556060791,
              12.259679794311523,
              12.257280349731445,
              12.260895729064941,
              12.255616188049316,
              12.25055980682373,
              12.25046443939209,
              12.257216453552246,
              12.24681568145752,
              12.25766372680664,
              12.25324821472168,
              12.25164794921875,
              12.248479843139648,
              12.270943641662598,
              12.258912086486816,
              12.270048141479492,
              12.2576322555542,
              12.2576322555542,
              12.2608642578125,
              12.255264282226562,
              12.249152183532715,
              12.257439613342285,
              12.255231857299805,
              12.261119842529297,
              12.267871856689453,
              12.263839721679688,
              12.255711555480957,
              12.251423835754395,
              12.256832122802734,
              12.252960205078125,
              12.265727996826172,
              12.253536224365234,
              12.258848190307617,
              12.26576042175293,
              12.266719818115234,
              12.255711555480957,
              12.268128395080566,
              12.257439613342285,
              12.256735801696777,
              12.26803207397461,
              12.259712219238281,
              12.255328178405762,
              12.25158405303955
            ],
            "p99": 12.275520324707031
          },
          "action_expert": {
            "min": 7.966207981109619,
            "median": 7.980687856674194,
            "n": 100,
            "samples_ms": [
              7.995232105255127,
              7.999807834625244,
              7.978015899658203,
              7.977856159210205,
              7.975456237792969,
              7.978208065032959,
              7.982463836669922,
              7.980192184448242,
              7.977344036102295,
              7.978528022766113,
              7.983456134796143,
              7.980256080627441,
              7.978655815124512,
              7.977407932281494,
              7.979328155517578,
              7.982624053955078,
              7.977024078369141,
              7.979423999786377,
              7.986559867858887,
              7.993408203125,
              7.994143962860107,
              7.971199989318848,
              7.978271961212158,
              7.988895893096924,
              7.976640224456787,
              7.983456134796143,
              7.9785919189453125,
              7.973087787628174,
              7.982175827026367,
              7.982272148132324,
              7.979455947875977,
              7.974527835845947,
              7.98140811920166,
              7.980095863342285,
              7.984543800354004,
              7.986879825592041,
              7.978975772857666,
              7.977248191833496,
              7.975359916687012,
              7.966207981109619,
              7.980639934539795,
              7.971136093139648,
              7.973055839538574,
              7.976223945617676,
              7.979167938232422,
              7.981311798095703,
              7.980480194091797,
              7.981472015380859,
              7.977248191833496,
              7.9732160568237305,
              7.983007907867432,
              7.975168228149414,
              7.97756814956665,
              7.978240013122559,
              7.9897918701171875,
              7.985439777374268,
              7.975264072418213,
              7.9846720695495605,
              7.976319789886475,
              7.983263969421387,
              7.994912147521973,
              7.981472015380859,
              7.981247901916504,
              7.981472015380859,
              7.98364782333374,
              7.98035192489624,
              7.972896099090576,
              7.973440170288086,
              8.00175952911377,
              7.981088161468506,
              7.9825921058654785,
              7.9727678298950195,
              7.977439880371094,
              7.981184005737305,
              7.995840072631836,
              8.001279830932617,
              7.980735778808594,
              7.986559867858887,
              7.989408016204834,
              7.974559783935547,
              7.9824957847595215,
              7.983424186706543,
              7.976191997528076,
              7.9846720695495605,
              7.979135990142822,
              7.9824957847595215,
              7.983871936798096,
              7.978047847747803,
              7.983424186706543,
              7.984511852264404,
              7.987071990966797,
              7.983456134796143,
              7.997856140136719,
              7.985919952392578,
              7.989215850830078,
              7.979167938232422,
              7.979423999786377,
              7.988287925720215,
              7.980127811431885,
              7.983295917510986
            ],
            "p99": 8.001279830932617
          }
        },
        "overhead": {
          "min": -0.31288718432188034,
          "median": -0.271974278613925,
          "p99": -0.17628182470798492
        }
      },
      "attribution": null,
      "runtime_observation": {
        "before": {
          "clocks.sm": "2895",
          "clocks.mem": "13801",
          "pstate": "P1",
          "temperature.gpu": "53",
          "power.draw": "147.71",
          "clocks_event_reasons.active": "0x0000000000000000"
        },
        "after": {
          "clocks.sm": "2895",
          "clocks.mem": "13801",
          "pstate": "P1",
          "temperature.gpu": "58",
          "power.draw": "394.07",
          "clocks_event_reasons.active": "0x0000000000000000"
        }
      },
      "options": {
        "workload": "libero"
      },
      "process_id": 3285214,
      "gpu_uuid": "GPU-7fc626f4-bce7-9a11-81de-0eaedc93e242",
      "implementation_source": null,
      "leg": 0
    }
  ],
  "deltas": null
}
