== leg 0: hardware/nvidia/rtx5090/pi05 plan=shipped
{
  "identity": {
    "schema_version": 3,
    "target": "hardware/nvidia/rtx5090/pi05",
    "hardware": "rtx5090-32gb",
    "model": "pi05",
    "shape_profile": "action_dim32-batch1-chunk10-encoder_dim2048-encoder_ffn_dim16384-expert_dim1024-expert_ffn_dim4096-expert_tokens10-head_dim256-image_channels3-image_height224-image_width224-kv_heads1-layers18-num_views2-prefix_len712-prompt_len200-qkv_width2560-query_heads8-state_dim32-steps10-vision_dim1152-vision_ffn_dim4304-vision_head_dim72-vision_heads16-vision_layers27-visual_tokens512-visual_tokens_per_view256",
    "shape": {
      "batch": 1,
      "num_views": 2,
      "image_height": 224,
      "image_width": 224,
      "image_channels": 3,
      "visual_tokens_per_view": 256,
      "visual_tokens": 512,
      "vision_dim": 1152,
      "vision_ffn_dim": 4304,
      "vision_heads": 16,
      "vision_head_dim": 72,
      "vision_layers": 27,
      "prompt_len": 200,
      "prefix_len": 712,
      "chunk": 10,
      "expert_tokens": 10,
      "state_dim": 32,
      "action_dim": 32,
      "steps": 10,
      "layers": 18,
      "encoder_dim": 2048,
      "encoder_ffn_dim": 16384,
      "query_heads": 8,
      "kv_heads": 1,
      "head_dim": 256,
      "qkv_width": 2560,
      "expert_dim": 1024,
      "expert_ffn_dim": 4096
    },
    "plan": {
      "vision_encoder_patch_embed": "torch",
      "vision_encoder_norm_qkv": "cutlass-vision",
      "vision_encoder_attention": "triton-vision-attention",
      "vision_encoder_out_proj_residual": "cutlass-vision",
      "vision_encoder_norm_ffn_up": "cutlass-vision",
      "vision_encoder_ffn_down_residual": "cutlass-vision",
      "llm_backbone_projector": "torch",
      "llm_backbone_embed_prompt": "torch",
      "llm_backbone_norm_qkv_rope": "fused-prefix-qkv",
      "llm_backbone_attention": "flashinfer-attention",
      "llm_backbone_out_proj_residual": "cutlass-backbone",
      "llm_backbone_norm_gated_ffn": "cutlass-backbone",
      "llm_backbone_ffn_down_residual": "cutlass-backbone",
      "action_expert_action_in_proj": "torch",
      "action_expert_norm_qkv_rope": "triton-qkv-finish",
      "action_expert_attention": "split-kv-attention",
      "action_expert_out_proj_residual": "cutlass-expert-residual",
      "action_expert_norm_gated_ffn": "dual-ffn",
      "action_expert_ffn_down_residual": "cutlass-expert-residual",
      "action_expert_action_out_proj": "fused-qkv"
    },
    "model_revision": "pi05-r1",
    "engine_revision": null,
    "inference_signature": "sha256:a79c1f62c3f14674ad87e88a89bb5f66ac650e1c497ccf5076e64017b55d9f6f",
    "execution_variant": {
      "quantization": {
        "mode": "bf16"
      },
      "cache": {
        "mode": "none"
      }
    },
    "replay_buckets": [
      64,
      200
    ]
  },
  "protocol": "latency-v2",
  "instrumented": false,
  "measurement_context": {
    "weights": {
      "checkpoint_id": "flash-vla/pi05-random-checkpoint/v2/seed-0",
      "checkpoint_digest": "flash-vla/pi05-random-checkpoint/v2/seed-0"
    },
    "fixture": {
      "id": "flash-vla/pi05-inputs-v2/seed-0",
      "digest": "sha256:186266f9050d21a33ecfa4de7b9d54fe4851c8671f379edb5bc426c775184ce2"
    },
    "environment": {
      "gpu_sku": "NVIDIA GeForce RTX 5090",
      "driver": "580.142",
      "cuda_runtime": "13.0",
      "pytorch": "2.13.0+cu130",
      "tilelang": "0.1.11",
      "clock_policy": {
        "benchmark_control": "inherit",
        "slurm_gpu_freq_request": null,
        "effective_locked_clocks": "unobserved"
      },
      "power_policy": {
        "requested_limit_w": 600.0,
        "enforced_limit_w": 600.0
      },
      "capture_regime": "cuda_graph",
      "clock_observation": {
        "application_graphics_mhz": "[N/A]",
        "application_memory_mhz": "[N/A]"
      }
    },
    "workload": "libero",
    "hostname": "ubun",
    "slurm_job_id": null,
    "timestamp": 1790462928.8112564,
    "reference_provenance": {}
  },
  "env": {
    "gpu": "NVIDIA GeForce RTX 5090",
    "python": "3.12.13",
    "torch": "2.13.0+cu130",
    "torch_cuda": "13.0",
    "tilelang": "0.1.11",
    "gpu_uuid": "GPU-7fc626f4-bce7-9a11-81de-0eaedc93e242",
    "runtime_observation": {
      "clocks.sm": "2895",
      "clocks.mem": "13801",
      "pstate": "P1",
      "temperature.gpu": "59",
      "power.draw": "359.70",
      "clocks_event_reasons.active": "0x0000000000000000"
    },
    "node": "ubun",
    "job": null,
    "driver": "580.142",
    "clocks": "unlocked",
    "clock_policy": {
      "benchmark_control": "inherit",
      "slurm_gpu_freq_request": null,
      "effective_locked_clocks": "unobserved"
    },
    "clock_observation": {
      "application_graphics_mhz": "[N/A]",
      "application_memory_mhz": "[N/A]"
    },
    "power_policy": {
      "requested_limit_w": 600.0,
      "enforced_limit_w": 600.0
    }
  },
  "config": {
    "reps": 100,
    "warmup": 5,
    "seed": 0,
    "plans": [
      "shipped"
    ],
    "calibration": false,
    "breakdown": true,
    "primary_statistic": "median",
    "capture_policy": "fresh-process-first-capture-per-leg",
    "statistics": [
      "min",
      "median",
      "p99"
    ],
    "p99_min_reps": 100,
    "soak_s": 0,
    "control_spread_max_ms": null,
    "attribution": false,
    "leg_options": [
      {}
    ]
  },
  "legs": [
    {
      "plan": "shipped",
      "identity": {
        "schema_version": 3,
        "target": "hardware/nvidia/rtx5090/pi05",
        "hardware": "rtx5090-32gb",
        "model": "pi05",
        "shape_profile": "action_dim32-batch1-chunk10-encoder_dim2048-encoder_ffn_dim16384-expert_dim1024-expert_ffn_dim4096-expert_tokens10-head_dim256-image_channels3-image_height224-image_width224-kv_heads1-layers18-num_views2-prefix_len712-prompt_len200-qkv_width2560-query_heads8-state_dim32-steps10-vision_dim1152-vision_ffn_dim4304-vision_head_dim72-vision_heads16-vision_layers27-visual_tokens512-visual_tokens_per_view256",
        "shape": {
          "batch": 1,
          "num_views": 2,
          "image_height": 224,
          "image_width": 224,
          "image_channels": 3,
          "visual_tokens_per_view": 256,
          "visual_tokens": 512,
          "vision_dim": 1152,
          "vision_ffn_dim": 4304,
          "vision_heads": 16,
          "vision_head_dim": 72,
          "vision_layers": 27,
          "prompt_len": 200,
          "prefix_len": 712,
          "chunk": 10,
          "expert_tokens": 10,
          "state_dim": 32,
          "action_dim": 32,
          "steps": 10,
          "layers": 18,
          "encoder_dim": 2048,
          "encoder_ffn_dim": 16384,
          "query_heads": 8,
          "kv_heads": 1,
          "head_dim": 256,
          "qkv_width": 2560,
          "expert_dim": 1024,
          "expert_ffn_dim": 4096
        },
        "plan": {
          "vision_encoder_patch_embed": "torch",
          "vision_encoder_norm_qkv": "cutlass-vision",
          "vision_encoder_attention": "triton-vision-attention",
          "vision_encoder_out_proj_residual": "cutlass-vision",
          "vision_encoder_norm_ffn_up": "cutlass-vision",
          "vision_encoder_ffn_down_residual": "cutlass-vision",
          "llm_backbone_projector": "torch",
          "llm_backbone_embed_prompt": "torch",
          "llm_backbone_norm_qkv_rope": "fused-prefix-qkv",
          "llm_backbone_attention": "flashinfer-attention",
          "llm_backbone_out_proj_residual": "cutlass-backbone",
          "llm_backbone_norm_gated_ffn": "cutlass-backbone",
          "llm_backbone_ffn_down_residual": "cutlass-backbone",
          "action_expert_action_in_proj": "torch",
          "action_expert_norm_qkv_rope": "triton-qkv-finish",
          "action_expert_attention": "split-kv-attention",
          "action_expert_out_proj_residual": "cutlass-expert-residual",
          "action_expert_norm_gated_ffn": "dual-ffn",
          "action_expert_ffn_down_residual": "cutlass-expert-residual",
          "action_expert_action_out_proj": "fused-qkv"
        },
        "model_revision": "pi05-r1",
        "engine_revision": null,
        "inference_signature": "sha256:a79c1f62c3f14674ad87e88a89bb5f66ac650e1c497ccf5076e64017b55d9f6f",
        "execution_variant": {
          "quantization": {
            "mode": "bf16"
          },
          "cache": {
            "mode": "none"
          }
        },
        "replay_buckets": [
          64,
          200
        ]
      },
      "replay": {
        "extent": 12,
        "bucket": 64
      },
      "measurement_context": {
        "weights": {
          "checkpoint_id": "flash-vla/pi05-random-checkpoint/v2/seed-0",
          "checkpoint_digest": "flash-vla/pi05-random-checkpoint/v2/seed-0"
        },
        "fixture": {
          "id": "flash-vla/pi05-inputs-v2/seed-0",
          "digest": "sha256:186266f9050d21a33ecfa4de7b9d54fe4851c8671f379edb5bc426c775184ce2"
        },
        "environment": {
          "gpu_sku": "NVIDIA GeForce RTX 5090",
          "driver": "580.142",
          "cuda_runtime": "13.0",
          "pytorch": "2.13.0+cu130",
          "tilelang": "0.1.11",
          "clock_policy": {
            "benchmark_control": "inherit",
            "slurm_gpu_freq_request": null,
            "effective_locked_clocks": "unobserved"
          },
          "power_policy": {
            "requested_limit_w": 600.0,
            "enforced_limit_w": 600.0
          },
          "capture_regime": "cuda_graph",
          "clock_observation": {
            "application_graphics_mhz": "[N/A]",
            "application_memory_mhz": "[N/A]"
          }
        },
        "workload": "libero",
        "hostname": "ubun",
        "slurm_job_id": null,
        "timestamp": 1790462928.8112564,
        "reference_provenance": {}
      },
      "metrics": {
        "chunk_latency": {
          "min": 22.733050864189863,
          "median": 22.84982637502253,
          "n": 100,
          "samples_ms": [
            22.769348230212927,
            22.793290205299854,
            22.838811855763197,
            22.827492095530033,
            22.828079294413328,
            22.833711002022028,
            22.745771799236536,
            22.73707138374448,
            22.76959689334035,
            22.91608927771449,
            22.987687960267067,
            22.9834271594882,
            22.83808309584856,
            22.744453977793455,
            22.766408044844866,
            22.778034675866365,
            22.91223779320717,
            22.985435090959072,
            22.98535965383053,
            22.843836806714535,
            22.820513229817152,
            22.733050864189863,
            22.765053901821375,
            22.8928760625422,
            22.99456624314189,
            22.99804426729679,
            22.853326983749866,
            22.818402852863073,
            22.763441316783428,
            22.78399420902133,
            22.904490120708942,
            22.99679210409522,
            22.997665219008923,
            22.863868158310652,
            22.812562063336372,
            22.83942513167858,
            22.892074193805456,
            22.98683486878872,
            22.99751527607441,
            22.987638134509325,
            22.999444045126438,
            22.754700854420662,
            22.741034626960754,
            22.84011524170637,
            22.99450198188424,
            22.98183785751462,
            22.983083967119455,
            22.84878073260188,
            22.760953288525343,
            22.763323970139027,
            22.847787011414766,
            22.983125876635313,
            22.99246611073613,
            22.99165166914463,
            22.847121115773916,
            22.73630630224943,
            22.77955273166299,
            22.88796892389655,
            22.979521192610264,
            22.9997462593019,
            23.001631256192923,
            22.83489890396595,
            22.74121530354023,
            22.75852020829916,
            22.887381725013256,
            22.993775084614754,
            23.020549211651087,
            22.996841929852962,
            22.8433427400887,
            22.740375716239214,
            22.77035592123866,
            22.91515376418829,
            22.982143331319094,
            22.993608843535185,
            22.85087201744318,
            22.82628882676363,
            22.743873298168182,
            22.77558157220483,
            22.888127714395523,
            22.977751679718494,
            23.0067721568048,
            22.859276738017797,
            22.825820837169886,
            22.74256618693471,
            22.773582953959703,
            22.899637930095196,
            22.994832135736942,
            22.981910035014153,
            22.877283859997988,
            22.833664901554585,
            22.762549109756947,
            22.764015942811966,
            22.913573309779167,
            22.994049824774265,
            22.996062878519297,
            22.864877246320248,
            22.832884918898344,
            22.764774970710278,
            22.75793720036745,
            22.88924204185605
          ],
          "p99": 23.0067721568048
        },
        "device_latency": {
          "min": 22.773887634277344,
          "median": 22.891584396362305,
          "n": 100,
          "samples_ms": [
            22.773887634277344,
            22.903167724609375,
            22.984031677246094,
            22.99065589904785,
            22.853792190551758,
            22.829055786132812,
            22.816160202026367,
            22.819616317749023,
            22.891040802001953,
            22.992992401123047,
            22.98476791381836,
            22.847232818603516,
            22.825759887695312,
            22.815488815307617,
            22.81987190246582,
            22.89241600036621,
            22.994400024414062,
            22.98076820373535,
            22.847423553466797,
            22.83184051513672,
            22.82521629333496,
            22.818784713745117,
            22.907615661621094,
            22.988576889038086,
            23.00339126586914,
            22.8439998626709,
            22.814847946166992,
            22.81977653503418,
            22.826143264770508,
            22.90812873840332,
            22.987552642822266,
            22.994911193847656,
            22.8407039642334,
            22.824800491333008,
            22.810911178588867,
            22.90483283996582,
            22.989824295043945,
            23.00377655029297,
            22.988544464111328,
            22.838655471801758,
            22.84102439880371,
            22.82464027404785,
            22.87491226196289,
            22.983423233032227,
            22.98758316040039,
            22.987136840820312,
            22.841567993164062,
            22.817279815673828,
            22.839679718017578,
            22.89900779724121,
            22.989280700683594,
            22.977567672729492,
            22.991487503051758,
            22.836544036865234,
            22.83945655822754,
            22.836191177368164,
            22.902271270751953,
            22.98956871032715,
            22.98627281188965,
            22.974720001220703,
            22.815135955810547,
            22.82259178161621,
            22.808351516723633,
            22.908992767333984,
            22.995071411132812,
            22.977535247802734,
            23.00048065185547,
            22.82383918762207,
            22.820768356323242,
            22.818592071533203,
            22.909887313842773,
            22.983840942382812,
            22.99001693725586,
            22.84499168395996,
            22.81260871887207,
            22.85103988647461,
            22.819263458251953,
            22.925376892089844,
            22.97907257080078,
            22.98944091796875,
            22.8591365814209,
            22.84841537475586,
            22.813119888305664,
            22.89036750793457,
            22.994016647338867,
            22.999359130859375,
            22.987775802612305,
            22.974079132080078,
            22.819839477539062,
            22.81987190246582,
            22.90608024597168,
            22.994815826416016,
            22.9899845123291,
            22.983936309814453,
            22.842239379882812,
            22.82819175720215,
            22.831424713134766,
            22.892127990722656,
            22.997087478637695,
            22.98476791381836
          ],
          "p99": 23.00339126586914
        },
        "host_time": {
          "prompt": {
            "min": 0.05960837006568909,
            "median": 0.06261561065912247,
            "n": 100,
            "samples_ms": [
              0.06557116284966469,
              0.06528198719024658,
              0.06428919732570648,
              0.06280886009335518,
              0.07281871512532234,
              0.06440002471208572,
              0.06485590711236,
              0.0642780214548111,
              0.06562797352671623,
              0.06413692608475685,
              0.06385380402207375,
              0.06411084905266762,
              0.06476510316133499,
              0.06261887028813362,
              0.06178533658385277,
              0.06200699135661125,
              0.06299279630184174,
              0.06294809281826019,
              0.06207078695297241,
              0.06261235103011131,
              0.06289780139923096,
              0.061761122196912766,
              0.06267894059419632,
              0.06623240187764168,
              0.06295368075370789,
              0.06274878978729248,
              0.06309198215603828,
              0.06297370418906212,
              0.06674090400338173,
              0.06330898031592369,
              0.06370199844241142,
              0.06540678441524506,
              0.06216391921043396,
              0.06420072168111801,
              0.06236601620912552,
              0.06677303463220596,
              0.06162608042359352,
              0.06192317232489586,
              0.06157625466585159,
              0.06131874397397041,
              0.06127636879682541,
              0.06194598972797394,
              0.06183888763189316,
              0.061884988099336624,
              0.06456393748521805,
              0.06280513480305672,
              0.06222212687134743,
              0.0632070004940033,
              0.06120000034570694,
              0.060162972658872604,
              0.06164424121379852,
              0.061866361647844315,
              0.06223609670996666,
              0.06207311525940895,
              0.06237020716071129,
              0.0630207359790802,
              0.06270082667469978,
              0.06398605182766914,
              0.06253598257899284,
              0.06185704842209816,
              0.06520189344882965,
              0.06155995652079582,
              0.06114691495895386,
              0.06153387948870659,
              0.0628279522061348,
              0.06276043131947517,
              0.06644800305366516,
              0.06289593875408173,
              0.06143096834421158,
              0.06310781463980675,
              0.06280094385147095,
              0.06184400990605354,
              0.06251083686947823,
              0.062101054936647415,
              0.06195809692144394,
              0.06162794306874275,
              0.06510503590106964,
              0.06289826706051826,
              0.06676604971289635,
              0.06297510117292404,
              0.061688944697380066,
              0.061025843024253845,
              0.06144680082798004,
              0.06081024184823036,
              0.05960837006568909,
              0.06467709317803383,
              0.06012618541717529,
              0.06041862070560455,
              0.06147008389234543,
              0.06069103255867958,
              0.06162980571389198,
              0.06052572280168533,
              0.06366102024912834,
              0.06192876026034355,
              0.06139790639281273,
              0.06114691495895386,
              0.061821192502975464,
              0.06129313260316849,
              0.06281211972236633,
              0.06608199328184128
            ],
            "p99": 0.06677303463220596
          }
        },
        "segment_latency": {
          "vision_encoder": {
            "min": 2.858815908432007,
            "median": 2.8972320556640625,
            "n": 100,
            "samples_ms": [
              2.8901119232177734,
              2.871903896331787,
              2.861311912536621,
              2.8610880374908447,
              2.862272024154663,
              2.8631041049957275,
              2.858815908432007,
              2.894912004470825,
              2.898047924041748,
              2.8974080085754395,
              2.9008960723876953,
              2.8969919681549072,
              2.8971199989318848,
              2.8991360664367676,
              2.8869760036468506,
              2.8775041103363037,
              2.876512050628662,
              2.8744640350341797,
              2.875200033187866,
              2.8743999004364014,
              2.8753600120544434,
              2.8767359256744385,
              2.8732800483703613,
              2.8787200450897217,
              2.8769919872283936,
              2.8786559104919434,
              2.8766400814056396,
              2.87280011177063,
              2.8766400814056396,
              2.876703977584839,
              2.8746559619903564,
              2.8816959857940674,
              2.8839359283447266,
              2.882848024368286,
              2.8908801078796387,
              2.9010560512542725,
              2.905280113220215,
              2.906303882598877,
              2.903167963027954,
              2.9025919437408447,
              2.907327890396118,
              2.9008638858795166,
              2.8877439498901367,
              2.8826560974121094,
              2.884511947631836,
              2.8840959072113037,
              2.883392095565796,
              2.8857600688934326,
              2.8868799209594727,
              2.885024070739746,
              2.88374400138855,
              2.888864040374756,
              2.8933119773864746,
              2.8917438983917236,
              2.8929920196533203,
              2.892767906188965,
              2.8908801078796387,
              2.890944004058838,
              2.8909120559692383,
              2.895359992980957,
              2.8992319107055664,
              2.8953280448913574,
              2.89737606048584,
              2.8973441123962402,
              2.8992319107055664,
              2.8990719318389893,
              2.905344009399414,
              2.9034879207611084,
              2.90230393409729,
              2.9014079570770264,
              2.902751922607422,
              2.9034879207611084,
              2.907520055770874,
              2.905440092086792,
              2.9072000980377197,
              2.908479928970337,
              2.9075839519500732,
              2.9079360961914062,
              2.9072320461273193,
              2.908992052078247,
              2.9094719886779785,
              2.909183979034424,
              2.9093759059906006,
              2.911423921585083,
              2.909440040588379,
              2.905440092086792,
              2.9104959964752197,
              2.9095358848571777,
              2.9143359661102295,
              2.9114880561828613,
              2.9121599197387695,
              2.913343906402588,
              2.91158390045166,
              2.9114880561828613,
              2.9095358848571777,
              2.9135680198669434,
              2.9114561080932617,
              2.9119040966033936,
              2.911520004272461,
              2.911616086959839
            ],
            "p99": 2.9135680198669434
          },
          "llm_backbone": {
            "min": 12.13811206817627,
            "median": 12.255280017852783,
            "n": 100,
            "samples_ms": [
              12.141792297363281,
              12.13811206817627,
              12.156607627868652,
              12.15443229675293,
              12.160320281982422,
              12.163904190063477,
              12.150591850280762,
              12.171392440795898,
              12.158720016479492,
              12.165375709533691,
              12.166080474853516,
              12.166015625,
              12.22208023071289,
              12.251104354858398,
              12.259296417236328,
              12.257280349731445,
              12.254560470581055,
              12.25926399230957,
              12.261280059814453,
              12.247008323669434,
              12.263487815856934,
              12.249152183532715,
              12.250399589538574,
              12.256896018981934,
              12.2608642578125,
              12.256608009338379,
              12.26483154296875,
              12.271743774414062,
              12.25011157989502,
              12.25158405303955,
              12.25551986694336,
              12.25699234008789,
              12.254303932189941,
              12.261183738708496,
              12.258527755737305,
              12.262175559997559,
              12.260640144348145,
              12.26688003540039,
              12.260607719421387,
              12.251328468322754,
              12.26476764678955,
              12.262720108032227,
              12.25436782836914,
              12.25318431854248,
              12.258975982666016,
              12.260831832885742,
              12.252191543579102,
              12.250783920288086,
              12.26524829864502,
              12.257184028625488,
              12.255104064941406,
              12.262528419494629,
              12.25766372680664,
              12.258208274841309,
              12.252320289611816,
              12.254143714904785,
              12.263232231140137,
              12.25334358215332,
              12.255359649658203,
              12.257344245910645,
              12.252191543579102,
              12.265664100646973,
              12.26159954071045,
              12.254591941833496,
              12.261695861816406,
              12.480799674987793,
              12.254464149475098,
              12.252639770507812,
              12.248640060424805,
              12.257408142089844,
              12.248479843139648,
              12.249183654785156,
              12.246720314025879,
              12.247008323669434,
              12.25545597076416,
              12.263680458068848,
              12.254464149475098,
              12.264608383178711,
              12.255167961120605,
              12.257184028625488,
              12.2543363571167,
              12.26137638092041,
              12.260576248168945,
              12.255200386047363,
              12.252927780151367,
              12.251008033752441,
              12.258879661560059,
              12.254176139831543,
              12.253439903259277,
              12.250399589538574,
              12.26144027709961,
              12.26476764678955,
              12.247648239135742,
              12.26195240020752,
              12.253664016723633,
              12.258624076843262,
              12.2675199508667,
              12.264608383178711,
              12.256799697875977,
              12.26255989074707
            ],
            "p99": 12.271743774414062
          },
          "action_expert": {
            "min": 7.943967819213867,
            "median": 7.9555041790008545,
            "n": 100,
            "samples_ms": [
              7.974880218505859,
              7.977663993835449,
              7.964384078979492,
              7.963776111602783,
              7.957856178283691,
              7.955488204956055,
              7.952383995056152,
              7.959807872772217,
              7.953216075897217,
              7.95747184753418,
              7.955679893493652,
              7.956128120422363,
              7.952415943145752,
              7.95136022567749,
              7.9534077644348145,
              7.959648132324219,
              7.9534077644348145,
              7.9495038986206055,
              7.956768035888672,
              7.951456069946289,
              7.955455780029297,
              7.955327987670898,
              7.955647945404053,
              7.949535846710205,
              7.955679893493652,
              7.950272083282471,
              7.9536638259887695,
              7.95136022567749,
              7.955391883850098,
              7.955520153045654,
              7.962560176849365,
              7.949920177459717,
              7.955520153045654,
              7.955455780029297,
              7.961696147918701,
              7.947455883026123,
              7.955488204956055,
              7.955455780029297,
              7.957568168640137,
              7.958911895751953,
              7.947648048400879,
              7.9555840492248535,
              7.954527854919434,
              7.951007843017578,
              7.948383808135986,
              7.9576640129089355,
              7.951519966125488,
              7.956639766693115,
              7.952223777770996,
              7.958623886108398,
              7.949312210083008,
              7.959936141967773,
              7.9555840492248535,
              7.949920177459717,
              7.951712131500244,
              7.953343868255615,
              7.951648235321045,
              7.959519863128662,
              7.947391986846924,
              7.956287860870361,
              7.953695774078369,
              7.947423934936523,
              7.968128204345703,
              7.960288047790527,
              7.9576640129089355,
              7.957536220550537,
              7.9496002197265625,
              7.9617919921875,
              7.955520153045654,
              7.947391986846924,
              7.955679893493652,
              7.953951835632324,
              7.955679893493652,
              7.951488018035889,
              7.960383892059326,
              7.947264194488525,
              7.955615997314453,
              7.95414400100708,
              7.9534077644348145,
              7.956639766693115,
              7.956448078155518,
              7.955359935760498,
              7.957503795623779,
              7.949440002441406,
              7.959904193878174,
              7.950240135192871,
              7.96073579788208,
              7.956031799316406,
              7.955520153045654,
              7.950463771820068,
              7.953695774078369,
              7.957344055175781,
              7.947455883026123,
              7.959455966949463,
              7.949471950531006,
              7.96124792098999,
              7.943967819213867,
              7.966464042663574,
              7.955967903137207,
              7.9555840492248535
            ],
            "p99": 7.974880218505859
          }
        },
        "overhead": {
          "min": -0.20784493163228035,
          "median": -0.25818987749516964,
          "p99": -0.1534198559820652
        }
      },
      "attribution": null,
      "runtime_observation": {
        "before": {
          "clocks.sm": "2887",
          "clocks.mem": "13801",
          "pstate": "P1",
          "temperature.gpu": "55",
          "power.draw": "182.42",
          "clocks_event_reasons.active": "0x0000000000000000"
        },
        "after": {
          "clocks.sm": "2895",
          "clocks.mem": "13801",
          "pstate": "P1",
          "temperature.gpu": "59",
          "power.draw": "359.70",
          "clocks_event_reasons.active": "0x0000000000000000"
        }
      },
      "options": {
        "workload": "libero"
      },
      "process_id": 3285418,
      "gpu_uuid": "GPU-7fc626f4-bce7-9a11-81de-0eaedc93e242",
      "implementation_source": null,
      "leg": 0
    }
  ],
  "deltas": null
}
