== leg 0: hardware/nvidia/rtx5090/pi05 plan=shipped
{
  "identity": {
    "schema_version": 3,
    "target": "hardware/nvidia/rtx5090/pi05",
    "hardware": "rtx5090-32gb",
    "model": "pi05",
    "shape_profile": "action_dim32-batch1-chunk50-encoder_dim2048-encoder_ffn_dim16384-expert_dim1024-expert_ffn_dim4096-expert_tokens50-head_dim256-image_channels3-image_height224-image_width224-kv_heads1-layers18-num_views3-prefix_len968-prompt_len200-qkv_width2560-query_heads8-state_dim32-steps10-vision_dim1152-vision_ffn_dim4304-vision_head_dim72-vision_heads16-vision_layers27-visual_tokens768-visual_tokens_per_view256",
    "shape": {
      "batch": 1,
      "num_views": 3,
      "image_height": 224,
      "image_width": 224,
      "image_channels": 3,
      "visual_tokens_per_view": 256,
      "visual_tokens": 768,
      "vision_dim": 1152,
      "vision_ffn_dim": 4304,
      "vision_heads": 16,
      "vision_head_dim": 72,
      "vision_layers": 27,
      "prompt_len": 200,
      "prefix_len": 968,
      "chunk": 50,
      "expert_tokens": 50,
      "state_dim": 32,
      "action_dim": 32,
      "steps": 10,
      "layers": 18,
      "encoder_dim": 2048,
      "encoder_ffn_dim": 16384,
      "query_heads": 8,
      "kv_heads": 1,
      "head_dim": 256,
      "qkv_width": 2560,
      "expert_dim": 1024,
      "expert_ffn_dim": 4096
    },
    "plan": {
      "vision_encoder_patch_embed": "torch",
      "vision_encoder_norm_qkv": "cutlass-vision",
      "vision_encoder_attention": "triton-vision-attention",
      "vision_encoder_out_proj_residual": "cutlass-vision",
      "vision_encoder_norm_ffn_up": "cutlass-vision",
      "vision_encoder_ffn_down_residual": "cutlass-vision",
      "llm_backbone_projector": "torch",
      "llm_backbone_embed_prompt": "torch",
      "llm_backbone_norm_qkv_rope": "fused-prefix-qkv",
      "llm_backbone_attention": "flashinfer-attention",
      "llm_backbone_out_proj_residual": "cutlass-backbone",
      "llm_backbone_norm_gated_ffn": "cutlass-backbone",
      "llm_backbone_ffn_down_residual": "cutlass-backbone",
      "action_expert_action_in_proj": "torch",
      "action_expert_norm_qkv_rope": "triton-qkv-finish",
      "action_expert_attention": "split-kv-attention",
      "action_expert_out_proj_residual": "cutlass-expert-residual",
      "action_expert_norm_gated_ffn": "dual-ffn",
      "action_expert_ffn_down_residual": "cutlass-expert-residual",
      "action_expert_action_out_proj": "fused-qkv"
    },
    "model_revision": "pi05-r1",
    "engine_revision": null,
    "inference_signature": "sha256:a79c1f62c3f14674ad87e88a89bb5f66ac650e1c497ccf5076e64017b55d9f6f",
    "execution_variant": {
      "quantization": {
        "mode": "bf16"
      },
      "cache": {
        "mode": "none"
      }
    },
    "replay_buckets": [
      64,
      128,
      200
    ]
  },
  "protocol": "latency-v2",
  "instrumented": false,
  "measurement_context": {
    "weights": {
      "checkpoint_id": "flash-vla/pi05-random-checkpoint/v2/seed-0",
      "checkpoint_digest": "flash-vla/pi05-random-checkpoint/v2/seed-0"
    },
    "fixture": {
      "id": "flash-vla/pi05-inputs-v2/seed-0",
      "digest": "sha256:80e60b97e0964d3a558b2b622bc0d6848a841bb37543e362bdb5ade41d6c7480"
    },
    "environment": {
      "gpu_sku": "NVIDIA GeForce RTX 5090",
      "driver": "580.142",
      "cuda_runtime": "13.0",
      "pytorch": "2.13.0+cu130",
      "tilelang": "0.1.11",
      "clock_policy": {
        "benchmark_control": "inherit",
        "slurm_gpu_freq_request": null,
        "effective_locked_clocks": "unobserved"
      },
      "power_policy": {
        "requested_limit_w": 600.0,
        "enforced_limit_w": 600.0
      },
      "capture_regime": "cuda_graph",
      "clock_observation": {
        "application_graphics_mhz": "[N/A]",
        "application_memory_mhz": "[N/A]"
      }
    },
    "workload": "robodojo",
    "hostname": "ubun",
    "slurm_job_id": null,
    "timestamp": 1790462876.8037195,
    "reference_provenance": {}
  },
  "env": {
    "gpu": "NVIDIA GeForce RTX 5090",
    "python": "3.12.13",
    "torch": "2.13.0+cu130",
    "torch_cuda": "13.0",
    "tilelang": "0.1.11",
    "gpu_uuid": "GPU-7fc626f4-bce7-9a11-81de-0eaedc93e242",
    "runtime_observation": {
      "clocks.sm": "2872",
      "clocks.mem": "13801",
      "pstate": "P1",
      "temperature.gpu": "65",
      "power.draw": "506.68",
      "clocks_event_reasons.active": "0x0000000000000000"
    },
    "node": "ubun",
    "job": null,
    "driver": "580.142",
    "clocks": "unlocked",
    "clock_policy": {
      "benchmark_control": "inherit",
      "slurm_gpu_freq_request": null,
      "effective_locked_clocks": "unobserved"
    },
    "clock_observation": {
      "application_graphics_mhz": "[N/A]",
      "application_memory_mhz": "[N/A]"
    },
    "power_policy": {
      "requested_limit_w": 600.0,
      "enforced_limit_w": 600.0
    }
  },
  "config": {
    "reps": 100,
    "warmup": 5,
    "seed": 0,
    "plans": [
      "shipped"
    ],
    "calibration": false,
    "breakdown": true,
    "primary_statistic": "median",
    "capture_policy": "fresh-process-first-capture-per-leg",
    "statistics": [
      "min",
      "median",
      "p99"
    ],
    "p99_min_reps": 100,
    "soak_s": 0,
    "control_spread_max_ms": null,
    "attribution": false,
    "leg_options": [
      {}
    ]
  },
  "legs": [
    {
      "plan": "shipped",
      "identity": {
        "schema_version": 3,
        "target": "hardware/nvidia/rtx5090/pi05",
        "hardware": "rtx5090-32gb",
        "model": "pi05",
        "shape_profile": "action_dim32-batch1-chunk50-encoder_dim2048-encoder_ffn_dim16384-expert_dim1024-expert_ffn_dim4096-expert_tokens50-head_dim256-image_channels3-image_height224-image_width224-kv_heads1-layers18-num_views3-prefix_len968-prompt_len200-qkv_width2560-query_heads8-state_dim32-steps10-vision_dim1152-vision_ffn_dim4304-vision_head_dim72-vision_heads16-vision_layers27-visual_tokens768-visual_tokens_per_view256",
        "shape": {
          "batch": 1,
          "num_views": 3,
          "image_height": 224,
          "image_width": 224,
          "image_channels": 3,
          "visual_tokens_per_view": 256,
          "visual_tokens": 768,
          "vision_dim": 1152,
          "vision_ffn_dim": 4304,
          "vision_heads": 16,
          "vision_head_dim": 72,
          "vision_layers": 27,
          "prompt_len": 200,
          "prefix_len": 968,
          "chunk": 50,
          "expert_tokens": 50,
          "state_dim": 32,
          "action_dim": 32,
          "steps": 10,
          "layers": 18,
          "encoder_dim": 2048,
          "encoder_ffn_dim": 16384,
          "query_heads": 8,
          "kv_heads": 1,
          "head_dim": 256,
          "qkv_width": 2560,
          "expert_dim": 1024,
          "expert_ffn_dim": 4096
        },
        "plan": {
          "vision_encoder_patch_embed": "torch",
          "vision_encoder_norm_qkv": "cutlass-vision",
          "vision_encoder_attention": "triton-vision-attention",
          "vision_encoder_out_proj_residual": "cutlass-vision",
          "vision_encoder_norm_ffn_up": "cutlass-vision",
          "vision_encoder_ffn_down_residual": "cutlass-vision",
          "llm_backbone_projector": "torch",
          "llm_backbone_embed_prompt": "torch",
          "llm_backbone_norm_qkv_rope": "fused-prefix-qkv",
          "llm_backbone_attention": "flashinfer-attention",
          "llm_backbone_out_proj_residual": "cutlass-backbone",
          "llm_backbone_norm_gated_ffn": "cutlass-backbone",
          "llm_backbone_ffn_down_residual": "cutlass-backbone",
          "action_expert_action_in_proj": "torch",
          "action_expert_norm_qkv_rope": "triton-qkv-finish",
          "action_expert_attention": "split-kv-attention",
          "action_expert_out_proj_residual": "cutlass-expert-residual",
          "action_expert_norm_gated_ffn": "dual-ffn",
          "action_expert_ffn_down_residual": "cutlass-expert-residual",
          "action_expert_action_out_proj": "fused-qkv"
        },
        "model_revision": "pi05-r1",
        "engine_revision": null,
        "inference_signature": "sha256:a79c1f62c3f14674ad87e88a89bb5f66ac650e1c497ccf5076e64017b55d9f6f",
        "execution_variant": {
          "quantization": {
            "mode": "bf16"
          },
          "cache": {
            "mode": "none"
          }
        },
        "replay_buckets": [
          64,
          128,
          200
        ]
      },
      "replay": {
        "extent": 70,
        "bucket": 128
      },
      "measurement_context": {
        "weights": {
          "checkpoint_id": "flash-vla/pi05-random-checkpoint/v2/seed-0",
          "checkpoint_digest": "flash-vla/pi05-random-checkpoint/v2/seed-0"
        },
        "fixture": {
          "id": "flash-vla/pi05-inputs-v2/seed-0",
          "digest": "sha256:80e60b97e0964d3a558b2b622bc0d6848a841bb37543e362bdb5ade41d6c7480"
        },
        "environment": {
          "gpu_sku": "NVIDIA GeForce RTX 5090",
          "driver": "580.142",
          "cuda_runtime": "13.0",
          "pytorch": "2.13.0+cu130",
          "tilelang": "0.1.11",
          "clock_policy": {
            "benchmark_control": "inherit",
            "slurm_gpu_freq_request": null,
            "effective_locked_clocks": "unobserved"
          },
          "power_policy": {
            "requested_limit_w": 600.0,
            "enforced_limit_w": 600.0
          },
          "capture_regime": "cuda_graph",
          "clock_observation": {
            "application_graphics_mhz": "[N/A]",
            "application_memory_mhz": "[N/A]"
          }
        },
        "workload": "robodojo",
        "hostname": "ubun",
        "slurm_job_id": null,
        "timestamp": 1790462876.8037195,
        "reference_provenance": {}
      },
      "metrics": {
        "chunk_latency": {
          "min": 29.2096552439034,
          "median": 29.577642679214478,
          "n": 100,
          "samples_ms": [
            29.422895051538944,
            29.2096552439034,
            29.416940174996853,
            29.253319837152958,
            29.471715912222862,
            29.446368105709553,
            29.47656810283661,
            29.511422850191593,
            29.497513081878424,
            29.5570301823318,
            29.490539338439703,
            29.585781041532755,
            29.488553293049335,
            29.602260794490576,
            29.498416930437088,
            29.624795075505972,
            29.586770571768284,
            29.621487017720938,
            29.39346292987466,
            29.611026868224144,
            29.40026158466935,
            29.59152590483427,
            29.415763914585114,
            29.601784888654947,
            29.545302037149668,
            29.582431074231863,
            29.57714907824993,
            29.573407024145126,
            29.56063626334071,
            29.562586918473244,
            29.6018710359931,
            29.58469931036234,
            29.65725911781192,
            29.55136774107814,
            29.628545977175236,
            29.529124964028597,
            29.637245927006006,
            29.54050898551941,
            29.631194192916155,
            29.3979300186038,
            29.612550046294928,
            29.403561260551214,
            29.61657801643014,
            29.41317530348897,
            29.609621036797762,
            29.42803269252181,
            29.612976126372814,
            29.55330489203334,
            29.59200320765376,
            29.566918034106493,
            29.567687772214413,
            29.582337010651827,
            29.573090840131044,
            29.59427796304226,
            29.550557024776936,
            29.60581425577402,
            29.526571277529,
            29.63073132559657,
            29.541655909270048,
            29.63401097804308,
            29.52147601172328,
            29.648488853126764,
            29.414341785013676,
            29.629903379827738,
            29.42881127819419,
            29.629011172801256,
            29.450714122503996,
            29.614534229040146,
            29.441856779158115,
            29.63672298938036,
            29.59179086610675,
            29.599918983876705,
            29.585968237370253,
            29.591284226626158,
            29.605085961520672,
            29.574443120509386,
            29.60344683378935,
            29.571501072496176,
            29.624576214700937,
            29.564627446234226,
            29.64326459914446,
            29.545731842517853,
            29.649210162460804,
            29.535934794694185,
            29.65366095304489,
            29.43291887640953,
            29.646965209394693,
            29.426184948533773,
            29.627744108438492,
            29.442307073622942,
            29.621414840221405,
            29.440758749842644,
            29.628776013851166,
            29.572458937764168,
            29.604964423924685,
            29.583218041807413,
            29.59377085790038,
            29.594798106700182,
            29.578136280179024,
            29.603702947497368
          ],
          "p99": 29.65366095304489
        },
        "device_latency": {
          "min": 29.42207908630371,
          "median": 29.61190414428711,
          "n": 100,
          "samples_ms": [
            29.657407760620117,
            29.538623809814453,
            29.663103103637695,
            29.524736404418945,
            29.659648895263672,
            29.428991317749023,
            29.646591186523438,
            29.433984756469727,
            29.643455505371094,
            29.44211196899414,
            29.651424407958984,
            29.5664005279541,
            29.638111114501953,
            29.57049560546875,
            29.62371253967285,
            29.58675193786621,
            29.6180477142334,
            29.60256004333496,
            29.594688415527344,
            29.609312057495117,
            29.581279754638672,
            29.619007110595703,
            29.57219123840332,
            29.63804817199707,
            29.549440383911133,
            29.651615142822266,
            29.546592712402344,
            29.66454315185547,
            29.55062484741211,
            29.670175552368164,
            29.43164825439453,
            29.639551162719727,
            29.439136505126953,
            29.660160064697266,
            29.654592514038086,
            29.684383392333984,
            29.565088272094727,
            29.643840789794922,
            29.581695556640625,
            29.633792877197266,
            29.588159561157227,
            29.612640380859375,
            29.595136642456055,
            29.596576690673828,
            29.59494400024414,
            29.585311889648438,
            29.626848220825195,
            29.58064079284668,
            29.619455337524414,
            29.54991912841797,
            29.657472610473633,
            29.54707145690918,
            29.65692710876465,
            29.539295196533203,
            29.65862464904785,
            29.42207908630371,
            29.656063079833984,
            29.447776794433594,
            29.669151306152344,
            29.654624938964844,
            29.673503875732422,
            29.559871673583984,
            29.648895263671875,
            29.577056884765625,
            29.62998390197754,
            29.582687377929688,
            29.627552032470703,
            29.72492790222168,
            29.662399291992188,
            29.617984771728516,
            29.60758399963379,
            29.63052749633789,
            29.60870361328125,
            29.640031814575195,
            29.58883285522461,
            29.651168823242188,
            29.589632034301758,
            29.669504165649414,
            29.605247497558594,
            29.673311233520508,
            29.570783615112305,
            29.67145538330078,
            29.435583114624023,
            29.492063522338867,
            29.449600219726562,
            29.64614486694336,
            29.445152282714844,
            29.65920066833496,
            29.4553279876709,
            29.63350486755371,
            29.47110366821289,
            29.63587188720703,
            29.600927352905273,
            29.64899253845215,
            29.60793685913086,
            29.611167907714844,
            29.612895965576172,
            29.598976135253906,
            29.6232967376709,
            29.615615844726562
          ],
          "p99": 29.684383392333984
        },
        "host_time": {
          "prompt": {
            "min": 0.0864327885210514,
            "median": 0.08951406925916672,
            "n": 100,
            "samples_ms": [
              0.10409625247120857,
              0.09426288306713104,
              0.09152013808488846,
              0.0905119813978672,
              0.08983118459582329,
              0.09040115401148796,
              0.09179813787341118,
              0.09109172970056534,
              0.08981116116046906,
              0.0963485799729824,
              0.09547732770442963,
              0.09140511974692345,
              0.08998299017548561,
              0.08954014629125595,
              0.0888630747795105,
              0.0892002135515213,
              0.09092269465327263,
              0.09025586768984795,
              0.09149638935923576,
              0.0913720577955246,
              0.08934829384088516,
              0.09488081559538841,
              0.08944189175963402,
              0.09052315726876259,
              0.0904817134141922,
              0.09365472942590714,
              0.09670993313193321,
              0.08933106437325478,
              0.09039603173732758,
              0.08802209049463272,
              0.09220186620950699,
              0.10906392708420753,
              0.12421095743775368,
              0.11209677904844284,
              0.08953502401709557,
              0.08904794231057167,
              0.0891159288585186,
              0.08907588198781013,
              0.08832896128296852,
              0.08753873407840729,
              0.08932314813137054,
              0.08888402953743935,
              0.09254505857825279,
              0.08977577090263367,
              0.08692685514688492,
              0.08835876360535622,
              0.08955691009759903,
              0.08940184488892555,
              0.08965795859694481,
              0.08910009637475014,
              0.08710240945219994,
              0.08841743692755699,
              0.08919183164834976,
              0.09191501885652542,
              0.0906139612197876,
              0.08926494047045708,
              0.08949311450123787,
              0.08885795250535011,
              0.08881371468305588,
              0.08799834176898003,
              0.08928077295422554,
              0.08918577805161476,
              0.08895294740796089,
              0.08953781798481941,
              0.08862512186169624,
              0.09499629959464073,
              0.09214365854859352,
              0.10340334847569466,
              0.09387405589222908,
              0.09037693962454796,
              0.08985120803117752,
              0.09331805631518364,
              0.08894875645637512,
              0.08871126919984818,
              0.08926168084144592,
              0.09357696399092674,
              0.09073782712221146,
              0.08890312165021896,
              0.08807005360722542,
              0.08842023089528084,
              0.08925702422857285,
              0.08832011371850967,
              0.08771335706114769,
              0.08757691830396652,
              0.08961325511336327,
              0.0897417776286602,
              0.08859019726514816,
              0.09223399683833122,
              0.087725929915905,
              0.08796900510787964,
              0.08894829079508781,
              0.08850777521729469,
              0.08875317871570587,
              0.08914200589060783,
              0.08828099817037582,
              0.08941628038883209,
              0.08885003626346588,
              0.0864327885210514,
              0.0934661366045475,
              0.08967332541942596
            ],
            "p99": 0.11209677904844284
          }
        },
        "segment_latency": {
          "vision_encoder": {
            "min": 3.967616081237793,
            "median": 4.03654408454895,
            "n": 100,
            "samples_ms": [
              3.974303960800171,
              3.971776008605957,
              3.967616081237793,
              3.9721601009368896,
              3.9695041179656982,
              3.970207929611206,
              3.9714879989624023,
              3.9742400646209717,
              3.9678080081939697,
              3.9720959663391113,
              3.9720640182495117,
              3.971967935562134,
              3.972287893295288,
              3.9696640968322754,
              3.9714560508728027,
              3.974047899246216,
              3.974208116531372,
              3.971872091293335,
              3.9719040393829346,
              3.9741759300231934,
              4.010528087615967,
              4.008575916290283,
              4.009215831756592,
              4.00816011428833,
              4.008255958557129,
              4.029119968414307,
              4.02726411819458,
              4.029407978057861,
              4.023680210113525,
              4.023551940917969,
              4.0349440574646,
              4.034624099731445,
              4.03334379196167,
              4.033023834228516,
              4.034624099731445,
              4.0352959632873535,
              4.041759967803955,
              4.036672115325928,
              4.040383815765381,
              4.037504196166992,
              4.040768146514893,
              4.037280082702637,
              4.038464069366455,
              4.037343978881836,
              4.035327911376953,
              4.032991886138916,
              4.03334379196167,
              4.036416053771973,
              4.032864093780518,
              4.037631988525391,
              4.03056001663208,
              4.033152103424072,
              4.031551837921143,
              4.034207820892334,
              4.033247947692871,
              4.032896041870117,
              4.032864093780518,
              4.035488128662109,
              4.0377278327941895,
              4.037087917327881,
              4.040160179138184,
              4.03766393661499,
              4.037759780883789,
              4.032864093780518,
              4.0378241539001465,
              4.044095993041992,
              4.041247844696045,
              4.0412797927856445,
              4.041952133178711,
              4.0457282066345215,
              4.043744087219238,
              4.0438079833984375,
              4.043551921844482,
              4.048992156982422,
              4.045951843261719,
              4.043776035308838,
              4.0472002029418945,
              4.04534387588501,
              4.0478081703186035,
              4.046879768371582,
              4.045695781707764,
              4.047359943389893,
              4.047455787658691,
              4.045567989349365,
              4.0478081703186035,
              4.043935775756836,
              4.046432018280029,
              4.045152187347412,
              4.0471038818359375,
              4.045599937438965,
              4.049727916717529,
              4.047743797302246,
              4.047776222229004,
              4.045087814331055,
              4.048895835876465,
              4.048960208892822,
              4.047552108764648,
              4.049536228179932,
              4.047264099121094,
              4.047935962677002
            ],
            "p99": 4.049536228179932
          },
          "llm_backbone": {
            "min": 16.641023635864258,
            "median": 16.65238380432129,
            "n": 100,
            "samples_ms": [
              16.657344818115234,
              16.653823852539062,
              16.649951934814453,
              16.64156723022461,
              16.644672393798828,
              16.644031524658203,
              16.646432876586914,
              16.647232055664062,
              16.651872634887695,
              16.64918327331543,
              16.651456832885742,
              16.645984649658203,
              16.6441593170166,
              16.652191162109375,
              16.65001678466797,
              16.6495361328125,
              16.642112731933594,
              16.647296905517578,
              16.641759872436523,
              16.651424407958984,
              16.654848098754883,
              16.65020751953125,
              16.65001678466797,
              16.651935577392578,
              16.65590476989746,
              16.65011215209961,
              16.64784049987793,
              16.649824142456055,
              16.649791717529297,
              16.641023635864258,
              16.649951934814453,
              16.67407989501953,
              16.654144287109375,
              16.650592803955078,
              16.654399871826172,
              16.651296615600586,
              16.64374351501465,
              16.642175674438477,
              16.64838409423828,
              16.65180778503418,
              16.65228843688965,
              16.654176712036133,
              16.65011215209961,
              16.653152465820312,
              16.646303176879883,
              16.649471282958984,
              16.658079147338867,
              16.654111862182617,
              16.65238380432129,
              16.65433692932129,
              16.654239654541016,
              16.66057586669922,
              16.654144287109375,
              16.647968292236328,
              16.658464431762695,
              16.66057586669922,
              16.660640716552734,
              16.658527374267578,
              16.660383224487305,
              16.653600692749023,
              16.658720016479492,
              16.670080184936523,
              16.66156768798828,
              16.662559509277344,
              16.654592514038086,
              16.65033531188965,
              16.651168823242188,
              16.650144577026367,
              16.65398406982422,
              16.655872344970703,
              16.65238380432129,
              16.650175094604492,
              16.65407943725586,
              16.65247917175293,
              16.66054344177246,
              16.651391983032227,
              16.653600692749023,
              16.651487350463867,
              16.65430450439453,
              16.65567970275879,
              16.658559799194336,
              16.662208557128906,
              16.653535842895508,
              16.65238380432129,
              16.6494083404541,
              16.65558433532715,
              16.65555191040039,
              16.65558433532715,
              16.658527374267578,
              16.65180778503418,
              16.654272079467773,
              16.65648078918457,
              16.653919219970703,
              16.65772819519043,
              16.657663345336914,
              16.65407943725586,
              16.655935287475586,
              16.649280548095703,
              16.64575958251953,
              16.661535263061523
            ],
            "p99": 16.670080184936523
          },
          "action_expert": {
            "min": 9.060959815979004,
            "median": 9.073952198028564,
            "n": 100,
            "samples_ms": [
              9.078432083129883,
              9.07091236114502,
              9.075360298156738,
              9.066752433776855,
              9.072863578796387,
              9.071392059326172,
              9.076800346374512,
              9.06668758392334,
              9.071871757507324,
              9.073760032653809,
              9.076671600341797,
              9.074784278869629,
              9.072704315185547,
              9.070591926574707,
              9.076671600341797,
              9.072863578796387,
              9.07487964630127,
              9.070752143859863,
              9.072704315185547,
              9.07487964630127,
              9.070719718933105,
              9.070719718933105,
              9.079071998596191,
              9.074943542480469,
              9.072863578796387,
              9.06771183013916,
              9.074975967407227,
              9.07910442352295,
              9.062751770019531,
              9.070655822753906,
              9.081279754638672,
              9.070816040039062,
              9.074848175048828,
              9.076864242553711,
              9.075039863586426,
              9.07414436340332,
              9.07692813873291,
              9.069664001464844,
              9.077247619628906,
              9.077152252197266,
              9.076959609985352,
              9.068832397460938,
              9.07487964630127,
              9.071040153503418,
              9.074975967407227,
              9.075039863586426,
              9.075039863586426,
              9.081024169921875,
              9.062463760375977,
              9.072928428649902,
              9.072928428649902,
              9.07539176940918,
              9.077088356018066,
              9.074463844299316,
              9.068896293640137,
              9.072640419006348,
              9.072863578796387,
              9.075103759765625,
              9.07913589477539,
              9.075167655944824,
              9.077119827270508,
              9.068960189819336,
              9.074848175048828,
              9.072928428649902,
              9.077119827270508,
              9.07699203491211,
              9.064736366271973,
              9.07091236114502,
              9.068767547607422,
              9.076640129089355,
              9.075008392333984,
              9.077247619628906,
              9.07532787322998,
              9.073472023010254,
              9.06662368774414,
              9.071552276611328,
              9.07699203491211,
              9.07363224029541,
              9.077152252197266,
              9.06704044342041,
              9.07487964630127,
              9.072959899902344,
              9.077055931091309,
              9.073472023010254,
              9.080672264099121,
              9.073599815368652,
              9.082079887390137,
              9.069215774536133,
              9.07487964630127,
              9.07744026184082,
              9.072832107543945,
              9.07481575012207,
              9.066816329956055,
              9.081664085388184,
              9.060959815979004,
              9.066816329956055,
              9.064767837524414,
              9.06873607635498,
              9.06668758392334,
              9.064736366271973
            ],
            "p99": 9.081664085388184
          }
        },
        "overhead": {
          "min": -0.4599442891776562,
          "median": -0.18523740768432617,
          "p99": -0.14761954545974731
        }
      },
      "attribution": null,
      "runtime_observation": {
        "before": {
          "clocks.sm": "2850",
          "clocks.mem": "13801",
          "pstate": "P1",
          "temperature.gpu": "57",
          "power.draw": "223.72",
          "clocks_event_reasons.active": "0x0000000000000000"
        },
        "after": {
          "clocks.sm": "2872",
          "clocks.mem": "13801",
          "pstate": "P1",
          "temperature.gpu": "65",
          "power.draw": "506.68",
          "clocks_event_reasons.active": "0x0000000000000000"
        }
      },
      "options": {
        "workload": "robodojo"
      },
      "process_id": 3284308,
      "gpu_uuid": "GPU-7fc626f4-bce7-9a11-81de-0eaedc93e242",
      "implementation_source": null,
      "leg": 0
    }
  ],
  "deltas": null
}
