== leg 0: hardware/nvidia/rtx5090/pi05 plan=shipped
{
  "identity": {
    "schema_version": 3,
    "target": "hardware/nvidia/rtx5090/pi05",
    "hardware": "rtx5090-32gb",
    "model": "pi05",
    "shape_profile": "action_dim32-batch1-chunk50-encoder_dim2048-encoder_ffn_dim16384-expert_dim1024-expert_ffn_dim4096-expert_tokens50-head_dim256-image_channels3-image_height224-image_width224-kv_heads1-layers18-num_views3-prefix_len968-prompt_len200-qkv_width2560-query_heads8-state_dim32-steps10-vision_dim1152-vision_ffn_dim4304-vision_head_dim72-vision_heads16-vision_layers27-visual_tokens768-visual_tokens_per_view256",
    "shape": {
      "batch": 1,
      "num_views": 3,
      "image_height": 224,
      "image_width": 224,
      "image_channels": 3,
      "visual_tokens_per_view": 256,
      "visual_tokens": 768,
      "vision_dim": 1152,
      "vision_ffn_dim": 4304,
      "vision_heads": 16,
      "vision_head_dim": 72,
      "vision_layers": 27,
      "prompt_len": 200,
      "prefix_len": 968,
      "chunk": 50,
      "expert_tokens": 50,
      "state_dim": 32,
      "action_dim": 32,
      "steps": 10,
      "layers": 18,
      "encoder_dim": 2048,
      "encoder_ffn_dim": 16384,
      "query_heads": 8,
      "kv_heads": 1,
      "head_dim": 256,
      "qkv_width": 2560,
      "expert_dim": 1024,
      "expert_ffn_dim": 4096
    },
    "plan": {
      "vision_encoder_patch_embed": "torch",
      "vision_encoder_norm_qkv": "cutlass-vision",
      "vision_encoder_attention": "torch",
      "vision_encoder_out_proj_residual": "cutlass-vision",
      "vision_encoder_norm_ffn_up": "cutlass-vision",
      "vision_encoder_ffn_down_residual": "cutlass-vision",
      "llm_backbone_projector": "torch",
      "llm_backbone_embed_prompt": "torch",
      "llm_backbone_norm_qkv_rope": "fused-prefix-qkv",
      "llm_backbone_attention": "torch",
      "llm_backbone_out_proj_residual": "cutlass-backbone",
      "llm_backbone_norm_gated_ffn": "cutlass-backbone",
      "llm_backbone_ffn_down_residual": "cutlass-backbone",
      "action_expert_action_in_proj": "torch",
      "action_expert_norm_qkv_rope": "triton-qkv-finish",
      "action_expert_attention": "triton-qk-attention",
      "action_expert_out_proj_residual": "cutlass-expert-residual",
      "action_expert_norm_gated_ffn": "dual-ffn",
      "action_expert_ffn_down_residual": "cutlass-expert-residual",
      "action_expert_action_out_proj": "fused-qkv"
    },
    "model_revision": "pi05-r1",
    "engine_revision": "689839036af32700bd24e16283269590eee4a21e",
    "inference_signature": "sha256:a79c1f62c3f14674ad87e88a89bb5f66ac650e1c497ccf5076e64017b55d9f6f",
    "execution_variant": {
      "quantization": {
        "mode": "bf16"
      },
      "cache": {
        "mode": "none"
      }
    },
    "replay_buckets": [
      64,
      128,
      200
    ]
  },
  "protocol": "latency-v2",
  "instrumented": false,
  "measurement_context": {
    "weights": {
      "checkpoint_id": "flash-vla/pi05-random-checkpoint/v2/seed-0",
      "checkpoint_digest": "flash-vla/pi05-random-checkpoint/v2/seed-0"
    },
    "fixture": {
      "id": "flash-vla/pi05-inputs-v2/seed-0",
      "digest": "sha256:80e60b97e0964d3a558b2b622bc0d6848a841bb37543e362bdb5ade41d6c7480"
    },
    "environment": {
      "gpu_sku": "NVIDIA GeForce RTX 5090",
      "driver": "580.142",
      "cuda_runtime": "13.0",
      "pytorch": "2.13.0+cu130",
      "tilelang": "0.1.11",
      "clock_policy": {
        "benchmark_control": "inherit",
        "slurm_gpu_freq_request": null,
        "effective_locked_clocks": "unobserved"
      },
      "power_policy": {
        "requested_limit_w": 600.0,
        "enforced_limit_w": 600.0
      },
      "capture_regime": "cuda_graph",
      "clock_observation": {
        "application_graphics_mhz": "[N/A]",
        "application_memory_mhz": "[N/A]"
      }
    },
    "workload": "robodojo",
    "hostname": "ubun",
    "slurm_job_id": null,
    "timestamp": 1790462890.5894134,
    "reference_provenance": {}
  },
  "env": {
    "gpu": "NVIDIA GeForce RTX 5090",
    "python": "3.12.13",
    "torch": "2.13.0+cu130",
    "torch_cuda": "13.0",
    "tilelang": "0.1.11",
    "gpu_uuid": "GPU-7fc626f4-bce7-9a11-81de-0eaedc93e242",
    "runtime_observation": {
      "clocks.sm": "2872",
      "clocks.mem": "13801",
      "pstate": "P1",
      "temperature.gpu": "64",
      "power.draw": "503.36",
      "clocks_event_reasons.active": "0x0000000000000000"
    },
    "node": "ubun",
    "job": null,
    "driver": "580.142",
    "clocks": "unlocked",
    "clock_policy": {
      "benchmark_control": "inherit",
      "slurm_gpu_freq_request": null,
      "effective_locked_clocks": "unobserved"
    },
    "clock_observation": {
      "application_graphics_mhz": "[N/A]",
      "application_memory_mhz": "[N/A]"
    },
    "power_policy": {
      "requested_limit_w": 600.0,
      "enforced_limit_w": 600.0
    }
  },
  "config": {
    "reps": 100,
    "warmup": 5,
    "seed": 0,
    "plans": [
      "shipped"
    ],
    "calibration": false,
    "breakdown": true,
    "primary_statistic": "median",
    "capture_policy": "fresh-process-first-capture-per-leg",
    "statistics": [
      "min",
      "median",
      "p99"
    ],
    "p99_min_reps": 100,
    "soak_s": 0,
    "control_spread_max_ms": null,
    "attribution": false,
    "leg_options": [
      {}
    ]
  },
  "legs": [
    {
      "plan": "shipped",
      "identity": {
        "schema_version": 3,
        "target": "hardware/nvidia/rtx5090/pi05",
        "hardware": "rtx5090-32gb",
        "model": "pi05",
        "shape_profile": "action_dim32-batch1-chunk50-encoder_dim2048-encoder_ffn_dim16384-expert_dim1024-expert_ffn_dim4096-expert_tokens50-head_dim256-image_channels3-image_height224-image_width224-kv_heads1-layers18-num_views3-prefix_len968-prompt_len200-qkv_width2560-query_heads8-state_dim32-steps10-vision_dim1152-vision_ffn_dim4304-vision_head_dim72-vision_heads16-vision_layers27-visual_tokens768-visual_tokens_per_view256",
        "shape": {
          "batch": 1,
          "num_views": 3,
          "image_height": 224,
          "image_width": 224,
          "image_channels": 3,
          "visual_tokens_per_view": 256,
          "visual_tokens": 768,
          "vision_dim": 1152,
          "vision_ffn_dim": 4304,
          "vision_heads": 16,
          "vision_head_dim": 72,
          "vision_layers": 27,
          "prompt_len": 200,
          "prefix_len": 968,
          "chunk": 50,
          "expert_tokens": 50,
          "state_dim": 32,
          "action_dim": 32,
          "steps": 10,
          "layers": 18,
          "encoder_dim": 2048,
          "encoder_ffn_dim": 16384,
          "query_heads": 8,
          "kv_heads": 1,
          "head_dim": 256,
          "qkv_width": 2560,
          "expert_dim": 1024,
          "expert_ffn_dim": 4096
        },
        "plan": {
          "vision_encoder_patch_embed": "torch",
          "vision_encoder_norm_qkv": "cutlass-vision",
          "vision_encoder_attention": "torch",
          "vision_encoder_out_proj_residual": "cutlass-vision",
          "vision_encoder_norm_ffn_up": "cutlass-vision",
          "vision_encoder_ffn_down_residual": "cutlass-vision",
          "llm_backbone_projector": "torch",
          "llm_backbone_embed_prompt": "torch",
          "llm_backbone_norm_qkv_rope": "fused-prefix-qkv",
          "llm_backbone_attention": "torch",
          "llm_backbone_out_proj_residual": "cutlass-backbone",
          "llm_backbone_norm_gated_ffn": "cutlass-backbone",
          "llm_backbone_ffn_down_residual": "cutlass-backbone",
          "action_expert_action_in_proj": "torch",
          "action_expert_norm_qkv_rope": "triton-qkv-finish",
          "action_expert_attention": "triton-qk-attention",
          "action_expert_out_proj_residual": "cutlass-expert-residual",
          "action_expert_norm_gated_ffn": "dual-ffn",
          "action_expert_ffn_down_residual": "cutlass-expert-residual",
          "action_expert_action_out_proj": "fused-qkv"
        },
        "model_revision": "pi05-r1",
        "engine_revision": "689839036af32700bd24e16283269590eee4a21e",
        "inference_signature": "sha256:a79c1f62c3f14674ad87e88a89bb5f66ac650e1c497ccf5076e64017b55d9f6f",
        "execution_variant": {
          "quantization": {
            "mode": "bf16"
          },
          "cache": {
            "mode": "none"
          }
        },
        "replay_buckets": [
          64,
          128,
          200
        ]
      },
      "replay": {
        "extent": 70,
        "bucket": 128
      },
      "measurement_context": {
        "weights": {
          "checkpoint_id": "flash-vla/pi05-random-checkpoint/v2/seed-0",
          "checkpoint_digest": "flash-vla/pi05-random-checkpoint/v2/seed-0"
        },
        "fixture": {
          "id": "flash-vla/pi05-inputs-v2/seed-0",
          "digest": "sha256:80e60b97e0964d3a558b2b622bc0d6848a841bb37543e362bdb5ade41d6c7480"
        },
        "environment": {
          "gpu_sku": "NVIDIA GeForce RTX 5090",
          "driver": "580.142",
          "cuda_runtime": "13.0",
          "pytorch": "2.13.0+cu130",
          "tilelang": "0.1.11",
          "clock_policy": {
            "benchmark_control": "inherit",
            "slurm_gpu_freq_request": null,
            "effective_locked_clocks": "unobserved"
          },
          "power_policy": {
            "requested_limit_w": 600.0,
            "enforced_limit_w": 600.0
          },
          "capture_regime": "cuda_graph",
          "clock_observation": {
            "application_graphics_mhz": "[N/A]",
            "application_memory_mhz": "[N/A]"
          }
        },
        "workload": "robodojo",
        "hostname": "ubun",
        "slurm_job_id": null,
        "timestamp": 1790462890.5894134,
        "reference_provenance": {}
      },
      "metrics": {
        "chunk_latency": {
          "min": 29.802557080984116,
          "median": 30.082411831244826,
          "n": 100,
          "samples_ms": [
            29.93104327470064,
            29.97734909877181,
            29.802557080984116,
            29.972165822982788,
            29.830627609044313,
            30.003766994923353,
            29.87379115074873,
            30.013480689376593,
            29.891442973166704,
            30.050334986299276,
            30.026082880795002,
            30.062090139836073,
            30.04142316058278,
            30.0910621881485,
            30.05686169490218,
            30.10255703702569,
            30.074101872742176,
            30.119962990283966,
            30.067760031670332,
            30.100037343800068,
            30.055975075811148,
            30.11319600045681,
            29.95753474533558,
            30.138744972646236,
            30.069267842918634,
            30.189055018126965,
            30.006512999534607,
            30.171753838658333,
            29.973234981298447,
            30.16641130670905,
            30.119119212031364,
            30.16616590321064,
            30.108050908893347,
            30.159597750753164,
            30.085936654359102,
            30.131304170936346,
            29.94370786473155,
            30.137716326862574,
            29.95343878865242,
            30.147951561957598,
            29.961158987134695,
            30.13877011835575,
            29.956456273794174,
            30.14698578044772,
            29.948126059025526,
            30.151719693094492,
            29.96663423255086,
            30.15739005059004,
            29.96640559285879,
            30.15238093212247,
            29.95741320773959,
            30.16186924651265,
            30.004114843904972,
            30.15088103711605,
            29.953799676150084,
            30.150975100696087,
            29.958218336105347,
            30.160826165229082,
            29.95353378355503,
            30.163984280079603,
            29.96854204684496,
            30.16076283529401,
            29.975117184221745,
            30.166867189109325,
            30.05490778014064,
            30.18275322392583,
            30.044411309063435,
            30.181991402059793,
            30.050694942474365,
            30.16746323555708,
            30.035337898880243,
            30.172519851475954,
            30.035789124667645,
            30.1589691080153,
            30.049731954932213,
            30.168906319886446,
            30.06386524066329,
            30.16293467953801,
            30.058791860938072,
            30.159230809658766,
            30.053550843149424,
            30.16619710251689,
            30.0525170750916,
            30.16920806840062,
            30.06263915449381,
            30.15044517815113,
            30.063762795180082,
            30.145740136504173,
            30.071066226810217,
            30.14516457915306,
            30.072130728513002,
            30.14571964740753,
            30.07888700813055,
            30.152943916618824,
            30.096749775111675,
            30.18794395029545,
            30.09194415062666,
            30.13040591031313,
            30.097051057964563,
            30.173175036907196
          ],
          "p99": 30.18794395029545
        },
        "device_latency": {
          "min": 29.95737648010254,
          "median": 30.132112503051758,
          "n": 100,
          "samples_ms": [
            30.13497543334961,
            30.114112854003906,
            30.140064239501953,
            30.121599197387695,
            30.109792709350586,
            30.17308807373047,
            30.114559173583984,
            30.126527786254883,
            30.092639923095703,
            30.149311065673828,
            30.110464096069336,
            30.133760452270508,
            30.094463348388672,
            30.130176544189453,
            30.0850887298584,
            30.133888244628906,
            30.088703155517578,
            30.144672393798828,
            30.077312469482422,
            30.1474552154541,
            30.145183563232422,
            30.17568016052246,
            30.147584915161133,
            30.18239974975586,
            30.144704818725586,
            30.167999267578125,
            29.983999252319336,
            30.147136688232422,
            29.95737648010254,
            30.15171241760254,
            29.970815658569336,
            30.155136108398438,
            30.135103225708008,
            30.177024841308594,
            29.9703369140625,
            30.178495407104492,
            29.97020721435547,
            30.15603256225586,
            29.978687286376953,
            30.186975479125977,
            29.970239639282227,
            30.17635154724121,
            29.967487335205078,
            30.179296493530273,
            30.065248489379883,
            30.186527252197266,
            30.039840698242188,
            30.196287155151367,
            30.050752639770508,
            30.177759170532227,
            30.05219268798828,
            30.177536010742188,
            30.05289649963379,
            30.15567970275879,
            30.062719345092773,
            30.169727325439453,
            30.05881690979004,
            30.15670394897461,
            30.082656860351562,
            30.156448364257812,
            30.074623107910156,
            30.15190315246582,
            30.07529640197754,
            30.166719436645508,
            30.096895217895508,
            30.16316795349121,
            30.084640502929688,
            30.149951934814453,
            30.1015682220459,
            30.158464431762695,
            30.090944290161133,
            30.154272079467773,
            30.106111526489258,
            30.139936447143555,
            30.11020851135254,
            30.13907241821289,
            30.1180477142334,
            30.150144577026367,
            30.130464553833008,
            30.127647399902344,
            30.118207931518555,
            30.135360717773438,
            30.13395118713379,
            30.118080139160156,
            30.11846351623535,
            30.10483169555664,
            30.136383056640625,
            30.10985565185547,
            30.143327713012695,
            30.1180477142334,
            30.146560668945312,
            30.11084747314453,
            30.147552490234375,
            29.9967041015625,
            30.148351669311523,
            29.99830436706543,
            30.157119750976562,
            29.99558448791504,
            30.153696060180664,
            29.982879638671875
          ],
          "p99": 30.186975479125977
        },
        "host_time": {
          "prompt": {
            "min": 0.038549769669771194,
            "median": 0.04047388210892677,
            "n": 100,
            "samples_ms": [
              0.044815242290496826,
              0.04302198067307472,
              0.04180287942290306,
              0.046486034989356995,
              0.042275991290807724,
              0.04258006811141968,
              0.04063686355948448,
              0.04170602187514305,
              0.04075095057487488,
              0.042106956243515015,
              0.0410350039601326,
              0.04152487963438034,
              0.040343962609767914,
              0.03876723349094391,
              0.040658749639987946,
              0.04070112481713295,
              0.040714163333177567,
              0.0413060188293457,
              0.044325366616249084,
              0.04106387495994568,
              0.04078308120369911,
              0.04197191447019577,
              0.04079379141330719,
              0.04084687680006027,
              0.03921613097190857,
              0.03980286419391632,
              0.04007527604699135,
              0.039661768823862076,
              0.042164698243141174,
              0.039818231016397476,
              0.04079611971974373,
              0.046893954277038574,
              0.04070578143000603,
              0.04195701330900192,
              0.041633378714323044,
              0.04085619002580643,
              0.03886129707098007,
              0.041025225073099136,
              0.040951184928417206,
              0.048323068767786026,
              0.04091765731573105,
              0.04113512113690376,
              0.040566083043813705,
              0.040664803236722946,
              0.03999704495072365,
              0.04036678001284599,
              0.03882916644215584,
              0.0398256815969944,
              0.03980100154876709,
              0.03975629806518555,
              0.04022987559437752,
              0.04000542685389519,
              0.039674341678619385,
              0.04229182377457619,
              0.04550721496343613,
              0.040386803448200226,
              0.04037609323859215,
              0.03997422754764557,
              0.04000496119260788,
              0.039993319660425186,
              0.0401986762881279,
              0.04047481343150139,
              0.03971904516220093,
              0.040045008063316345,
              0.04000728949904442,
              0.03981916233897209,
              0.03976235166192055,
              0.03921007737517357,
              0.04069879651069641,
              0.04088599234819412,
              0.040022190660238266,
              0.040017999708652496,
              0.04034955054521561,
              0.03943406045436859,
              0.03917887806892395,
              0.04081893712282181,
              0.04077283665537834,
              0.042111147195100784,
              0.040397047996520996,
              0.039764679968357086,
              0.04210136830806732,
              0.04041893407702446,
              0.03955978900194168,
              0.038549769669771194,
              0.040765851736068726,
              0.04002917557954788,
              0.03877328708767891,
              0.039597973227500916,
              0.04058098420500755,
              0.04166364669799805,
              0.04047295078635216,
              0.04107179120182991,
              0.04420895129442215,
              0.03942986950278282,
              0.04004174843430519,
              0.03970786929130554,
              0.04003522917628288,
              0.03974698483943939,
              0.03895582631230354,
              0.038998667150735855
            ],
            "p99": 0.046893954277038574
          }
        },
        "segment_latency": {
          "vision_encoder": {
            "min": 4.092063903808594,
            "median": 4.129279851913452,
            "n": 100,
            "samples_ms": [
              4.096767902374268,
              4.094175815582275,
              4.093152046203613,
              4.093152046203613,
              4.093183994293213,
              4.0930562019348145,
              4.093183994293213,
              4.093311786651611,
              4.092671871185303,
              4.093984127044678,
              4.09219217300415,
              4.092959880828857,
              4.0951361656188965,
              4.093023777008057,
              4.0930562019348145,
              4.093023777008057,
              4.0930562019348145,
              4.097055912017822,
              4.092063903808594,
              4.093152046203613,
              4.092415809631348,
              4.097760200500488,
              4.105535984039307,
              4.106272220611572,
              4.104544162750244,
              4.105984210968018,
              4.107295989990234,
              4.109856128692627,
              4.110112190246582,
              4.107264041900635,
              4.108704090118408,
              4.117760181427002,
              4.117792129516602,
              4.117792129516602,
              4.116672039031982,
              4.117119789123535,
              4.11894416809082,
              4.11846399307251,
              4.1216959953308105,
              4.120416164398193,
              4.120800018310547,
              4.129183769226074,
              4.129504203796387,
              4.122079849243164,
              4.128960132598877,
              4.121952056884766,
              4.130015850067139,
              4.129983901977539,
              4.129663944244385,
              4.1299519538879395,
              4.129055976867676,
              4.128992080688477,
              4.129119873046875,
              4.1299519538879395,
              4.130015850067139,
              4.130335807800293,
              4.12937593460083,
              4.130144119262695,
              4.130080223083496,
              4.129151821136475,
              4.130080223083496,
              4.129792213439941,
              4.129695892333984,
              4.130047798156738,
              4.128896236419678,
              4.129759788513184,
              4.130112171173096,
              4.132063865661621,
              4.129983901977539,
              4.133408069610596,
              4.134175777435303,
              4.131103992462158,
              4.13097620010376,
              4.132224082946777,
              4.13372802734375,
              4.132063865661621,
              4.134943962097168,
              4.131807804107666,
              4.1332478523254395,
              4.13318395614624,
              4.1414079666137695,
              4.13424015045166,
              4.141664028167725,
              4.134431838989258,
              4.131840229034424,
              4.133791923522949,
              4.142111778259277,
              4.142111778259277,
              4.14137601852417,
              4.142240047454834,
              4.141183853149414,
              4.14243221282959,
              4.1332478523254395,
              4.1418561935424805,
              4.141600131988525,
              4.142271995544434,
              4.133855819702148,
              4.141536235809326,
              4.13427209854126,
              4.133984088897705
            ],
            "p99": 4.142271995544434
          },
          "llm_backbone": {
            "min": 16.758943557739258,
            "median": 16.89081573486328,
            "n": 100,
            "samples_ms": [
              16.758943557739258,
              16.86739158630371,
              16.88719940185547,
              16.889087677001953,
              16.88572883605957,
              16.889984130859375,
              16.887584686279297,
              16.888959884643555,
              16.887775421142578,
              16.888479232788086,
              16.887712478637695,
              16.90127944946289,
              16.892799377441406,
              16.89027214050293,
              16.887903213500977,
              16.889759063720703,
              16.888032913208008,
              16.887104034423828,
              16.88684844970703,
              16.89174461364746,
              16.90060806274414,
              16.886367797851562,
              16.888351440429688,
              16.888927459716797,
              16.889184951782227,
              16.888032913208008,
              16.88800048828125,
              16.888063430786133,
              16.89014434814453,
              16.890655517578125,
              16.92131233215332,
              16.890432357788086,
              16.889728546142578,
              16.89049530029297,
              16.88912010192871,
              16.888639450073242,
              16.887968063354492,
              16.889055252075195,
              16.887903213500977,
              16.887968063354492,
              16.891231536865234,
              16.900320053100586,
              16.88764762878418,
              16.900192260742188,
              16.891935348510742,
              16.888256072998047,
              16.887903213500977,
              16.885696411132812,
              16.88969612121582,
              16.89263916015625,
              16.8973445892334,
              16.89833641052246,
              16.90015983581543,
              16.897727966308594,
              16.899232864379883,
              16.898271560668945,
              16.8918399810791,
              16.889984130859375,
              16.899232864379883,
              16.892223358154297,
              16.89232063293457,
              16.900352478027344,
              16.890975952148438,
              16.899999618530273,
              16.892351150512695,
              16.89017677307129,
              16.887008666992188,
              16.88822364807129,
              16.88921546936035,
              16.888032913208008,
              16.899200439453125,
              16.8919677734375,
              16.902271270751953,
              16.899391174316406,
              16.892127990722656,
              16.910240173339844,
              16.901887893676758,
              16.89241600036621,
              16.89833641052246,
              16.900768280029297,
              16.899200439453125,
              16.900447845458984,
              16.89836883544922,
              16.907968521118164,
              16.899744033813477,
              16.900447845458984,
              16.88991928100586,
              16.900863647460938,
              16.899967193603516,
              17.12175941467285,
              16.89910316467285,
              16.900320053100586,
              16.889568328857422,
              16.8920955657959,
              16.888927459716797,
              16.88751983642578,
              16.90025520324707,
              16.899328231811523,
              16.906015396118164,
              16.901376724243164
            ],
            "p99": 16.92131233215332
          },
          "action_expert": {
            "min": 9.450528144836426,
            "median": 9.454800128936768,
            "n": 100,
            "samples_ms": [
              9.458784103393555,
              9.454400062561035,
              9.454208374023438,
              9.453696250915527,
              9.453439712524414,
              9.45577621459961,
              9.451519966125488,
              9.451904296875,
              9.452832221984863,
              9.454879760742188,
              9.454784393310547,
              9.453760147094727,
              9.450624465942383,
              9.453503608703613,
              9.45580768585205,
              9.464192390441895,
              9.463040351867676,
              9.453727722167969,
              9.454784393310547,
              9.452799797058105,
              9.463199615478516,
              9.46288013458252,
              9.463104248046875,
              9.451871871948242,
              9.45580768585205,
              9.453632354736328,
              9.454784393310547,
              9.455103874206543,
              9.454912185668945,
              9.454751968383789,
              9.463135719299316,
              9.454912185668945,
              9.452768325805664,
              9.454912185668945,
              9.453727722167969,
              9.4551362991333,
              9.450752258300781,
              9.4650239944458,
              9.46339225769043,
              9.450655937194824,
              9.450719833374023,
              9.453696250915527,
              9.4518404006958,
              9.463647842407227,
              9.464256286621094,
              9.456255912780762,
              9.455007553100586,
              9.452896118164062,
              9.455007553100586,
              9.45577621459961,
              9.463040351867676,
              9.450752258300781,
              9.463040351867676,
              9.489824295043945,
              9.471391677856445,
              9.464287757873535,
              9.454239845275879,
              9.456159591674805,
              9.457951545715332,
              9.462592124938965,
              9.461312294006348,
              9.455167770385742,
              9.45571231842041,
              9.455679893493652,
              9.454879760742188,
              9.464447975158691,
              9.45577621459961,
              9.455743789672852,
              9.451007843017578,
              9.454784393310547,
              9.452863693237305,
              9.451935768127441,
              9.455904006958008,
              9.455840110778809,
              9.45366382598877,
              9.45088005065918,
              9.45308780670166,
              9.450847625732422,
              9.463135719299316,
              9.45139217376709,
              9.450528144836426,
              9.453824043273926,
              9.454943656921387,
              9.450847625732422,
              9.450655937194824,
              9.452032089233398,
              9.454815864562988,
              9.451616287231445,
              9.455967903137207,
              9.455840110778809,
              9.452672004699707,
              9.455039978027344,
              9.454048156738281,
              9.451295852661133,
              9.454912185668945,
              9.451711654663086,
              9.452896118164062,
              9.457247734069824,
              9.451295852661133,
              9.451935768127441
            ],
            "p99": 9.471391677856445
          }
        },
        "overhead": {
          "min": -0.49897852540016174,
          "median": -0.39248388446867466,
          "p99": -0.3470320552587509
        }
      },
      "attribution": null,
      "runtime_observation": {
        "before": {
          "clocks.sm": "2767",
          "clocks.mem": "13801",
          "pstate": "P1",
          "temperature.gpu": "59",
          "power.draw": "194.98",
          "clocks_event_reasons.active": "0x0000000000000000"
        },
        "after": {
          "clocks.sm": "2872",
          "clocks.mem": "13801",
          "pstate": "P1",
          "temperature.gpu": "64",
          "power.draw": "503.36",
          "clocks_event_reasons.active": "0x0000000000000000"
        }
      },
      "options": {
        "workload": "robodojo"
      },
      "process_id": 3284554,
      "gpu_uuid": "GPU-7fc626f4-bce7-9a11-81de-0eaedc93e242",
      "implementation_source": null,
      "leg": 0
    }
  ],
  "deltas": null
}
