== leg 0: hardware/nvidia/rtx5090/pi05 plan=shipped
{
  "identity": {
    "schema_version": 3,
    "target": "hardware/nvidia/rtx5090/pi05",
    "hardware": "rtx5090-32gb",
    "model": "pi05",
    "shape_profile": "action_dim32-batch1-chunk10-encoder_dim2048-encoder_ffn_dim16384-expert_dim1024-expert_ffn_dim4096-expert_tokens10-head_dim256-image_channels3-image_height224-image_width224-kv_heads1-layers18-num_views2-prefix_len712-prompt_len200-qkv_width2560-query_heads8-state_dim32-steps10-vision_dim1152-vision_ffn_dim4304-vision_head_dim72-vision_heads16-vision_layers27-visual_tokens512-visual_tokens_per_view256",
    "shape": {
      "batch": 1,
      "num_views": 2,
      "image_height": 224,
      "image_width": 224,
      "image_channels": 3,
      "visual_tokens_per_view": 256,
      "visual_tokens": 512,
      "vision_dim": 1152,
      "vision_ffn_dim": 4304,
      "vision_heads": 16,
      "vision_head_dim": 72,
      "vision_layers": 27,
      "prompt_len": 200,
      "prefix_len": 712,
      "chunk": 10,
      "expert_tokens": 10,
      "state_dim": 32,
      "action_dim": 32,
      "steps": 10,
      "layers": 18,
      "encoder_dim": 2048,
      "encoder_ffn_dim": 16384,
      "query_heads": 8,
      "kv_heads": 1,
      "head_dim": 256,
      "qkv_width": 2560,
      "expert_dim": 1024,
      "expert_ffn_dim": 4096
    },
    "plan": {
      "vision_encoder_patch_embed": "torch",
      "vision_encoder_norm_qkv": "cutlass-vision",
      "vision_encoder_attention": "torch",
      "vision_encoder_out_proj_residual": "cutlass-vision",
      "vision_encoder_norm_ffn_up": "cutlass-vision",
      "vision_encoder_ffn_down_residual": "cutlass-vision",
      "llm_backbone_projector": "torch",
      "llm_backbone_embed_prompt": "torch",
      "llm_backbone_norm_qkv_rope": "fused-prefix-qkv",
      "llm_backbone_attention": "torch",
      "llm_backbone_out_proj_residual_masked": "bucketed-backbone",
      "llm_backbone_norm_gated_ffn_masked": "bucketed-backbone",
      "llm_backbone_ffn_down_residual_masked": "bucketed-backbone",
      "action_expert_action_in_proj": "torch",
      "action_expert_norm_qkv_rope": "triton-qkv-finish",
      "action_expert_attention": "triton-qk-attention",
      "action_expert_out_proj_residual": "cutlass-expert-residual",
      "action_expert_norm_gated_ffn": "dual-ffn",
      "action_expert_ffn_down_residual": "cutlass-expert-residual",
      "action_expert_action_out_proj": "fused-qkv"
    },
    "model_revision": "pi05-r1",
    "engine_revision": null,
    "inference_signature": "sha256:a79c1f62c3f14674ad87e88a89bb5f66ac650e1c497ccf5076e64017b55d9f6f",
    "execution_variant": {
      "quantization": {
        "mode": "bf16"
      },
      "cache": {
        "mode": "none"
      }
    }
  },
  "protocol": "latency-v2",
  "instrumented": false,
  "measurement_context": {
    "weights": {
      "checkpoint_id": "flash-vla/pi05-random-checkpoint/v2/seed-0",
      "checkpoint_digest": "flash-vla/pi05-random-checkpoint/v2/seed-0"
    },
    "fixture": {
      "id": "flash-vla/pi05-inputs-v2/seed-0",
      "digest": "sha256:186266f9050d21a33ecfa4de7b9d54fe4851c8671f379edb5bc426c775184ce2"
    },
    "environment": {
      "gpu_sku": "NVIDIA GeForce RTX 5090",
      "driver": "580.142",
      "cuda_runtime": "13.0",
      "pytorch": "2.13.0+cu130",
      "tilelang": "0.1.11",
      "clock_policy": {
        "benchmark_control": "inherit",
        "slurm_gpu_freq_request": null,
        "effective_locked_clocks": "unobserved"
      },
      "power_policy": {
        "requested_limit_w": 600.0,
        "enforced_limit_w": 600.0
      },
      "capture_regime": "cuda_graph",
      "clock_observation": {
        "application_graphics_mhz": "[N/A]",
        "application_memory_mhz": "[N/A]"
      }
    },
    "workload": "libero",
    "hostname": "ubun",
    "slurm_job_id": null,
    "timestamp": 1790438835.5412176,
    "reference_provenance": {}
  },
  "env": {
    "gpu": "NVIDIA GeForce RTX 5090",
    "python": "3.12.13",
    "torch": "2.13.0+cu130",
    "torch_cuda": "13.0",
    "tilelang": "0.1.11",
    "gpu_uuid": "GPU-7fc626f4-bce7-9a11-81de-0eaedc93e242",
    "runtime_observation": {
      "clocks.sm": "2895",
      "clocks.mem": "13801",
      "pstate": "P1",
      "temperature.gpu": "54",
      "power.draw": "339.46",
      "clocks_event_reasons.active": "0x0000000000000000"
    },
    "node": "ubun",
    "job": null,
    "driver": "580.142",
    "clocks": "unlocked",
    "clock_policy": {
      "benchmark_control": "inherit",
      "slurm_gpu_freq_request": null,
      "effective_locked_clocks": "unobserved"
    },
    "clock_observation": {
      "application_graphics_mhz": "[N/A]",
      "application_memory_mhz": "[N/A]"
    },
    "power_policy": {
      "requested_limit_w": 600.0,
      "enforced_limit_w": 600.0
    }
  },
  "config": {
    "reps": 100,
    "warmup": 5,
    "seed": 0,
    "plans": [
      "shipped"
    ],
    "calibration": false,
    "breakdown": true,
    "primary_statistic": "median",
    "capture_policy": "fresh-process-first-capture-per-leg",
    "statistics": [
      "min",
      "median",
      "p99"
    ],
    "p99_min_reps": 100,
    "soak_s": 0,
    "control_spread_max_ms": null,
    "attribution": false,
    "leg_options": [
      {}
    ]
  },
  "legs": [
    {
      "plan": "shipped",
      "identity": {
        "schema_version": 3,
        "target": "hardware/nvidia/rtx5090/pi05",
        "hardware": "rtx5090-32gb",
        "model": "pi05",
        "shape_profile": "action_dim32-batch1-chunk10-encoder_dim2048-encoder_ffn_dim16384-expert_dim1024-expert_ffn_dim4096-expert_tokens10-head_dim256-image_channels3-image_height224-image_width224-kv_heads1-layers18-num_views2-prefix_len712-prompt_len200-qkv_width2560-query_heads8-state_dim32-steps10-vision_dim1152-vision_ffn_dim4304-vision_head_dim72-vision_heads16-vision_layers27-visual_tokens512-visual_tokens_per_view256",
        "shape": {
          "batch": 1,
          "num_views": 2,
          "image_height": 224,
          "image_width": 224,
          "image_channels": 3,
          "visual_tokens_per_view": 256,
          "visual_tokens": 512,
          "vision_dim": 1152,
          "vision_ffn_dim": 4304,
          "vision_heads": 16,
          "vision_head_dim": 72,
          "vision_layers": 27,
          "prompt_len": 200,
          "prefix_len": 712,
          "chunk": 10,
          "expert_tokens": 10,
          "state_dim": 32,
          "action_dim": 32,
          "steps": 10,
          "layers": 18,
          "encoder_dim": 2048,
          "encoder_ffn_dim": 16384,
          "query_heads": 8,
          "kv_heads": 1,
          "head_dim": 256,
          "qkv_width": 2560,
          "expert_dim": 1024,
          "expert_ffn_dim": 4096
        },
        "plan": {
          "vision_encoder_patch_embed": "torch",
          "vision_encoder_norm_qkv": "cutlass-vision",
          "vision_encoder_attention": "torch",
          "vision_encoder_out_proj_residual": "cutlass-vision",
          "vision_encoder_norm_ffn_up": "cutlass-vision",
          "vision_encoder_ffn_down_residual": "cutlass-vision",
          "llm_backbone_projector": "torch",
          "llm_backbone_embed_prompt": "torch",
          "llm_backbone_norm_qkv_rope": "fused-prefix-qkv",
          "llm_backbone_attention": "torch",
          "llm_backbone_out_proj_residual_masked": "bucketed-backbone",
          "llm_backbone_norm_gated_ffn_masked": "bucketed-backbone",
          "llm_backbone_ffn_down_residual_masked": "bucketed-backbone",
          "action_expert_action_in_proj": "torch",
          "action_expert_norm_qkv_rope": "triton-qkv-finish",
          "action_expert_attention": "triton-qk-attention",
          "action_expert_out_proj_residual": "cutlass-expert-residual",
          "action_expert_norm_gated_ffn": "dual-ffn",
          "action_expert_ffn_down_residual": "cutlass-expert-residual",
          "action_expert_action_out_proj": "fused-qkv"
        },
        "model_revision": "pi05-r1",
        "engine_revision": null,
        "inference_signature": "sha256:a79c1f62c3f14674ad87e88a89bb5f66ac650e1c497ccf5076e64017b55d9f6f",
        "execution_variant": {
          "quantization": {
            "mode": "bf16"
          },
          "cache": {
            "mode": "none"
          }
        }
      },
      "measurement_context": {
        "weights": {
          "checkpoint_id": "flash-vla/pi05-random-checkpoint/v2/seed-0",
          "checkpoint_digest": "flash-vla/pi05-random-checkpoint/v2/seed-0"
        },
        "fixture": {
          "id": "flash-vla/pi05-inputs-v2/seed-0",
          "digest": "sha256:186266f9050d21a33ecfa4de7b9d54fe4851c8671f379edb5bc426c775184ce2"
        },
        "environment": {
          "gpu_sku": "NVIDIA GeForce RTX 5090",
          "driver": "580.142",
          "cuda_runtime": "13.0",
          "pytorch": "2.13.0+cu130",
          "tilelang": "0.1.11",
          "clock_policy": {
            "benchmark_control": "inherit",
            "slurm_gpu_freq_request": null,
            "effective_locked_clocks": "unobserved"
          },
          "power_policy": {
            "requested_limit_w": 600.0,
            "enforced_limit_w": 600.0
          },
          "capture_regime": "cuda_graph",
          "clock_observation": {
            "application_graphics_mhz": "[N/A]",
            "application_memory_mhz": "[N/A]"
          }
        },
        "workload": "libero",
        "hostname": "ubun",
        "slurm_job_id": null,
        "timestamp": 1790438835.5412176,
        "reference_provenance": {}
      },
      "metrics": {
        "chunk_latency": {
          "min": 24.383396841585636,
          "median": 24.49224260635674,
          "n": 100,
          "samples_ms": [
            24.58503097295761,
            24.531254079192877,
            24.518338963389397,
            24.548576213419437,
            24.661777075380087,
            24.662688840180635,
            24.58140905946493,
            24.50489718466997,
            24.553158320486546,
            24.525111075490713,
            24.494600016623735,
            24.507322814315557,
            24.667580146342516,
            24.493675213307142,
            24.50263826176524,
            24.550223257392645,
            24.44783691316843,
            24.42249283194542,
            24.403086863458157,
            24.409181904047728,
            24.412392638623714,
            24.420076981186867,
            24.581889156252146,
            24.540483951568604,
            24.412616156041622,
            24.39697925001383,
            24.443475995212793,
            24.574692826718092,
            24.553364142775536,
            24.55419022589922,
            24.490809999406338,
            24.60538223385811,
            24.545014835894108,
            24.404396302998066,
            24.45144997909665,
            24.624573066830635,
            24.624377954751253,
            24.52911389991641,
            24.440075270831585,
            24.454237893223763,
            24.619022849947214,
            24.541649967432022,
            24.407143238931894,
            24.41344689577818,
            24.576758034527302,
            24.53983575105667,
            24.39541881904006,
            24.40359489992261,
            24.420625995844603,
            24.56849906593561,
            24.525593034923077,
            24.404186755418777,
            24.408663623034954,
            24.57353798672557,
            24.540134239941835,
            24.401193019002676,
            24.396798107773066,
            24.40573973581195,
            24.402744602411985,
            24.400962982326746,
            24.40451178699732,
            24.41919595003128,
            24.58464726805687,
            24.523149244487286,
            24.403514340519905,
            24.40897934138775,
            24.39795294776559,
            24.4129691272974,
            24.40640004351735,
            24.405997712165117,
            24.400839116424322,
            24.581589736044407,
            24.52832367271185,
            24.395876098424196,
            24.383396841585636,
            24.43829085677862,
            24.571274872869253,
            24.518821854144335,
            24.391040671616793,
            24.412913247942924,
            24.589101783931255,
            24.53832793980837,
            24.402336217463017,
            24.39315617084503,
            24.434764869511127,
            24.574628099799156,
            24.504806846380234,
            24.40043119713664,
            24.413705337792635,
            24.562403094023466,
            24.55536602064967,
            24.40230082720518,
            24.416706059128046,
            24.44501779973507,
            24.587072432041168,
            24.513601791113615,
            24.42005928605795,
            24.403194896876812,
            24.580601137131453,
            24.535859003663063
          ],
          "p99": 24.662688840180635
        },
        "device_latency": {
          "min": 24.38947105407715,
          "median": 24.42745590209961,
          "n": 100,
          "samples_ms": [
            24.414335250854492,
            24.412992477416992,
            24.583616256713867,
            24.518112182617188,
            24.408607482910156,
            24.407455444335938,
            24.391040802001953,
            24.403200149536133,
            24.41062355041504,
            24.408672332763672,
            24.414464950561523,
            24.57187271118164,
            24.530656814575195,
            24.403392791748047,
            24.401824951171875,
            24.40492820739746,
            24.398080825805664,
            24.41391944885254,
            24.397024154663086,
            24.427391052246094,
            24.57062339782715,
            24.523487091064453,
            24.394367218017578,
            24.3985595703125,
            24.570528030395508,
            24.59174346923828,
            24.504255294799805,
            24.397472381591797,
            24.421695709228516,
            24.582368850708008,
            24.531936645507812,
            24.43756866455078,
            24.414207458496094,
            24.578655242919922,
            24.542879104614258,
            24.39321517944336,
            24.40336036682129,
            24.433216094970703,
            24.582847595214844,
            24.524383544921875,
            24.38947105407715,
            24.412128448486328,
            24.5645751953125,
            24.530975341796875,
            24.394527435302734,
            24.407136917114258,
            24.41302490234375,
            24.623680114746094,
            24.54844856262207,
            24.451616287231445,
            24.43894386291504,
            24.601184844970703,
            24.57788848876953,
            24.437152862548828,
            24.396255493164062,
            24.417984008789062,
            24.580320358276367,
            24.502111434936523,
            24.406208038330078,
            24.425247192382812,
            24.669408798217773,
            24.596223831176758,
            24.41097640991211,
            24.401792526245117,
            24.55958366394043,
            24.56928062438965,
            24.488927841186523,
            24.391679763793945,
            24.481632232666016,
            24.685344696044922,
            24.58255958557129,
            24.422016143798828,
            24.425792694091797,
            24.69526481628418,
            24.623584747314453,
            24.419904708862305,
            24.41449546813965,
            24.42563247680664,
            24.424448013305664,
            24.409055709838867,
            24.39708709716797,
            24.428096771240234,
            24.671167373657227,
            24.61814308166504,
            24.4005126953125,
            24.406272888183594,
            24.43881607055664,
            24.672351837158203,
            24.561311721801758,
            24.42108726501465,
            24.427520751953125,
            24.655744552612305,
            24.583520889282227,
            24.391807556152344,
            24.41334342956543,
            24.42038345336914,
            24.447904586791992,
            24.42051124572754,
            24.436832427978516,
            24.437408447265625
          ],
          "p99": 24.685344696044922
        },
        "host_time": {
          "prompt": {
            "min": 0.021049752831459045,
            "median": 0.02271845005452633,
            "n": 100,
            "samples_ms": [
              0.028593000024557114,
              0.03778189420700073,
              0.03794580698013306,
              0.03866804763674736,
              0.04090694710612297,
              0.04287483170628548,
              0.02649519592523575,
              0.02936413511633873,
              0.03774510696530342,
              0.03217300400137901,
              0.024388078600168228,
              0.029372982680797577,
              0.037616584450006485,
              0.03171805292367935,
              0.024219974875450134,
              0.02604583278298378,
              0.036114826798439026,
              0.0337427482008934,
              0.02876901999115944,
              0.026152003556489944,
              0.037128105759620667,
              0.03530271351337433,
              0.0246269628405571,
              0.02520577982068062,
              0.0372566282749176,
              0.03233039751648903,
              0.024765264242887497,
              0.03780703991651535,
              0.03351503983139992,
              0.023928936570882797,
              0.02284068614244461,
              0.03731483593583107,
              0.041014980524778366,
              0.02609100192785263,
              0.023440923541784286,
              0.036829616874456406,
              0.03589596599340439,
              0.02493755891919136,
              0.022714026272296906,
              0.033939722925424576,
              0.03837095573544502,
              0.02575106918811798,
              0.022592023015022278,
              0.02977391704916954,
              0.03831367939710617,
              0.037210993468761444,
              0.03786291927099228,
              0.02493755891919136,
              0.022491905838251114,
              0.02209097146987915,
              0.02177385613322258,
              0.021883752197027206,
              0.022099819034337997,
              0.022131018340587616,
              0.02177618443965912,
              0.021840911358594894,
              0.02139480784535408,
              0.02136174589395523,
              0.02130400389432907,
              0.02148561179637909,
              0.02148328348994255,
              0.02186838537454605,
              0.02163182944059372,
              0.021165236830711365,
              0.02171192318201065,
              0.021226704120635986,
              0.022012274712324142,
              0.022183172404766083,
              0.02176593989133835,
              0.021814368665218353,
              0.02197176218032837,
              0.02600019797682762,
              0.02161925658583641,
              0.02201274037361145,
              0.021059997379779816,
              0.021814368665218353,
              0.021478161215782166,
              0.02164207398891449,
              0.02144603058695793,
              0.021049752831459045,
              0.02346094697713852,
              0.021446961909532547,
              0.02171378582715988,
              0.021120067685842514,
              0.02172822132706642,
              0.02108141779899597,
              0.021529849618673325,
              0.021265819668769836,
              0.02126116305589676,
              0.021213199943304062,
              0.021230895072221756,
              0.021340791136026382,
              0.021347776055336,
              0.02169795334339142,
              0.025738030672073364,
              0.022722873836755753,
              0.02159085124731064,
              0.021578744053840637,
              0.02139713615179062,
              0.021388288587331772
            ],
            "p99": 0.041014980524778366
          }
        },
        "segment_latency": {
          "vision_encoder": {
            "min": 3.086496114730835,
            "median": 3.0992000102996826,
            "n": 100,
            "samples_ms": [
              3.103264093399048,
              3.0945279598236084,
              3.0879359245300293,
              3.0872960090637207,
              3.0889599323272705,
              3.0908799171447754,
              3.0872960090637207,
              3.086591958999634,
              3.0919039249420166,
              3.087615966796875,
              3.0909759998321533,
              3.0867838859558105,
              3.0868799686431885,
              3.087007999420166,
              3.086496114730835,
              3.10316801071167,
              3.095168113708496,
              3.0979199409484863,
              3.0923519134521484,
              3.0937600135803223,
              3.0977280139923096,
              3.100032091140747,
              3.094111919403076,
              3.101599931716919,
              3.091615915298462,
              3.0999999046325684,
              3.1032960414886475,
              3.106559991836548,
              3.1049280166625977,
              3.1037120819091797,
              3.103775978088379,
              3.117471933364868,
              3.103935956954956,
              3.100127935409546,
              3.099071979522705,
              3.0989439487457275,
              3.1031041145324707,
              3.0992319583892822,
              3.0991361141204834,
              3.099071979522705,
              3.1021440029144287,
              3.098975896835327,
              3.098912000656128,
              3.099679946899414,
              3.0993599891662598,
              3.0986239910125732,
              3.0938560962677,
              3.1094400882720947,
              3.103264093399048,
              3.1094400882720947,
              3.103872060775757,
              3.1043519973754883,
              3.107167959213257,
              3.1072959899902344,
              3.0967679023742676,
              3.0991039276123047,
              3.099071979522705,
              3.0997440814971924,
              3.099168062210083,
              3.098912000656128,
              3.0991361141204834,
              3.0983359813690186,
              3.099008083343506,
              3.1031999588012695,
              3.101151943206787,
              3.098752021789551,
              3.09987211227417,
              3.099168062210083,
              3.0992960929870605,
              3.099168062210083,
              3.099168062210083,
              3.103231906890869,
              3.0992319583892822,
              3.098975896835327,
              3.1054399013519287,
              3.0992319583892822,
              3.098752021789551,
              3.0983359813690186,
              3.099263906478882,
              3.1052799224853516,
              3.0990400314331055,
              3.1011199951171875,
              3.0992960929870605,
              3.0980160236358643,
              3.099008083343506,
              3.0991361141204834,
              3.1033599376678467,
              3.0989439487457275,
              3.098655939102173,
              3.103231906890869,
              3.1107840538024902,
              3.1137919425964355,
              3.121216058731079,
              3.1063361167907715,
              3.109055995941162,
              3.1153600215911865,
              3.1038401126861572,
              3.101248025894165,
              3.1007680892944336,
              3.102112054824829
            ],
            "p99": 3.117471933364868
          },
          "llm_backbone": {
            "min": 12.524543762207031,
            "median": 12.624863624572754,
            "n": 100,
            "samples_ms": [
              12.524543762207031,
              12.52723217010498,
              12.536576271057129,
              12.531231880187988,
              12.537568092346191,
              12.539360046386719,
              12.550975799560547,
              12.558752059936523,
              12.559871673583984,
              12.566047668457031,
              12.571488380432129,
              12.579744338989258,
              12.583711624145508,
              12.584287643432617,
              12.595935821533203,
              12.586560249328613,
              12.595871925354004,
              12.603360176086426,
              12.59670352935791,
              12.599264144897461,
              12.605440139770508,
              12.599040031433105,
              12.601247787475586,
              12.608960151672363,
              12.608320236206055,
              12.608768463134766,
              12.621855735778809,
              12.621503829956055,
              12.6211519241333,
              12.62060832977295,
              12.621631622314453,
              12.6212797164917,
              12.622112274169922,
              12.620479583740234,
              12.620896339416504,
              12.620960235595703,
              12.632896423339844,
              12.63270378112793,
              12.625663757324219,
              12.6212797164917,
              12.624863624572754,
              12.623135566711426,
              12.62281608581543,
              12.626496315002441,
              12.625280380249023,
              12.6211519241333,
              12.624799728393555,
              12.63372802734375,
              12.634495735168457,
              12.623359680175781,
              12.63372802734375,
              12.629216194152832,
              12.625280380249023,
              12.634495735168457,
              12.63366413116455,
              12.634271621704102,
              12.633567810058594,
              12.623231887817383,
              12.62063980102539,
              12.633631706237793,
              12.621376037597656,
              12.624704360961914,
              12.630784034729004,
              12.623392105102539,
              12.633279800415039,
              12.633343696594238,
              12.625215530395508,
              12.632960319519043,
              12.623807907104492,
              12.632831573486328,
              12.624863624572754,
              12.624640464782715,
              12.633279800415039,
              12.633248329162598,
              12.633088111877441,
              12.632767677307129,
              12.632800102233887,
              12.633600234985352,
              12.633600234985352,
              12.62492847442627,
              12.632960319519043,
              12.633055686950684,
              12.633055686950684,
              12.633855819702148,
              12.633919715881348,
              12.633376121520996,
              12.632896423339844,
              12.633024215698242,
              12.63379192352295,
              12.633567810058594,
              12.633088111877441,
              12.63321590423584,
              12.633760452270508,
              12.633503913879395,
              12.639679908752441,
              12.632991790771484,
              12.634016036987305,
              12.632831573486328,
              12.634976387023926,
              12.632991790771484
            ],
            "p99": 12.634976387023926
          },
          "action_expert": {
            "min": 8.984224319458008,
            "median": 8.996671676635742,
            "n": 100,
            "samples_ms": [
              8.998496055603027,
              8.997247695922852,
              9.000864028930664,
              8.999039649963379,
              8.998847961425781,
              8.99731159210205,
              9.008895874023438,
              8.986047744750977,
              8.998751640319824,
              8.996352195739746,
              8.997759819030762,
              8.997344017028809,
              8.986623764038086,
              8.997023582458496,
              8.998880386352539,
              8.996864318847656,
              8.996671676635742,
              8.997344017028809,
              8.996959686279297,
              8.98646354675293,
              8.998880386352539,
              8.996607780456543,
              8.996831893920898,
              8.996895790100098,
              8.997504234313965,
              8.996607780456543,
              8.996512413024902,
              8.996671676635742,
              9.009247779846191,
              9.000639915466309,
              9.008288383483887,
              8.988160133361816,
              8.985695838928223,
              8.997568130493164,
              8.995903968811035,
              8.985856056213379,
              8.996735572814941,
              8.997920036315918,
              8.984800338745117,
              8.998880386352539,
              8.986656188964844,
              8.9966402053833,
              8.98646354675293,
              8.996831893920898,
              8.988639831542969,
              8.9967041015625,
              8.99891185760498,
              9.001824378967285,
              8.984224319458008,
              9.00915241241455,
              8.99721622467041,
              8.986432075500488,
              8.986144065856934,
              8.996416091918945,
              8.996479988098145,
              8.996319770812988,
              8.996416091918945,
              8.997344017028809,
              8.988544464111328,
              9.002943992614746,
              8.988767623901367,
              8.996031761169434,
              8.996735572814941,
              8.9966402053833,
              8.984352111816406,
              8.996671676635742,
              8.987615585327148,
              8.996831893920898,
              8.996671676635742,
              8.996928215026855,
              8.98857593536377,
              8.988927841186523,
              8.996800422668457,
              8.988639831542969,
              8.996671676635742,
              8.986335754394531,
              8.9967679977417,
              8.988800048828125,
              8.9967679977417,
              8.996543884277344,
              8.996928215026855,
              8.996800422668457,
              8.984543800354004,
              8.997056007385254,
              9.181280136108398,
              8.997599601745605,
              8.9966402053833,
              8.984448432922363,
              8.985823631286621,
              8.996959686279297,
              8.997023582458496,
              8.997376441955566,
              8.986495971679688,
              8.986111640930176,
              8.984736442565918,
              8.996800422668457,
              8.996543884277344,
              8.986751556396484,
              8.995903968811035,
              8.989727973937988
            ],
            "p99": 9.009247779846191
          }
        },
        "overhead": {
          "min": -0.21186735481023788,
          "median": -0.2284927051514387,
          "p99": -0.0990072600543499
        }
      },
      "attribution": null,
      "runtime_observation": {
        "before": {
          "clocks.sm": "2910",
          "clocks.mem": "13801",
          "pstate": "P1",
          "temperature.gpu": "50",
          "power.draw": "149.90",
          "clocks_event_reasons.active": "0x0000000000000000"
        },
        "after": {
          "clocks.sm": "2895",
          "clocks.mem": "13801",
          "pstate": "P1",
          "temperature.gpu": "54",
          "power.draw": "339.46",
          "clocks_event_reasons.active": "0x0000000000000000"
        }
      },
      "options": {
        "workload": "libero"
      },
      "process_id": 3147352,
      "gpu_uuid": "GPU-7fc626f4-bce7-9a11-81de-0eaedc93e242",
      "implementation_source": null,
      "leg": 0
    }
  ],
  "deltas": null
}
